this is the influx_ip 172.21.0.2
INFO:root:2VF9BBu-AfoqmeGUVC_i1GmDztToXkYlOWt0w-5eFkhb5G5PDxwnRy5YMoxxLZ_iaiwQNe96gMqM5loD84x-Vw==
INFO:root:8001
this is the influx_ip 172.21.0.2
INFO:root:2VF9BBu-AfoqmeGUVC_i1GmDztToXkYlOWt0w-5eFkhb5G5PDxwnRy5YMoxxLZ_iaiwQNe96gMqM5loD84x-Vw==
INFO:root:8001
this is the influx_ip 172.21.0.2
INFO:root:2VF9BBu-AfoqmeGUVC_i1GmDztToXkYlOWt0w-5eFkhb5G5PDxwnRy5YMoxxLZ_iaiwQNe96gMqM5loD84x-Vw==
INFO:root:8001
this is the influx_ip 172.21.0.2
INFO:root:2VF9BBu-AfoqmeGUVC_i1GmDztToXkYlOWt0w-5eFkhb5G5PDxwnRy5YMoxxLZ_iaiwQNe96gMqM5loD84x-Vw==
INFO:root:8001
INFO:root: Server is listening ...
INFO:root:2022-08-22 16:27:42.339285
hello
INFO:root:[ACTIVE CONNECTIONS] 1
INFO:root:2022-08-22 16:27:43.778220
INFO:root:the length of handshake message is 17
this is the imei  350424067190346
hello
hello
INFO:root:[ACTIVE CONNECTIONS] 2
INFO:root:2022-08-22 16:27:44.681005
INFO:root:the length of handshake message is 17
this is the imei  860147042636561
hello
INFO:root:length of packet 511
INFO:root:00000000000001f2080600000182c65451d8011ea61c6d0f194916000d000a0a0008fb0f06ef01f0011504c8004501fb0006b5000fb600084232b01800084310080f012c03f10000a6cec700002561100000b04e0000000182c63b8248011ea61afe0f1940f2001a01600d0000fb0f06ef01f0011505c8004501fb0106b5000ab600064232ab1800004310000f01c203f10000a6cec700002451100000af3e0000000182c61485d0011ea61bf80f194412001500230d0008fb0f06ef01f0011505c8004501fb0006b5000eb600074232b71800084310030f015e03f10000a6cec700001e8e100000a97b0000000182c5ec0e70011ea6213e0f1941140004002f0d0000fb0f06ef01f0011505c8004501fb0106b5000ab600074232f71800004310080f02bc03f10000a6cec700001cf4100000a7e10000000182c5e776a8011ea61b620f1941ec000a00fc0d0007fb0f06ef01f0011505c8004501fb0006b5000ab600074233031800074310080f02bc03f10000a6cec700001ce4100000a7d10000000182c5c39710011ea61b940f19420e000601190d0000fb210fef01f0011504c80045011e001f30205a2101250026022746291f3261fb010fb5000bb6000842359c18000043100d0f03e824038828017b2a04962b0000314cf933345634001c360000377ac803f10000a6cec700001c9d100000a78a0006000005f5
INFO:root:gps_data,imei=350424067190346 raw_data="00000000000001f2080600000182c65451d8011ea61c6d0f194916000d000a0a0008fb0f06ef01f0011504c8004501fb0006b5000fb600084232b01800084310080f012c03f10000a6cec700002561100000b04e0000000182c63b8248011ea61afe0f1940f2001a01600d0000fb0f06ef01f0011505c8004501fb0106b5000ab600064232ab1800004310000f01c203f10000a6cec700002451100000af3e0000000182c61485d0011ea61bf80f194412001500230d0008fb0f06ef01f0011505c8004501fb0006b5000eb600074232b71800084310030f015e03f10000a6cec700001e8e100000a97b0000000182c5ec0e70011ea6213e0f1941140004002f0d0000fb0f06ef01f0011505c8004501fb0106b5000ab600074232f71800004310080f02bc03f10000a6cec700001cf4100000a7e10000000182c5e776a8011ea61b620f1941ec000a00fc0d0007fb0f06ef01f0011505c8004501fb0006b5000ab600074233031800074310080f02bc03f10000a6cec700001ce4100000a7d10000000182c5c39710011ea61b940f19420e000601190d0000fb210fef01f0011504c80045011e001f30205a2101250026022746291f3261fb010fb5000bb6000842359c18000043100d0f03e824038828017b2a04962b0000314cf933345634001c360000377ac803f10000a6cec700001c9d100000a78a0006000005f5"1661185665242473024
INFO:root:Lock acquired by350424067190346
>>> Request: 'POST http://172.21.0.2:8086/api/v2/write?org=qeeri&bucket=gps&precision=ns'
DEBUG:influxdb_client.client.http:>>> Request: 'POST http://172.21.0.2:8086/api/v2/write?org=qeeri&bucket=gps&precision=ns'
>>> Content-Encoding: identity
DEBUG:influxdb_client.client.http:>>> Content-Encoding: identity
>>> Content-Type: text/plain
DEBUG:influxdb_client.client.http:>>> Content-Type: text/plain
>>> Accept: application/json
DEBUG:influxdb_client.client.http:>>> Accept: application/json
>>> Authorization: ***
DEBUG:influxdb_client.client.http:>>> Authorization: ***
>>> User-Agent: influxdb-client-python/1.31.0
DEBUG:influxdb_client.client.http:>>> User-Agent: influxdb-client-python/1.31.0
>>> Body: b'gps_data,imei=350424067190346 raw_data="00000000000001f2080600000182c65451d8011ea61c6d0f194916000d000a0a0008fb0f06ef01f0011504c8004501fb0006b5000fb600084232b01800084310080f012c03f10000a6cec700002561100000b04e0000000182c63b8248011ea61afe0f1940f2001a01600d0000fb0f06ef01f0011505c8004501fb0106b5000ab600064232ab1800004310000f01c203f10000a6cec700002451100000af3e0000000182c61485d0011ea61bf80f194412001500230d0008fb0f06ef01f0011505c8004501fb0006b5000eb600074232b71800084310030f015e03f10000a6cec700001e8e100000a97b0000000182c5ec0e70011ea6213e0f1941140004002f0d0000fb0f06ef01f0011505c8004501fb0106b5000ab600074232f71800004310080f02bc03f10000a6cec700001cf4100000a7e10000000182c5e776a8011ea61b620f1941ec000a00fc0d0007fb0f06ef01f0011505c8004501fb0006b5000ab600074233031800074310080f02bc03f10000a6cec700001ce4100000a7d10000000182c5c39710011ea61b940f19420e000601190d0000fb210fef01f0011504c80045011e001f30205a2101250026022746291f3261fb010fb5000bb6000842359c18000043100d0f03e824038828017b2a04962b0000314cf933345634001c360000377ac803f10000a6cec700001c9d100000a78a0006000005f5"1661185665242473024'
DEBUG:influxdb_client.client.http:>>> Body: b'gps_data,imei=350424067190346 raw_data="00000000000001f2080600000182c65451d8011ea61c6d0f194916000d000a0a0008fb0f06ef01f0011504c8004501fb0006b5000fb600084232b01800084310080f012c03f10000a6cec700002561100000b04e0000000182c63b8248011ea61afe0f1940f2001a01600d0000fb0f06ef01f0011505c8004501fb0106b5000ab600064232ab1800004310000f01c203f10000a6cec700002451100000af3e0000000182c61485d0011ea61bf80f194412001500230d0008fb0f06ef01f0011505c8004501fb0006b5000eb600074232b71800084310030f015e03f10000a6cec700001e8e100000a97b0000000182c5ec0e70011ea6213e0f1941140004002f0d0000fb0f06ef01f0011505c8004501fb0106b5000ab600074232f71800004310080f02bc03f10000a6cec700001cf4100000a7e10000000182c5e776a8011ea61b620f1941ec000a00fc0d0007fb0f06ef01f0011505c8004501fb0006b5000ab600074233031800074310080f02bc03f10000a6cec700001ce4100000a7d10000000182c5c39710011ea61b940f19420e000601190d0000fb210fef01f0011504c80045011e001f30205a2101250026022746291f3261fb010fb5000bb6000842359c18000043100d0f03e824038828017b2a04962b0000314cf933345634001c360000377ac803f10000a6cec700001c9d100000a78a0006000005f5"1661185665242473024'
DEBUG:urllib3.util.retry:Converted retries value: False -> Retry(total=False, connect=None, read=None, redirect=0, status=None)
DEBUG:urllib3.connectionpool:Starting new HTTP connection (1): 172.21.0.2:8086
INFO:root:Lock released by350424067190346
INFO:root:length of packet 1269
INFO:root:00000000000004e8081100000182c6605028001ea4de220f188bf5001c00000c0000000e05ef00f0001503c800450106b50005b600034231431800004300000f000003f10000a6cdc70000000010012de8d10000000182c65b1c20011ea4de000f188b3d0021015b0b0000f60f06ef00f0001503c8004501f60106b50005b600034231441800004300000f000003f10000a6cdc70000000010012de8d10000000182c65a29f0001ea4de000f188b3d0021015b0d0000000e05ef00f0001503c800450106b50005b600034231461800004300000f000003f10000a6cdc70000000010012de8d10000000182c6576ad0001ea4de000f188b3d0021015b0a0000000e05ef00f0001503c800450106b50005b600034231421800004300000f000003f10000a6cdc70000000010012de8d10000000182c654abb0011ea4dd8b0f188ea0001b015a0b0000f60f06ef00f0001503c8004501f60106b50005b600034231461800004300000f000003f10000a6cdc70000000010012de8d10000000182c653c920001ea4dd8b0f188ea0001b015a080000000e05ef00f0001503c800450106b50006b600044231481800004300000f000003f10000a6cdc70000000010012de8d10000000182c6510a00001ea4dd8b0f188ea00011015a0c0000000e05ef00f0001503c800450106b50005b600034231461800004300000f000003f10000a6cdc70000000010012de8d10000000182c64e4ae0011ea4de320f18930e001100230d0000f60f06ef00f0001503c8004501f60106b50005b600034231481800004300000f000003f10000a6cdc70000000010012de8d10000000182c64cb888001ea4de320f18930e001100230a0000000e05ef00f0001503c800450106b50005b600044231461800004300000f000003f10000a6cdc70000000010012de8d10000000182c649f968001ea4de320f18930e000c00230c0000000e05ef00f0001503c800450106b50005b6000342314a1800004300000f000003f10000a6cdc70000000010012de8d10000000182c6473a48011ea4de320f188f58000c001f080000f60f06ef00f0001503c8004501f60106b50006b600044231551800004300000f000003f10000a6cdc70000000010012de8d10000000182c6464c00001ea4de320f188f58000c001f090000000e05ef00f0001503c800450106b50006b6000542314c1800004300000f000003f10000a6cdc70000000010012de8d10000000182c6438ce0001ea4de320f188f58000d001f0c0000000e05ef00f0001503c800450106b50005b600034231601800004300000f000003f10000a6cdc70000000010012de8d10000000182c640cdc0011ea4dcf50f188d96000e01630a0000f60f06ef00f0001503c8004501f60106b50006b600044231631800004300000f000003f10000a6cdc70000000010012de8d10000000182c64025c8001ea4dcf50f188d96000e01630b0000000e05ef00f0001503c800450106b50005b600034231641800004300000f000003f10000a6cdc70000000010012de8d10000000182c63d66a8001ea4dcf50f188d9600130163080000000e05ef00f0001503c800450106b50006b600054231611800004300000f000003f10000a6cdc70000000010012de8d10000000182c63aa788011ea4dcf50f188d96001a01630a0000f60f06ef00f0001503c8004501f60106b50005b600044231661800004300000f000003f10000a6cdc70000000010012de8d100110000706e
INFO:root:gps_data,imei=860147042636561 raw_data="00000000000004e8081100000182c6605028001ea4de220f188bf5001c00000c0000000e05ef00f0001503c800450106b50005b600034231431800004300000f000003f10000a6cdc70000000010012de8d10000000182c65b1c20011ea4de000f188b3d0021015b0b0000f60f06ef00f0001503c8004501f60106b50005b600034231441800004300000f000003f10000a6cdc70000000010012de8d10000000182c65a29f0001ea4de000f188b3d0021015b0d0000000e05ef00f0001503c800450106b50005b600034231461800004300000f000003f10000a6cdc70000000010012de8d10000000182c6576ad0001ea4de000f188b3d0021015b0a0000000e05ef00f0001503c800450106b50005b600034231421800004300000f000003f10000a6cdc70000000010012de8d10000000182c654abb0011ea4dd8b0f188ea0001b015a0b0000f60f06ef00f0001503c8004501f60106b50005b600034231461800004300000f000003f10000a6cdc70000000010012de8d10000000182c653c920001ea4dd8b0f188ea0001b015a080000000e05ef00f0001503c800450106b50006b600044231481800004300000f000003f10000a6cdc70000000010012de8d10000000182c6510a00001ea4dd8b0f188ea00011015a0c0000000e05ef00f0001503c800450106b50005b600034231461800004300000f000003f10000a6cdc70000000010012de8d10000000182c64e4ae0011ea4de320f18930e001100230d0000f60f06ef00f0001503c8004501f60106b50005b600034231481800004300000f000003f10000a6cdc70000000010012de8d10000000182c64cb888001ea4de320f18930e001100230a0000000e05ef00f0001503c800450106b50005b600044231461800004300000f000003f10000a6cdc70000000010012de8d10000000182c649f968001ea4de320f18930e000c00230c0000000e05ef00f0001503c800450106b50005b6000342314a1800004300000f000003f10000a6cdc70000000010012de8d10000000182c6473a48011ea4de320f188f58000c001f080000f60f06ef00f0001503c8004501f60106b50006b600044231551800004300000f000003f10000a6cdc70000000010012de8d10000000182c6464c00001ea4de320f188f58000c001f090000000e05ef00f0001503c800450106b50006b6000542314c1800004300000f000003f10000a6cdc70000000010012de8d10000000182c6438ce0001ea4de320f188f58000d001f0c0000000e05ef00f0001503c800450106b50005b600034231601800004300000f000003f10000a6cdc70000000010012de8d10000000182c640cdc0011ea4dcf50f188d96000e01630a0000f60f06ef00f0001503c8004501f60106b50006b600044231631800004300000f000003f10000a6cdc70000000010012de8d10000000182c64025c8001ea4dcf50f188d96000e01630b0000000e05ef00f0001503c800450106b50005b600034231641800004300000f000003f10000a6cdc70000000010012de8d10000000182c63d66a8001ea4dcf50f188d9600130163080000000e05ef00f0001503c800450106b50006b600054231611800004300000f000003f10000a6cdc70000000010012de8d10000000182c63aa788011ea4dcf50f188d96001a01630a0000f60f06ef00f0001503c8004501f60106b50005b600044231661800004300000f000003f10000a6cdc70000000010012de8d100110000706e"1661185666393952404
INFO:root:Lock acquired by860147042636561
>>> Request: 'POST http://172.21.0.2:8086/api/v2/write?org=qeeri&bucket=gps&precision=ns'
DEBUG:influxdb_client.client.http:>>> Request: 'POST http://172.21.0.2:8086/api/v2/write?org=qeeri&bucket=gps&precision=ns'
>>> Content-Encoding: identity
DEBUG:influxdb_client.client.http:>>> Content-Encoding: identity
>>> Content-Type: text/plain
DEBUG:influxdb_client.client.http:>>> Content-Type: text/plain
>>> Accept: application/json
DEBUG:influxdb_client.client.http:>>> Accept: application/json
>>> Authorization: ***
DEBUG:influxdb_client.client.http:>>> Authorization: ***
>>> User-Agent: influxdb-client-python/1.31.0
DEBUG:influxdb_client.client.http:>>> User-Agent: influxdb-client-python/1.31.0
>>> Body: b'gps_data,imei=860147042636561 raw_data="00000000000004e8081100000182c6605028001ea4de220f188bf5001c00000c0000000e05ef00f0001503c800450106b50005b600034231431800004300000f000003f10000a6cdc70000000010012de8d10000000182c65b1c20011ea4de000f188b3d0021015b0b0000f60f06ef00f0001503c8004501f60106b50005b600034231441800004300000f000003f10000a6cdc70000000010012de8d10000000182c65a29f0001ea4de000f188b3d0021015b0d0000000e05ef00f0001503c800450106b50005b600034231461800004300000f000003f10000a6cdc70000000010012de8d10000000182c6576ad0001ea4de000f188b3d0021015b0a0000000e05ef00f0001503c800450106b50005b600034231421800004300000f000003f10000a6cdc70000000010012de8d10000000182c654abb0011ea4dd8b0f188ea0001b015a0b0000f60f06ef00f0001503c8004501f60106b50005b600034231461800004300000f000003f10000a6cdc70000000010012de8d10000000182c653c920001ea4dd8b0f188ea0001b015a080000000e05ef00f0001503c800450106b50006b600044231481800004300000f000003f10000a6cdc70000000010012de8d10000000182c6510a00001ea4dd8b0f188ea00011015a0c0000000e05ef00f0001503c800450106b50005b600034231461800004300000f000003f10000a6cdc70000000010012de8d10000000182c64e4ae0011ea4de320f18930e001100230d0000f60f06ef00f0001503c8004501f60106b50005b600034231481800004300000f000003f10000a6cdc70000000010012de8d10000000182c64cb888001ea4de320f18930e001100230a0000000e05ef00f0001503c800450106b50005b600044231461800004300000f000003f10000a6cdc70000000010012de8d10000000182c649f968001ea4de320f18930e000c00230c0000000e05ef00f0001503c800450106b50005b6000342314a1800004300000f000003f10000a6cdc70000000010012de8d10000000182c6473a48011ea4de320f188f58000c001f080000f60f06ef00f0001503c8004501f60106b50006b600044231551800004300000f000003f10000a6cdc70000000010012de8d10000000182c6464c00001ea4de320f188f58000c001f090000000e05ef00f0001503c800450106b50006b6000542314c1800004300000f000003f10000a6cdc70000000010012de8d10000000182c6438ce0001ea4de320f188f58000d001f0c0000000e05ef00f0001503c800450106b50005b600034231601800004300000f000003f10000a6cdc70000000010012de8d10000000182c640cdc0011ea4dcf50f188d96000e01630a0000f60f06ef00f0001503c8004501f60106b50006b600044231631800004300000f000003f10000a6cdc70000000010012de8d10000000182c64025c8001ea4dcf50f188d96000e01630b0000000e05ef00f0001503c800450106b50005b600034231641800004300000f000003f10000a6cdc70000000010012de8d10000000182c63d66a8001ea4dcf50f188d9600130163080000000e05ef00f0001503c800450106b50006b600054231611800004300000f000003f10000a6cdc70000000010012de8d10000000182c63aa788011ea4dcf50f188d96001a01630a0000f60f06ef00f0001503c8004501f60106b50005b600044231661800004300000f000003f10000a6cdc70000000010012de8d100110000706e"1661185666393952404'
DEBUG:influxdb_client.client.http:>>> Body: b'gps_data,imei=860147042636561 raw_data="00000000000004e8081100000182c6605028001ea4de220f188bf5001c00000c0000000e05ef00f0001503c800450106b50005b600034231431800004300000f000003f10000a6cdc70000000010012de8d10000000182c65b1c20011ea4de000f188b3d0021015b0b0000f60f06ef00f0001503c8004501f60106b50005b600034231441800004300000f000003f10000a6cdc70000000010012de8d10000000182c65a29f0001ea4de000f188b3d0021015b0d0000000e05ef00f0001503c800450106b50005b600034231461800004300000f000003f10000a6cdc70000000010012de8d10000000182c6576ad0001ea4de000f188b3d0021015b0a0000000e05ef00f0001503c800450106b50005b600034231421800004300000f000003f10000a6cdc70000000010012de8d10000000182c654abb0011ea4dd8b0f188ea0001b015a0b0000f60f06ef00f0001503c8004501f60106b50005b600034231461800004300000f000003f10000a6cdc70000000010012de8d10000000182c653c920001ea4dd8b0f188ea0001b015a080000000e05ef00f0001503c800450106b50006b600044231481800004300000f000003f10000a6cdc70000000010012de8d10000000182c6510a00001ea4dd8b0f188ea00011015a0c0000000e05ef00f0001503c800450106b50005b600034231461800004300000f000003f10000a6cdc70000000010012de8d10000000182c64e4ae0011ea4de320f18930e001100230d0000f60f06ef00f0001503c8004501f60106b50005b600034231481800004300000f000003f10000a6cdc70000000010012de8d10000000182c64cb888001ea4de320f18930e001100230a0000000e05ef00f0001503c800450106b50005b600044231461800004300000f000003f10000a6cdc70000000010012de8d10000000182c649f968001ea4de320f18930e000c00230c0000000e05ef00f0001503c800450106b50005b6000342314a1800004300000f000003f10000a6cdc70000000010012de8d10000000182c6473a48011ea4de320f188f58000c001f080000f60f06ef00f0001503c8004501f60106b50006b600044231551800004300000f000003f10000a6cdc70000000010012de8d10000000182c6464c00001ea4de320f188f58000c001f090000000e05ef00f0001503c800450106b50006b6000542314c1800004300000f000003f10000a6cdc70000000010012de8d10000000182c6438ce0001ea4de320f188f58000d001f0c0000000e05ef00f0001503c800450106b50005b600034231601800004300000f000003f10000a6cdc70000000010012de8d10000000182c640cdc0011ea4dcf50f188d96000e01630a0000f60f06ef00f0001503c8004501f60106b50006b600044231631800004300000f000003f10000a6cdc70000000010012de8d10000000182c64025c8001ea4dcf50f188d96000e01630b0000000e05ef00f0001503c800450106b50005b600034231641800004300000f000003f10000a6cdc70000000010012de8d10000000182c63d66a8001ea4dcf50f188d9600130163080000000e05ef00f0001503c800450106b50006b600054231611800004300000f000003f10000a6cdc70000000010012de8d10000000182c63aa788011ea4dcf50f188d96001a01630a0000f60f06ef00f0001503c8004501f60106b50005b600044231661800004300000f000003f10000a6cdc70000000010012de8d100110000706e"1661185666393952404'
DEBUG:urllib3.util.retry:Converted retries value: False -> Retry(total=False, connect=None, read=None, redirect=0, status=None)
DEBUG:urllib3.connectionpool:Starting new HTTP connection (2): 172.21.0.2:8086
INFO:root:Lock released by860147042636561
hello
INFO:root:[ACTIVE CONNECTIONS] 1
INFO:root:2022-08-22 16:27:46.982773
INFO:root:the length of handshake message is 17
this is the imei  860147042626836
hello
hello
INFO:root:[ACTIVE CONNECTIONS] 2
INFO:root:2022-08-22 16:27:47.408110
INFO:root:the length of handshake message is 17
this is the imei  860147042635654
hello
INFO:root:length of packet 1265
INFO:root:00000000000004e4081100000182c661a7e8001ea8714d0f197a5e001700000b0000f00e05ef00f0011505c800450106b50005b600044231a21800004300000f000003f10000a6cdc70000000010012425670000000182c65d8938011ea8714d0f197a5e000600900a0000f60f06ef00f0001505c8004501f60106b50005b6000442323a1800004300000f000003f10000a6cdc70000000010012425670000000182c65d5288001ea8714d0f197a5e000600900b0000000e05ef00f0001505c800450106b50005b6000342323a1800004300000f000003f10000a6cdc70000000010012425670000000182c65a9368001ea8714d0f197a5e000600900c0000000e05ef00f0001505c800450106b50005b6000342323a1800004300000f000003f10000a6cdc70000000010012425670000000182c657d448011ea8714d0f197a5e000600900a0000f60f06ef00f0001505c8004501f60106b50006b6000442323a1800004300000f000003f10000a6cdc70000000010012425670000000182c6579d98001ea8714d0f197a5e000600900a0000000e05ef00f0001505c800450106b50006b6000542323f1800004300000f000003f10000a6cdc70000000010012425670000000182c654de78001ea8714d0f197a5e000600900b0000000e05ef00f0001505c800450106b50005b600044232651800004300000f000003f10000a6cdc70000000010012425670000000182c6521f58011ea8714d0f197a5e00060090090000f60f06ef00f0001505c8004501f60106b50006b600044232641800004300000f000003f10000a6cdc70000000010012425670000000182c651d520001ea8714d0f197a5e000600900a0000000e05ef00f0001505c800450106b50006b600044232651800004300000f000003f10000a6cdc70000000010012425670000000182c64f1600001ea8714d0f197a5e00060090080000000e05ef00f0001505c800450106b50007b600054232631800004300000f000003f10000a6cdc70000000010012425670000000182c64c56e0011ea86da70f1979e900060155090000f60f06ef00f0001505c8004501f60106b50006b600044232861800004300000f000003f10000a6cdc70000000010012425670000000182c64a5728001ea86da70f1979e9000601550c0000000e05ef00f0001505c800450106b50005b600034232911800004300000f000003f10000a6cdc70000000010012425670000000182c6479808001ea86da70f1979e9000601550b0000f00e05ef00f0001505c800450106b50005b600044232f01800004300000f000003f10000a6cdc70000000010012425670000000182c6479038001ea86da70f1979e9000601550c0000000e05ef00f0011505c800450106b50005b600034233021800004300000f000003f10000a6cdc70000000010012425670000000182c6476928001ea86da70f1979e9000601550a0000000e05ef00f0011505c800450106b50006b600044233141800004300000f000003f10000a6cdc70000000010012425670000000182c6474218001ea86da70f1979e9000601550a0000000e05ef00f0011505c800450106b50006b6000542332a1800004300000f000003f10000a6cdc70000000010012425670000000182c6471b08001ea86da70f1979e9000601550b0000000e05ef00f0011505c800450106b50006b600044233401800004300000f000003f10000a6cdc700000000100124256700110000f4e0
INFO:root:gps_data,imei=860147042626836 raw_data="00000000000004e4081100000182c661a7e8001ea8714d0f197a5e001700000b0000f00e05ef00f0011505c800450106b50005b600044231a21800004300000f000003f10000a6cdc70000000010012425670000000182c65d8938011ea8714d0f197a5e000600900a0000f60f06ef00f0001505c8004501f60106b50005b6000442323a1800004300000f000003f10000a6cdc70000000010012425670000000182c65d5288001ea8714d0f197a5e000600900b0000000e05ef00f0001505c800450106b50005b6000342323a1800004300000f000003f10000a6cdc70000000010012425670000000182c65a9368001ea8714d0f197a5e000600900c0000000e05ef00f0001505c800450106b50005b6000342323a1800004300000f000003f10000a6cdc70000000010012425670000000182c657d448011ea8714d0f197a5e000600900a0000f60f06ef00f0001505c8004501f60106b50006b6000442323a1800004300000f000003f10000a6cdc70000000010012425670000000182c6579d98001ea8714d0f197a5e000600900a0000000e05ef00f0001505c800450106b50006b6000542323f1800004300000f000003f10000a6cdc70000000010012425670000000182c654de78001ea8714d0f197a5e000600900b0000000e05ef00f0001505c800450106b50005b600044232651800004300000f000003f10000a6cdc70000000010012425670000000182c6521f58011ea8714d0f197a5e00060090090000f60f06ef00f0001505c8004501f60106b50006b600044232641800004300000f000003f10000a6cdc70000000010012425670000000182c651d520001ea8714d0f197a5e000600900a0000000e05ef00f0001505c800450106b50006b600044232651800004300000f000003f10000a6cdc70000000010012425670000000182c64f1600001ea8714d0f197a5e00060090080000000e05ef00f0001505c800450106b50007b600054232631800004300000f000003f10000a6cdc70000000010012425670000000182c64c56e0011ea86da70f1979e900060155090000f60f06ef00f0001505c8004501f60106b50006b600044232861800004300000f000003f10000a6cdc70000000010012425670000000182c64a5728001ea86da70f1979e9000601550c0000000e05ef00f0001505c800450106b50005b600034232911800004300000f000003f10000a6cdc70000000010012425670000000182c6479808001ea86da70f1979e9000601550b0000f00e05ef00f0001505c800450106b50005b600044232f01800004300000f000003f10000a6cdc70000000010012425670000000182c6479038001ea86da70f1979e9000601550c0000000e05ef00f0011505c800450106b50005b600034233021800004300000f000003f10000a6cdc70000000010012425670000000182c6476928001ea86da70f1979e9000601550a0000000e05ef00f0011505c800450106b50006b600044233141800004300000f000003f10000a6cdc70000000010012425670000000182c6474218001ea86da70f1979e9000601550a0000000e05ef00f0011505c800450106b50006b6000542332a1800004300000f000003f10000a6cdc70000000010012425670000000182c6471b08001ea86da70f1979e9000601550b0000000e05ef00f0011505c800450106b50006b600044233401800004300000f000003f10000a6cdc700000000100124256700110000f4e0"1661185668403547186
INFO:root:Lock acquired by860147042626836
>>> Request: 'POST http://172.21.0.2:8086/api/v2/write?org=qeeri&bucket=gps&precision=ns'
DEBUG:influxdb_client.client.http:>>> Request: 'POST http://172.21.0.2:8086/api/v2/write?org=qeeri&bucket=gps&precision=ns'
>>> Content-Encoding: identity
DEBUG:influxdb_client.client.http:>>> Content-Encoding: identity
>>> Content-Type: text/plain
DEBUG:influxdb_client.client.http:>>> Content-Type: text/plain
>>> Accept: application/json
DEBUG:influxdb_client.client.http:>>> Accept: application/json
>>> Authorization: ***
DEBUG:influxdb_client.client.http:>>> Authorization: ***
>>> User-Agent: influxdb-client-python/1.31.0
DEBUG:influxdb_client.client.http:>>> User-Agent: influxdb-client-python/1.31.0
>>> Body: b'gps_data,imei=860147042626836 raw_data="00000000000004e4081100000182c661a7e8001ea8714d0f197a5e001700000b0000f00e05ef00f0011505c800450106b50005b600044231a21800004300000f000003f10000a6cdc70000000010012425670000000182c65d8938011ea8714d0f197a5e000600900a0000f60f06ef00f0001505c8004501f60106b50005b6000442323a1800004300000f000003f10000a6cdc70000000010012425670000000182c65d5288001ea8714d0f197a5e000600900b0000000e05ef00f0001505c800450106b50005b6000342323a1800004300000f000003f10000a6cdc70000000010012425670000000182c65a9368001ea8714d0f197a5e000600900c0000000e05ef00f0001505c800450106b50005b6000342323a1800004300000f000003f10000a6cdc70000000010012425670000000182c657d448011ea8714d0f197a5e000600900a0000f60f06ef00f0001505c8004501f60106b50006b6000442323a1800004300000f000003f10000a6cdc70000000010012425670000000182c6579d98001ea8714d0f197a5e000600900a0000000e05ef00f0001505c800450106b50006b6000542323f1800004300000f000003f10000a6cdc70000000010012425670000000182c654de78001ea8714d0f197a5e000600900b0000000e05ef00f0001505c800450106b50005b600044232651800004300000f000003f10000a6cdc70000000010012425670000000182c6521f58011ea8714d0f197a5e00060090090000f60f06ef00f0001505c8004501f60106b50006b600044232641800004300000f000003f10000a6cdc70000000010012425670000000182c651d520001ea8714d0f197a5e000600900a0000000e05ef00f0001505c800450106b50006b600044232651800004300000f000003f10000a6cdc70000000010012425670000000182c64f1600001ea8714d0f197a5e00060090080000000e05ef00f0001505c800450106b50007b600054232631800004300000f000003f10000a6cdc70000000010012425670000000182c64c56e0011ea86da70f1979e900060155090000f60f06ef00f0001505c8004501f60106b50006b600044232861800004300000f000003f10000a6cdc70000000010012425670000000182c64a5728001ea86da70f1979e9000601550c0000000e05ef00f0001505c800450106b50005b600034232911800004300000f000003f10000a6cdc70000000010012425670000000182c6479808001ea86da70f1979e9000601550b0000f00e05ef00f0001505c800450106b50005b600044232f01800004300000f000003f10000a6cdc70000000010012425670000000182c6479038001ea86da70f1979e9000601550c0000000e05ef00f0011505c800450106b50005b600034233021800004300000f000003f10000a6cdc70000000010012425670000000182c6476928001ea86da70f1979e9000601550a0000000e05ef00f0011505c800450106b50006b600044233141800004300000f000003f10000a6cdc70000000010012425670000000182c6474218001ea86da70f1979e9000601550a0000000e05ef00f0011505c800450106b50006b6000542332a1800004300000f000003f10000a6cdc70000000010012425670000000182c6471b08001ea86da70f1979e9000601550b0000000e05ef00f0011505c800450106b50006b600044233401800004300000f000003f10000a6cdc700000000100124256700110000f4e0"1661185668403547186'
DEBUG:influxdb_client.client.http:>>> Body: b'gps_data,imei=860147042626836 raw_data="00000000000004e4081100000182c661a7e8001ea8714d0f197a5e001700000b0000f00e05ef00f0011505c800450106b50005b600044231a21800004300000f000003f10000a6cdc70000000010012425670000000182c65d8938011ea8714d0f197a5e000600900a0000f60f06ef00f0001505c8004501f60106b50005b6000442323a1800004300000f000003f10000a6cdc70000000010012425670000000182c65d5288001ea8714d0f197a5e000600900b0000000e05ef00f0001505c800450106b50005b6000342323a1800004300000f000003f10000a6cdc70000000010012425670000000182c65a9368001ea8714d0f197a5e000600900c0000000e05ef00f0001505c800450106b50005b6000342323a1800004300000f000003f10000a6cdc70000000010012425670000000182c657d448011ea8714d0f197a5e000600900a0000f60f06ef00f0001505c8004501f60106b50006b6000442323a1800004300000f000003f10000a6cdc70000000010012425670000000182c6579d98001ea8714d0f197a5e000600900a0000000e05ef00f0001505c800450106b50006b6000542323f1800004300000f000003f10000a6cdc70000000010012425670000000182c654de78001ea8714d0f197a5e000600900b0000000e05ef00f0001505c800450106b50005b600044232651800004300000f000003f10000a6cdc70000000010012425670000000182c6521f58011ea8714d0f197a5e00060090090000f60f06ef00f0001505c8004501f60106b50006b600044232641800004300000f000003f10000a6cdc70000000010012425670000000182c651d520001ea8714d0f197a5e000600900a0000000e05ef00f0001505c800450106b50006b600044232651800004300000f000003f10000a6cdc70000000010012425670000000182c64f1600001ea8714d0f197a5e00060090080000000e05ef00f0001505c800450106b50007b600054232631800004300000f000003f10000a6cdc70000000010012425670000000182c64c56e0011ea86da70f1979e900060155090000f60f06ef00f0001505c8004501f60106b50006b600044232861800004300000f000003f10000a6cdc70000000010012425670000000182c64a5728001ea86da70f1979e9000601550c0000000e05ef00f0001505c800450106b50005b600034232911800004300000f000003f10000a6cdc70000000010012425670000000182c6479808001ea86da70f1979e9000601550b0000f00e05ef00f0001505c800450106b50005b600044232f01800004300000f000003f10000a6cdc70000000010012425670000000182c6479038001ea86da70f1979e9000601550c0000000e05ef00f0011505c800450106b50005b600034233021800004300000f000003f10000a6cdc70000000010012425670000000182c6476928001ea86da70f1979e9000601550a0000000e05ef00f0011505c800450106b50006b600044233141800004300000f000003f10000a6cdc70000000010012425670000000182c6474218001ea86da70f1979e9000601550a0000000e05ef00f0011505c800450106b50006b6000542332a1800004300000f000003f10000a6cdc70000000010012425670000000182c6471b08001ea86da70f1979e9000601550b0000000e05ef00f0011505c800450106b50006b600044233401800004300000f000003f10000a6cdc700000000100124256700110000f4e0"1661185668403547186'
DEBUG:urllib3.util.retry:Converted retries value: False -> Retry(total=False, connect=None, read=None, redirect=0, status=None)
DEBUG:urllib3.connectionpool:Starting new HTTP connection (3): 172.21.0.2:8086
DEBUG:urllib3.connectionpool:http://172.21.0.2:8086 "POST /api/v2/write?org=qeeri&bucket=gps&precision=ns HTTP/1.1" 204 0
<<< Response: 204
DEBUG:influxdb_client.client.http:<<< Response: 204
<<< Date: Mon, 22 Aug 2022 16:27:48 GMT
DEBUG:influxdb_client.client.http:<<< Date: Mon, 22 Aug 2022 16:27:48 GMT
<<< Body: 
DEBUG:influxdb_client.client.http:<<< Body: 
INFO:root:Lock released by860147042626836
hello
INFO:root:[ACTIVE CONNECTIONS] 2
INFO:root:2022-08-22 16:27:48.640955
INFO:root:the length of handshake message is 17
this is the imei  860147042649242
hello
INFO:root:length of packet 1261
INFO:root:00000000000004e0081100000182c65ed928001ec2970d0f005297000100110b0000000e05ef00f0001504c800450106b50005b600044231d51800004300000f000003f10000a6cdc70000000010015088860000000182c65c1a08001ec2970d0f005297000100110c0000000e05ef00f0001504c800450106b50005b600034231b81800004300000f000003f10000a6cdc70000000010015088860000000182c6595ae8011ec2970d0f005297000100110b0000f60f06ef00f0001504c8004501f60106b50005b600034231e11800004300000f000003f10000a6cdc70000000010015088860000000182c6575360001ec2970d0f005297000100110a0000000e05ef00f0001504c800450106b50005b600044231e01800004300000f000003f10000a6cdc70000000010015088860000000182c6549440001ec2970d0f005297000100110d0000f00e05ef00f0001504c800450106b50005b6000342320e1800004300000f000003f10000a6cdc70000000010015088860000000182c6546d30001ec2970d0f005297000100110d0000000e05ef00f0011504c800450106b50005b600034232101800004300000f000003f10000a6cdc70000000010015088860000000182c6544620001ec2970d0f005297000100110d0000000e05ef00f0011504c800450106b50005b600034232381800004300000f000003f10000a6cdc70000000010015088860000000182c6541f10001ec2970d0f005297000100110d0000000e05ef00f0011504c800450106b50005b6000342323a1800004300000f000003f10000a6cdc70000000010015088860000000182c653f800001ec2970d0f005297000100110d0000000e05ef00f0011504c800450106b50005b600034232631800004300000f000003f10000a6cdc70000000010015088860000000182c653d0f0001ec2970d0f005297000100110b0000000e05ef00f0011504c800450106b50005b6000442328f1800004300000f000003f10000a6cdc70000000010015088860000000182c653a9e0001ec2970d0f005297000100110b0000000e05ef00f0011504c800450106b50005b600044232a51800004300000f000003f10000a6cdc70000000010015088860000000182c65382d0011ec2970d0f005297000100110a0000f60f06ef00f0011504c8004501f60106b50006b600044233961800004300000f000003f10000a6cdc70000000010015088860000000182c6537ee8001ec2970d0f005297000100110a0000000e05ef00f0011504c800450106b50006b600044233ab1800004300000f000003f10000a6cdc70000000010015088860000000182c65357d8001ec2970d0f0052da00010011090000000e05ef00f0011504c800450106b50006b600044234451800004300000f000003f10000a6cdc70000000010015088860000000182c65330c8001ec297c40f0053800002001b080008000e05ef00f0011504c800450106b50006b600054234a51800084300000f000003f10000a6cdc70000000010015088800000000182c65309b8001ec292e20f004f66000400630a0007000e05ef00f0011504c800450106b50005b600044234a01800074300000f000003f10000a6cdc70000000010015088710000000182c652e2a8001ec293570f0050500005015f080000000e05ef00f0011504c800450106b50007b600054234a41800004300000f000003f10000a6cdc700000000100150884e00110000cf7b
INFO:root:gps_data,imei=860147042635654 raw_data="00000000000004e0081100000182c65ed928001ec2970d0f005297000100110b0000000e05ef00f0001504c800450106b50005b600044231d51800004300000f000003f10000a6cdc70000000010015088860000000182c65c1a08001ec2970d0f005297000100110c0000000e05ef00f0001504c800450106b50005b600034231b81800004300000f000003f10000a6cdc70000000010015088860000000182c6595ae8011ec2970d0f005297000100110b0000f60f06ef00f0001504c8004501f60106b50005b600034231e11800004300000f000003f10000a6cdc70000000010015088860000000182c6575360001ec2970d0f005297000100110a0000000e05ef00f0001504c800450106b50005b600044231e01800004300000f000003f10000a6cdc70000000010015088860000000182c6549440001ec2970d0f005297000100110d0000f00e05ef00f0001504c800450106b50005b6000342320e1800004300000f000003f10000a6cdc70000000010015088860000000182c6546d30001ec2970d0f005297000100110d0000000e05ef00f0011504c800450106b50005b600034232101800004300000f000003f10000a6cdc70000000010015088860000000182c6544620001ec2970d0f005297000100110d0000000e05ef00f0011504c800450106b50005b600034232381800004300000f000003f10000a6cdc70000000010015088860000000182c6541f10001ec2970d0f005297000100110d0000000e05ef00f0011504c800450106b50005b6000342323a1800004300000f000003f10000a6cdc70000000010015088860000000182c653f800001ec2970d0f005297000100110d0000000e05ef00f0011504c800450106b50005b600034232631800004300000f000003f10000a6cdc70000000010015088860000000182c653d0f0001ec2970d0f005297000100110b0000000e05ef00f0011504c800450106b50005b6000442328f1800004300000f000003f10000a6cdc70000000010015088860000000182c653a9e0001ec2970d0f005297000100110b0000000e05ef00f0011504c800450106b50005b600044232a51800004300000f000003f10000a6cdc70000000010015088860000000182c65382d0011ec2970d0f005297000100110a0000f60f06ef00f0011504c8004501f60106b50006b600044233961800004300000f000003f10000a6cdc70000000010015088860000000182c6537ee8001ec2970d0f005297000100110a0000000e05ef00f0011504c800450106b50006b600044233ab1800004300000f000003f10000a6cdc70000000010015088860000000182c65357d8001ec2970d0f0052da00010011090000000e05ef00f0011504c800450106b50006b600044234451800004300000f000003f10000a6cdc70000000010015088860000000182c65330c8001ec297c40f0053800002001b080008000e05ef00f0011504c800450106b50006b600054234a51800084300000f000003f10000a6cdc70000000010015088800000000182c65309b8001ec292e20f004f66000400630a0007000e05ef00f0011504c800450106b50005b600044234a01800074300000f000003f10000a6cdc70000000010015088710000000182c652e2a8001ec293570f0050500005015f080000000e05ef00f0011504c800450106b50007b600054234a41800004300000f000003f10000a6cdc700000000100150884e00110000cf7b"1661185669129123783
INFO:root:Lock acquired by860147042635654
>>> Request: 'POST http://172.21.0.2:8086/api/v2/write?org=qeeri&bucket=gps&precision=ns'
DEBUG:influxdb_client.client.http:>>> Request: 'POST http://172.21.0.2:8086/api/v2/write?org=qeeri&bucket=gps&precision=ns'
>>> Content-Encoding: identity
DEBUG:influxdb_client.client.http:>>> Content-Encoding: identity
>>> Content-Type: text/plain
DEBUG:influxdb_client.client.http:>>> Content-Type: text/plain
>>> Accept: application/json
DEBUG:influxdb_client.client.http:>>> Accept: application/json
>>> Authorization: ***
DEBUG:influxdb_client.client.http:>>> Authorization: ***
>>> User-Agent: influxdb-client-python/1.31.0
DEBUG:influxdb_client.client.http:>>> User-Agent: influxdb-client-python/1.31.0
>>> Body: b'gps_data,imei=860147042635654 raw_data="00000000000004e0081100000182c65ed928001ec2970d0f005297000100110b0000000e05ef00f0001504c800450106b50005b600044231d51800004300000f000003f10000a6cdc70000000010015088860000000182c65c1a08001ec2970d0f005297000100110c0000000e05ef00f0001504c800450106b50005b600034231b81800004300000f000003f10000a6cdc70000000010015088860000000182c6595ae8011ec2970d0f005297000100110b0000f60f06ef00f0001504c8004501f60106b50005b600034231e11800004300000f000003f10000a6cdc70000000010015088860000000182c6575360001ec2970d0f005297000100110a0000000e05ef00f0001504c800450106b50005b600044231e01800004300000f000003f10000a6cdc70000000010015088860000000182c6549440001ec2970d0f005297000100110d0000f00e05ef00f0001504c800450106b50005b6000342320e1800004300000f000003f10000a6cdc70000000010015088860000000182c6546d30001ec2970d0f005297000100110d0000000e05ef00f0011504c800450106b50005b600034232101800004300000f000003f10000a6cdc70000000010015088860000000182c6544620001ec2970d0f005297000100110d0000000e05ef00f0011504c800450106b50005b600034232381800004300000f000003f10000a6cdc70000000010015088860000000182c6541f10001ec2970d0f005297000100110d0000000e05ef00f0011504c800450106b50005b6000342323a1800004300000f000003f10000a6cdc70000000010015088860000000182c653f800001ec2970d0f005297000100110d0000000e05ef00f0011504c800450106b50005b600034232631800004300000f000003f10000a6cdc70000000010015088860000000182c653d0f0001ec2970d0f005297000100110b0000000e05ef00f0011504c800450106b50005b6000442328f1800004300000f000003f10000a6cdc70000000010015088860000000182c653a9e0001ec2970d0f005297000100110b0000000e05ef00f0011504c800450106b50005b600044232a51800004300000f000003f10000a6cdc70000000010015088860000000182c65382d0011ec2970d0f005297000100110a0000f60f06ef00f0011504c8004501f60106b50006b600044233961800004300000f000003f10000a6cdc70000000010015088860000000182c6537ee8001ec2970d0f005297000100110a0000000e05ef00f0011504c800450106b50006b600044233ab1800004300000f000003f10000a6cdc70000000010015088860000000182c65357d8001ec2970d0f0052da00010011090000000e05ef00f0011504c800450106b50006b600044234451800004300000f000003f10000a6cdc70000000010015088860000000182c65330c8001ec297c40f0053800002001b080008000e05ef00f0011504c800450106b50006b600054234a51800084300000f000003f10000a6cdc70000000010015088800000000182c65309b8001ec292e20f004f66000400630a0007000e05ef00f0011504c800450106b50005b600044234a01800074300000f000003f10000a6cdc70000000010015088710000000182c652e2a8001ec293570f0050500005015f080000000e05ef00f0011504c800450106b50007b600054234a41800004300000f000003f10000a6cdc700000000100150884e00110000cf7b"1661185669129123783'
DEBUG:influxdb_client.client.http:>>> Body: b'gps_data,imei=860147042635654 raw_data="00000000000004e0081100000182c65ed928001ec2970d0f005297000100110b0000000e05ef00f0001504c800450106b50005b600044231d51800004300000f000003f10000a6cdc70000000010015088860000000182c65c1a08001ec2970d0f005297000100110c0000000e05ef00f0001504c800450106b50005b600034231b81800004300000f000003f10000a6cdc70000000010015088860000000182c6595ae8011ec2970d0f005297000100110b0000f60f06ef00f0001504c8004501f60106b50005b600034231e11800004300000f000003f10000a6cdc70000000010015088860000000182c6575360001ec2970d0f005297000100110a0000000e05ef00f0001504c800450106b50005b600044231e01800004300000f000003f10000a6cdc70000000010015088860000000182c6549440001ec2970d0f005297000100110d0000f00e05ef00f0001504c800450106b50005b6000342320e1800004300000f000003f10000a6cdc70000000010015088860000000182c6546d30001ec2970d0f005297000100110d0000000e05ef00f0011504c800450106b50005b600034232101800004300000f000003f10000a6cdc70000000010015088860000000182c6544620001ec2970d0f005297000100110d0000000e05ef00f0011504c800450106b50005b600034232381800004300000f000003f10000a6cdc70000000010015088860000000182c6541f10001ec2970d0f005297000100110d0000000e05ef00f0011504c800450106b50005b6000342323a1800004300000f000003f10000a6cdc70000000010015088860000000182c653f800001ec2970d0f005297000100110d0000000e05ef00f0011504c800450106b50005b600034232631800004300000f000003f10000a6cdc70000000010015088860000000182c653d0f0001ec2970d0f005297000100110b0000000e05ef00f0011504c800450106b50005b6000442328f1800004300000f000003f10000a6cdc70000000010015088860000000182c653a9e0001ec2970d0f005297000100110b0000000e05ef00f0011504c800450106b50005b600044232a51800004300000f000003f10000a6cdc70000000010015088860000000182c65382d0011ec2970d0f005297000100110a0000f60f06ef00f0011504c8004501f60106b50006b600044233961800004300000f000003f10000a6cdc70000000010015088860000000182c6537ee8001ec2970d0f005297000100110a0000000e05ef00f0011504c800450106b50006b600044233ab1800004300000f000003f10000a6cdc70000000010015088860000000182c65357d8001ec2970d0f0052da00010011090000000e05ef00f0011504c800450106b50006b600044234451800004300000f000003f10000a6cdc70000000010015088860000000182c65330c8001ec297c40f0053800002001b080008000e05ef00f0011504c800450106b50006b600054234a51800084300000f000003f10000a6cdc70000000010015088800000000182c65309b8001ec292e20f004f66000400630a0007000e05ef00f0011504c800450106b50005b600044234a01800074300000f000003f10000a6cdc70000000010015088710000000182c652e2a8001ec293570f0050500005015f080000000e05ef00f0011504c800450106b50007b600054234a41800004300000f000003f10000a6cdc700000000100150884e00110000cf7b"1661185669129123783'
DEBUG:urllib3.util.retry:Converted retries value: False -> Retry(total=False, connect=None, read=None, redirect=0, status=None)
DEBUG:urllib3.connectionpool:http://172.21.0.2:8086 "POST /api/v2/write?org=qeeri&bucket=gps&precision=ns HTTP/1.1" 204 0
<<< Response: 204
DEBUG:influxdb_client.client.http:<<< Response: 204
<<< Date: Mon, 22 Aug 2022 16:27:49 GMT
DEBUG:influxdb_client.client.http:<<< Date: Mon, 22 Aug 2022 16:27:49 GMT
<<< Body: 
DEBUG:influxdb_client.client.http:<<< Body: 
INFO:root:Lock released by860147042635654
INFO:root:length of packet 1269
INFO:root:00000000000004e8081100000182c65edd10011ea56e030f18624a001b015d0d0000f60f06ef00f0001505c8004501f60106b50005b600034232e91800004300000f000003f10000a6cdc700000000100110e4e20000000182c65d6610001ea56e030f18624a001d015d0c0000000e05ef00f0001505c800450106b50005b600044232e41800004300000f000003f10000a6cdc700000000100110e4e20000000182c65aa6f0001ea56e030f18624a001d015d090000000e05ef00f0001505c800450106b50006b600044232e61800004300000f000003f10000a6cdc700000000100110e4e20000000182c657e7d0011ea56b470f1864c3001d01190a0000f60f06ef00f0001505c8004501f60106b50005b600034232e91800004300000f000003f10000a6cdc700000000100110e4e20000000182c6554fc0001ea56b470f1864c3001d01190c0000000e05ef00f0001505c800450106b50005b600034232e61800004300000f000003f10000a6cdc700000000100110e4e20000000182c65290a0001ea56b470f1864c3001d0119070000000e05ef00f0001505c800450106b50005b600034232e91800004300000f000003f10000a6cdc700000000100110e4e20000000182c64fd180011ea56d090f1861a4001d00990d0000f60f06ef00f0001505c8004501f60106b50005b600034232e71800004300000f000003f10000a6cdc700000000100110e4e20000000182c64fa2a0001ea56d090f1861a4001d00990a0000000e05ef00f0001505c800450106b50006b600044232e21800004300000f000003f10000a6cdc700000000100110e4e20000000182c64ce380001ea56d090f1861a4001c0099090000000e05ef00f0001505c800450106b50005b600044232e21800004300000f000003f10000a6cdc700000000100110e4e20000000182c64a2460011ea56fa40f1860aa00190002090000f60f06ef00f0001505c8004501f60106b50006b600044232e61800004300000f000003f10000a6cdc700000000100110e4e20000000182c649ca88001ea56fa40f1860aa001900020a0000000e05ef00f0001505c800450106b50005b600044232e91800004300000f000003f10000a6cdc700000000100110e4e20000000182c6470b68001ea56fa40f1860aa001300020a0000000e05ef00f0001505c800450106b50005b600044232e91800004300000f000003f10000a6cdc700000000100110e4e20000000182c6444c48011ea56fa40f1860aa001300020c0000f60f06ef00f0001505c8004501f60106b50005b600034232e91800004300000f000003f10000a6cdc700000000100110e4e20000000182c6423908001ea56fa40f1860aa001300020b0000000e05ef00f0001505c800450106b50005b600034232e91800004300000f000003f10000a6cdc700000000100110e4e20000000182c63f79e8001ea56fa40f1860aa001300020c0000000e05ef00f0001505c800450106b50005b600034232e91800004300000f000003f10000a6cdc700000000100110e4e20000000182c63cbac8001ea56fa40f1860aa001300020a0000000e05ef00f0001505c800450106b50006b600054232e91800004300000f000003f10000a6cdc700000000100110e4e20000000182c639fba8011ea570180f186014001301610c0000f60f06ef00f0001505c8004501f60106b50005b600034232e91800004300000f000003f10000a6cdc700000000100110e4e2001100006953
INFO:root:gps_data,imei=860147042649242 raw_data="00000000000004e8081100000182c65edd10011ea56e030f18624a001b015d0d0000f60f06ef00f0001505c8004501f60106b50005b600034232e91800004300000f000003f10000a6cdc700000000100110e4e20000000182c65d6610001ea56e030f18624a001d015d0c0000000e05ef00f0001505c800450106b50005b600044232e41800004300000f000003f10000a6cdc700000000100110e4e20000000182c65aa6f0001ea56e030f18624a001d015d090000000e05ef00f0001505c800450106b50006b600044232e61800004300000f000003f10000a6cdc700000000100110e4e20000000182c657e7d0011ea56b470f1864c3001d01190a0000f60f06ef00f0001505c8004501f60106b50005b600034232e91800004300000f000003f10000a6cdc700000000100110e4e20000000182c6554fc0001ea56b470f1864c3001d01190c0000000e05ef00f0001505c800450106b50005b600034232e61800004300000f000003f10000a6cdc700000000100110e4e20000000182c65290a0001ea56b470f1864c3001d0119070000000e05ef00f0001505c800450106b50005b600034232e91800004300000f000003f10000a6cdc700000000100110e4e20000000182c64fd180011ea56d090f1861a4001d00990d0000f60f06ef00f0001505c8004501f60106b50005b600034232e71800004300000f000003f10000a6cdc700000000100110e4e20000000182c64fa2a0001ea56d090f1861a4001d00990a0000000e05ef00f0001505c800450106b50006b600044232e21800004300000f000003f10000a6cdc700000000100110e4e20000000182c64ce380001ea56d090f1861a4001c0099090000000e05ef00f0001505c800450106b50005b600044232e21800004300000f000003f10000a6cdc700000000100110e4e20000000182c64a2460011ea56fa40f1860aa00190002090000f60f06ef00f0001505c8004501f60106b50006b600044232e61800004300000f000003f10000a6cdc700000000100110e4e20000000182c649ca88001ea56fa40f1860aa001900020a0000000e05ef00f0001505c800450106b50005b600044232e91800004300000f000003f10000a6cdc700000000100110e4e20000000182c6470b68001ea56fa40f1860aa001300020a0000000e05ef00f0001505c800450106b50005b600044232e91800004300000f000003f10000a6cdc700000000100110e4e20000000182c6444c48011ea56fa40f1860aa001300020c0000f60f06ef00f0001505c8004501f60106b50005b600034232e91800004300000f000003f10000a6cdc700000000100110e4e20000000182c6423908001ea56fa40f1860aa001300020b0000000e05ef00f0001505c800450106b50005b600034232e91800004300000f000003f10000a6cdc700000000100110e4e20000000182c63f79e8001ea56fa40f1860aa001300020c0000000e05ef00f0001505c800450106b50005b600034232e91800004300000f000003f10000a6cdc700000000100110e4e20000000182c63cbac8001ea56fa40f1860aa001300020a0000000e05ef00f0001505c800450106b50006b600054232e91800004300000f000003f10000a6cdc700000000100110e4e20000000182c639fba8011ea570180f186014001301610c0000f60f06ef00f0001505c8004501f60106b50005b600034232e91800004300000f000003f10000a6cdc700000000100110e4e2001100006953"1661185670469806202
INFO:root:Lock acquired by860147042649242
>>> Request: 'POST http://172.21.0.2:8086/api/v2/write?org=qeeri&bucket=gps&precision=ns'
DEBUG:influxdb_client.client.http:>>> Request: 'POST http://172.21.0.2:8086/api/v2/write?org=qeeri&bucket=gps&precision=ns'
>>> Content-Encoding: identity
DEBUG:influxdb_client.client.http:>>> Content-Encoding: identity
>>> Content-Type: text/plain
DEBUG:influxdb_client.client.http:>>> Content-Type: text/plain
>>> Accept: application/json
DEBUG:influxdb_client.client.http:>>> Accept: application/json
>>> Authorization: ***
DEBUG:influxdb_client.client.http:>>> Authorization: ***
>>> User-Agent: influxdb-client-python/1.31.0
DEBUG:influxdb_client.client.http:>>> User-Agent: influxdb-client-python/1.31.0
>>> Body: b'gps_data,imei=860147042649242 raw_data="00000000000004e8081100000182c65edd10011ea56e030f18624a001b015d0d0000f60f06ef00f0001505c8004501f60106b50005b600034232e91800004300000f000003f10000a6cdc700000000100110e4e20000000182c65d6610001ea56e030f18624a001d015d0c0000000e05ef00f0001505c800450106b50005b600044232e41800004300000f000003f10000a6cdc700000000100110e4e20000000182c65aa6f0001ea56e030f18624a001d015d090000000e05ef00f0001505c800450106b50006b600044232e61800004300000f000003f10000a6cdc700000000100110e4e20000000182c657e7d0011ea56b470f1864c3001d01190a0000f60f06ef00f0001505c8004501f60106b50005b600034232e91800004300000f000003f10000a6cdc700000000100110e4e20000000182c6554fc0001ea56b470f1864c3001d01190c0000000e05ef00f0001505c800450106b50005b600034232e61800004300000f000003f10000a6cdc700000000100110e4e20000000182c65290a0001ea56b470f1864c3001d0119070000000e05ef00f0001505c800450106b50005b600034232e91800004300000f000003f10000a6cdc700000000100110e4e20000000182c64fd180011ea56d090f1861a4001d00990d0000f60f06ef00f0001505c8004501f60106b50005b600034232e71800004300000f000003f10000a6cdc700000000100110e4e20000000182c64fa2a0001ea56d090f1861a4001d00990a0000000e05ef00f0001505c800450106b50006b600044232e21800004300000f000003f10000a6cdc700000000100110e4e20000000182c64ce380001ea56d090f1861a4001c0099090000000e05ef00f0001505c800450106b50005b600044232e21800004300000f000003f10000a6cdc700000000100110e4e20000000182c64a2460011ea56fa40f1860aa00190002090000f60f06ef00f0001505c8004501f60106b50006b600044232e61800004300000f000003f10000a6cdc700000000100110e4e20000000182c649ca88001ea56fa40f1860aa001900020a0000000e05ef00f0001505c800450106b50005b600044232e91800004300000f000003f10000a6cdc700000000100110e4e20000000182c6470b68001ea56fa40f1860aa001300020a0000000e05ef00f0001505c800450106b50005b600044232e91800004300000f000003f10000a6cdc700000000100110e4e20000000182c6444c48011ea56fa40f1860aa001300020c0000f60f06ef00f0001505c8004501f60106b50005b600034232e91800004300000f000003f10000a6cdc700000000100110e4e20000000182c6423908001ea56fa40f1860aa001300020b0000000e05ef00f0001505c800450106b50005b600034232e91800004300000f000003f10000a6cdc700000000100110e4e20000000182c63f79e8001ea56fa40f1860aa001300020c0000000e05ef00f0001505c800450106b50005b600034232e91800004300000f000003f10000a6cdc700000000100110e4e20000000182c63cbac8001ea56fa40f1860aa001300020a0000000e05ef00f0001505c800450106b50006b600054232e91800004300000f000003f10000a6cdc700000000100110e4e20000000182c639fba8011ea570180f186014001301610c0000f60f06ef00f0001505c8004501f60106b50005b600034232e91800004300000f000003f10000a6cdc700000000100110e4e2001100006953"1661185670469806202'
DEBUG:influxdb_client.client.http:>>> Body: b'gps_data,imei=860147042649242 raw_data="00000000000004e8081100000182c65edd10011ea56e030f18624a001b015d0d0000f60f06ef00f0001505c8004501f60106b50005b600034232e91800004300000f000003f10000a6cdc700000000100110e4e20000000182c65d6610001ea56e030f18624a001d015d0c0000000e05ef00f0001505c800450106b50005b600044232e41800004300000f000003f10000a6cdc700000000100110e4e20000000182c65aa6f0001ea56e030f18624a001d015d090000000e05ef00f0001505c800450106b50006b600044232e61800004300000f000003f10000a6cdc700000000100110e4e20000000182c657e7d0011ea56b470f1864c3001d01190a0000f60f06ef00f0001505c8004501f60106b50005b600034232e91800004300000f000003f10000a6cdc700000000100110e4e20000000182c6554fc0001ea56b470f1864c3001d01190c0000000e05ef00f0001505c800450106b50005b600034232e61800004300000f000003f10000a6cdc700000000100110e4e20000000182c65290a0001ea56b470f1864c3001d0119070000000e05ef00f0001505c800450106b50005b600034232e91800004300000f000003f10000a6cdc700000000100110e4e20000000182c64fd180011ea56d090f1861a4001d00990d0000f60f06ef00f0001505c8004501f60106b50005b600034232e71800004300000f000003f10000a6cdc700000000100110e4e20000000182c64fa2a0001ea56d090f1861a4001d00990a0000000e05ef00f0001505c800450106b50006b600044232e21800004300000f000003f10000a6cdc700000000100110e4e20000000182c64ce380001ea56d090f1861a4001c0099090000000e05ef00f0001505c800450106b50005b600044232e21800004300000f000003f10000a6cdc700000000100110e4e20000000182c64a2460011ea56fa40f1860aa00190002090000f60f06ef00f0001505c8004501f60106b50006b600044232e61800004300000f000003f10000a6cdc700000000100110e4e20000000182c649ca88001ea56fa40f1860aa001900020a0000000e05ef00f0001505c800450106b50005b600044232e91800004300000f000003f10000a6cdc700000000100110e4e20000000182c6470b68001ea56fa40f1860aa001300020a0000000e05ef00f0001505c800450106b50005b600044232e91800004300000f000003f10000a6cdc700000000100110e4e20000000182c6444c48011ea56fa40f1860aa001300020c0000f60f06ef00f0001505c8004501f60106b50005b600034232e91800004300000f000003f10000a6cdc700000000100110e4e20000000182c6423908001ea56fa40f1860aa001300020b0000000e05ef00f0001505c800450106b50005b600034232e91800004300000f000003f10000a6cdc700000000100110e4e20000000182c63f79e8001ea56fa40f1860aa001300020c0000000e05ef00f0001505c800450106b50005b600034232e91800004300000f000003f10000a6cdc700000000100110e4e20000000182c63cbac8001ea56fa40f1860aa001300020a0000000e05ef00f0001505c800450106b50006b600054232e91800004300000f000003f10000a6cdc700000000100110e4e20000000182c639fba8011ea570180f186014001301610c0000f60f06ef00f0001505c8004501f60106b50005b600034232e91800004300000f000003f10000a6cdc700000000100110e4e2001100006953"1661185670469806202'
DEBUG:urllib3.util.retry:Converted retries value: False -> Retry(total=False, connect=None, read=None, redirect=0, status=None)
DEBUG:urllib3.connectionpool:http://172.21.0.2:8086 "POST /api/v2/write?org=qeeri&bucket=gps&precision=ns HTTP/1.1" 204 0
<<< Response: 204
DEBUG:influxdb_client.client.http:<<< Response: 204
<<< Date: Mon, 22 Aug 2022 16:27:50 GMT
DEBUG:influxdb_client.client.http:<<< Date: Mon, 22 Aug 2022 16:27:50 GMT
<<< Body: 
DEBUG:influxdb_client.client.http:<<< Body: 
INFO:root:Lock released by860147042649242
hello
INFO:root:[ACTIVE CONNECTIONS] 1
INFO:root:2022-08-22 16:27:51.124068
INFO:root:the length of handshake message is 17
this is the imei  860147042626570
hello
hello
INFO:root:[ACTIVE CONNECTIONS] 2
INFO:root:2022-08-22 16:27:51.839959
INFO:root:the length of handshake message is 17
this is the imei  860147042636678
hello
hello
INFO:root:[ACTIVE CONNECTIONS] 3
INFO:root:2022-08-22 16:27:52.031441
INFO:root:the length of handshake message is 17
this is the imei  860147042626836
hello
INFO:root:length of packet 91
INFO:root:000000000000004e080100000182c65ed928011eb38a720f11f2c3002200000a0000af0f06ef00f0001505c8004501af0106b50004b600034233111800004300000f000003f10000a6cdc70000000010002fdc0e000100006bf5
INFO:root:gps_data,imei=860147042626570 raw_data="000000000000004e080100000182c65ed928011eb38a720f11f2c3002200000a0000af0f06ef00f0001505c8004501af0106b50004b600034233111800004300000f000003f10000a6cdc70000000010002fdc0e000100006bf5"1661185672166501901
INFO:root:Lock acquired by860147042626570
>>> Request: 'POST http://172.21.0.2:8086/api/v2/write?org=qeeri&bucket=gps&precision=ns'
DEBUG:influxdb_client.client.http:>>> Request: 'POST http://172.21.0.2:8086/api/v2/write?org=qeeri&bucket=gps&precision=ns'
>>> Content-Encoding: identity
DEBUG:influxdb_client.client.http:>>> Content-Encoding: identity
>>> Content-Type: text/plain
DEBUG:influxdb_client.client.http:>>> Content-Type: text/plain
>>> Accept: application/json
DEBUG:influxdb_client.client.http:>>> Accept: application/json
>>> Authorization: ***
DEBUG:influxdb_client.client.http:>>> Authorization: ***
>>> User-Agent: influxdb-client-python/1.31.0
DEBUG:influxdb_client.client.http:>>> User-Agent: influxdb-client-python/1.31.0
>>> Body: b'gps_data,imei=860147042626570 raw_data="000000000000004e080100000182c65ed928011eb38a720f11f2c3002200000a0000af0f06ef00f0001505c8004501af0106b50004b600034233111800004300000f000003f10000a6cdc70000000010002fdc0e000100006bf5"1661185672166501901'
DEBUG:influxdb_client.client.http:>>> Body: b'gps_data,imei=860147042626570 raw_data="000000000000004e080100000182c65ed928011eb38a720f11f2c3002200000a0000af0f06ef00f0001505c8004501af0106b50004b600034233111800004300000f000003f10000a6cdc70000000010002fdc0e000100006bf5"1661185672166501901'
DEBUG:urllib3.util.retry:Converted retries value: False -> Retry(total=False, connect=None, read=None, redirect=0, status=None)
DEBUG:urllib3.connectionpool:http://172.21.0.2:8086 "POST /api/v2/write?org=qeeri&bucket=gps&precision=ns HTTP/1.1" 204 0
<<< Response: 204
DEBUG:influxdb_client.client.http:<<< Response: 204
<<< Date: Mon, 22 Aug 2022 16:27:52 GMT
DEBUG:influxdb_client.client.http:<<< Date: Mon, 22 Aug 2022 16:27:52 GMT
<<< Body: 
DEBUG:influxdb_client.client.http:<<< Body: 
INFO:root:Lock released by860147042626570
hello
INFO:root:[ACTIVE CONNECTIONS] 3
INFO:root:2022-08-22 16:27:53.530595
INFO:root:the length of handshake message is 17
this is the imei  350424067190346
hello
INFO:root:length of packet 1267
INFO:root:00000000000004e6081100000182c646f3f8001ea86da70f1979e9000601550b0000000e05ef00f0011504c800450106b50006b600044233401800004300000f000003f10000a6cdc70000000010012425670000000182c646cce8001ea86da70f1979e900060155090000000e05ef00f0011504c800450106b50006b600044234621800004300000f000003f10000a6cdc70000000010012425670000000182c646a5d8001ea86da70f1979e900060155090000f00e05ef00f0011504c800450106b50006b600054235031800004300000f000003f10000a6cdc70000000010012425670000000182c6469e08001ea86da70f1979e900060155090000000e05ef00f0001504c800450106b50006b600054235141800004300000f000003f10000a6cdc70000000010012425670000000182c645c348011ea86da70f1979e900060155080000f60f06ef00f0001504c8004501f60106b50007b600054235451800004300000f000003f10000a6cdc70000000010012425670000000182c6459468001ea86da70f1979e900060155090000000e05ef00f0001504c800450106b50006b600054235281800004300000f000003f10000a6cdc70000000010012425670000000182c642d548001ea86da70f1979e9000601550c0000000e05ef00f0001505c800450106b50005b6000442323a1800004300000f000003f10000a6cdc70000000010012425670000000182c6401628011ea86cbe0f197655000600b20d0000f60f06ef00f0001505c8004501f60106b50005b6000342323b1800004300000f000003f10000a6cdc70000000010012425670000000182c63fe360001ea86cbe0f197655000600b20e0000000e05ef00f0001505c800450106b50005b600034232471800004300000f000003f10000a6cdc70000000010012425670000000182c63d2440001ea86cbe0f197655000700b20a0000000e05ef00f0001505c800450106b50006b6000442325e1800004300000f000003f10000a6cdc70000000010012425670000000182c63a6520011ea86cbe0f197655000700b20b0000f60f06ef00f0001505c8004501f60106b50005b600044232641800004300000f000003f10000a6cdc70000000010012425670000000182c63a26a0001ea86cbe0f197655000700b20a0000000e05ef00f0001505c800450106b50006b600044232621800004300000f000003f10000a6cdc70000000010012425670000000182c6376780001ea86cbe0f197655000700b20b0000000e05ef00f0001505c800450106b50005b600044232651800004300000f000003f10000a6cdc70000000010012425670000000182c634a860011ea86c490f1979e9000700990b0000f60f06ef00f0001505c8004501f60106b50006b600044232651800004300000f000003f10000a6cdc70000000010012425670000000182c6345e28001ea86c490f1979e9000700990c0000000e05ef00f0001505c800450106b50005b600034232651800004300000f000003f10000a6cdc70000000010012425670000000182c6319f08001ea86c490f1979e9000900990a0000000e05ef00f0001505c800450106b50006b600044232651800004300000f000003f10000a6cdc70000000010012425670000000182c62edfe8011ea86c490f1979e900090099090000f60f06ef00f0001505c8004501f60106b50006b600044232651800004300000f000003f10000a6cdc7000000001001242567001100005df9
INFO:root:gps_data,imei=860147042626836 raw_data="00000000000004e6081100000182c646f3f8001ea86da70f1979e9000601550b0000000e05ef00f0011504c800450106b50006b600044233401800004300000f000003f10000a6cdc70000000010012425670000000182c646cce8001ea86da70f1979e900060155090000000e05ef00f0011504c800450106b50006b600044234621800004300000f000003f10000a6cdc70000000010012425670000000182c646a5d8001ea86da70f1979e900060155090000f00e05ef00f0011504c800450106b50006b600054235031800004300000f000003f10000a6cdc70000000010012425670000000182c6469e08001ea86da70f1979e900060155090000000e05ef00f0001504c800450106b50006b600054235141800004300000f000003f10000a6cdc70000000010012425670000000182c645c348011ea86da70f1979e900060155080000f60f06ef00f0001504c8004501f60106b50007b600054235451800004300000f000003f10000a6cdc70000000010012425670000000182c6459468001ea86da70f1979e900060155090000000e05ef00f0001504c800450106b50006b600054235281800004300000f000003f10000a6cdc70000000010012425670000000182c642d548001ea86da70f1979e9000601550c0000000e05ef00f0001505c800450106b50005b6000442323a1800004300000f000003f10000a6cdc70000000010012425670000000182c6401628011ea86cbe0f197655000600b20d0000f60f06ef00f0001505c8004501f60106b50005b6000342323b1800004300000f000003f10000a6cdc70000000010012425670000000182c63fe360001ea86cbe0f197655000600b20e0000000e05ef00f0001505c800450106b50005b600034232471800004300000f000003f10000a6cdc70000000010012425670000000182c63d2440001ea86cbe0f197655000700b20a0000000e05ef00f0001505c800450106b50006b6000442325e1800004300000f000003f10000a6cdc70000000010012425670000000182c63a6520011ea86cbe0f197655000700b20b0000f60f06ef00f0001505c8004501f60106b50005b600044232641800004300000f000003f10000a6cdc70000000010012425670000000182c63a26a0001ea86cbe0f197655000700b20a0000000e05ef00f0001505c800450106b50006b600044232621800004300000f000003f10000a6cdc70000000010012425670000000182c6376780001ea86cbe0f197655000700b20b0000000e05ef00f0001505c800450106b50005b600044232651800004300000f000003f10000a6cdc70000000010012425670000000182c634a860011ea86c490f1979e9000700990b0000f60f06ef00f0001505c8004501f60106b50006b600044232651800004300000f000003f10000a6cdc70000000010012425670000000182c6345e28001ea86c490f1979e9000700990c0000000e05ef00f0001505c800450106b50005b600034232651800004300000f000003f10000a6cdc70000000010012425670000000182c6319f08001ea86c490f1979e9000900990a0000000e05ef00f0001505c800450106b50006b600044232651800004300000f000003f10000a6cdc70000000010012425670000000182c62edfe8011ea86c490f1979e900090099090000f60f06ef00f0001505c8004501f60106b50006b600044232651800004300000f000003f10000a6cdc7000000001001242567001100005df9"1661185673583116842
INFO:root:Lock acquired by860147042626836
>>> Request: 'POST http://172.21.0.2:8086/api/v2/write?org=qeeri&bucket=gps&precision=ns'
DEBUG:influxdb_client.client.http:>>> Request: 'POST http://172.21.0.2:8086/api/v2/write?org=qeeri&bucket=gps&precision=ns'
>>> Content-Encoding: identity
DEBUG:influxdb_client.client.http:>>> Content-Encoding: identity
>>> Content-Type: text/plain
DEBUG:influxdb_client.client.http:>>> Content-Type: text/plain
>>> Accept: application/json
DEBUG:influxdb_client.client.http:>>> Accept: application/json
>>> Authorization: ***
DEBUG:influxdb_client.client.http:>>> Authorization: ***
>>> User-Agent: influxdb-client-python/1.31.0
DEBUG:influxdb_client.client.http:>>> User-Agent: influxdb-client-python/1.31.0
>>> Body: b'gps_data,imei=860147042626836 raw_data="00000000000004e6081100000182c646f3f8001ea86da70f1979e9000601550b0000000e05ef00f0011504c800450106b50006b600044233401800004300000f000003f10000a6cdc70000000010012425670000000182c646cce8001ea86da70f1979e900060155090000000e05ef00f0011504c800450106b50006b600044234621800004300000f000003f10000a6cdc70000000010012425670000000182c646a5d8001ea86da70f1979e900060155090000f00e05ef00f0011504c800450106b50006b600054235031800004300000f000003f10000a6cdc70000000010012425670000000182c6469e08001ea86da70f1979e900060155090000000e05ef00f0001504c800450106b50006b600054235141800004300000f000003f10000a6cdc70000000010012425670000000182c645c348011ea86da70f1979e900060155080000f60f06ef00f0001504c8004501f60106b50007b600054235451800004300000f000003f10000a6cdc70000000010012425670000000182c6459468001ea86da70f1979e900060155090000000e05ef00f0001504c800450106b50006b600054235281800004300000f000003f10000a6cdc70000000010012425670000000182c642d548001ea86da70f1979e9000601550c0000000e05ef00f0001505c800450106b50005b6000442323a1800004300000f000003f10000a6cdc70000000010012425670000000182c6401628011ea86cbe0f197655000600b20d0000f60f06ef00f0001505c8004501f60106b50005b6000342323b1800004300000f000003f10000a6cdc70000000010012425670000000182c63fe360001ea86cbe0f197655000600b20e0000000e05ef00f0001505c800450106b50005b600034232471800004300000f000003f10000a6cdc70000000010012425670000000182c63d2440001ea86cbe0f197655000700b20a0000000e05ef00f0001505c800450106b50006b6000442325e1800004300000f000003f10000a6cdc70000000010012425670000000182c63a6520011ea86cbe0f197655000700b20b0000f60f06ef00f0001505c8004501f60106b50005b600044232641800004300000f000003f10000a6cdc70000000010012425670000000182c63a26a0001ea86cbe0f197655000700b20a0000000e05ef00f0001505c800450106b50006b600044232621800004300000f000003f10000a6cdc70000000010012425670000000182c6376780001ea86cbe0f197655000700b20b0000000e05ef00f0001505c800450106b50005b600044232651800004300000f000003f10000a6cdc70000000010012425670000000182c634a860011ea86c490f1979e9000700990b0000f60f06ef00f0001505c8004501f60106b50006b600044232651800004300000f000003f10000a6cdc70000000010012425670000000182c6345e28001ea86c490f1979e9000700990c0000000e05ef00f0001505c800450106b50005b600034232651800004300000f000003f10000a6cdc70000000010012425670000000182c6319f08001ea86c490f1979e9000900990a0000000e05ef00f0001505c800450106b50006b600044232651800004300000f000003f10000a6cdc70000000010012425670000000182c62edfe8011ea86c490f1979e900090099090000f60f06ef00f0001505c8004501f60106b50006b600044232651800004300000f000003f10000a6cdc7000000001001242567001100005df9"1661185673583116842'
DEBUG:influxdb_client.client.http:>>> Body: b'gps_data,imei=860147042626836 raw_data="00000000000004e6081100000182c646f3f8001ea86da70f1979e9000601550b0000000e05ef00f0011504c800450106b50006b600044233401800004300000f000003f10000a6cdc70000000010012425670000000182c646cce8001ea86da70f1979e900060155090000000e05ef00f0011504c800450106b50006b600044234621800004300000f000003f10000a6cdc70000000010012425670000000182c646a5d8001ea86da70f1979e900060155090000f00e05ef00f0011504c800450106b50006b600054235031800004300000f000003f10000a6cdc70000000010012425670000000182c6469e08001ea86da70f1979e900060155090000000e05ef00f0001504c800450106b50006b600054235141800004300000f000003f10000a6cdc70000000010012425670000000182c645c348011ea86da70f1979e900060155080000f60f06ef00f0001504c8004501f60106b50007b600054235451800004300000f000003f10000a6cdc70000000010012425670000000182c6459468001ea86da70f1979e900060155090000000e05ef00f0001504c800450106b50006b600054235281800004300000f000003f10000a6cdc70000000010012425670000000182c642d548001ea86da70f1979e9000601550c0000000e05ef00f0001505c800450106b50005b6000442323a1800004300000f000003f10000a6cdc70000000010012425670000000182c6401628011ea86cbe0f197655000600b20d0000f60f06ef00f0001505c8004501f60106b50005b6000342323b1800004300000f000003f10000a6cdc70000000010012425670000000182c63fe360001ea86cbe0f197655000600b20e0000000e05ef00f0001505c800450106b50005b600034232471800004300000f000003f10000a6cdc70000000010012425670000000182c63d2440001ea86cbe0f197655000700b20a0000000e05ef00f0001505c800450106b50006b6000442325e1800004300000f000003f10000a6cdc70000000010012425670000000182c63a6520011ea86cbe0f197655000700b20b0000f60f06ef00f0001505c8004501f60106b50005b600044232641800004300000f000003f10000a6cdc70000000010012425670000000182c63a26a0001ea86cbe0f197655000700b20a0000000e05ef00f0001505c800450106b50006b600044232621800004300000f000003f10000a6cdc70000000010012425670000000182c6376780001ea86cbe0f197655000700b20b0000000e05ef00f0001505c800450106b50005b600044232651800004300000f000003f10000a6cdc70000000010012425670000000182c634a860011ea86c490f1979e9000700990b0000f60f06ef00f0001505c8004501f60106b50006b600044232651800004300000f000003f10000a6cdc70000000010012425670000000182c6345e28001ea86c490f1979e9000700990c0000000e05ef00f0001505c800450106b50005b600034232651800004300000f000003f10000a6cdc70000000010012425670000000182c6319f08001ea86c490f1979e9000900990a0000000e05ef00f0001505c800450106b50006b600044232651800004300000f000003f10000a6cdc70000000010012425670000000182c62edfe8011ea86c490f1979e900090099090000f60f06ef00f0001505c8004501f60106b50006b600044232651800004300000f000003f10000a6cdc7000000001001242567001100005df9"1661185673583116842'
DEBUG:urllib3.util.retry:Converted retries value: False -> Retry(total=False, connect=None, read=None, redirect=0, status=None)
DEBUG:urllib3.connectionpool:http://172.21.0.2:8086 "POST /api/v2/write?org=qeeri&bucket=gps&precision=ns HTTP/1.1" 204 0
<<< Response: 204
DEBUG:influxdb_client.client.http:<<< Response: 204
<<< Date: Mon, 22 Aug 2022 16:27:53 GMT
DEBUG:influxdb_client.client.http:<<< Date: Mon, 22 Aug 2022 16:27:53 GMT
<<< Body: 
DEBUG:influxdb_client.client.http:<<< Body: 
INFO:root:Lock released by860147042626836
INFO:root:length of packet 1261
INFO:root:00000000000004e0081100000182c65d4ea0001ea335b80f16d879002c0099080000000e05ef00f0001504c800450106b50006b600044232bb1800004300000f000003f10000a6cdc700000000100225ad040000000182c65a8f80011ea32ae90f16db5700260128080000f60f06ef00f0001504c8004501f60106b50006b600044232bd1800004300000f000003f10000a6cdc700000000100225ad040000000182c6587c40001ea32ae90f16db57002001280b0000000e05ef00f0001504c800450106b50005b600034232bb1800004300000f000003f10000a6cdc700000000100225ad040000000182c655bd20001ea32ae90f16db5700190128090000f00e05ef00f0001504c800450106b50005b6000442336c1800004300000f000003f10000a6cdc700000000100225ad040000000182c655a5b0001ea32ae90f16db5700190128090000000e05ef00f0011504c800450106b50005b6000442335f1800004300000f000003f10000a6cdc700000000100225ad040000000182c6557ea0001ea32ae90f16db57001901280a0000000e05ef00f0011504c800450106b50005b600044233401800004300000f000003f10000a6cdc700000000100225ad040000000182c6555790001ea32ae90f16db57001901280b0000000e05ef00f0011504c800450106b50005b600034233251800004300000f000003f10000a6cdc700000000100225ad040000000182c6553080001ea32ae90f16db57001901280a0000000e05ef00f0011504c800450106b50006b6000442330f1800004300000f000003f10000a6cdc700000000100225ad040000000182c6550970001ea32ae90f16db57001901280a0000000e05ef00f0011504c800450106b50006b600044233401800004300000f000003f10000a6cdc700000000100225ad040000000182c654e260001ea32ae90f16db57001901280c0000000e05ef00f0011504c800450106b50005b600034233401800004300000f000003f10000a6cdc700000000100225ad040000000182c654bb50001ea32ae90f16db57001901280a0000000e05ef00f0011503c800450106b50006b600044233401800004300000f000003f10000a6cdc700000000100225ad040000000182c6549440001ea32ae90f16db57001901280a0000000e05ef00f0011503c800450106b50006b600044232f91800004300000f000003f10000a6cdc700000000100225ad040000000182c6546d30001ea32ae90f16db57001901280d0000000e05ef00f0011503c800450106b50005b600034233c91800004300000f000003f10000a6cdc700000000100225ad040000000182c6544620001ea32de80f16e143001800460d0000000e05ef00f0011503c800450106b50005b600034234011800004300000f000003f10000a6cdc700000000100225acf00000000182c6541f10001ea32b0a0f16e1fb00170046080000000e05ef00f0011503c800450106b50006b600054233c71800004300000f000003f10000a6cdc700000000100225acf00000000182c653f800001ea32c360f16e08c00170101080004000e05ef00f0011503c800450106b50006b600044233c41800044300000f000003f10000a6cdc700000000100225ace90000000182c653d0f0011ea329590f16de6600170101040000f60f06ef00f0011504c8004501f60106b50010b6000f4233b81800004300000f000003f10000a6cdc700000000100225ace9001100004941
INFO:root:gps_data,imei=860147042636678 raw_data="00000000000004e0081100000182c65d4ea0001ea335b80f16d879002c0099080000000e05ef00f0001504c800450106b50006b600044232bb1800004300000f000003f10000a6cdc700000000100225ad040000000182c65a8f80011ea32ae90f16db5700260128080000f60f06ef00f0001504c8004501f60106b50006b600044232bd1800004300000f000003f10000a6cdc700000000100225ad040000000182c6587c40001ea32ae90f16db57002001280b0000000e05ef00f0001504c800450106b50005b600034232bb1800004300000f000003f10000a6cdc700000000100225ad040000000182c655bd20001ea32ae90f16db5700190128090000f00e05ef00f0001504c800450106b50005b6000442336c1800004300000f000003f10000a6cdc700000000100225ad040000000182c655a5b0001ea32ae90f16db5700190128090000000e05ef00f0011504c800450106b50005b6000442335f1800004300000f000003f10000a6cdc700000000100225ad040000000182c6557ea0001ea32ae90f16db57001901280a0000000e05ef00f0011504c800450106b50005b600044233401800004300000f000003f10000a6cdc700000000100225ad040000000182c6555790001ea32ae90f16db57001901280b0000000e05ef00f0011504c800450106b50005b600034233251800004300000f000003f10000a6cdc700000000100225ad040000000182c6553080001ea32ae90f16db57001901280a0000000e05ef00f0011504c800450106b50006b6000442330f1800004300000f000003f10000a6cdc700000000100225ad040000000182c6550970001ea32ae90f16db57001901280a0000000e05ef00f0011504c800450106b50006b600044233401800004300000f000003f10000a6cdc700000000100225ad040000000182c654e260001ea32ae90f16db57001901280c0000000e05ef00f0011504c800450106b50005b600034233401800004300000f000003f10000a6cdc700000000100225ad040000000182c654bb50001ea32ae90f16db57001901280a0000000e05ef00f0011503c800450106b50006b600044233401800004300000f000003f10000a6cdc700000000100225ad040000000182c6549440001ea32ae90f16db57001901280a0000000e05ef00f0011503c800450106b50006b600044232f91800004300000f000003f10000a6cdc700000000100225ad040000000182c6546d30001ea32ae90f16db57001901280d0000000e05ef00f0011503c800450106b50005b600034233c91800004300000f000003f10000a6cdc700000000100225ad040000000182c6544620001ea32de80f16e143001800460d0000000e05ef00f0011503c800450106b50005b600034234011800004300000f000003f10000a6cdc700000000100225acf00000000182c6541f10001ea32b0a0f16e1fb00170046080000000e05ef00f0011503c800450106b50006b600054233c71800004300000f000003f10000a6cdc700000000100225acf00000000182c653f800001ea32c360f16e08c00170101080004000e05ef00f0011503c800450106b50006b600044233c41800044300000f000003f10000a6cdc700000000100225ace90000000182c653d0f0011ea329590f16de6600170101040000f60f06ef00f0011504c8004501f60106b50010b6000f4233b81800004300000f000003f10000a6cdc700000000100225ace9001100004941"1661185673686668097
INFO:root:Lock acquired by860147042636678
>>> Request: 'POST http://172.21.0.2:8086/api/v2/write?org=qeeri&bucket=gps&precision=ns'
DEBUG:influxdb_client.client.http:>>> Request: 'POST http://172.21.0.2:8086/api/v2/write?org=qeeri&bucket=gps&precision=ns'
>>> Content-Encoding: identity
DEBUG:influxdb_client.client.http:>>> Content-Encoding: identity
>>> Content-Type: text/plain
DEBUG:influxdb_client.client.http:>>> Content-Type: text/plain
>>> Accept: application/json
DEBUG:influxdb_client.client.http:>>> Accept: application/json
>>> Authorization: ***
DEBUG:influxdb_client.client.http:>>> Authorization: ***
>>> User-Agent: influxdb-client-python/1.31.0
DEBUG:influxdb_client.client.http:>>> User-Agent: influxdb-client-python/1.31.0
>>> Body: b'gps_data,imei=860147042636678 raw_data="00000000000004e0081100000182c65d4ea0001ea335b80f16d879002c0099080000000e05ef00f0001504c800450106b50006b600044232bb1800004300000f000003f10000a6cdc700000000100225ad040000000182c65a8f80011ea32ae90f16db5700260128080000f60f06ef00f0001504c8004501f60106b50006b600044232bd1800004300000f000003f10000a6cdc700000000100225ad040000000182c6587c40001ea32ae90f16db57002001280b0000000e05ef00f0001504c800450106b50005b600034232bb1800004300000f000003f10000a6cdc700000000100225ad040000000182c655bd20001ea32ae90f16db5700190128090000f00e05ef00f0001504c800450106b50005b6000442336c1800004300000f000003f10000a6cdc700000000100225ad040000000182c655a5b0001ea32ae90f16db5700190128090000000e05ef00f0011504c800450106b50005b6000442335f1800004300000f000003f10000a6cdc700000000100225ad040000000182c6557ea0001ea32ae90f16db57001901280a0000000e05ef00f0011504c800450106b50005b600044233401800004300000f000003f10000a6cdc700000000100225ad040000000182c6555790001ea32ae90f16db57001901280b0000000e05ef00f0011504c800450106b50005b600034233251800004300000f000003f10000a6cdc700000000100225ad040000000182c6553080001ea32ae90f16db57001901280a0000000e05ef00f0011504c800450106b50006b6000442330f1800004300000f000003f10000a6cdc700000000100225ad040000000182c6550970001ea32ae90f16db57001901280a0000000e05ef00f0011504c800450106b50006b600044233401800004300000f000003f10000a6cdc700000000100225ad040000000182c654e260001ea32ae90f16db57001901280c0000000e05ef00f0011504c800450106b50005b600034233401800004300000f000003f10000a6cdc700000000100225ad040000000182c654bb50001ea32ae90f16db57001901280a0000000e05ef00f0011503c800450106b50006b600044233401800004300000f000003f10000a6cdc700000000100225ad040000000182c6549440001ea32ae90f16db57001901280a0000000e05ef00f0011503c800450106b50006b600044232f91800004300000f000003f10000a6cdc700000000100225ad040000000182c6546d30001ea32ae90f16db57001901280d0000000e05ef00f0011503c800450106b50005b600034233c91800004300000f000003f10000a6cdc700000000100225ad040000000182c6544620001ea32de80f16e143001800460d0000000e05ef00f0011503c800450106b50005b600034234011800004300000f000003f10000a6cdc700000000100225acf00000000182c6541f10001ea32b0a0f16e1fb00170046080000000e05ef00f0011503c800450106b50006b600054233c71800004300000f000003f10000a6cdc700000000100225acf00000000182c653f800001ea32c360f16e08c00170101080004000e05ef00f0011503c800450106b50006b600044233c41800044300000f000003f10000a6cdc700000000100225ace90000000182c653d0f0011ea329590f16de6600170101040000f60f06ef00f0011504c8004501f60106b50010b6000f4233b81800004300000f000003f10000a6cdc700000000100225ace9001100004941"1661185673686668097'
DEBUG:influxdb_client.client.http:>>> Body: b'gps_data,imei=860147042636678 raw_data="00000000000004e0081100000182c65d4ea0001ea335b80f16d879002c0099080000000e05ef00f0001504c800450106b50006b600044232bb1800004300000f000003f10000a6cdc700000000100225ad040000000182c65a8f80011ea32ae90f16db5700260128080000f60f06ef00f0001504c8004501f60106b50006b600044232bd1800004300000f000003f10000a6cdc700000000100225ad040000000182c6587c40001ea32ae90f16db57002001280b0000000e05ef00f0001504c800450106b50005b600034232bb1800004300000f000003f10000a6cdc700000000100225ad040000000182c655bd20001ea32ae90f16db5700190128090000f00e05ef00f0001504c800450106b50005b6000442336c1800004300000f000003f10000a6cdc700000000100225ad040000000182c655a5b0001ea32ae90f16db5700190128090000000e05ef00f0011504c800450106b50005b6000442335f1800004300000f000003f10000a6cdc700000000100225ad040000000182c6557ea0001ea32ae90f16db57001901280a0000000e05ef00f0011504c800450106b50005b600044233401800004300000f000003f10000a6cdc700000000100225ad040000000182c6555790001ea32ae90f16db57001901280b0000000e05ef00f0011504c800450106b50005b600034233251800004300000f000003f10000a6cdc700000000100225ad040000000182c6553080001ea32ae90f16db57001901280a0000000e05ef00f0011504c800450106b50006b6000442330f1800004300000f000003f10000a6cdc700000000100225ad040000000182c6550970001ea32ae90f16db57001901280a0000000e05ef00f0011504c800450106b50006b600044233401800004300000f000003f10000a6cdc700000000100225ad040000000182c654e260001ea32ae90f16db57001901280c0000000e05ef00f0011504c800450106b50005b600034233401800004300000f000003f10000a6cdc700000000100225ad040000000182c654bb50001ea32ae90f16db57001901280a0000000e05ef00f0011503c800450106b50006b600044233401800004300000f000003f10000a6cdc700000000100225ad040000000182c6549440001ea32ae90f16db57001901280a0000000e05ef00f0011503c800450106b50006b600044232f91800004300000f000003f10000a6cdc700000000100225ad040000000182c6546d30001ea32ae90f16db57001901280d0000000e05ef00f0011503c800450106b50005b600034233c91800004300000f000003f10000a6cdc700000000100225ad040000000182c6544620001ea32de80f16e143001800460d0000000e05ef00f0011503c800450106b50005b600034234011800004300000f000003f10000a6cdc700000000100225acf00000000182c6541f10001ea32b0a0f16e1fb00170046080000000e05ef00f0011503c800450106b50006b600054233c71800004300000f000003f10000a6cdc700000000100225acf00000000182c653f800001ea32c360f16e08c00170101080004000e05ef00f0011503c800450106b50006b600044233c41800044300000f000003f10000a6cdc700000000100225ace90000000182c653d0f0011ea329590f16de6600170101040000f60f06ef00f0011504c8004501f60106b50010b6000f4233b81800004300000f000003f10000a6cdc700000000100225ace9001100004941"1661185673686668097'
DEBUG:urllib3.util.retry:Converted retries value: False -> Retry(total=False, connect=None, read=None, redirect=0, status=None)
DEBUG:urllib3.connectionpool:http://172.21.0.2:8086 "POST /api/v2/write?org=qeeri&bucket=gps&precision=ns HTTP/1.1" 204 0
<<< Response: 204
DEBUG:influxdb_client.client.http:<<< Response: 204
<<< Date: Mon, 22 Aug 2022 16:27:53 GMT
DEBUG:influxdb_client.client.http:<<< Date: Mon, 22 Aug 2022 16:27:53 GMT
<<< Body: 
DEBUG:influxdb_client.client.http:<<< Body: 
INFO:root:Lock released by860147042636678
hello
INFO:root:[ACTIVE CONNECTIONS] 2
INFO:root:2022-08-22 16:27:54.831551
INFO:root:the length of handshake message is 17
this is the imei  860147042636561
hello
INFO:root:length of packet 1257
INFO:root:00000000000004dc081100000182c661afb8001ea61f6c0f193fe8001b00e40d0000000e05ef01f0011505c800450106b5000ab600074232a11800004310070f03e803f10000a6cec700000044100000b13f0000000182c66188a8001ea620550f19408e001b00d60d0001000e05ef01f0011505c800450106b5000ab600074232a81800014310080f03e803f10000a6cec700000044100000b13f0000000182c6616198001ea61e3f0f19438d001a00890d0000000e05ef01f0011505c800450106b5000ab600074232aa1800004310080f03e803f10000a6cec700000044100000b13f0000000182c6613a88001ea61e3f0f19438d001a00890d0000000e05ef01f0011505c800450106b5000ab600074232ad1800004310080f03e803f10000a6cec700000044100000b13f0000000182c6611378001ea61e1e0f1943ae001a013b0b0000000e05ef01f0011505c800450106b5000bb600084232a21800004310070f03e803f10000a6cec700000044100000b13f0000000182c66103d8001ea61e930f1943d00019013e0b0005000e05ef01f0011505c800450106b5000bb600084232911800054310040f03e803f10000a6cec700000044100000b13f0000000182c660fff0001ea620120f19408e001900aa0b0000000e05ef01f0011505c800450106b5000bb6000842327b180000430fff0f03e803f10000a6cec700000039100000b1340000000182c660fc08001ea620120f19408e001901350b0006000e05ef01f0011505c800450106b5000bb600084232831800064310010f03e803f10000a6cec700000039100000b1340000000182c660dcc8001ea620120f19408e001900aa0c0000000e05ef01f0011505c800450106b5000ab600074232871800004310050f03e803f10000a6cec700000039100000b1340000000182c660b1d0001ea620120f19408e001900aa0d0000000e05ef01f0011505c800450106b5000ab600074232891800004310010f03e803f10000a6cec700000039100000b1340000000182c6608ac0001ea61ff10f194156001900aa0b0000000e05ef01f0011505c800450106b5000bb600074232811800004310010f03e803f10000a6cec700000039100000b1340000000182c66086d8001ea620440f19406d001900a30b0005000e05ef01f0011505c800450106b5000bb6000742326f1800054310000f03e803f10000a6cec700000039100000b1340000000182c6607738001ea61f8d0f19422f001700000b0000000e05ef01f0011505c800450106b5000bb600074232a71800004310080f03e803f10000a6cec700000029100000b1240000000182c6605028001ea61f8d0f19422f001700000b0000000e05ef01f0011505c800450106b5000bb6000742329a1800004310080f03e803f10000a6cec700000029100000b1240000000182c6602918001ea61f8d0f19422f001700000b0000000e05ef01f0011505c800450106b5000bb600074232a41800004310070f03e803f10000a6cec700000029100000b1240000000182c6600208001ea61f8d0f19422f001700000b0000000e05ef01f0011505c800450106b5000bb600074232971800004310070f03e803f10000a6cec700000029100000b1240000000182c65fdaf8001ea61f8d0f19422f001700000b0000000e05ef01f0011505c800450106b5000bb6000742328c1800004310080f03e803f10000a6cec700000029100000b124001100003cc8
INFO:root:gps_data,imei=350424067190346 raw_data="00000000000004dc081100000182c661afb8001ea61f6c0f193fe8001b00e40d0000000e05ef01f0011505c800450106b5000ab600074232a11800004310070f03e803f10000a6cec700000044100000b13f0000000182c66188a8001ea620550f19408e001b00d60d0001000e05ef01f0011505c800450106b5000ab600074232a81800014310080f03e803f10000a6cec700000044100000b13f0000000182c6616198001ea61e3f0f19438d001a00890d0000000e05ef01f0011505c800450106b5000ab600074232aa1800004310080f03e803f10000a6cec700000044100000b13f0000000182c6613a88001ea61e3f0f19438d001a00890d0000000e05ef01f0011505c800450106b5000ab600074232ad1800004310080f03e803f10000a6cec700000044100000b13f0000000182c6611378001ea61e1e0f1943ae001a013b0b0000000e05ef01f0011505c800450106b5000bb600084232a21800004310070f03e803f10000a6cec700000044100000b13f0000000182c66103d8001ea61e930f1943d00019013e0b0005000e05ef01f0011505c800450106b5000bb600084232911800054310040f03e803f10000a6cec700000044100000b13f0000000182c660fff0001ea620120f19408e001900aa0b0000000e05ef01f0011505c800450106b5000bb6000842327b180000430fff0f03e803f10000a6cec700000039100000b1340000000182c660fc08001ea620120f19408e001901350b0006000e05ef01f0011505c800450106b5000bb600084232831800064310010f03e803f10000a6cec700000039100000b1340000000182c660dcc8001ea620120f19408e001900aa0c0000000e05ef01f0011505c800450106b5000ab600074232871800004310050f03e803f10000a6cec700000039100000b1340000000182c660b1d0001ea620120f19408e001900aa0d0000000e05ef01f0011505c800450106b5000ab600074232891800004310010f03e803f10000a6cec700000039100000b1340000000182c6608ac0001ea61ff10f194156001900aa0b0000000e05ef01f0011505c800450106b5000bb600074232811800004310010f03e803f10000a6cec700000039100000b1340000000182c66086d8001ea620440f19406d001900a30b0005000e05ef01f0011505c800450106b5000bb6000742326f1800054310000f03e803f10000a6cec700000039100000b1340000000182c6607738001ea61f8d0f19422f001700000b0000000e05ef01f0011505c800450106b5000bb600074232a71800004310080f03e803f10000a6cec700000029100000b1240000000182c6605028001ea61f8d0f19422f001700000b0000000e05ef01f0011505c800450106b5000bb6000742329a1800004310080f03e803f10000a6cec700000029100000b1240000000182c6602918001ea61f8d0f19422f001700000b0000000e05ef01f0011505c800450106b5000bb600074232a41800004310070f03e803f10000a6cec700000029100000b1240000000182c6600208001ea61f8d0f19422f001700000b0000000e05ef01f0011505c800450106b5000bb600074232971800004310070f03e803f10000a6cec700000029100000b1240000000182c65fdaf8001ea61f8d0f19422f001700000b0000000e05ef01f0011505c800450106b5000bb6000742328c1800004310080f03e803f10000a6cec700000029100000b124001100003cc8"1661185675776229873
INFO:root:Lock acquired by350424067190346
>>> Request: 'POST http://172.21.0.2:8086/api/v2/write?org=qeeri&bucket=gps&precision=ns'
DEBUG:influxdb_client.client.http:>>> Request: 'POST http://172.21.0.2:8086/api/v2/write?org=qeeri&bucket=gps&precision=ns'
>>> Content-Encoding: identity
DEBUG:influxdb_client.client.http:>>> Content-Encoding: identity
>>> Content-Type: text/plain
DEBUG:influxdb_client.client.http:>>> Content-Type: text/plain
>>> Accept: application/json
DEBUG:influxdb_client.client.http:>>> Accept: application/json
>>> Authorization: ***
DEBUG:influxdb_client.client.http:>>> Authorization: ***
>>> User-Agent: influxdb-client-python/1.31.0
DEBUG:influxdb_client.client.http:>>> User-Agent: influxdb-client-python/1.31.0
>>> Body: b'gps_data,imei=350424067190346 raw_data="00000000000004dc081100000182c661afb8001ea61f6c0f193fe8001b00e40d0000000e05ef01f0011505c800450106b5000ab600074232a11800004310070f03e803f10000a6cec700000044100000b13f0000000182c66188a8001ea620550f19408e001b00d60d0001000e05ef01f0011505c800450106b5000ab600074232a81800014310080f03e803f10000a6cec700000044100000b13f0000000182c6616198001ea61e3f0f19438d001a00890d0000000e05ef01f0011505c800450106b5000ab600074232aa1800004310080f03e803f10000a6cec700000044100000b13f0000000182c6613a88001ea61e3f0f19438d001a00890d0000000e05ef01f0011505c800450106b5000ab600074232ad1800004310080f03e803f10000a6cec700000044100000b13f0000000182c6611378001ea61e1e0f1943ae001a013b0b0000000e05ef01f0011505c800450106b5000bb600084232a21800004310070f03e803f10000a6cec700000044100000b13f0000000182c66103d8001ea61e930f1943d00019013e0b0005000e05ef01f0011505c800450106b5000bb600084232911800054310040f03e803f10000a6cec700000044100000b13f0000000182c660fff0001ea620120f19408e001900aa0b0000000e05ef01f0011505c800450106b5000bb6000842327b180000430fff0f03e803f10000a6cec700000039100000b1340000000182c660fc08001ea620120f19408e001901350b0006000e05ef01f0011505c800450106b5000bb600084232831800064310010f03e803f10000a6cec700000039100000b1340000000182c660dcc8001ea620120f19408e001900aa0c0000000e05ef01f0011505c800450106b5000ab600074232871800004310050f03e803f10000a6cec700000039100000b1340000000182c660b1d0001ea620120f19408e001900aa0d0000000e05ef01f0011505c800450106b5000ab600074232891800004310010f03e803f10000a6cec700000039100000b1340000000182c6608ac0001ea61ff10f194156001900aa0b0000000e05ef01f0011505c800450106b5000bb600074232811800004310010f03e803f10000a6cec700000039100000b1340000000182c66086d8001ea620440f19406d001900a30b0005000e05ef01f0011505c800450106b5000bb6000742326f1800054310000f03e803f10000a6cec700000039100000b1340000000182c6607738001ea61f8d0f19422f001700000b0000000e05ef01f0011505c800450106b5000bb600074232a71800004310080f03e803f10000a6cec700000029100000b1240000000182c6605028001ea61f8d0f19422f001700000b0000000e05ef01f0011505c800450106b5000bb6000742329a1800004310080f03e803f10000a6cec700000029100000b1240000000182c6602918001ea61f8d0f19422f001700000b0000000e05ef01f0011505c800450106b5000bb600074232a41800004310070f03e803f10000a6cec700000029100000b1240000000182c6600208001ea61f8d0f19422f001700000b0000000e05ef01f0011505c800450106b5000bb600074232971800004310070f03e803f10000a6cec700000029100000b1240000000182c65fdaf8001ea61f8d0f19422f001700000b0000000e05ef01f0011505c800450106b5000bb6000742328c1800004310080f03e803f10000a6cec700000029100000b124001100003cc8"1661185675776229873'
DEBUG:influxdb_client.client.http:>>> Body: b'gps_data,imei=350424067190346 raw_data="00000000000004dc081100000182c661afb8001ea61f6c0f193fe8001b00e40d0000000e05ef01f0011505c800450106b5000ab600074232a11800004310070f03e803f10000a6cec700000044100000b13f0000000182c66188a8001ea620550f19408e001b00d60d0001000e05ef01f0011505c800450106b5000ab600074232a81800014310080f03e803f10000a6cec700000044100000b13f0000000182c6616198001ea61e3f0f19438d001a00890d0000000e05ef01f0011505c800450106b5000ab600074232aa1800004310080f03e803f10000a6cec700000044100000b13f0000000182c6613a88001ea61e3f0f19438d001a00890d0000000e05ef01f0011505c800450106b5000ab600074232ad1800004310080f03e803f10000a6cec700000044100000b13f0000000182c6611378001ea61e1e0f1943ae001a013b0b0000000e05ef01f0011505c800450106b5000bb600084232a21800004310070f03e803f10000a6cec700000044100000b13f0000000182c66103d8001ea61e930f1943d00019013e0b0005000e05ef01f0011505c800450106b5000bb600084232911800054310040f03e803f10000a6cec700000044100000b13f0000000182c660fff0001ea620120f19408e001900aa0b0000000e05ef01f0011505c800450106b5000bb6000842327b180000430fff0f03e803f10000a6cec700000039100000b1340000000182c660fc08001ea620120f19408e001901350b0006000e05ef01f0011505c800450106b5000bb600084232831800064310010f03e803f10000a6cec700000039100000b1340000000182c660dcc8001ea620120f19408e001900aa0c0000000e05ef01f0011505c800450106b5000ab600074232871800004310050f03e803f10000a6cec700000039100000b1340000000182c660b1d0001ea620120f19408e001900aa0d0000000e05ef01f0011505c800450106b5000ab600074232891800004310010f03e803f10000a6cec700000039100000b1340000000182c6608ac0001ea61ff10f194156001900aa0b0000000e05ef01f0011505c800450106b5000bb600074232811800004310010f03e803f10000a6cec700000039100000b1340000000182c66086d8001ea620440f19406d001900a30b0005000e05ef01f0011505c800450106b5000bb6000742326f1800054310000f03e803f10000a6cec700000039100000b1340000000182c6607738001ea61f8d0f19422f001700000b0000000e05ef01f0011505c800450106b5000bb600074232a71800004310080f03e803f10000a6cec700000029100000b1240000000182c6605028001ea61f8d0f19422f001700000b0000000e05ef01f0011505c800450106b5000bb6000742329a1800004310080f03e803f10000a6cec700000029100000b1240000000182c6602918001ea61f8d0f19422f001700000b0000000e05ef01f0011505c800450106b5000bb600074232a41800004310070f03e803f10000a6cec700000029100000b1240000000182c6600208001ea61f8d0f19422f001700000b0000000e05ef01f0011505c800450106b5000bb600074232971800004310070f03e803f10000a6cec700000029100000b1240000000182c65fdaf8001ea61f8d0f19422f001700000b0000000e05ef01f0011505c800450106b5000bb6000742328c1800004310080f03e803f10000a6cec700000029100000b124001100003cc8"1661185675776229873'
DEBUG:urllib3.util.retry:Converted retries value: False -> Retry(total=False, connect=None, read=None, redirect=0, status=None)
DEBUG:urllib3.connectionpool:http://172.21.0.2:8086 "POST /api/v2/write?org=qeeri&bucket=gps&precision=ns HTTP/1.1" 204 0
<<< Response: 204
DEBUG:influxdb_client.client.http:<<< Response: 204
<<< Date: Mon, 22 Aug 2022 16:27:55 GMT
DEBUG:influxdb_client.client.http:<<< Date: Mon, 22 Aug 2022 16:27:55 GMT
<<< Body: 
DEBUG:influxdb_client.client.http:<<< Body: 
INFO:root:Lock released by350424067190346
INFO:root:length of packet 1267
INFO:root:00000000000004e6081100000182c639d880001ea4dcf50f188d96001a01630a0000000e05ef00f0001503c800450106b50005b6000442316f1800004300000f000003f10000a6cdc70000000010012de8d10000000182c6371960001ea4dcf50f188d96001a01630a0000000e05ef00f0001503c800450106b50005b6000442316e1800004300000f000003f10000a6cdc70000000010012de8d10000000182c6345a40011ea4dec80f188ef4001b01460c0000f60f06ef00f0001503c8004501f60106b50005b6000342316d1800004300000f000003f10000a6cdc70000000010012de8d10000000182c63344e8001ea4dec80f188ef4001b01460b0000000e05ef00f0001503c800450106b50005b6000442316d1800004300000f000003f10000a6cdc70000000010012de8d10000000182c63085c8001ea4dec80f188ef4001c01460b0000000e05ef00f0001503c800450106b50005b6000442316f1800004300000f000003f10000a6cdc70000000010012de8d10000000182c62dc6a8011ea4db340f188d53001c00a7080000f60f06ef00f0001503c8004501f60106b50006b6000442316d1800004300000f000003f10000a6cdc70000000010012de8d10000000182c62c95f8001ea4db340f188d53001c00a70b0000000e05ef00f0001503c800450106b50005b6000342316d1800004300000f000003f10000a6cdc70000000010012de8d10000000182c629d6d8001ea4db340f188d53001c00a7090000000e05ef00f0001503c800450106b50006b600044231911800004300000f000003f10000a6cdc70000000010012de8d10000000182c62717b8011ea4dd8b0f188e1b001c01670b0000f60f06ef00f0001503c8004501f60106b50005b6000442316d1800004300000f000003f10000a6cdc70000000010012de8d10000000182c6261db8001ea4dd8b0f188e1b001c0167080000000e05ef00f0001503c800450106b50006b6000442316f1800004300000f000003f10000a6cdc70000000010012de8d10000000182c6235e98001ea4dd8b0f188e1b001c01670a0000000e05ef00f0001503c800450106b50006b6000442316f1800004300000f000003f10000a6cdc70000000010012de8d10000000182c6209f78011ea4de320f188e8f001c01440a0000f60f06ef00f0001503c8004501f60106b50006b6000442316f1800004300000f000003f10000a6cdc70000000010012de8d10000000182c61fdc28001ea4de320f188e8f001c01440a0000000e05ef00f0001503c800450106b50006b6000442316f1800004300000f000003f10000a6cdc70000000010012de8d10000000182c61d1d08001ea4de320f188e8f001b01440a0000000e05ef00f0001503c800450106b50006b6000442316f1800004300000f000003f10000a6cdc70000000010012de8d10000000182c61a5de8011ea4de320f188e8f001101440b0000f60f06ef00f0001503c8004501f60106b50006b6000442316f1800004300000f000003f10000a6cdc70000000010012de8d10000000182c619eca0001ea4de320f188e8f001101440a0000000e05ef00f0001503c800450106b50006b6000442316b1800004300000f000003f10000a6cdc70000000010012de8d10000000182c6172d80001ea4de320f188e8f001101440b0000000e05ef00f0001503c800450106b50005b6000442316d1800004300000f000003f10000a6cdc70000000010012de8d100110000ca73
INFO:root:gps_data,imei=860147042636561 raw_data="00000000000004e6081100000182c639d880001ea4dcf50f188d96001a01630a0000000e05ef00f0001503c800450106b50005b6000442316f1800004300000f000003f10000a6cdc70000000010012de8d10000000182c6371960001ea4dcf50f188d96001a01630a0000000e05ef00f0001503c800450106b50005b6000442316e1800004300000f000003f10000a6cdc70000000010012de8d10000000182c6345a40011ea4dec80f188ef4001b01460c0000f60f06ef00f0001503c8004501f60106b50005b6000342316d1800004300000f000003f10000a6cdc70000000010012de8d10000000182c63344e8001ea4dec80f188ef4001b01460b0000000e05ef00f0001503c800450106b50005b6000442316d1800004300000f000003f10000a6cdc70000000010012de8d10000000182c63085c8001ea4dec80f188ef4001c01460b0000000e05ef00f0001503c800450106b50005b6000442316f1800004300000f000003f10000a6cdc70000000010012de8d10000000182c62dc6a8011ea4db340f188d53001c00a7080000f60f06ef00f0001503c8004501f60106b50006b6000442316d1800004300000f000003f10000a6cdc70000000010012de8d10000000182c62c95f8001ea4db340f188d53001c00a70b0000000e05ef00f0001503c800450106b50005b6000342316d1800004300000f000003f10000a6cdc70000000010012de8d10000000182c629d6d8001ea4db340f188d53001c00a7090000000e05ef00f0001503c800450106b50006b600044231911800004300000f000003f10000a6cdc70000000010012de8d10000000182c62717b8011ea4dd8b0f188e1b001c01670b0000f60f06ef00f0001503c8004501f60106b50005b6000442316d1800004300000f000003f10000a6cdc70000000010012de8d10000000182c6261db8001ea4dd8b0f188e1b001c0167080000000e05ef00f0001503c800450106b50006b6000442316f1800004300000f000003f10000a6cdc70000000010012de8d10000000182c6235e98001ea4dd8b0f188e1b001c01670a0000000e05ef00f0001503c800450106b50006b6000442316f1800004300000f000003f10000a6cdc70000000010012de8d10000000182c6209f78011ea4de320f188e8f001c01440a0000f60f06ef00f0001503c8004501f60106b50006b6000442316f1800004300000f000003f10000a6cdc70000000010012de8d10000000182c61fdc28001ea4de320f188e8f001c01440a0000000e05ef00f0001503c800450106b50006b6000442316f1800004300000f000003f10000a6cdc70000000010012de8d10000000182c61d1d08001ea4de320f188e8f001b01440a0000000e05ef00f0001503c800450106b50006b6000442316f1800004300000f000003f10000a6cdc70000000010012de8d10000000182c61a5de8011ea4de320f188e8f001101440b0000f60f06ef00f0001503c8004501f60106b50006b6000442316f1800004300000f000003f10000a6cdc70000000010012de8d10000000182c619eca0001ea4de320f188e8f001101440a0000000e05ef00f0001503c800450106b50006b6000442316b1800004300000f000003f10000a6cdc70000000010012de8d10000000182c6172d80001ea4de320f188e8f001101440b0000000e05ef00f0001503c800450106b50005b6000442316d1800004300000f000003f10000a6cdc70000000010012de8d100110000ca73"1661185676549866937
INFO:root:Lock acquired by860147042636561
>>> Request: 'POST http://172.21.0.2:8086/api/v2/write?org=qeeri&bucket=gps&precision=ns'
DEBUG:influxdb_client.client.http:>>> Request: 'POST http://172.21.0.2:8086/api/v2/write?org=qeeri&bucket=gps&precision=ns'
>>> Content-Encoding: identity
DEBUG:influxdb_client.client.http:>>> Content-Encoding: identity
>>> Content-Type: text/plain
DEBUG:influxdb_client.client.http:>>> Content-Type: text/plain
>>> Accept: application/json
DEBUG:influxdb_client.client.http:>>> Accept: application/json
>>> Authorization: ***
DEBUG:influxdb_client.client.http:>>> Authorization: ***
>>> User-Agent: influxdb-client-python/1.31.0
DEBUG:influxdb_client.client.http:>>> User-Agent: influxdb-client-python/1.31.0
>>> Body: b'gps_data,imei=860147042636561 raw_data="00000000000004e6081100000182c639d880001ea4dcf50f188d96001a01630a0000000e05ef00f0001503c800450106b50005b6000442316f1800004300000f000003f10000a6cdc70000000010012de8d10000000182c6371960001ea4dcf50f188d96001a01630a0000000e05ef00f0001503c800450106b50005b6000442316e1800004300000f000003f10000a6cdc70000000010012de8d10000000182c6345a40011ea4dec80f188ef4001b01460c0000f60f06ef00f0001503c8004501f60106b50005b6000342316d1800004300000f000003f10000a6cdc70000000010012de8d10000000182c63344e8001ea4dec80f188ef4001b01460b0000000e05ef00f0001503c800450106b50005b6000442316d1800004300000f000003f10000a6cdc70000000010012de8d10000000182c63085c8001ea4dec80f188ef4001c01460b0000000e05ef00f0001503c800450106b50005b6000442316f1800004300000f000003f10000a6cdc70000000010012de8d10000000182c62dc6a8011ea4db340f188d53001c00a7080000f60f06ef00f0001503c8004501f60106b50006b6000442316d1800004300000f000003f10000a6cdc70000000010012de8d10000000182c62c95f8001ea4db340f188d53001c00a70b0000000e05ef00f0001503c800450106b50005b6000342316d1800004300000f000003f10000a6cdc70000000010012de8d10000000182c629d6d8001ea4db340f188d53001c00a7090000000e05ef00f0001503c800450106b50006b600044231911800004300000f000003f10000a6cdc70000000010012de8d10000000182c62717b8011ea4dd8b0f188e1b001c01670b0000f60f06ef00f0001503c8004501f60106b50005b6000442316d1800004300000f000003f10000a6cdc70000000010012de8d10000000182c6261db8001ea4dd8b0f188e1b001c0167080000000e05ef00f0001503c800450106b50006b6000442316f1800004300000f000003f10000a6cdc70000000010012de8d10000000182c6235e98001ea4dd8b0f188e1b001c01670a0000000e05ef00f0001503c800450106b50006b6000442316f1800004300000f000003f10000a6cdc70000000010012de8d10000000182c6209f78011ea4de320f188e8f001c01440a0000f60f06ef00f0001503c8004501f60106b50006b6000442316f1800004300000f000003f10000a6cdc70000000010012de8d10000000182c61fdc28001ea4de320f188e8f001c01440a0000000e05ef00f0001503c800450106b50006b6000442316f1800004300000f000003f10000a6cdc70000000010012de8d10000000182c61d1d08001ea4de320f188e8f001b01440a0000000e05ef00f0001503c800450106b50006b6000442316f1800004300000f000003f10000a6cdc70000000010012de8d10000000182c61a5de8011ea4de320f188e8f001101440b0000f60f06ef00f0001503c8004501f60106b50006b6000442316f1800004300000f000003f10000a6cdc70000000010012de8d10000000182c619eca0001ea4de320f188e8f001101440a0000000e05ef00f0001503c800450106b50006b6000442316b1800004300000f000003f10000a6cdc70000000010012de8d10000000182c6172d80001ea4de320f188e8f001101440b0000000e05ef00f0001503c800450106b50005b6000442316d1800004300000f000003f10000a6cdc70000000010012de8d100110000ca73"1661185676549866937'
DEBUG:influxdb_client.client.http:>>> Body: b'gps_data,imei=860147042636561 raw_data="00000000000004e6081100000182c639d880001ea4dcf50f188d96001a01630a0000000e05ef00f0001503c800450106b50005b6000442316f1800004300000f000003f10000a6cdc70000000010012de8d10000000182c6371960001ea4dcf50f188d96001a01630a0000000e05ef00f0001503c800450106b50005b6000442316e1800004300000f000003f10000a6cdc70000000010012de8d10000000182c6345a40011ea4dec80f188ef4001b01460c0000f60f06ef00f0001503c8004501f60106b50005b6000342316d1800004300000f000003f10000a6cdc70000000010012de8d10000000182c63344e8001ea4dec80f188ef4001b01460b0000000e05ef00f0001503c800450106b50005b6000442316d1800004300000f000003f10000a6cdc70000000010012de8d10000000182c63085c8001ea4dec80f188ef4001c01460b0000000e05ef00f0001503c800450106b50005b6000442316f1800004300000f000003f10000a6cdc70000000010012de8d10000000182c62dc6a8011ea4db340f188d53001c00a7080000f60f06ef00f0001503c8004501f60106b50006b6000442316d1800004300000f000003f10000a6cdc70000000010012de8d10000000182c62c95f8001ea4db340f188d53001c00a70b0000000e05ef00f0001503c800450106b50005b6000342316d1800004300000f000003f10000a6cdc70000000010012de8d10000000182c629d6d8001ea4db340f188d53001c00a7090000000e05ef00f0001503c800450106b50006b600044231911800004300000f000003f10000a6cdc70000000010012de8d10000000182c62717b8011ea4dd8b0f188e1b001c01670b0000f60f06ef00f0001503c8004501f60106b50005b6000442316d1800004300000f000003f10000a6cdc70000000010012de8d10000000182c6261db8001ea4dd8b0f188e1b001c0167080000000e05ef00f0001503c800450106b50006b6000442316f1800004300000f000003f10000a6cdc70000000010012de8d10000000182c6235e98001ea4dd8b0f188e1b001c01670a0000000e05ef00f0001503c800450106b50006b6000442316f1800004300000f000003f10000a6cdc70000000010012de8d10000000182c6209f78011ea4de320f188e8f001c01440a0000f60f06ef00f0001503c8004501f60106b50006b6000442316f1800004300000f000003f10000a6cdc70000000010012de8d10000000182c61fdc28001ea4de320f188e8f001c01440a0000000e05ef00f0001503c800450106b50006b6000442316f1800004300000f000003f10000a6cdc70000000010012de8d10000000182c61d1d08001ea4de320f188e8f001b01440a0000000e05ef00f0001503c800450106b50006b6000442316f1800004300000f000003f10000a6cdc70000000010012de8d10000000182c61a5de8011ea4de320f188e8f001101440b0000f60f06ef00f0001503c8004501f60106b50006b6000442316f1800004300000f000003f10000a6cdc70000000010012de8d10000000182c619eca0001ea4de320f188e8f001101440a0000000e05ef00f0001503c800450106b50006b6000442316b1800004300000f000003f10000a6cdc70000000010012de8d10000000182c6172d80001ea4de320f188e8f001101440b0000000e05ef00f0001503c800450106b50005b6000442316d1800004300000f000003f10000a6cdc70000000010012de8d100110000ca73"1661185676549866937'
DEBUG:urllib3.util.retry:Converted retries value: False -> Retry(total=False, connect=None, read=None, redirect=0, status=None)
DEBUG:urllib3.connectionpool:Resetting dropped connection: 172.21.0.2
INFO:root:Lock released by860147042636561
this is the influx_ip 172.21.0.3
INFO:root:2VF9BBu-AfoqmeGUVC_i1GmDztToXkYlOWt0w-5eFkhb5G5PDxwnRy5YMoxxLZ_iaiwQNe96gMqM5loD84x-Vw==
INFO:root:8001
the allowed values are {'867060033461050', '350424067175784', '350424067190262', '350424067147940', '357073294881632', '350424067190346', '860147042630903', '860147042636561', '354018114881133', '860147042626836', '350424067148096', '350424067185080', '860147042630861', '350424067196517', '354018114813516', '350424067184992', '350424067190536', '350424067175867', '867060038752941', '860147042636678', '867553051163608', '350424067175941', '350424067192656', '860147042649242', '860147042626570', '357073294926817', '860147042635654', '867553051164564', '350424067194330', '350424067196657', '350424067179497', '867553051164580', '867553051180552', '357073294046731', '867553051198273'}
INFO:root: Server is listening ...
INFO:root:2022-08-22 16:30:09.317848
hello
INFO:root:[ACTIVE CONNECTIONS] 1
INFO:root:2022-08-22 16:30:09.630826
INFO:root:the length of handshake message is 17
this is the imei  860147042649242
hello
INFO:root:length of packet 1267
INFO:root:00000000000004e6081100000182c662a5d0001ea569fa0f1861c5001800000e0000000e05ef00f0001505c800450106b50004b600034232b71800004300000f000003f10000a6cdc700000000100110e4e20000000182c6389060001ea570180f186014001301610c0000000e05ef00f0001505c800450106b50005b600034232e21800004300000f000003f10000a6cdc700000000100110e4e20000000182c635d140001ea570180f186014001101610b0000000e05ef00f0001505c800450106b50005b600034232e41800004300000f000003f10000a6cdc700000000100110e4e20000000182c6331220011ea56b680f1860fd001000aa0b0000f60f06ef00f0001505c8004501f60106b50006b600044232e91800004300000f000003f10000a6cdc700000000100110e4e20000000182c6324700001ea56b680f1860fd001000aa0b0000000e05ef00f0001505c800450106b50006b600044232e61800004300000f000003f10000a6cdc700000000100110e4e20000000182c62f87e0001ea56b680f1860fd001700aa090000000e05ef00f0001505c800450106b50007b600054232e61800004300000f000003f10000a6cdc700000000100110e4e20000000182c62cc8c0011ea56fa40f1860560017006a090000f60f06ef00f0001505c8004501f60106b50006b600044232fc1800004300000f000003f10000a6cdc700000000100110e4e20000000182c62c6718001ea56fa40f186056000f006a0c0000000e05ef00f0001505c800450106b50005b600034232e91800004300000f000003f10000a6cdc700000000100110e4e20000000182c629a7f8001ea56fa40f186056000f006a0a0000000e05ef00f0001505c800450106b50006b600044232e91800004300000f000003f10000a6cdc700000000100110e4e20000000182c626e8d8011ea570390f186344000f0133090000f60f06ef00f0001505c8004501f60106b50006b600044232e91800004300000f000003f10000a6cdc700000000100110e4e20000000182c6263910001ea570390f186344000f01330b0000000e05ef00f0001505c800450106b50005b600044232e61800004300000f000003f10000a6cdc700000000100110e4e20000000182c62379f0001ea570390f186344000f01330b0000000e05ef00f0001505c800450106b50005b600044232e71800004300000f000003f10000a6cdc700000000100110e4e20000000182c620bad0011ea56fa40f185fd1000e01530b0000f60f06ef00f0001505c8004501f60106b50005b600044232e91800004300000f000003f10000a6cdc700000000100110e4e20000000182c6207c50001ea56fa40f185fd1000e01530b0000000e05ef00f0001505c800450106b50005b600044232e91800004300000f000003f10000a6cdc700000000100110e4e20000000182c61dbd30001ea56fa40f185fd1000e01530b0000000e05ef00f0001505c800450106b50005b600044232e91800004300000f000003f10000a6cdc700000000100110e4e20000000182c61afe10011ea56fa40f185fd1000e01530b0000f60f06ef00f0001505c8004501f60106b50005b600044232e91800004300000f000003f10000a6cdc700000000100110e4e20000000182c61a69a0001ea56fa40f185fd1000e01530c0000000e05ef00f0001505c800450106b50005b600034232e91800004300000f000003f10000a6cdc700000000100110e4e200110000a2a4
INFO:root:gps_data,imei=860147042649242 raw_data="00000000000004e6081100000182c662a5d0001ea569fa0f1861c5001800000e0000000e05ef00f0001505c800450106b50004b600034232b71800004300000f000003f10000a6cdc700000000100110e4e20000000182c6389060001ea570180f186014001301610c0000000e05ef00f0001505c800450106b50005b600034232e21800004300000f000003f10000a6cdc700000000100110e4e20000000182c635d140001ea570180f186014001101610b0000000e05ef00f0001505c800450106b50005b600034232e41800004300000f000003f10000a6cdc700000000100110e4e20000000182c6331220011ea56b680f1860fd001000aa0b0000f60f06ef00f0001505c8004501f60106b50006b600044232e91800004300000f000003f10000a6cdc700000000100110e4e20000000182c6324700001ea56b680f1860fd001000aa0b0000000e05ef00f0001505c800450106b50006b600044232e61800004300000f000003f10000a6cdc700000000100110e4e20000000182c62f87e0001ea56b680f1860fd001700aa090000000e05ef00f0001505c800450106b50007b600054232e61800004300000f000003f10000a6cdc700000000100110e4e20000000182c62cc8c0011ea56fa40f1860560017006a090000f60f06ef00f0001505c8004501f60106b50006b600044232fc1800004300000f000003f10000a6cdc700000000100110e4e20000000182c62c6718001ea56fa40f186056000f006a0c0000000e05ef00f0001505c800450106b50005b600034232e91800004300000f000003f10000a6cdc700000000100110e4e20000000182c629a7f8001ea56fa40f186056000f006a0a0000000e05ef00f0001505c800450106b50006b600044232e91800004300000f000003f10000a6cdc700000000100110e4e20000000182c626e8d8011ea570390f186344000f0133090000f60f06ef00f0001505c8004501f60106b50006b600044232e91800004300000f000003f10000a6cdc700000000100110e4e20000000182c6263910001ea570390f186344000f01330b0000000e05ef00f0001505c800450106b50005b600044232e61800004300000f000003f10000a6cdc700000000100110e4e20000000182c62379f0001ea570390f186344000f01330b0000000e05ef00f0001505c800450106b50005b600044232e71800004300000f000003f10000a6cdc700000000100110e4e20000000182c620bad0011ea56fa40f185fd1000e01530b0000f60f06ef00f0001505c8004501f60106b50005b600044232e91800004300000f000003f10000a6cdc700000000100110e4e20000000182c6207c50001ea56fa40f185fd1000e01530b0000000e05ef00f0001505c800450106b50005b600044232e91800004300000f000003f10000a6cdc700000000100110e4e20000000182c61dbd30001ea56fa40f185fd1000e01530b0000000e05ef00f0001505c800450106b50005b600044232e91800004300000f000003f10000a6cdc700000000100110e4e20000000182c61afe10011ea56fa40f185fd1000e01530b0000f60f06ef00f0001505c8004501f60106b50005b600044232e91800004300000f000003f10000a6cdc700000000100110e4e20000000182c61a69a0001ea56fa40f185fd1000e01530c0000000e05ef00f0001505c800450106b50005b600034232e91800004300000f000003f10000a6cdc700000000100110e4e200110000a2a4"1661185811254126102
INFO:root:Lock acquired by860147042649242
>>> Request: 'POST http://172.21.0.3:8086/api/v2/write?org=qeeri&bucket=gps&precision=ns'
DEBUG:influxdb_client.client.http:>>> Request: 'POST http://172.21.0.3:8086/api/v2/write?org=qeeri&bucket=gps&precision=ns'
>>> Content-Encoding: identity
DEBUG:influxdb_client.client.http:>>> Content-Encoding: identity
>>> Content-Type: text/plain
DEBUG:influxdb_client.client.http:>>> Content-Type: text/plain
>>> Accept: application/json
DEBUG:influxdb_client.client.http:>>> Accept: application/json
>>> Authorization: ***
DEBUG:influxdb_client.client.http:>>> Authorization: ***
>>> User-Agent: influxdb-client-python/1.31.0
DEBUG:influxdb_client.client.http:>>> User-Agent: influxdb-client-python/1.31.0
>>> Body: b'gps_data,imei=860147042649242 raw_data="00000000000004e6081100000182c662a5d0001ea569fa0f1861c5001800000e0000000e05ef00f0001505c800450106b50004b600034232b71800004300000f000003f10000a6cdc700000000100110e4e20000000182c6389060001ea570180f186014001301610c0000000e05ef00f0001505c800450106b50005b600034232e21800004300000f000003f10000a6cdc700000000100110e4e20000000182c635d140001ea570180f186014001101610b0000000e05ef00f0001505c800450106b50005b600034232e41800004300000f000003f10000a6cdc700000000100110e4e20000000182c6331220011ea56b680f1860fd001000aa0b0000f60f06ef00f0001505c8004501f60106b50006b600044232e91800004300000f000003f10000a6cdc700000000100110e4e20000000182c6324700001ea56b680f1860fd001000aa0b0000000e05ef00f0001505c800450106b50006b600044232e61800004300000f000003f10000a6cdc700000000100110e4e20000000182c62f87e0001ea56b680f1860fd001700aa090000000e05ef00f0001505c800450106b50007b600054232e61800004300000f000003f10000a6cdc700000000100110e4e20000000182c62cc8c0011ea56fa40f1860560017006a090000f60f06ef00f0001505c8004501f60106b50006b600044232fc1800004300000f000003f10000a6cdc700000000100110e4e20000000182c62c6718001ea56fa40f186056000f006a0c0000000e05ef00f0001505c800450106b50005b600034232e91800004300000f000003f10000a6cdc700000000100110e4e20000000182c629a7f8001ea56fa40f186056000f006a0a0000000e05ef00f0001505c800450106b50006b600044232e91800004300000f000003f10000a6cdc700000000100110e4e20000000182c626e8d8011ea570390f186344000f0133090000f60f06ef00f0001505c8004501f60106b50006b600044232e91800004300000f000003f10000a6cdc700000000100110e4e20000000182c6263910001ea570390f186344000f01330b0000000e05ef00f0001505c800450106b50005b600044232e61800004300000f000003f10000a6cdc700000000100110e4e20000000182c62379f0001ea570390f186344000f01330b0000000e05ef00f0001505c800450106b50005b600044232e71800004300000f000003f10000a6cdc700000000100110e4e20000000182c620bad0011ea56fa40f185fd1000e01530b0000f60f06ef00f0001505c8004501f60106b50005b600044232e91800004300000f000003f10000a6cdc700000000100110e4e20000000182c6207c50001ea56fa40f185fd1000e01530b0000000e05ef00f0001505c800450106b50005b600044232e91800004300000f000003f10000a6cdc700000000100110e4e20000000182c61dbd30001ea56fa40f185fd1000e01530b0000000e05ef00f0001505c800450106b50005b600044232e91800004300000f000003f10000a6cdc700000000100110e4e20000000182c61afe10011ea56fa40f185fd1000e01530b0000f60f06ef00f0001505c8004501f60106b50005b600044232e91800004300000f000003f10000a6cdc700000000100110e4e20000000182c61a69a0001ea56fa40f185fd1000e01530c0000000e05ef00f0001505c800450106b50005b600034232e91800004300000f000003f10000a6cdc700000000100110e4e200110000a2a4"1661185811254126102'
DEBUG:influxdb_client.client.http:>>> Body: b'gps_data,imei=860147042649242 raw_data="00000000000004e6081100000182c662a5d0001ea569fa0f1861c5001800000e0000000e05ef00f0001505c800450106b50004b600034232b71800004300000f000003f10000a6cdc700000000100110e4e20000000182c6389060001ea570180f186014001301610c0000000e05ef00f0001505c800450106b50005b600034232e21800004300000f000003f10000a6cdc700000000100110e4e20000000182c635d140001ea570180f186014001101610b0000000e05ef00f0001505c800450106b50005b600034232e41800004300000f000003f10000a6cdc700000000100110e4e20000000182c6331220011ea56b680f1860fd001000aa0b0000f60f06ef00f0001505c8004501f60106b50006b600044232e91800004300000f000003f10000a6cdc700000000100110e4e20000000182c6324700001ea56b680f1860fd001000aa0b0000000e05ef00f0001505c800450106b50006b600044232e61800004300000f000003f10000a6cdc700000000100110e4e20000000182c62f87e0001ea56b680f1860fd001700aa090000000e05ef00f0001505c800450106b50007b600054232e61800004300000f000003f10000a6cdc700000000100110e4e20000000182c62cc8c0011ea56fa40f1860560017006a090000f60f06ef00f0001505c8004501f60106b50006b600044232fc1800004300000f000003f10000a6cdc700000000100110e4e20000000182c62c6718001ea56fa40f186056000f006a0c0000000e05ef00f0001505c800450106b50005b600034232e91800004300000f000003f10000a6cdc700000000100110e4e20000000182c629a7f8001ea56fa40f186056000f006a0a0000000e05ef00f0001505c800450106b50006b600044232e91800004300000f000003f10000a6cdc700000000100110e4e20000000182c626e8d8011ea570390f186344000f0133090000f60f06ef00f0001505c8004501f60106b50006b600044232e91800004300000f000003f10000a6cdc700000000100110e4e20000000182c6263910001ea570390f186344000f01330b0000000e05ef00f0001505c800450106b50005b600044232e61800004300000f000003f10000a6cdc700000000100110e4e20000000182c62379f0001ea570390f186344000f01330b0000000e05ef00f0001505c800450106b50005b600044232e71800004300000f000003f10000a6cdc700000000100110e4e20000000182c620bad0011ea56fa40f185fd1000e01530b0000f60f06ef00f0001505c8004501f60106b50005b600044232e91800004300000f000003f10000a6cdc700000000100110e4e20000000182c6207c50001ea56fa40f185fd1000e01530b0000000e05ef00f0001505c800450106b50005b600044232e91800004300000f000003f10000a6cdc700000000100110e4e20000000182c61dbd30001ea56fa40f185fd1000e01530b0000000e05ef00f0001505c800450106b50005b600044232e91800004300000f000003f10000a6cdc700000000100110e4e20000000182c61afe10011ea56fa40f185fd1000e01530b0000f60f06ef00f0001505c8004501f60106b50005b600044232e91800004300000f000003f10000a6cdc700000000100110e4e20000000182c61a69a0001ea56fa40f185fd1000e01530c0000000e05ef00f0001505c800450106b50005b600034232e91800004300000f000003f10000a6cdc700000000100110e4e200110000a2a4"1661185811254126102'
DEBUG:urllib3.util.retry:Converted retries value: False -> Retry(total=False, connect=None, read=None, redirect=0, status=None)
DEBUG:urllib3.connectionpool:Starting new HTTP connection (1): 172.21.0.3:8086
INFO:root:Lock released by860147042649242
hello
INFO:root:[ACTIVE CONNECTIONS] 1
INFO:root:2022-08-22 16:30:11.313211
INFO:root:the length of handshake message is 17
this is the imei  860147042626570
hello
hello
INFO:root:[ACTIVE CONNECTIONS] 2
INFO:root:2022-08-22 16:30:12.080979
hello
INFO:root:[ACTIVE CONNECTIONS] 3
INFO:root:2022-08-22 16:30:12.172886
INFO:root:the length of handshake message is 17
this is the imei  860147042626836
hello
INFO:root:the length of handshake message is 17
this is the imei  860147042636678
hello
INFO:root:length of packet 91
INFO:root:000000000000004e080100000182c6638860011eb38a720f11f2c300260000090000f60f06ef00f0001505c8004501f60106b50005b600044233141800004300000f000003f10000a6cdc70000000010002fdc0e000100000a82
INFO:root:gps_data,imei=860147042626570 raw_data="000000000000004e080100000182c6638860011eb38a720f11f2c300260000090000f60f06ef00f0001505c8004501f60106b50005b600044233141800004300000f000003f10000a6cdc70000000010002fdc0e000100000a82"1661185812294315049
INFO:root:Lock acquired by860147042626570
>>> Request: 'POST http://172.21.0.3:8086/api/v2/write?org=qeeri&bucket=gps&precision=ns'
DEBUG:influxdb_client.client.http:>>> Request: 'POST http://172.21.0.3:8086/api/v2/write?org=qeeri&bucket=gps&precision=ns'
>>> Content-Encoding: identity
DEBUG:influxdb_client.client.http:>>> Content-Encoding: identity
>>> Content-Type: text/plain
DEBUG:influxdb_client.client.http:>>> Content-Type: text/plain
>>> Accept: application/json
DEBUG:influxdb_client.client.http:>>> Accept: application/json
>>> Authorization: ***
DEBUG:influxdb_client.client.http:>>> Authorization: ***
>>> User-Agent: influxdb-client-python/1.31.0
DEBUG:influxdb_client.client.http:>>> User-Agent: influxdb-client-python/1.31.0
>>> Body: b'gps_data,imei=860147042626570 raw_data="000000000000004e080100000182c6638860011eb38a720f11f2c300260000090000f60f06ef00f0001505c8004501f60106b50005b600044233141800004300000f000003f10000a6cdc70000000010002fdc0e000100000a82"1661185812294315049'
DEBUG:influxdb_client.client.http:>>> Body: b'gps_data,imei=860147042626570 raw_data="000000000000004e080100000182c6638860011eb38a720f11f2c300260000090000f60f06ef00f0001505c8004501f60106b50005b600044233141800004300000f000003f10000a6cdc70000000010002fdc0e000100000a82"1661185812294315049'
DEBUG:urllib3.util.retry:Converted retries value: False -> Retry(total=False, connect=None, read=None, redirect=0, status=None)
DEBUG:urllib3.connectionpool:Starting new HTTP connection (2): 172.21.0.3:8086
INFO:root:Lock released by860147042626570
INFO:root:length of packet 1257
INFO:root:00000000000004dc081100000182c663cac8001ea82a350f19b74e000f01170b001e000e05ef00f0011504c800450106b50006b6000442358918001e4300000f000003f10000a6cdc70000000010012427540000000182c663a3b8001ea851020f19b0fe000e011a0b001a000e05ef00f0011504c800450106b50008b6000442361118001a4300000f000003f10000a6cdc70000000010012426ef0000000182c6637ca8001ea86b1e0f19adff000e01140d0012000e05ef00f0011504c800450106b50006b600034235ff1800124300000f000003f10000a6cdc70000000010012426ab0000000182c6635598001ea875450f19a992000c00020a0009000e05ef00f0011504c800450106b50007b600054235d91800094300000f000003f10000a6cdc700000000100124268a0000000182c6632e88001ea872bc0f19a085000c00070b0008000e05ef00f0011504c800450106b50006b600044235cf1800084300000f000003f10000a6cdc700000000100124266e0000000182c6630778001ea8711b0f1999af000c00120b0010000e05ef00f0011504c800450106b50006b600044235661800104300000f000003f10000a6cdc700000000100124265b0000000182c662e068001ea86d540f1983ae000d00080b0014000e05ef00f0011505c800450106b50007b600044235851800144300000f000003f10000a6cdc700000000100124261c0000000182c662b958001ea8698d0f196fc2000d000c0c0012000e05ef00f0011505c800450106b50006b600044235741800124300000f000003f10000a6cdc70000000010012425e20000000182c6629248001ea868300f196279000f015f0d0007000e05ef00f0011505c800450106b50005b6000342355d1800074300000f000003f10000a6cdc70000000010012425bb0000000182c6626b38001ea869190f196043000f00450d0000000e05ef00f0011504c800450106b50005b600034234d21800004300000f000003f10000a6cdc70000000010012425b50000000182c6624428001ea8666e0f1960c8001000900d0007000e05ef00f0011504c800450106b50005b600034235621800074300000f000003f10000a6cdc70000000010012425ad0000000182c6621d18001ea865d80f196a8c001700bf0c0011000e05ef00f0011504c800450106b50007b600034234d21800114300000f000003f10000a6cdc70000000010012425930000000182c661f608001ea868400f197932001900dd0c0009000e05ef00f0011505c800450106b50005b600034235ef1800094300000f000003f10000a6cdc70000000010012425670000000182c661cef8001ea867460f197943001700c30b0000000e05ef00f0011505c800450106b50005b600044235911800004300000f000003f10000a6cdc70000000010012425670000000182c62cd860001ea86c490f1979e9000900990c0000000e05ef00f0001505c800450106b50005b600044232911800004300000f000003f10000a6cdc70000000010012425670000000182c62a1940001ea86c490f1979e9000900990c0000f00e05ef00f0001505c800450106b50005b6000342331d1800004300000f000003f10000a6cdc70000000010012425670000000182c629f230001ea86c490f1979e900090099090000000e05ef00f0011505c800450106b50006b600044233151800004300000f000003f10000a6cdc7000000001001242567001100001f1c
INFO:root:gps_data,imei=860147042626836 raw_data="00000000000004dc081100000182c663cac8001ea82a350f19b74e000f01170b001e000e05ef00f0011504c800450106b50006b6000442358918001e4300000f000003f10000a6cdc70000000010012427540000000182c663a3b8001ea851020f19b0fe000e011a0b001a000e05ef00f0011504c800450106b50008b6000442361118001a4300000f000003f10000a6cdc70000000010012426ef0000000182c6637ca8001ea86b1e0f19adff000e01140d0012000e05ef00f0011504c800450106b50006b600034235ff1800124300000f000003f10000a6cdc70000000010012426ab0000000182c6635598001ea875450f19a992000c00020a0009000e05ef00f0011504c800450106b50007b600054235d91800094300000f000003f10000a6cdc700000000100124268a0000000182c6632e88001ea872bc0f19a085000c00070b0008000e05ef00f0011504c800450106b50006b600044235cf1800084300000f000003f10000a6cdc700000000100124266e0000000182c6630778001ea8711b0f1999af000c00120b0010000e05ef00f0011504c800450106b50006b600044235661800104300000f000003f10000a6cdc700000000100124265b0000000182c662e068001ea86d540f1983ae000d00080b0014000e05ef00f0011505c800450106b50007b600044235851800144300000f000003f10000a6cdc700000000100124261c0000000182c662b958001ea8698d0f196fc2000d000c0c0012000e05ef00f0011505c800450106b50006b600044235741800124300000f000003f10000a6cdc70000000010012425e20000000182c6629248001ea868300f196279000f015f0d0007000e05ef00f0011505c800450106b50005b6000342355d1800074300000f000003f10000a6cdc70000000010012425bb0000000182c6626b38001ea869190f196043000f00450d0000000e05ef00f0011504c800450106b50005b600034234d21800004300000f000003f10000a6cdc70000000010012425b50000000182c6624428001ea8666e0f1960c8001000900d0007000e05ef00f0011504c800450106b50005b600034235621800074300000f000003f10000a6cdc70000000010012425ad0000000182c6621d18001ea865d80f196a8c001700bf0c0011000e05ef00f0011504c800450106b50007b600034234d21800114300000f000003f10000a6cdc70000000010012425930000000182c661f608001ea868400f197932001900dd0c0009000e05ef00f0011505c800450106b50005b600034235ef1800094300000f000003f10000a6cdc70000000010012425670000000182c661cef8001ea867460f197943001700c30b0000000e05ef00f0011505c800450106b50005b600044235911800004300000f000003f10000a6cdc70000000010012425670000000182c62cd860001ea86c490f1979e9000900990c0000000e05ef00f0001505c800450106b50005b600044232911800004300000f000003f10000a6cdc70000000010012425670000000182c62a1940001ea86c490f1979e9000900990c0000f00e05ef00f0001505c800450106b50005b6000342331d1800004300000f000003f10000a6cdc70000000010012425670000000182c629f230001ea86c490f1979e900090099090000000e05ef00f0011505c800450106b50006b600044233151800004300000f000003f10000a6cdc7000000001001242567001100001f1c"1661185813773626307
INFO:root:Lock acquired by860147042626836
>>> Request: 'POST http://172.21.0.3:8086/api/v2/write?org=qeeri&bucket=gps&precision=ns'
DEBUG:influxdb_client.client.http:>>> Request: 'POST http://172.21.0.3:8086/api/v2/write?org=qeeri&bucket=gps&precision=ns'
>>> Content-Encoding: identity
DEBUG:influxdb_client.client.http:>>> Content-Encoding: identity
>>> Content-Type: text/plain
DEBUG:influxdb_client.client.http:>>> Content-Type: text/plain
>>> Accept: application/json
DEBUG:influxdb_client.client.http:>>> Accept: application/json
>>> Authorization: ***
DEBUG:influxdb_client.client.http:>>> Authorization: ***
>>> User-Agent: influxdb-client-python/1.31.0
DEBUG:influxdb_client.client.http:>>> User-Agent: influxdb-client-python/1.31.0
>>> Body: b'gps_data,imei=860147042626836 raw_data="00000000000004dc081100000182c663cac8001ea82a350f19b74e000f01170b001e000e05ef00f0011504c800450106b50006b6000442358918001e4300000f000003f10000a6cdc70000000010012427540000000182c663a3b8001ea851020f19b0fe000e011a0b001a000e05ef00f0011504c800450106b50008b6000442361118001a4300000f000003f10000a6cdc70000000010012426ef0000000182c6637ca8001ea86b1e0f19adff000e01140d0012000e05ef00f0011504c800450106b50006b600034235ff1800124300000f000003f10000a6cdc70000000010012426ab0000000182c6635598001ea875450f19a992000c00020a0009000e05ef00f0011504c800450106b50007b600054235d91800094300000f000003f10000a6cdc700000000100124268a0000000182c6632e88001ea872bc0f19a085000c00070b0008000e05ef00f0011504c800450106b50006b600044235cf1800084300000f000003f10000a6cdc700000000100124266e0000000182c6630778001ea8711b0f1999af000c00120b0010000e05ef00f0011504c800450106b50006b600044235661800104300000f000003f10000a6cdc700000000100124265b0000000182c662e068001ea86d540f1983ae000d00080b0014000e05ef00f0011505c800450106b50007b600044235851800144300000f000003f10000a6cdc700000000100124261c0000000182c662b958001ea8698d0f196fc2000d000c0c0012000e05ef00f0011505c800450106b50006b600044235741800124300000f000003f10000a6cdc70000000010012425e20000000182c6629248001ea868300f196279000f015f0d0007000e05ef00f0011505c800450106b50005b6000342355d1800074300000f000003f10000a6cdc70000000010012425bb0000000182c6626b38001ea869190f196043000f00450d0000000e05ef00f0011504c800450106b50005b600034234d21800004300000f000003f10000a6cdc70000000010012425b50000000182c6624428001ea8666e0f1960c8001000900d0007000e05ef00f0011504c800450106b50005b600034235621800074300000f000003f10000a6cdc70000000010012425ad0000000182c6621d18001ea865d80f196a8c001700bf0c0011000e05ef00f0011504c800450106b50007b600034234d21800114300000f000003f10000a6cdc70000000010012425930000000182c661f608001ea868400f197932001900dd0c0009000e05ef00f0011505c800450106b50005b600034235ef1800094300000f000003f10000a6cdc70000000010012425670000000182c661cef8001ea867460f197943001700c30b0000000e05ef00f0011505c800450106b50005b600044235911800004300000f000003f10000a6cdc70000000010012425670000000182c62cd860001ea86c490f1979e9000900990c0000000e05ef00f0001505c800450106b50005b600044232911800004300000f000003f10000a6cdc70000000010012425670000000182c62a1940001ea86c490f1979e9000900990c0000f00e05ef00f0001505c800450106b50005b6000342331d1800004300000f000003f10000a6cdc70000000010012425670000000182c629f230001ea86c490f1979e900090099090000000e05ef00f0011505c800450106b50006b600044233151800004300000f000003f10000a6cdc7000000001001242567001100001f1c"1661185813773626307'
DEBUG:influxdb_client.client.http:>>> Body: b'gps_data,imei=860147042626836 raw_data="00000000000004dc081100000182c663cac8001ea82a350f19b74e000f01170b001e000e05ef00f0011504c800450106b50006b6000442358918001e4300000f000003f10000a6cdc70000000010012427540000000182c663a3b8001ea851020f19b0fe000e011a0b001a000e05ef00f0011504c800450106b50008b6000442361118001a4300000f000003f10000a6cdc70000000010012426ef0000000182c6637ca8001ea86b1e0f19adff000e01140d0012000e05ef00f0011504c800450106b50006b600034235ff1800124300000f000003f10000a6cdc70000000010012426ab0000000182c6635598001ea875450f19a992000c00020a0009000e05ef00f0011504c800450106b50007b600054235d91800094300000f000003f10000a6cdc700000000100124268a0000000182c6632e88001ea872bc0f19a085000c00070b0008000e05ef00f0011504c800450106b50006b600044235cf1800084300000f000003f10000a6cdc700000000100124266e0000000182c6630778001ea8711b0f1999af000c00120b0010000e05ef00f0011504c800450106b50006b600044235661800104300000f000003f10000a6cdc700000000100124265b0000000182c662e068001ea86d540f1983ae000d00080b0014000e05ef00f0011505c800450106b50007b600044235851800144300000f000003f10000a6cdc700000000100124261c0000000182c662b958001ea8698d0f196fc2000d000c0c0012000e05ef00f0011505c800450106b50006b600044235741800124300000f000003f10000a6cdc70000000010012425e20000000182c6629248001ea868300f196279000f015f0d0007000e05ef00f0011505c800450106b50005b6000342355d1800074300000f000003f10000a6cdc70000000010012425bb0000000182c6626b38001ea869190f196043000f00450d0000000e05ef00f0011504c800450106b50005b600034234d21800004300000f000003f10000a6cdc70000000010012425b50000000182c6624428001ea8666e0f1960c8001000900d0007000e05ef00f0011504c800450106b50005b600034235621800074300000f000003f10000a6cdc70000000010012425ad0000000182c6621d18001ea865d80f196a8c001700bf0c0011000e05ef00f0011504c800450106b50007b600034234d21800114300000f000003f10000a6cdc70000000010012425930000000182c661f608001ea868400f197932001900dd0c0009000e05ef00f0011505c800450106b50005b600034235ef1800094300000f000003f10000a6cdc70000000010012425670000000182c661cef8001ea867460f197943001700c30b0000000e05ef00f0011505c800450106b50005b600044235911800004300000f000003f10000a6cdc70000000010012425670000000182c62cd860001ea86c490f1979e9000900990c0000000e05ef00f0001505c800450106b50005b600044232911800004300000f000003f10000a6cdc70000000010012425670000000182c62a1940001ea86c490f1979e9000900990c0000f00e05ef00f0001505c800450106b50005b6000342331d1800004300000f000003f10000a6cdc70000000010012425670000000182c629f230001ea86c490f1979e900090099090000000e05ef00f0011505c800450106b50006b600044233151800004300000f000003f10000a6cdc7000000001001242567001100001f1c"1661185813773626307'
DEBUG:urllib3.util.retry:Converted retries value: False -> Retry(total=False, connect=None, read=None, redirect=0, status=None)
DEBUG:urllib3.connectionpool:Starting new HTTP connection (3): 172.21.0.3:8086
INFO:root:Lock released by860147042626836
hello
INFO:root:[ACTIVE CONNECTIONS] 2
INFO:root:the length of handshake message is 17
INFO:root:2022-08-22 16:30:13.850531
this is the imei  350424067190346
hello
INFO:root:length of packet 1259
INFO:root:00000000000004de081100000182c662b570001ea335b80f16d879002500000c0000000e05ef00f0001504c800450106b50005b600034232bc1800004300000f000003f10000a6cdc700000000100225ad040000000182c653c538001ea329590f16de6600170101040000000e05ef00f0011504c800450106b5000fb6000e4233d01800004300000f000003f10000a6cdc700000000100225ace90000000182c6539e28001ea32e5c0f16e039001800e50e000d000e05ef00f0011504c800450106b50004b600034233dc18000d4300000f000003f10000a6cdc700000000100225acde0000000182c6537718001ea329270f16ef64001c00700e0020000e05ef00f0011504c800450106b50004b600034233ee1800204300000f000003f10000a6cdc700000000100225aca40000000182c6535008001ea301e50f16fb0c001d006d0f001d000e05ef00f0011503c800450106b50004b6000342341518001d4300000f000003f10000a6cdc700000000100225ac3a0000000182c65328f8001ea2fa260f170f08001800c70f001b000e05ef00f0011503c800450106b50005b6000342341218001b4300000f000003f10000a6cdc700000000100225abeb0000000182c65301e8001ea2f3c40f17206a001500690d0018000e05ef00f0011503c800450106b50006b600034233ff1800184300000f000003f10000a6cdc700000000100225abac0000000182c652dad8001ea2e2940f1726570013007b0f0011000e05ef00f0011503c800450106b50004b6000342340b1800114300000f000003f10000a6cdc700000000100225ab7c0000000182c652b3c8001ea2e2940f1739bd001200c20e0016000e05ef00f0011503c800450106b50006b600034234101800164300000f000003f10000a6cdc700000000100225ab410000000182c6528cb8001ea2dd3d0f1743f6001200660d0010000e05ef00f0011503c800450106b50006b600034233c81800104300000f000003f10000a6cdc700000000100225ab1b0000000182c65265a8001ea2b4e00f174e0e001a006c0e0031000e05ef00f0011504c800450106b50005b600034233fc1800314300000f000003f10000a6cdc700000000100225aaaf0000000182c6523e98001ea283440f175d8c002700690e0026000e05ef00f0011504c800450106b50005b600034233fa1800264300000f000003f10000a6cdc700000000100225aa280000000182c6521788001ea264570f1767a3002600a00e0014000e05ef00f0011504c800450106b50006b600034234051800144300000f000003f10000a6cdc700000000100225a9d20000000182c651f078011ea26d210f178459002500c50c0024af0f06ef00f0011505c8004501af0006b50005b600034233571800244300000f000003f10000a6cdc700000000100225a97a0000000182c651e8a8001ea270310f178bc5002600c60d0028000e05ef00f0011505c800450106b50005b600034233611800284300000f000003f10000a6cdc700000000100225a9630000000182c651c198001ea27a8b0f17a52a002600c90d000c000e05ef00f0011505c800450106b50006b6000342336018000c4300000f000003f10000a6cdc700000000100225a9160000000182c6519a88001ea27b210f17a8ae002600680d0000000e05ef00f0011505c800450106b50005b600034233091800004300000f000003f10000a6cdc700000000100225a909001100004738
INFO:root:gps_data,imei=860147042636678 raw_data="00000000000004de081100000182c662b570001ea335b80f16d879002500000c0000000e05ef00f0001504c800450106b50005b600034232bc1800004300000f000003f10000a6cdc700000000100225ad040000000182c653c538001ea329590f16de6600170101040000000e05ef00f0011504c800450106b5000fb6000e4233d01800004300000f000003f10000a6cdc700000000100225ace90000000182c6539e28001ea32e5c0f16e039001800e50e000d000e05ef00f0011504c800450106b50004b600034233dc18000d4300000f000003f10000a6cdc700000000100225acde0000000182c6537718001ea329270f16ef64001c00700e0020000e05ef00f0011504c800450106b50004b600034233ee1800204300000f000003f10000a6cdc700000000100225aca40000000182c6535008001ea301e50f16fb0c001d006d0f001d000e05ef00f0011503c800450106b50004b6000342341518001d4300000f000003f10000a6cdc700000000100225ac3a0000000182c65328f8001ea2fa260f170f08001800c70f001b000e05ef00f0011503c800450106b50005b6000342341218001b4300000f000003f10000a6cdc700000000100225abeb0000000182c65301e8001ea2f3c40f17206a001500690d0018000e05ef00f0011503c800450106b50006b600034233ff1800184300000f000003f10000a6cdc700000000100225abac0000000182c652dad8001ea2e2940f1726570013007b0f0011000e05ef00f0011503c800450106b50004b6000342340b1800114300000f000003f10000a6cdc700000000100225ab7c0000000182c652b3c8001ea2e2940f1739bd001200c20e0016000e05ef00f0011503c800450106b50006b600034234101800164300000f000003f10000a6cdc700000000100225ab410000000182c6528cb8001ea2dd3d0f1743f6001200660d0010000e05ef00f0011503c800450106b50006b600034233c81800104300000f000003f10000a6cdc700000000100225ab1b0000000182c65265a8001ea2b4e00f174e0e001a006c0e0031000e05ef00f0011504c800450106b50005b600034233fc1800314300000f000003f10000a6cdc700000000100225aaaf0000000182c6523e98001ea283440f175d8c002700690e0026000e05ef00f0011504c800450106b50005b600034233fa1800264300000f000003f10000a6cdc700000000100225aa280000000182c6521788001ea264570f1767a3002600a00e0014000e05ef00f0011504c800450106b50006b600034234051800144300000f000003f10000a6cdc700000000100225a9d20000000182c651f078011ea26d210f178459002500c50c0024af0f06ef00f0011505c8004501af0006b50005b600034233571800244300000f000003f10000a6cdc700000000100225a97a0000000182c651e8a8001ea270310f178bc5002600c60d0028000e05ef00f0011505c800450106b50005b600034233611800284300000f000003f10000a6cdc700000000100225a9630000000182c651c198001ea27a8b0f17a52a002600c90d000c000e05ef00f0011505c800450106b50006b6000342336018000c4300000f000003f10000a6cdc700000000100225a9160000000182c6519a88001ea27b210f17a8ae002600680d0000000e05ef00f0011505c800450106b50005b600034233091800004300000f000003f10000a6cdc700000000100225a909001100004738"1661185813969604376
INFO:root:Lock acquired by860147042636678
>>> Request: 'POST http://172.21.0.3:8086/api/v2/write?org=qeeri&bucket=gps&precision=ns'
DEBUG:influxdb_client.client.http:>>> Request: 'POST http://172.21.0.3:8086/api/v2/write?org=qeeri&bucket=gps&precision=ns'
>>> Content-Encoding: identity
DEBUG:influxdb_client.client.http:>>> Content-Encoding: identity
>>> Content-Type: text/plain
DEBUG:influxdb_client.client.http:>>> Content-Type: text/plain
>>> Accept: application/json
DEBUG:influxdb_client.client.http:>>> Accept: application/json
>>> Authorization: ***
DEBUG:influxdb_client.client.http:>>> Authorization: ***
>>> User-Agent: influxdb-client-python/1.31.0
DEBUG:influxdb_client.client.http:>>> User-Agent: influxdb-client-python/1.31.0
>>> Body: b'gps_data,imei=860147042636678 raw_data="00000000000004de081100000182c662b570001ea335b80f16d879002500000c0000000e05ef00f0001504c800450106b50005b600034232bc1800004300000f000003f10000a6cdc700000000100225ad040000000182c653c538001ea329590f16de6600170101040000000e05ef00f0011504c800450106b5000fb6000e4233d01800004300000f000003f10000a6cdc700000000100225ace90000000182c6539e28001ea32e5c0f16e039001800e50e000d000e05ef00f0011504c800450106b50004b600034233dc18000d4300000f000003f10000a6cdc700000000100225acde0000000182c6537718001ea329270f16ef64001c00700e0020000e05ef00f0011504c800450106b50004b600034233ee1800204300000f000003f10000a6cdc700000000100225aca40000000182c6535008001ea301e50f16fb0c001d006d0f001d000e05ef00f0011503c800450106b50004b6000342341518001d4300000f000003f10000a6cdc700000000100225ac3a0000000182c65328f8001ea2fa260f170f08001800c70f001b000e05ef00f0011503c800450106b50005b6000342341218001b4300000f000003f10000a6cdc700000000100225abeb0000000182c65301e8001ea2f3c40f17206a001500690d0018000e05ef00f0011503c800450106b50006b600034233ff1800184300000f000003f10000a6cdc700000000100225abac0000000182c652dad8001ea2e2940f1726570013007b0f0011000e05ef00f0011503c800450106b50004b6000342340b1800114300000f000003f10000a6cdc700000000100225ab7c0000000182c652b3c8001ea2e2940f1739bd001200c20e0016000e05ef00f0011503c800450106b50006b600034234101800164300000f000003f10000a6cdc700000000100225ab410000000182c6528cb8001ea2dd3d0f1743f6001200660d0010000e05ef00f0011503c800450106b50006b600034233c81800104300000f000003f10000a6cdc700000000100225ab1b0000000182c65265a8001ea2b4e00f174e0e001a006c0e0031000e05ef00f0011504c800450106b50005b600034233fc1800314300000f000003f10000a6cdc700000000100225aaaf0000000182c6523e98001ea283440f175d8c002700690e0026000e05ef00f0011504c800450106b50005b600034233fa1800264300000f000003f10000a6cdc700000000100225aa280000000182c6521788001ea264570f1767a3002600a00e0014000e05ef00f0011504c800450106b50006b600034234051800144300000f000003f10000a6cdc700000000100225a9d20000000182c651f078011ea26d210f178459002500c50c0024af0f06ef00f0011505c8004501af0006b50005b600034233571800244300000f000003f10000a6cdc700000000100225a97a0000000182c651e8a8001ea270310f178bc5002600c60d0028000e05ef00f0011505c800450106b50005b600034233611800284300000f000003f10000a6cdc700000000100225a9630000000182c651c198001ea27a8b0f17a52a002600c90d000c000e05ef00f0011505c800450106b50006b6000342336018000c4300000f000003f10000a6cdc700000000100225a9160000000182c6519a88001ea27b210f17a8ae002600680d0000000e05ef00f0011505c800450106b50005b600034233091800004300000f000003f10000a6cdc700000000100225a909001100004738"1661185813969604376'
DEBUG:influxdb_client.client.http:>>> Body: b'gps_data,imei=860147042636678 raw_data="00000000000004de081100000182c662b570001ea335b80f16d879002500000c0000000e05ef00f0001504c800450106b50005b600034232bc1800004300000f000003f10000a6cdc700000000100225ad040000000182c653c538001ea329590f16de6600170101040000000e05ef00f0011504c800450106b5000fb6000e4233d01800004300000f000003f10000a6cdc700000000100225ace90000000182c6539e28001ea32e5c0f16e039001800e50e000d000e05ef00f0011504c800450106b50004b600034233dc18000d4300000f000003f10000a6cdc700000000100225acde0000000182c6537718001ea329270f16ef64001c00700e0020000e05ef00f0011504c800450106b50004b600034233ee1800204300000f000003f10000a6cdc700000000100225aca40000000182c6535008001ea301e50f16fb0c001d006d0f001d000e05ef00f0011503c800450106b50004b6000342341518001d4300000f000003f10000a6cdc700000000100225ac3a0000000182c65328f8001ea2fa260f170f08001800c70f001b000e05ef00f0011503c800450106b50005b6000342341218001b4300000f000003f10000a6cdc700000000100225abeb0000000182c65301e8001ea2f3c40f17206a001500690d0018000e05ef00f0011503c800450106b50006b600034233ff1800184300000f000003f10000a6cdc700000000100225abac0000000182c652dad8001ea2e2940f1726570013007b0f0011000e05ef00f0011503c800450106b50004b6000342340b1800114300000f000003f10000a6cdc700000000100225ab7c0000000182c652b3c8001ea2e2940f1739bd001200c20e0016000e05ef00f0011503c800450106b50006b600034234101800164300000f000003f10000a6cdc700000000100225ab410000000182c6528cb8001ea2dd3d0f1743f6001200660d0010000e05ef00f0011503c800450106b50006b600034233c81800104300000f000003f10000a6cdc700000000100225ab1b0000000182c65265a8001ea2b4e00f174e0e001a006c0e0031000e05ef00f0011504c800450106b50005b600034233fc1800314300000f000003f10000a6cdc700000000100225aaaf0000000182c6523e98001ea283440f175d8c002700690e0026000e05ef00f0011504c800450106b50005b600034233fa1800264300000f000003f10000a6cdc700000000100225aa280000000182c6521788001ea264570f1767a3002600a00e0014000e05ef00f0011504c800450106b50006b600034234051800144300000f000003f10000a6cdc700000000100225a9d20000000182c651f078011ea26d210f178459002500c50c0024af0f06ef00f0011505c8004501af0006b50005b600034233571800244300000f000003f10000a6cdc700000000100225a97a0000000182c651e8a8001ea270310f178bc5002600c60d0028000e05ef00f0011505c800450106b50005b600034233611800284300000f000003f10000a6cdc700000000100225a9630000000182c651c198001ea27a8b0f17a52a002600c90d000c000e05ef00f0011505c800450106b50006b6000342336018000c4300000f000003f10000a6cdc700000000100225a9160000000182c6519a88001ea27b210f17a8ae002600680d0000000e05ef00f0011505c800450106b50005b600034233091800004300000f000003f10000a6cdc700000000100225a909001100004738"1661185813969604376'
DEBUG:urllib3.util.retry:Converted retries value: False -> Retry(total=False, connect=None, read=None, redirect=0, status=None)
DEBUG:urllib3.connectionpool:Starting new HTTP connection (4): 172.21.0.3:8086
INFO:root:Lock released by860147042636678
hello
INFO:root:[ACTIVE CONNECTIONS] 2
INFO:root:2022-08-22 16:30:15.598851
INFO:root:the length of handshake message is 17
this is the imei  860147042636561
hello
INFO:root:length of packet 1257
INFO:root:00000000000004dc081100000182c663bf10001ea61ff10f194560000d00b60c0000000e05ef01f0011505c800450106b5000ab600074232851800004310010f03e803f10000a6cec700000052100000b14d0000000182c6639800001ea61ff10f194560000d00b60c0000000e05ef01f0011505c800450106b5000ab600074232881800004310010f03e803f10000a6cec700000052100000b14d0000000182c66370f0001ea61ff10f194560000d00b60c0000000e05ef01f0011505c800450106b5000ab600074232911800004310000f03e803f10000a6cec700000052100000b14d0000000182c66349e0001ea620010f194570000c00b60c0000000e05ef01f0011505c800450106b5000ab600074232911800004310020f03e803f10000a6cec700000052100000b14d0000000182c66345f8001ea61ff10f1944fc000d00b60c0006000e05ef01f0011505c800450106b5000ab600074232a41800064310040f03e803f10000a6cec700000052100000b14d0000000182c66322d0001ea620550f1942f7001000090c0000000e05ef01f0011505c800450106b5000ab600074232701800004310000f03e803f10000a6cec70000004b100000b1460000000182c662fbc0001ea620550f1942f7001000090c0000000e05ef01f0011505c800450106b5000ab6000742327d1800004310010f03e803f10000a6cec70000004b100000b1460000000182c662d4b0001ea620550f1942f7001000090c0000000e05ef01f0011505c800450106b5000ab600074232851800004310010f03e803f10000a6cec70000004b100000b1460000000182c662ada0001ea620550f1942f7001000090c0000000e05ef01f0011505c800450106b5000ab6000742327f180000430ffe0f03e803f10000a6cec70000004b100000b1460000000182c6628690001ea620230f1942b4001000540c0000000e05ef01f0011505c800450106b5000ab6000742328a1800004310010f03e803f10000a6cec70000004b100000b1460000000182c6627ad8001ea61f4a0f1942720017008d0c0006000e05ef01f0011505c800450106b5000ab6000742329e1800064310050f03e803f10000a6cec700000048100000b1430000000182c6627308001ea61f4a0f194272001700000c0000000e05ef01f0011505c800450106b5000ab600074232a71800004310080f03e803f10000a6cec700000044100000b13f0000000182c6624bf8001ea61f4a0f194272001700000c0000000e05ef01f0011505c800450106b5000ab600074232ac1800004310080f03e803f10000a6cec700000044100000b13f0000000182c66224e8001ea61f4a0f194272001700000d0000000e05ef01f0011505c800450106b5000ab600074232ab1800004310080f03e803f10000a6cec700000044100000b13f0000000182c661fdd8001ea61f4a0f19422f001800060d0000000e05ef01f0011505c800450106b5000ab600074232a81800004310080f03e803f10000a6cec700000044100000b13f0000000182c661d6c8001ea61f6c0f193fe8001b00e40c0000000e05ef01f0011505c800450106b5000ab6000742329e1800004310080f03e803f10000a6cec700000044100000b13f0000000182c65fb3e8001ea61f8d0f19422f001700000a0000000e05ef01f0011505c800450106b5000cb600084232881800004310080f03e803f10000a6cec700000029100000b1240011000042de
INFO:root:gps_data,imei=350424067190346 raw_data="00000000000004dc081100000182c663bf10001ea61ff10f194560000d00b60c0000000e05ef01f0011505c800450106b5000ab600074232851800004310010f03e803f10000a6cec700000052100000b14d0000000182c6639800001ea61ff10f194560000d00b60c0000000e05ef01f0011505c800450106b5000ab600074232881800004310010f03e803f10000a6cec700000052100000b14d0000000182c66370f0001ea61ff10f194560000d00b60c0000000e05ef01f0011505c800450106b5000ab600074232911800004310000f03e803f10000a6cec700000052100000b14d0000000182c66349e0001ea620010f194570000c00b60c0000000e05ef01f0011505c800450106b5000ab600074232911800004310020f03e803f10000a6cec700000052100000b14d0000000182c66345f8001ea61ff10f1944fc000d00b60c0006000e05ef01f0011505c800450106b5000ab600074232a41800064310040f03e803f10000a6cec700000052100000b14d0000000182c66322d0001ea620550f1942f7001000090c0000000e05ef01f0011505c800450106b5000ab600074232701800004310000f03e803f10000a6cec70000004b100000b1460000000182c662fbc0001ea620550f1942f7001000090c0000000e05ef01f0011505c800450106b5000ab6000742327d1800004310010f03e803f10000a6cec70000004b100000b1460000000182c662d4b0001ea620550f1942f7001000090c0000000e05ef01f0011505c800450106b5000ab600074232851800004310010f03e803f10000a6cec70000004b100000b1460000000182c662ada0001ea620550f1942f7001000090c0000000e05ef01f0011505c800450106b5000ab6000742327f180000430ffe0f03e803f10000a6cec70000004b100000b1460000000182c6628690001ea620230f1942b4001000540c0000000e05ef01f0011505c800450106b5000ab6000742328a1800004310010f03e803f10000a6cec70000004b100000b1460000000182c6627ad8001ea61f4a0f1942720017008d0c0006000e05ef01f0011505c800450106b5000ab6000742329e1800064310050f03e803f10000a6cec700000048100000b1430000000182c6627308001ea61f4a0f194272001700000c0000000e05ef01f0011505c800450106b5000ab600074232a71800004310080f03e803f10000a6cec700000044100000b13f0000000182c6624bf8001ea61f4a0f194272001700000c0000000e05ef01f0011505c800450106b5000ab600074232ac1800004310080f03e803f10000a6cec700000044100000b13f0000000182c66224e8001ea61f4a0f194272001700000d0000000e05ef01f0011505c800450106b5000ab600074232ab1800004310080f03e803f10000a6cec700000044100000b13f0000000182c661fdd8001ea61f4a0f19422f001800060d0000000e05ef01f0011505c800450106b5000ab600074232a81800004310080f03e803f10000a6cec700000044100000b13f0000000182c661d6c8001ea61f6c0f193fe8001b00e40c0000000e05ef01f0011505c800450106b5000ab6000742329e1800004310080f03e803f10000a6cec700000044100000b13f0000000182c65fb3e8001ea61f8d0f19422f001700000a0000000e05ef01f0011505c800450106b5000cb600084232881800004310080f03e803f10000a6cec700000029100000b1240011000042de"1661185816259806636
INFO:root:Lock acquired by350424067190346
>>> Request: 'POST http://172.21.0.3:8086/api/v2/write?org=qeeri&bucket=gps&precision=ns'
DEBUG:influxdb_client.client.http:>>> Request: 'POST http://172.21.0.3:8086/api/v2/write?org=qeeri&bucket=gps&precision=ns'
>>> Content-Encoding: identity
DEBUG:influxdb_client.client.http:>>> Content-Encoding: identity
>>> Content-Type: text/plain
DEBUG:influxdb_client.client.http:>>> Content-Type: text/plain
>>> Accept: application/json
DEBUG:influxdb_client.client.http:>>> Accept: application/json
>>> Authorization: ***
DEBUG:influxdb_client.client.http:>>> Authorization: ***
>>> User-Agent: influxdb-client-python/1.31.0
DEBUG:influxdb_client.client.http:>>> User-Agent: influxdb-client-python/1.31.0
>>> Body: b'gps_data,imei=350424067190346 raw_data="00000000000004dc081100000182c663bf10001ea61ff10f194560000d00b60c0000000e05ef01f0011505c800450106b5000ab600074232851800004310010f03e803f10000a6cec700000052100000b14d0000000182c6639800001ea61ff10f194560000d00b60c0000000e05ef01f0011505c800450106b5000ab600074232881800004310010f03e803f10000a6cec700000052100000b14d0000000182c66370f0001ea61ff10f194560000d00b60c0000000e05ef01f0011505c800450106b5000ab600074232911800004310000f03e803f10000a6cec700000052100000b14d0000000182c66349e0001ea620010f194570000c00b60c0000000e05ef01f0011505c800450106b5000ab600074232911800004310020f03e803f10000a6cec700000052100000b14d0000000182c66345f8001ea61ff10f1944fc000d00b60c0006000e05ef01f0011505c800450106b5000ab600074232a41800064310040f03e803f10000a6cec700000052100000b14d0000000182c66322d0001ea620550f1942f7001000090c0000000e05ef01f0011505c800450106b5000ab600074232701800004310000f03e803f10000a6cec70000004b100000b1460000000182c662fbc0001ea620550f1942f7001000090c0000000e05ef01f0011505c800450106b5000ab6000742327d1800004310010f03e803f10000a6cec70000004b100000b1460000000182c662d4b0001ea620550f1942f7001000090c0000000e05ef01f0011505c800450106b5000ab600074232851800004310010f03e803f10000a6cec70000004b100000b1460000000182c662ada0001ea620550f1942f7001000090c0000000e05ef01f0011505c800450106b5000ab6000742327f180000430ffe0f03e803f10000a6cec70000004b100000b1460000000182c6628690001ea620230f1942b4001000540c0000000e05ef01f0011505c800450106b5000ab6000742328a1800004310010f03e803f10000a6cec70000004b100000b1460000000182c6627ad8001ea61f4a0f1942720017008d0c0006000e05ef01f0011505c800450106b5000ab6000742329e1800064310050f03e803f10000a6cec700000048100000b1430000000182c6627308001ea61f4a0f194272001700000c0000000e05ef01f0011505c800450106b5000ab600074232a71800004310080f03e803f10000a6cec700000044100000b13f0000000182c6624bf8001ea61f4a0f194272001700000c0000000e05ef01f0011505c800450106b5000ab600074232ac1800004310080f03e803f10000a6cec700000044100000b13f0000000182c66224e8001ea61f4a0f194272001700000d0000000e05ef01f0011505c800450106b5000ab600074232ab1800004310080f03e803f10000a6cec700000044100000b13f0000000182c661fdd8001ea61f4a0f19422f001800060d0000000e05ef01f0011505c800450106b5000ab600074232a81800004310080f03e803f10000a6cec700000044100000b13f0000000182c661d6c8001ea61f6c0f193fe8001b00e40c0000000e05ef01f0011505c800450106b5000ab6000742329e1800004310080f03e803f10000a6cec700000044100000b13f0000000182c65fb3e8001ea61f8d0f19422f001700000a0000000e05ef01f0011505c800450106b5000cb600084232881800004310080f03e803f10000a6cec700000029100000b1240011000042de"1661185816259806636'
DEBUG:influxdb_client.client.http:>>> Body: b'gps_data,imei=350424067190346 raw_data="00000000000004dc081100000182c663bf10001ea61ff10f194560000d00b60c0000000e05ef01f0011505c800450106b5000ab600074232851800004310010f03e803f10000a6cec700000052100000b14d0000000182c6639800001ea61ff10f194560000d00b60c0000000e05ef01f0011505c800450106b5000ab600074232881800004310010f03e803f10000a6cec700000052100000b14d0000000182c66370f0001ea61ff10f194560000d00b60c0000000e05ef01f0011505c800450106b5000ab600074232911800004310000f03e803f10000a6cec700000052100000b14d0000000182c66349e0001ea620010f194570000c00b60c0000000e05ef01f0011505c800450106b5000ab600074232911800004310020f03e803f10000a6cec700000052100000b14d0000000182c66345f8001ea61ff10f1944fc000d00b60c0006000e05ef01f0011505c800450106b5000ab600074232a41800064310040f03e803f10000a6cec700000052100000b14d0000000182c66322d0001ea620550f1942f7001000090c0000000e05ef01f0011505c800450106b5000ab600074232701800004310000f03e803f10000a6cec70000004b100000b1460000000182c662fbc0001ea620550f1942f7001000090c0000000e05ef01f0011505c800450106b5000ab6000742327d1800004310010f03e803f10000a6cec70000004b100000b1460000000182c662d4b0001ea620550f1942f7001000090c0000000e05ef01f0011505c800450106b5000ab600074232851800004310010f03e803f10000a6cec70000004b100000b1460000000182c662ada0001ea620550f1942f7001000090c0000000e05ef01f0011505c800450106b5000ab6000742327f180000430ffe0f03e803f10000a6cec70000004b100000b1460000000182c6628690001ea620230f1942b4001000540c0000000e05ef01f0011505c800450106b5000ab6000742328a1800004310010f03e803f10000a6cec70000004b100000b1460000000182c6627ad8001ea61f4a0f1942720017008d0c0006000e05ef01f0011505c800450106b5000ab6000742329e1800064310050f03e803f10000a6cec700000048100000b1430000000182c6627308001ea61f4a0f194272001700000c0000000e05ef01f0011505c800450106b5000ab600074232a71800004310080f03e803f10000a6cec700000044100000b13f0000000182c6624bf8001ea61f4a0f194272001700000c0000000e05ef01f0011505c800450106b5000ab600074232ac1800004310080f03e803f10000a6cec700000044100000b13f0000000182c66224e8001ea61f4a0f194272001700000d0000000e05ef01f0011505c800450106b5000ab600074232ab1800004310080f03e803f10000a6cec700000044100000b13f0000000182c661fdd8001ea61f4a0f19422f001800060d0000000e05ef01f0011505c800450106b5000ab600074232a81800004310080f03e803f10000a6cec700000044100000b13f0000000182c661d6c8001ea61f6c0f193fe8001b00e40c0000000e05ef01f0011505c800450106b5000ab6000742329e1800004310080f03e803f10000a6cec700000044100000b13f0000000182c65fb3e8001ea61f8d0f19422f001700000a0000000e05ef01f0011505c800450106b5000cb600084232881800004310080f03e803f10000a6cec700000029100000b1240011000042de"1661185816259806636'
DEBUG:urllib3.util.retry:Converted retries value: False -> Retry(total=False, connect=None, read=None, redirect=0, status=None)
DEBUG:urllib3.connectionpool:Starting new HTTP connection (5): 172.21.0.3:8086
DEBUG:urllib3.connectionpool:http://172.21.0.3:8086 "POST /api/v2/write?org=qeeri&bucket=gps&precision=ns HTTP/1.1" 204 0
<<< Response: 204
DEBUG:influxdb_client.client.http:<<< Response: 204
<<< Date: Mon, 22 Aug 2022 16:30:16 GMT
DEBUG:influxdb_client.client.http:<<< Date: Mon, 22 Aug 2022 16:30:16 GMT
<<< Body: 
DEBUG:influxdb_client.client.http:<<< Body: 
INFO:root:Lock released by350424067190346
INFO:root:length of packet 91
INFO:root:000000000000004e080100000182c6629248011ea4de220f188bf5001c00000b0000f60f06ef00f0001503c8004501f60106b50005b6000342315e1800004300000f000003f10000a6cdc70000000010012de8d100010000ead9
INFO:root:gps_data,imei=860147042636561 raw_data="000000000000004e080100000182c6629248011ea4de220f188bf5001c00000b0000f60f06ef00f0001503c8004501f60106b50005b6000342315e1800004300000f000003f10000a6cdc70000000010012de8d100010000ead9"1661185816873477578
INFO:root:Lock acquired by860147042636561
>>> Request: 'POST http://172.21.0.3:8086/api/v2/write?org=qeeri&bucket=gps&precision=ns'
DEBUG:influxdb_client.client.http:>>> Request: 'POST http://172.21.0.3:8086/api/v2/write?org=qeeri&bucket=gps&precision=ns'
>>> Content-Encoding: identity
DEBUG:influxdb_client.client.http:>>> Content-Encoding: identity
>>> Content-Type: text/plain
DEBUG:influxdb_client.client.http:>>> Content-Type: text/plain
>>> Accept: application/json
DEBUG:influxdb_client.client.http:>>> Accept: application/json
>>> Authorization: ***
DEBUG:influxdb_client.client.http:>>> Authorization: ***
>>> User-Agent: influxdb-client-python/1.31.0
DEBUG:influxdb_client.client.http:>>> User-Agent: influxdb-client-python/1.31.0
>>> Body: b'gps_data,imei=860147042636561 raw_data="000000000000004e080100000182c6629248011ea4de220f188bf5001c00000b0000f60f06ef00f0001503c8004501f60106b50005b6000342315e1800004300000f000003f10000a6cdc70000000010012de8d100010000ead9"1661185816873477578'
DEBUG:influxdb_client.client.http:>>> Body: b'gps_data,imei=860147042636561 raw_data="000000000000004e080100000182c6629248011ea4de220f188bf5001c00000b0000f60f06ef00f0001503c8004501f60106b50005b6000342315e1800004300000f000003f10000a6cdc70000000010012de8d100010000ead9"1661185816873477578'
DEBUG:urllib3.util.retry:Converted retries value: False -> Retry(total=False, connect=None, read=None, redirect=0, status=None)
DEBUG:urllib3.connectionpool:http://172.21.0.3:8086 "POST /api/v2/write?org=qeeri&bucket=gps&precision=ns HTTP/1.1" 204 0
<<< Response: 204
DEBUG:influxdb_client.client.http:<<< Response: 204
<<< Date: Mon, 22 Aug 2022 16:30:16 GMT
DEBUG:influxdb_client.client.http:<<< Date: Mon, 22 Aug 2022 16:30:16 GMT
<<< Body: 
DEBUG:influxdb_client.client.http:<<< Body: 
INFO:root:Lock released by860147042636561
hello
INFO:root:[ACTIVE CONNECTIONS] 1
INFO:root:2022-08-22 16:30:17.589545
INFO:root:the length of handshake message is 17
this is the influx_ip 172.21.0.2
INFO:root:2VF9BBu-AfoqmeGUVC_i1GmDztToXkYlOWt0w-5eFkhb5G5PDxwnRy5YMoxxLZ_iaiwQNe96gMqM5loD84x-Vw==
INFO:root:8001
the allowed values are {'350424067190262', '867553051164564', '357073294926817', '354018114813516', '867553051164580', '867553051163608', '350424067194330', '350424067192656', '350424067147940', '350424067175784', '350424067148096', '350424067185080', '350424067190346', '350424067196517', '350424067175867', '860147042630861', '354018114881133', '860147042636678', '860147042626836', '350424067196657', '357073294046731', '860147042636561', '860147042635654', '350424067175941', '350424067190536', '867553051180552', '350424067179497', '867060033461050', '860147042649242', '357073294881632', '867553051198273', '350424067184992', '860147042626570', '860147042630903', '867060038752941'}
INFO:root: Server is listening ...
INFO:root:2022-08-22 16:30:37.474011
hello
INFO:root:[ACTIVE CONNECTIONS] 1
INFO:root:the length of handshake message is 17
INFO:root:2022-08-22 16:30:38.287152
this is the imei  860147042626836
hello
hello
INFO:root:[ACTIVE CONNECTIONS] 2
INFO:root:2022-08-22 16:30:39.286182
hello
INFO:root:[ACTIVE CONNECTIONS] 3
INFO:root:2022-08-22 16:30:39.339379
INFO:root:the length of handshake message is 17
this is the imei  860147042649242
hello
INFO:root:the length of handshake message is 17
this is the imei  860147042635654
hello
INFO:root:length of packet 1257
INFO:root:00000000000004dc081100000182c6643ff8001ea7e3920f19c2d4001601180c001a000e05ef00f0011503c800450106b50008b6000442360318001a4300000f000003f10000a6cdc700000000100124280d0000000182c66418e8001ea7fb020f19bf1e001301170e001a000e05ef00f0011503c800450106b50006b600034235f318001a4300000f000003f10000a6cdc70000000010012427d00000000182c663f1d8001ea819ac0f19ba0a0012011b0b0013000e05ef00f0011503c800450106b50008b600044235e31800134300000f000003f10000a6cdc700000000100124277f0000000182c629cb20001ea86c490f1979e900090099090000000e05ef00f0011505c800450106b50006b600054233211800004300000f000003f10000a6cdc70000000010012425670000000182c629a410001ea86c490f1979e9000900990a0000000e05ef00f0011504c800450106b50006b600044233141800004300000f000003f10000a6cdc70000000010012425670000000182c6297d00001ea86c490f1979e900090099090000000e05ef00f0011504c800450106b50006b600044233141800004300000f000003f10000a6cdc70000000010012425670000000182c62955f0001ea86c490f1979e900090099090000000e05ef00f0011504c800450106b50006b600044232e41800004300000f000003f10000a6cdc70000000010012425670000000182c6292ee0001ea86c490f1979e9000900990a0000000e05ef00f0011505c800450106b50006b6000442333d1800004300000f000003f10000a6cdc70000000010012425670000000182c62907d0001ea86c490f1979e9000900990a0000000e05ef00f0011505c800450106b50006b600044233141800004300000f000003f10000a6cdc70000000010012425670000000182c628e0c0001ea86c490f1979e9000900990a0000000e05ef00f0011505c800450106b50006b6000442336c1800004300000f000003f10000a6cdc70000000010012425670000000182c628b9b0001ea86c490f1979e9000900990a0000000e05ef00f0011505c800450106b50006b600044233671800004300000f000003f10000a6cdc70000000010012425670000000182c62892a0001ea86c490f1979e9000900990a0000000e05ef00f0011505c800450106b50006b600044233681800004300000f000003f10000a6cdc70000000010012425670000000182c6286b90001ea86c490f1979e9000900990a0000000e05ef00f0011505c800450106b50006b600044233c31800004300000f000003f10000a6cdc70000000010012425670000000182c6284480001ea86c490f1979e9000900990b0000000e05ef00f0011503c800450106b50006b600044233d31800004300000f000003f10000a6cdc70000000010012425670000000182c6281d70001ea86c490f1979e9000900990b0000000e05ef00f0011503c800450106b50006b600044236441800004300000f000003f10000a6cdc70000000010012425670000000182c627f660001ea86c490f197a6f000900990a0000000e05ef00f0011503c800450106b50006b6000442342c1800004300000f000003f10000a6cdc70000000010012425670000000182c627cf50001ea86c6b0f1980c0000b00c00b000e000e05ef00f0011503c800450106b50009b600044234ff18000e4300000f000003f10000a6cdc7000000001001242559001100000997
INFO:root:gps_data,imei=860147042626836 raw_data="00000000000004dc081100000182c6643ff8001ea7e3920f19c2d4001601180c001a000e05ef00f0011503c800450106b50008b6000442360318001a4300000f000003f10000a6cdc700000000100124280d0000000182c66418e8001ea7fb020f19bf1e001301170e001a000e05ef00f0011503c800450106b50006b600034235f318001a4300000f000003f10000a6cdc70000000010012427d00000000182c663f1d8001ea819ac0f19ba0a0012011b0b0013000e05ef00f0011503c800450106b50008b600044235e31800134300000f000003f10000a6cdc700000000100124277f0000000182c629cb20001ea86c490f1979e900090099090000000e05ef00f0011505c800450106b50006b600054233211800004300000f000003f10000a6cdc70000000010012425670000000182c629a410001ea86c490f1979e9000900990a0000000e05ef00f0011504c800450106b50006b600044233141800004300000f000003f10000a6cdc70000000010012425670000000182c6297d00001ea86c490f1979e900090099090000000e05ef00f0011504c800450106b50006b600044233141800004300000f000003f10000a6cdc70000000010012425670000000182c62955f0001ea86c490f1979e900090099090000000e05ef00f0011504c800450106b50006b600044232e41800004300000f000003f10000a6cdc70000000010012425670000000182c6292ee0001ea86c490f1979e9000900990a0000000e05ef00f0011505c800450106b50006b6000442333d1800004300000f000003f10000a6cdc70000000010012425670000000182c62907d0001ea86c490f1979e9000900990a0000000e05ef00f0011505c800450106b50006b600044233141800004300000f000003f10000a6cdc70000000010012425670000000182c628e0c0001ea86c490f1979e9000900990a0000000e05ef00f0011505c800450106b50006b6000442336c1800004300000f000003f10000a6cdc70000000010012425670000000182c628b9b0001ea86c490f1979e9000900990a0000000e05ef00f0011505c800450106b50006b600044233671800004300000f000003f10000a6cdc70000000010012425670000000182c62892a0001ea86c490f1979e9000900990a0000000e05ef00f0011505c800450106b50006b600044233681800004300000f000003f10000a6cdc70000000010012425670000000182c6286b90001ea86c490f1979e9000900990a0000000e05ef00f0011505c800450106b50006b600044233c31800004300000f000003f10000a6cdc70000000010012425670000000182c6284480001ea86c490f1979e9000900990b0000000e05ef00f0011503c800450106b50006b600044233d31800004300000f000003f10000a6cdc70000000010012425670000000182c6281d70001ea86c490f1979e9000900990b0000000e05ef00f0011503c800450106b50006b600044236441800004300000f000003f10000a6cdc70000000010012425670000000182c627f660001ea86c490f197a6f000900990a0000000e05ef00f0011503c800450106b50006b6000442342c1800004300000f000003f10000a6cdc70000000010012425670000000182c627cf50001ea86c6b0f1980c0000b00c00b000e000e05ef00f0011503c800450106b50009b600044234ff18000e4300000f000003f10000a6cdc7000000001001242559001100000997"1661185839745252909
INFO:root:Lock acquired by860147042626836
>>> Request: 'POST http://172.21.0.2:8086/api/v2/write?org=qeeri&bucket=gps&precision=ns'
DEBUG:influxdb_client.client.http:>>> Request: 'POST http://172.21.0.2:8086/api/v2/write?org=qeeri&bucket=gps&precision=ns'
>>> Content-Encoding: identity
DEBUG:influxdb_client.client.http:>>> Content-Encoding: identity
>>> Content-Type: text/plain
DEBUG:influxdb_client.client.http:>>> Content-Type: text/plain
>>> Accept: application/json
DEBUG:influxdb_client.client.http:>>> Accept: application/json
>>> Authorization: ***
DEBUG:influxdb_client.client.http:>>> Authorization: ***
>>> User-Agent: influxdb-client-python/1.31.0
DEBUG:influxdb_client.client.http:>>> User-Agent: influxdb-client-python/1.31.0
>>> Body: b'gps_data,imei=860147042626836 raw_data="00000000000004dc081100000182c6643ff8001ea7e3920f19c2d4001601180c001a000e05ef00f0011503c800450106b50008b6000442360318001a4300000f000003f10000a6cdc700000000100124280d0000000182c66418e8001ea7fb020f19bf1e001301170e001a000e05ef00f0011503c800450106b50006b600034235f318001a4300000f000003f10000a6cdc70000000010012427d00000000182c663f1d8001ea819ac0f19ba0a0012011b0b0013000e05ef00f0011503c800450106b50008b600044235e31800134300000f000003f10000a6cdc700000000100124277f0000000182c629cb20001ea86c490f1979e900090099090000000e05ef00f0011505c800450106b50006b600054233211800004300000f000003f10000a6cdc70000000010012425670000000182c629a410001ea86c490f1979e9000900990a0000000e05ef00f0011504c800450106b50006b600044233141800004300000f000003f10000a6cdc70000000010012425670000000182c6297d00001ea86c490f1979e900090099090000000e05ef00f0011504c800450106b50006b600044233141800004300000f000003f10000a6cdc70000000010012425670000000182c62955f0001ea86c490f1979e900090099090000000e05ef00f0011504c800450106b50006b600044232e41800004300000f000003f10000a6cdc70000000010012425670000000182c6292ee0001ea86c490f1979e9000900990a0000000e05ef00f0011505c800450106b50006b6000442333d1800004300000f000003f10000a6cdc70000000010012425670000000182c62907d0001ea86c490f1979e9000900990a0000000e05ef00f0011505c800450106b50006b600044233141800004300000f000003f10000a6cdc70000000010012425670000000182c628e0c0001ea86c490f1979e9000900990a0000000e05ef00f0011505c800450106b50006b6000442336c1800004300000f000003f10000a6cdc70000000010012425670000000182c628b9b0001ea86c490f1979e9000900990a0000000e05ef00f0011505c800450106b50006b600044233671800004300000f000003f10000a6cdc70000000010012425670000000182c62892a0001ea86c490f1979e9000900990a0000000e05ef00f0011505c800450106b50006b600044233681800004300000f000003f10000a6cdc70000000010012425670000000182c6286b90001ea86c490f1979e9000900990a0000000e05ef00f0011505c800450106b50006b600044233c31800004300000f000003f10000a6cdc70000000010012425670000000182c6284480001ea86c490f1979e9000900990b0000000e05ef00f0011503c800450106b50006b600044233d31800004300000f000003f10000a6cdc70000000010012425670000000182c6281d70001ea86c490f1979e9000900990b0000000e05ef00f0011503c800450106b50006b600044236441800004300000f000003f10000a6cdc70000000010012425670000000182c627f660001ea86c490f197a6f000900990a0000000e05ef00f0011503c800450106b50006b6000442342c1800004300000f000003f10000a6cdc70000000010012425670000000182c627cf50001ea86c6b0f1980c0000b00c00b000e000e05ef00f0011503c800450106b50009b600044234ff18000e4300000f000003f10000a6cdc7000000001001242559001100000997"1661185839745252909'
DEBUG:influxdb_client.client.http:>>> Body: b'gps_data,imei=860147042626836 raw_data="00000000000004dc081100000182c6643ff8001ea7e3920f19c2d4001601180c001a000e05ef00f0011503c800450106b50008b6000442360318001a4300000f000003f10000a6cdc700000000100124280d0000000182c66418e8001ea7fb020f19bf1e001301170e001a000e05ef00f0011503c800450106b50006b600034235f318001a4300000f000003f10000a6cdc70000000010012427d00000000182c663f1d8001ea819ac0f19ba0a0012011b0b0013000e05ef00f0011503c800450106b50008b600044235e31800134300000f000003f10000a6cdc700000000100124277f0000000182c629cb20001ea86c490f1979e900090099090000000e05ef00f0011505c800450106b50006b600054233211800004300000f000003f10000a6cdc70000000010012425670000000182c629a410001ea86c490f1979e9000900990a0000000e05ef00f0011504c800450106b50006b600044233141800004300000f000003f10000a6cdc70000000010012425670000000182c6297d00001ea86c490f1979e900090099090000000e05ef00f0011504c800450106b50006b600044233141800004300000f000003f10000a6cdc70000000010012425670000000182c62955f0001ea86c490f1979e900090099090000000e05ef00f0011504c800450106b50006b600044232e41800004300000f000003f10000a6cdc70000000010012425670000000182c6292ee0001ea86c490f1979e9000900990a0000000e05ef00f0011505c800450106b50006b6000442333d1800004300000f000003f10000a6cdc70000000010012425670000000182c62907d0001ea86c490f1979e9000900990a0000000e05ef00f0011505c800450106b50006b600044233141800004300000f000003f10000a6cdc70000000010012425670000000182c628e0c0001ea86c490f1979e9000900990a0000000e05ef00f0011505c800450106b50006b6000442336c1800004300000f000003f10000a6cdc70000000010012425670000000182c628b9b0001ea86c490f1979e9000900990a0000000e05ef00f0011505c800450106b50006b600044233671800004300000f000003f10000a6cdc70000000010012425670000000182c62892a0001ea86c490f1979e9000900990a0000000e05ef00f0011505c800450106b50006b600044233681800004300000f000003f10000a6cdc70000000010012425670000000182c6286b90001ea86c490f1979e9000900990a0000000e05ef00f0011505c800450106b50006b600044233c31800004300000f000003f10000a6cdc70000000010012425670000000182c6284480001ea86c490f1979e9000900990b0000000e05ef00f0011503c800450106b50006b600044233d31800004300000f000003f10000a6cdc70000000010012425670000000182c6281d70001ea86c490f1979e9000900990b0000000e05ef00f0011503c800450106b50006b600044236441800004300000f000003f10000a6cdc70000000010012425670000000182c627f660001ea86c490f197a6f000900990a0000000e05ef00f0011503c800450106b50006b6000442342c1800004300000f000003f10000a6cdc70000000010012425670000000182c627cf50001ea86c6b0f1980c0000b00c00b000e000e05ef00f0011503c800450106b50009b600044234ff18000e4300000f000003f10000a6cdc7000000001001242559001100000997"1661185839745252909'
DEBUG:urllib3.util.retry:Converted retries value: False -> Retry(total=False, connect=None, read=None, redirect=0, status=None)
DEBUG:urllib3.connectionpool:Starting new HTTP connection (1): 172.21.0.2:8086
INFO:root:Lock released by860147042626836
hello
INFO:root:[ACTIVE CONNECTIONS] 3
INFO:root:2022-08-22 16:30:40.737903
INFO:root:the length of handshake message is 17
this is the imei  860147042636678
hello
INFO:root:length of packet 1267
INFO:root:00000000000004e6081100000182c617aa80001ea56fa40f185fd1000e01530c0000000e05ef00f0001505c800450106b50005b600034232e91800004300000f000003f10000a6cdc700000000100110e4e20000000182c614eb60001ea56fa40f185fd1000e01530b0000000e05ef00f0001505c800450106b50005b600044232e61800004300000f000003f10000a6cdc700000000100110e4e20000000182c6122c40001ea56fa40f185fd1000e01530c0000000e05ef00f0001505c800450106b50005b600034232e91800004300000f000003f10000a6cdc700000000100110e4e20000000182c60f6d20011ea56cd70f1862bf000e006f0c0000f60f06ef00f0001505c8004501f60106b50005b600034232e81800004300000f000003f10000a6cdc700000000100110e4e20000000182c60f2ab8001ea56cd70f1862bf000e006f0d0000000e05ef00f0001505c800450106b50005b600034232e91800004300000f000003f10000a6cdc700000000100110e4e20000000182c60c6b98001ea56cd70f1862bf000e006f0b0000000e05ef00f0001505c800450106b50006b600044232e91800004300000f000003f10000a6cdc700000000100110e4e20000000182c609ac78011ea56cd70f1862bf000e006f0c0000f60f06ef00f0001505c8004501f60106b50005b6000442330f1800004300000f000003f10000a6cdc700000000100110e4e20000000182c6093b30001ea56cd70f1862bf000e006f0c0000000e05ef00f0001505c800450106b50005b600044233121800004300000f000003f10000a6cdc700000000100110e4e20000000182c6067c10001ea56cd70f1862bf000e006f0c0000000e05ef00f0001505c800450106b50005b600034232e91800004300000f000003f10000a6cdc700000000100110e4e20000000182c603bcf0011ea56cd70f1862bf000e006f0d0000f60f06ef00f0001505c8004501f60106b50005b6000342331c1800004300000f000003f10000a6cdc700000000100110e4e20000000182c6038a28001ea56cd70f1862bf000e006f0c0000000e05ef00f0001505c800450106b50005b600034233121800004300000f000003f10000a6cdc700000000100110e4e20000000182c600cb08001ea56cd70f1862bf000e006f0a0000000e05ef00f0001505c800450106b50006b600044232fd1800004300000f000003f10000a6cdc700000000100110e4e20000000182c5fe0be8011ea56cd70f1862bf000e006f0a0000f60f06ef00f0001505c8004501f60106b50006b600044233121800004300000f000003f10000a6cdc700000000100110e4e20000000182c5fddd08001ea56cd70f1862bf000e006f0b0000000e05ef00f0001505c800450106b50006b600044232ea1800004300000f000003f10000a6cdc700000000100110e4e20000000182c5fb1de8001ea56cd70f1862bf000e006f0d0000000e05ef00f0001505c800450106b50005b600034232e91800004300000f000003f10000a6cdc700000000100110e4e20000000182c5f85ed2011ea56ac20f185ff2001500c30b0000f60f06ef00f0001505c8004501f60106b50006b600044233131800004300000f000003f10000a6cdc700000000100110e4e20000000182c5f85ec8001ea56ac20f185ff2001500c30a0000000e05ef00f0001505c800450106b50006b600044233131800004300000f000003f10000a6cdc700000000100110e4e20011000071cf
INFO:root:gps_data,imei=860147042649242 raw_data="00000000000004e6081100000182c617aa80001ea56fa40f185fd1000e01530c0000000e05ef00f0001505c800450106b50005b600034232e91800004300000f000003f10000a6cdc700000000100110e4e20000000182c614eb60001ea56fa40f185fd1000e01530b0000000e05ef00f0001505c800450106b50005b600044232e61800004300000f000003f10000a6cdc700000000100110e4e20000000182c6122c40001ea56fa40f185fd1000e01530c0000000e05ef00f0001505c800450106b50005b600034232e91800004300000f000003f10000a6cdc700000000100110e4e20000000182c60f6d20011ea56cd70f1862bf000e006f0c0000f60f06ef00f0001505c8004501f60106b50005b600034232e81800004300000f000003f10000a6cdc700000000100110e4e20000000182c60f2ab8001ea56cd70f1862bf000e006f0d0000000e05ef00f0001505c800450106b50005b600034232e91800004300000f000003f10000a6cdc700000000100110e4e20000000182c60c6b98001ea56cd70f1862bf000e006f0b0000000e05ef00f0001505c800450106b50006b600044232e91800004300000f000003f10000a6cdc700000000100110e4e20000000182c609ac78011ea56cd70f1862bf000e006f0c0000f60f06ef00f0001505c8004501f60106b50005b6000442330f1800004300000f000003f10000a6cdc700000000100110e4e20000000182c6093b30001ea56cd70f1862bf000e006f0c0000000e05ef00f0001505c800450106b50005b600044233121800004300000f000003f10000a6cdc700000000100110e4e20000000182c6067c10001ea56cd70f1862bf000e006f0c0000000e05ef00f0001505c800450106b50005b600034232e91800004300000f000003f10000a6cdc700000000100110e4e20000000182c603bcf0011ea56cd70f1862bf000e006f0d0000f60f06ef00f0001505c8004501f60106b50005b6000342331c1800004300000f000003f10000a6cdc700000000100110e4e20000000182c6038a28001ea56cd70f1862bf000e006f0c0000000e05ef00f0001505c800450106b50005b600034233121800004300000f000003f10000a6cdc700000000100110e4e20000000182c600cb08001ea56cd70f1862bf000e006f0a0000000e05ef00f0001505c800450106b50006b600044232fd1800004300000f000003f10000a6cdc700000000100110e4e20000000182c5fe0be8011ea56cd70f1862bf000e006f0a0000f60f06ef00f0001505c8004501f60106b50006b600044233121800004300000f000003f10000a6cdc700000000100110e4e20000000182c5fddd08001ea56cd70f1862bf000e006f0b0000000e05ef00f0001505c800450106b50006b600044232ea1800004300000f000003f10000a6cdc700000000100110e4e20000000182c5fb1de8001ea56cd70f1862bf000e006f0d0000000e05ef00f0001505c800450106b50005b600034232e91800004300000f000003f10000a6cdc700000000100110e4e20000000182c5f85ed2011ea56ac20f185ff2001500c30b0000f60f06ef00f0001505c8004501f60106b50006b600044233131800004300000f000003f10000a6cdc700000000100110e4e20000000182c5f85ec8001ea56ac20f185ff2001500c30a0000000e05ef00f0001505c800450106b50006b600044233131800004300000f000003f10000a6cdc700000000100110e4e20011000071cf"1661185841010161652
INFO:root:Lock acquired by860147042649242
>>> Request: 'POST http://172.21.0.2:8086/api/v2/write?org=qeeri&bucket=gps&precision=ns'
DEBUG:influxdb_client.client.http:>>> Request: 'POST http://172.21.0.2:8086/api/v2/write?org=qeeri&bucket=gps&precision=ns'
>>> Content-Encoding: identity
DEBUG:influxdb_client.client.http:>>> Content-Encoding: identity
>>> Content-Type: text/plain
DEBUG:influxdb_client.client.http:>>> Content-Type: text/plain
>>> Accept: application/json
DEBUG:influxdb_client.client.http:>>> Accept: application/json
>>> Authorization: ***
DEBUG:influxdb_client.client.http:>>> Authorization: ***
>>> User-Agent: influxdb-client-python/1.31.0
DEBUG:influxdb_client.client.http:>>> User-Agent: influxdb-client-python/1.31.0
>>> Body: b'gps_data,imei=860147042649242 raw_data="00000000000004e6081100000182c617aa80001ea56fa40f185fd1000e01530c0000000e05ef00f0001505c800450106b50005b600034232e91800004300000f000003f10000a6cdc700000000100110e4e20000000182c614eb60001ea56fa40f185fd1000e01530b0000000e05ef00f0001505c800450106b50005b600044232e61800004300000f000003f10000a6cdc700000000100110e4e20000000182c6122c40001ea56fa40f185fd1000e01530c0000000e05ef00f0001505c800450106b50005b600034232e91800004300000f000003f10000a6cdc700000000100110e4e20000000182c60f6d20011ea56cd70f1862bf000e006f0c0000f60f06ef00f0001505c8004501f60106b50005b600034232e81800004300000f000003f10000a6cdc700000000100110e4e20000000182c60f2ab8001ea56cd70f1862bf000e006f0d0000000e05ef00f0001505c800450106b50005b600034232e91800004300000f000003f10000a6cdc700000000100110e4e20000000182c60c6b98001ea56cd70f1862bf000e006f0b0000000e05ef00f0001505c800450106b50006b600044232e91800004300000f000003f10000a6cdc700000000100110e4e20000000182c609ac78011ea56cd70f1862bf000e006f0c0000f60f06ef00f0001505c8004501f60106b50005b6000442330f1800004300000f000003f10000a6cdc700000000100110e4e20000000182c6093b30001ea56cd70f1862bf000e006f0c0000000e05ef00f0001505c800450106b50005b600044233121800004300000f000003f10000a6cdc700000000100110e4e20000000182c6067c10001ea56cd70f1862bf000e006f0c0000000e05ef00f0001505c800450106b50005b600034232e91800004300000f000003f10000a6cdc700000000100110e4e20000000182c603bcf0011ea56cd70f1862bf000e006f0d0000f60f06ef00f0001505c8004501f60106b50005b6000342331c1800004300000f000003f10000a6cdc700000000100110e4e20000000182c6038a28001ea56cd70f1862bf000e006f0c0000000e05ef00f0001505c800450106b50005b600034233121800004300000f000003f10000a6cdc700000000100110e4e20000000182c600cb08001ea56cd70f1862bf000e006f0a0000000e05ef00f0001505c800450106b50006b600044232fd1800004300000f000003f10000a6cdc700000000100110e4e20000000182c5fe0be8011ea56cd70f1862bf000e006f0a0000f60f06ef00f0001505c8004501f60106b50006b600044233121800004300000f000003f10000a6cdc700000000100110e4e20000000182c5fddd08001ea56cd70f1862bf000e006f0b0000000e05ef00f0001505c800450106b50006b600044232ea1800004300000f000003f10000a6cdc700000000100110e4e20000000182c5fb1de8001ea56cd70f1862bf000e006f0d0000000e05ef00f0001505c800450106b50005b600034232e91800004300000f000003f10000a6cdc700000000100110e4e20000000182c5f85ed2011ea56ac20f185ff2001500c30b0000f60f06ef00f0001505c8004501f60106b50006b600044233131800004300000f000003f10000a6cdc700000000100110e4e20000000182c5f85ec8001ea56ac20f185ff2001500c30a0000000e05ef00f0001505c800450106b50006b600044233131800004300000f000003f10000a6cdc700000000100110e4e20011000071cf"1661185841010161652'
DEBUG:influxdb_client.client.http:>>> Body: b'gps_data,imei=860147042649242 raw_data="00000000000004e6081100000182c617aa80001ea56fa40f185fd1000e01530c0000000e05ef00f0001505c800450106b50005b600034232e91800004300000f000003f10000a6cdc700000000100110e4e20000000182c614eb60001ea56fa40f185fd1000e01530b0000000e05ef00f0001505c800450106b50005b600044232e61800004300000f000003f10000a6cdc700000000100110e4e20000000182c6122c40001ea56fa40f185fd1000e01530c0000000e05ef00f0001505c800450106b50005b600034232e91800004300000f000003f10000a6cdc700000000100110e4e20000000182c60f6d20011ea56cd70f1862bf000e006f0c0000f60f06ef00f0001505c8004501f60106b50005b600034232e81800004300000f000003f10000a6cdc700000000100110e4e20000000182c60f2ab8001ea56cd70f1862bf000e006f0d0000000e05ef00f0001505c800450106b50005b600034232e91800004300000f000003f10000a6cdc700000000100110e4e20000000182c60c6b98001ea56cd70f1862bf000e006f0b0000000e05ef00f0001505c800450106b50006b600044232e91800004300000f000003f10000a6cdc700000000100110e4e20000000182c609ac78011ea56cd70f1862bf000e006f0c0000f60f06ef00f0001505c8004501f60106b50005b6000442330f1800004300000f000003f10000a6cdc700000000100110e4e20000000182c6093b30001ea56cd70f1862bf000e006f0c0000000e05ef00f0001505c800450106b50005b600044233121800004300000f000003f10000a6cdc700000000100110e4e20000000182c6067c10001ea56cd70f1862bf000e006f0c0000000e05ef00f0001505c800450106b50005b600034232e91800004300000f000003f10000a6cdc700000000100110e4e20000000182c603bcf0011ea56cd70f1862bf000e006f0d0000f60f06ef00f0001505c8004501f60106b50005b6000342331c1800004300000f000003f10000a6cdc700000000100110e4e20000000182c6038a28001ea56cd70f1862bf000e006f0c0000000e05ef00f0001505c800450106b50005b600034233121800004300000f000003f10000a6cdc700000000100110e4e20000000182c600cb08001ea56cd70f1862bf000e006f0a0000000e05ef00f0001505c800450106b50006b600044232fd1800004300000f000003f10000a6cdc700000000100110e4e20000000182c5fe0be8011ea56cd70f1862bf000e006f0a0000f60f06ef00f0001505c8004501f60106b50006b600044233121800004300000f000003f10000a6cdc700000000100110e4e20000000182c5fddd08001ea56cd70f1862bf000e006f0b0000000e05ef00f0001505c800450106b50006b600044232ea1800004300000f000003f10000a6cdc700000000100110e4e20000000182c5fb1de8001ea56cd70f1862bf000e006f0d0000000e05ef00f0001505c800450106b50005b600034232e91800004300000f000003f10000a6cdc700000000100110e4e20000000182c5f85ed2011ea56ac20f185ff2001500c30b0000f60f06ef00f0001505c8004501f60106b50006b600044233131800004300000f000003f10000a6cdc700000000100110e4e20000000182c5f85ec8001ea56ac20f185ff2001500c30a0000000e05ef00f0001505c800450106b50006b600044233131800004300000f000003f10000a6cdc700000000100110e4e20011000071cf"1661185841010161652'
DEBUG:urllib3.util.retry:Converted retries value: False -> Retry(total=False, connect=None, read=None, redirect=0, status=None)
DEBUG:urllib3.connectionpool:Starting new HTTP connection (2): 172.21.0.2:8086
INFO:root:Lock released by860147042649242
INFO:root:length of packet 1265
INFO:root:00000000000004e4081100000182c661e668001ec2970d0f005297fff500000a0000000e05ef00f0001505c800450106b50006b600044231b71800004300000f000003f10000a6cdc70000000010015088860000000182c652bb98001ec293cc0f0052a700000000000000000e05ef00f0011504c800450106b50000b6000042347a1800004300000f000003f10000a6cdc70000000010015088390000000182c6529492001ec288ec0f0055a600060000000000f00e05ef00f0011504c800450106b50000b6000042316d1800004300000f000003f10000a6cdc70000000010015088390000000182c6529488001ec288ec0f0055a600060000000000000e05ef00f0001504c800450106b50000b6000042316e1800004300000f000003f10000a6cdc70000000010015088390000000182c6500448001ec288ec0f0055a600040000040000000e05ef00f0001504c800450106b50013b600124231b71800004300000f000003f10000a6cdc70000000010015088390000000182c64d4528011ec28d9c0f00574700060037040000f60f06ef00f0001504c8004501f60106b5000eb6000d4231b71800004300000f000003f10000a6cdc70000000010015088310000000182c64c1c48001ec28d9c0f005747000d0037050000000e05ef00f0001504c800450106b5000eb6000d4231b71800004300000f000003f10000a6cdc70000000010015088310000000182c6495d28001ec28d9c0f005747000f0037040000000e05ef00f0001504c800450106b5001ab6001a4231b71800004300000f000003f10000a6cdc70000000010015088310000000182c6469e08011ec28bb90f0053d3000a0138060000f60f06ef00f0001504c8004501f60106b50008b600074231b71800004300000f000003f10000a6cdc70000000010015088310000000182c64624f0001ec28bb90f0053d300100138060000000e05ef00f0001504c800450106b50008b600074231b71800004300000f000003f10000a6cdc70000000010015088310000000182c64365d0001ec28bb90f0053d3000b0138000000000e05ef00f0001504c800450106b50008b600084231b71800004300000f000003f10000a6cdc70000000010015088310000000182c640a6b0011ec28bfb0f0060d900060000060000f60f06ef00f0001504c8004501f60106b50007b600064231b71800004300000f000003f10000a6cdc70000000010015088310000000182c63fc420001ec28bfb0f0060d900040000060000000e05ef00f0001504c800450106b50008b600064231b71800004300000f000003f10000a6cdc70000000010015088310000000182c63d0500001ec28bfb0f0060d900000000030000000e05ef00f0001504c800450206b5001db6001c4231b71800004300000f000003f10000a6cdc70000000010015088310000000182c63a45e0011ec289820f005459000e0000040000f60f06ef00f0001504c8004501f60106b5000cb6000b4231b71800004300000f000003f10000a6cdc70000000010015088310000000182c63928b8001ec289820f005459000f0000040000000e05ef00f0001504c800450106b50016b600154231b71800004300000f000003f10000a6cdc70000000010015088310000000182c6366998001ec289820f005459000b0009040000f00e05ef00f0001504c800450106b5000eb6000d42318a1800004300000f000003f10000a6cdc7000000001001508831001100003493
INFO:root:gps_data,imei=860147042635654 raw_data="00000000000004e4081100000182c661e668001ec2970d0f005297fff500000a0000000e05ef00f0001505c800450106b50006b600044231b71800004300000f000003f10000a6cdc70000000010015088860000000182c652bb98001ec293cc0f0052a700000000000000000e05ef00f0011504c800450106b50000b6000042347a1800004300000f000003f10000a6cdc70000000010015088390000000182c6529492001ec288ec0f0055a600060000000000f00e05ef00f0011504c800450106b50000b6000042316d1800004300000f000003f10000a6cdc70000000010015088390000000182c6529488001ec288ec0f0055a600060000000000000e05ef00f0001504c800450106b50000b6000042316e1800004300000f000003f10000a6cdc70000000010015088390000000182c6500448001ec288ec0f0055a600040000040000000e05ef00f0001504c800450106b50013b600124231b71800004300000f000003f10000a6cdc70000000010015088390000000182c64d4528011ec28d9c0f00574700060037040000f60f06ef00f0001504c8004501f60106b5000eb6000d4231b71800004300000f000003f10000a6cdc70000000010015088310000000182c64c1c48001ec28d9c0f005747000d0037050000000e05ef00f0001504c800450106b5000eb6000d4231b71800004300000f000003f10000a6cdc70000000010015088310000000182c6495d28001ec28d9c0f005747000f0037040000000e05ef00f0001504c800450106b5001ab6001a4231b71800004300000f000003f10000a6cdc70000000010015088310000000182c6469e08011ec28bb90f0053d3000a0138060000f60f06ef00f0001504c8004501f60106b50008b600074231b71800004300000f000003f10000a6cdc70000000010015088310000000182c64624f0001ec28bb90f0053d300100138060000000e05ef00f0001504c800450106b50008b600074231b71800004300000f000003f10000a6cdc70000000010015088310000000182c64365d0001ec28bb90f0053d3000b0138000000000e05ef00f0001504c800450106b50008b600084231b71800004300000f000003f10000a6cdc70000000010015088310000000182c640a6b0011ec28bfb0f0060d900060000060000f60f06ef00f0001504c8004501f60106b50007b600064231b71800004300000f000003f10000a6cdc70000000010015088310000000182c63fc420001ec28bfb0f0060d900040000060000000e05ef00f0001504c800450106b50008b600064231b71800004300000f000003f10000a6cdc70000000010015088310000000182c63d0500001ec28bfb0f0060d900000000030000000e05ef00f0001504c800450206b5001db6001c4231b71800004300000f000003f10000a6cdc70000000010015088310000000182c63a45e0011ec289820f005459000e0000040000f60f06ef00f0001504c8004501f60106b5000cb6000b4231b71800004300000f000003f10000a6cdc70000000010015088310000000182c63928b8001ec289820f005459000f0000040000000e05ef00f0001504c800450106b50016b600154231b71800004300000f000003f10000a6cdc70000000010015088310000000182c6366998001ec289820f005459000b0009040000f00e05ef00f0001504c800450106b5000eb6000d42318a1800004300000f000003f10000a6cdc7000000001001508831001100003493"1661185841074976156
INFO:root:Lock acquired by860147042635654
>>> Request: 'POST http://172.21.0.2:8086/api/v2/write?org=qeeri&bucket=gps&precision=ns'
DEBUG:influxdb_client.client.http:>>> Request: 'POST http://172.21.0.2:8086/api/v2/write?org=qeeri&bucket=gps&precision=ns'
>>> Content-Encoding: identity
DEBUG:influxdb_client.client.http:>>> Content-Encoding: identity
>>> Content-Type: text/plain
DEBUG:influxdb_client.client.http:>>> Content-Type: text/plain
>>> Accept: application/json
DEBUG:influxdb_client.client.http:>>> Accept: application/json
>>> Authorization: ***
DEBUG:influxdb_client.client.http:>>> Authorization: ***
>>> User-Agent: influxdb-client-python/1.31.0
DEBUG:influxdb_client.client.http:>>> User-Agent: influxdb-client-python/1.31.0
>>> Body: b'gps_data,imei=860147042635654 raw_data="00000000000004e4081100000182c661e668001ec2970d0f005297fff500000a0000000e05ef00f0001505c800450106b50006b600044231b71800004300000f000003f10000a6cdc70000000010015088860000000182c652bb98001ec293cc0f0052a700000000000000000e05ef00f0011504c800450106b50000b6000042347a1800004300000f000003f10000a6cdc70000000010015088390000000182c6529492001ec288ec0f0055a600060000000000f00e05ef00f0011504c800450106b50000b6000042316d1800004300000f000003f10000a6cdc70000000010015088390000000182c6529488001ec288ec0f0055a600060000000000000e05ef00f0001504c800450106b50000b6000042316e1800004300000f000003f10000a6cdc70000000010015088390000000182c6500448001ec288ec0f0055a600040000040000000e05ef00f0001504c800450106b50013b600124231b71800004300000f000003f10000a6cdc70000000010015088390000000182c64d4528011ec28d9c0f00574700060037040000f60f06ef00f0001504c8004501f60106b5000eb6000d4231b71800004300000f000003f10000a6cdc70000000010015088310000000182c64c1c48001ec28d9c0f005747000d0037050000000e05ef00f0001504c800450106b5000eb6000d4231b71800004300000f000003f10000a6cdc70000000010015088310000000182c6495d28001ec28d9c0f005747000f0037040000000e05ef00f0001504c800450106b5001ab6001a4231b71800004300000f000003f10000a6cdc70000000010015088310000000182c6469e08011ec28bb90f0053d3000a0138060000f60f06ef00f0001504c8004501f60106b50008b600074231b71800004300000f000003f10000a6cdc70000000010015088310000000182c64624f0001ec28bb90f0053d300100138060000000e05ef00f0001504c800450106b50008b600074231b71800004300000f000003f10000a6cdc70000000010015088310000000182c64365d0001ec28bb90f0053d3000b0138000000000e05ef00f0001504c800450106b50008b600084231b71800004300000f000003f10000a6cdc70000000010015088310000000182c640a6b0011ec28bfb0f0060d900060000060000f60f06ef00f0001504c8004501f60106b50007b600064231b71800004300000f000003f10000a6cdc70000000010015088310000000182c63fc420001ec28bfb0f0060d900040000060000000e05ef00f0001504c800450106b50008b600064231b71800004300000f000003f10000a6cdc70000000010015088310000000182c63d0500001ec28bfb0f0060d900000000030000000e05ef00f0001504c800450206b5001db6001c4231b71800004300000f000003f10000a6cdc70000000010015088310000000182c63a45e0011ec289820f005459000e0000040000f60f06ef00f0001504c8004501f60106b5000cb6000b4231b71800004300000f000003f10000a6cdc70000000010015088310000000182c63928b8001ec289820f005459000f0000040000000e05ef00f0001504c800450106b50016b600154231b71800004300000f000003f10000a6cdc70000000010015088310000000182c6366998001ec289820f005459000b0009040000f00e05ef00f0001504c800450106b5000eb6000d42318a1800004300000f000003f10000a6cdc7000000001001508831001100003493"1661185841074976156'
DEBUG:influxdb_client.client.http:>>> Body: b'gps_data,imei=860147042635654 raw_data="00000000000004e4081100000182c661e668001ec2970d0f005297fff500000a0000000e05ef00f0001505c800450106b50006b600044231b71800004300000f000003f10000a6cdc70000000010015088860000000182c652bb98001ec293cc0f0052a700000000000000000e05ef00f0011504c800450106b50000b6000042347a1800004300000f000003f10000a6cdc70000000010015088390000000182c6529492001ec288ec0f0055a600060000000000f00e05ef00f0011504c800450106b50000b6000042316d1800004300000f000003f10000a6cdc70000000010015088390000000182c6529488001ec288ec0f0055a600060000000000000e05ef00f0001504c800450106b50000b6000042316e1800004300000f000003f10000a6cdc70000000010015088390000000182c6500448001ec288ec0f0055a600040000040000000e05ef00f0001504c800450106b50013b600124231b71800004300000f000003f10000a6cdc70000000010015088390000000182c64d4528011ec28d9c0f00574700060037040000f60f06ef00f0001504c8004501f60106b5000eb6000d4231b71800004300000f000003f10000a6cdc70000000010015088310000000182c64c1c48001ec28d9c0f005747000d0037050000000e05ef00f0001504c800450106b5000eb6000d4231b71800004300000f000003f10000a6cdc70000000010015088310000000182c6495d28001ec28d9c0f005747000f0037040000000e05ef00f0001504c800450106b5001ab6001a4231b71800004300000f000003f10000a6cdc70000000010015088310000000182c6469e08011ec28bb90f0053d3000a0138060000f60f06ef00f0001504c8004501f60106b50008b600074231b71800004300000f000003f10000a6cdc70000000010015088310000000182c64624f0001ec28bb90f0053d300100138060000000e05ef00f0001504c800450106b50008b600074231b71800004300000f000003f10000a6cdc70000000010015088310000000182c64365d0001ec28bb90f0053d3000b0138000000000e05ef00f0001504c800450106b50008b600084231b71800004300000f000003f10000a6cdc70000000010015088310000000182c640a6b0011ec28bfb0f0060d900060000060000f60f06ef00f0001504c8004501f60106b50007b600064231b71800004300000f000003f10000a6cdc70000000010015088310000000182c63fc420001ec28bfb0f0060d900040000060000000e05ef00f0001504c800450106b50008b600064231b71800004300000f000003f10000a6cdc70000000010015088310000000182c63d0500001ec28bfb0f0060d900000000030000000e05ef00f0001504c800450206b5001db6001c4231b71800004300000f000003f10000a6cdc70000000010015088310000000182c63a45e0011ec289820f005459000e0000040000f60f06ef00f0001504c8004501f60106b5000cb6000b4231b71800004300000f000003f10000a6cdc70000000010015088310000000182c63928b8001ec289820f005459000f0000040000000e05ef00f0001504c800450106b50016b600154231b71800004300000f000003f10000a6cdc70000000010015088310000000182c6366998001ec289820f005459000b0009040000f00e05ef00f0001504c800450106b5000eb6000d42318a1800004300000f000003f10000a6cdc7000000001001508831001100003493"1661185841074976156'
DEBUG:urllib3.util.retry:Converted retries value: False -> Retry(total=False, connect=None, read=None, redirect=0, status=None)
DEBUG:urllib3.connectionpool:Starting new HTTP connection (3): 172.21.0.2:8086
INFO:root:Lock released by860147042635654
hello
INFO:root:[ACTIVE CONNECTIONS] 2
INFO:root:2022-08-22 16:30:41.372622
INFO:root:the length of handshake message is 17
this is the imei  860147042626570
hello
INFO:root:length of packet 1257
INFO:root:00000000000004dc081100000182c6517378001ea273f80f17ab8b002800710d0008000e05ef00f0011505c800450106b50005b6000342330e1800084300000f000003f10000a6cdc700000000100225a8f90000000182c6514c68001ea271c10f17abce0022011b0d0000000e05ef00f0011505c800450106b50005b600034233401800004300000f000003f10000a6cdc700000000100225a8f90000000182c6512558001ea271c10f17abce0022011b0c0000f00e05ef00f0011505c800450106b50005b600034233511800004300000f000003f10000a6cdc700000000100225a8f90000000182c6512170001ea271c10f17abce0022011b0d0000000e05ef00f0001505c800450106b50004b600034233561800004300000f000003f10000a6cdc700000000100225a8f90000000182c64f1218001ea272680f17ac100022012d0c0000f00e05ef00f0001505c800450106b50005b6000342340c1800004300000f000003f10000a6cdc700000000100225a8f90000000182c64efaa8001ea272680f17ac100022012d0c0000000e05ef00f0011505c800450106b50005b600034234051800004300000f000003f10000a6cdc700000000100225a8f90000000182c64ed398001ea272680f17ac100022012d0c0000000e05ef00f0011505c800450106b50005b600034234071800004300000f000003f10000a6cdc700000000100225a8f90000000182c64eac88001ea272680f17ac100022012d0c0000000e05ef00f0011505c800450106b50005b600034234091800004300000f000003f10000a6cdc700000000100225a8f90000000182c64e8578001ea272dc0f17abce002101370c0000000e05ef00f0011505c800450106b50005b600034233cb1800004300000f000003f10000a6cdc700000000100225a8f90000000182c64e5e68001ea2793e0f17a986001f01330d0006000e05ef00f0011505c800450106b50005b600034233f21800064300000f000003f10000a6cdc700000000100225a8ea0000000182c64e3758001ea27dee0f17aa5f001f001e0e0000000e05ef00f0011505c800450106b50004b600034233f91800004300000f000003f10000a6cdc700000000100225a8de0000000182c64e1048001ea27d040f17a7a3001f007f0d0004000e05ef00f0011505c800450106b50005b600034233fc1800044300000f000003f10000a6cdc700000000100225a8d80000000182c64de938001ea2795f0f17a85a001d00620e0004000e05ef00f0011505c800450106b50005b600034233bf1800044300000f000003f10000a6cdc700000000100225a8cf0000000182c64dc228001ea272140f17aa4e001d011c0e0000000e05ef00f0011505c800450106b50005b600034233d11800004300000f000003f10000a6cdc700000000100225a8c00000000182c64d9b18001ea272890f17aa3e001d011c0d0008000e05ef00f0011505c800450106b50006b600034234011800084300000f000003f10000a6cdc700000000100225a8c00000000182c64d7408001ea27a8b0f17a8e0001c00ed0d0007000e05ef00f0011505c800450106b50006b600034234031800074300000f000003f10000a6cdc700000000100225a8aa0000000182c64d4cf8001ea280780f17b5b3001900c60e000c000e05ef00f0011505c800450106b50006b6000342342718000c4300000f000003f10000a6cdc700000000100225a885001100008f04
INFO:root:gps_data,imei=860147042636678 raw_data="00000000000004dc081100000182c6517378001ea273f80f17ab8b002800710d0008000e05ef00f0011505c800450106b50005b6000342330e1800084300000f000003f10000a6cdc700000000100225a8f90000000182c6514c68001ea271c10f17abce0022011b0d0000000e05ef00f0011505c800450106b50005b600034233401800004300000f000003f10000a6cdc700000000100225a8f90000000182c6512558001ea271c10f17abce0022011b0c0000f00e05ef00f0011505c800450106b50005b600034233511800004300000f000003f10000a6cdc700000000100225a8f90000000182c6512170001ea271c10f17abce0022011b0d0000000e05ef00f0001505c800450106b50004b600034233561800004300000f000003f10000a6cdc700000000100225a8f90000000182c64f1218001ea272680f17ac100022012d0c0000f00e05ef00f0001505c800450106b50005b6000342340c1800004300000f000003f10000a6cdc700000000100225a8f90000000182c64efaa8001ea272680f17ac100022012d0c0000000e05ef00f0011505c800450106b50005b600034234051800004300000f000003f10000a6cdc700000000100225a8f90000000182c64ed398001ea272680f17ac100022012d0c0000000e05ef00f0011505c800450106b50005b600034234071800004300000f000003f10000a6cdc700000000100225a8f90000000182c64eac88001ea272680f17ac100022012d0c0000000e05ef00f0011505c800450106b50005b600034234091800004300000f000003f10000a6cdc700000000100225a8f90000000182c64e8578001ea272dc0f17abce002101370c0000000e05ef00f0011505c800450106b50005b600034233cb1800004300000f000003f10000a6cdc700000000100225a8f90000000182c64e5e68001ea2793e0f17a986001f01330d0006000e05ef00f0011505c800450106b50005b600034233f21800064300000f000003f10000a6cdc700000000100225a8ea0000000182c64e3758001ea27dee0f17aa5f001f001e0e0000000e05ef00f0011505c800450106b50004b600034233f91800004300000f000003f10000a6cdc700000000100225a8de0000000182c64e1048001ea27d040f17a7a3001f007f0d0004000e05ef00f0011505c800450106b50005b600034233fc1800044300000f000003f10000a6cdc700000000100225a8d80000000182c64de938001ea2795f0f17a85a001d00620e0004000e05ef00f0011505c800450106b50005b600034233bf1800044300000f000003f10000a6cdc700000000100225a8cf0000000182c64dc228001ea272140f17aa4e001d011c0e0000000e05ef00f0011505c800450106b50005b600034233d11800004300000f000003f10000a6cdc700000000100225a8c00000000182c64d9b18001ea272890f17aa3e001d011c0d0008000e05ef00f0011505c800450106b50006b600034234011800084300000f000003f10000a6cdc700000000100225a8c00000000182c64d7408001ea27a8b0f17a8e0001c00ed0d0007000e05ef00f0011505c800450106b50006b600034234031800074300000f000003f10000a6cdc700000000100225a8aa0000000182c64d4cf8001ea280780f17b5b3001900c60e000c000e05ef00f0011505c800450106b50006b6000342342718000c4300000f000003f10000a6cdc700000000100225a885001100008f04"1661185842484819610
INFO:root:Lock acquired by860147042636678
>>> Request: 'POST http://172.21.0.2:8086/api/v2/write?org=qeeri&bucket=gps&precision=ns'
DEBUG:influxdb_client.client.http:>>> Request: 'POST http://172.21.0.2:8086/api/v2/write?org=qeeri&bucket=gps&precision=ns'
>>> Content-Encoding: identity
DEBUG:influxdb_client.client.http:>>> Content-Encoding: identity
>>> Content-Type: text/plain
DEBUG:influxdb_client.client.http:>>> Content-Type: text/plain
>>> Accept: application/json
DEBUG:influxdb_client.client.http:>>> Accept: application/json
>>> Authorization: ***
DEBUG:influxdb_client.client.http:>>> Authorization: ***
>>> User-Agent: influxdb-client-python/1.31.0
DEBUG:influxdb_client.client.http:>>> User-Agent: influxdb-client-python/1.31.0
>>> Body: b'gps_data,imei=860147042636678 raw_data="00000000000004dc081100000182c6517378001ea273f80f17ab8b002800710d0008000e05ef00f0011505c800450106b50005b6000342330e1800084300000f000003f10000a6cdc700000000100225a8f90000000182c6514c68001ea271c10f17abce0022011b0d0000000e05ef00f0011505c800450106b50005b600034233401800004300000f000003f10000a6cdc700000000100225a8f90000000182c6512558001ea271c10f17abce0022011b0c0000f00e05ef00f0011505c800450106b50005b600034233511800004300000f000003f10000a6cdc700000000100225a8f90000000182c6512170001ea271c10f17abce0022011b0d0000000e05ef00f0001505c800450106b50004b600034233561800004300000f000003f10000a6cdc700000000100225a8f90000000182c64f1218001ea272680f17ac100022012d0c0000f00e05ef00f0001505c800450106b50005b6000342340c1800004300000f000003f10000a6cdc700000000100225a8f90000000182c64efaa8001ea272680f17ac100022012d0c0000000e05ef00f0011505c800450106b50005b600034234051800004300000f000003f10000a6cdc700000000100225a8f90000000182c64ed398001ea272680f17ac100022012d0c0000000e05ef00f0011505c800450106b50005b600034234071800004300000f000003f10000a6cdc700000000100225a8f90000000182c64eac88001ea272680f17ac100022012d0c0000000e05ef00f0011505c800450106b50005b600034234091800004300000f000003f10000a6cdc700000000100225a8f90000000182c64e8578001ea272dc0f17abce002101370c0000000e05ef00f0011505c800450106b50005b600034233cb1800004300000f000003f10000a6cdc700000000100225a8f90000000182c64e5e68001ea2793e0f17a986001f01330d0006000e05ef00f0011505c800450106b50005b600034233f21800064300000f000003f10000a6cdc700000000100225a8ea0000000182c64e3758001ea27dee0f17aa5f001f001e0e0000000e05ef00f0011505c800450106b50004b600034233f91800004300000f000003f10000a6cdc700000000100225a8de0000000182c64e1048001ea27d040f17a7a3001f007f0d0004000e05ef00f0011505c800450106b50005b600034233fc1800044300000f000003f10000a6cdc700000000100225a8d80000000182c64de938001ea2795f0f17a85a001d00620e0004000e05ef00f0011505c800450106b50005b600034233bf1800044300000f000003f10000a6cdc700000000100225a8cf0000000182c64dc228001ea272140f17aa4e001d011c0e0000000e05ef00f0011505c800450106b50005b600034233d11800004300000f000003f10000a6cdc700000000100225a8c00000000182c64d9b18001ea272890f17aa3e001d011c0d0008000e05ef00f0011505c800450106b50006b600034234011800084300000f000003f10000a6cdc700000000100225a8c00000000182c64d7408001ea27a8b0f17a8e0001c00ed0d0007000e05ef00f0011505c800450106b50006b600034234031800074300000f000003f10000a6cdc700000000100225a8aa0000000182c64d4cf8001ea280780f17b5b3001900c60e000c000e05ef00f0011505c800450106b50006b6000342342718000c4300000f000003f10000a6cdc700000000100225a885001100008f04"1661185842484819610'
DEBUG:influxdb_client.client.http:>>> Body: b'gps_data,imei=860147042636678 raw_data="00000000000004dc081100000182c6517378001ea273f80f17ab8b002800710d0008000e05ef00f0011505c800450106b50005b6000342330e1800084300000f000003f10000a6cdc700000000100225a8f90000000182c6514c68001ea271c10f17abce0022011b0d0000000e05ef00f0011505c800450106b50005b600034233401800004300000f000003f10000a6cdc700000000100225a8f90000000182c6512558001ea271c10f17abce0022011b0c0000f00e05ef00f0011505c800450106b50005b600034233511800004300000f000003f10000a6cdc700000000100225a8f90000000182c6512170001ea271c10f17abce0022011b0d0000000e05ef00f0001505c800450106b50004b600034233561800004300000f000003f10000a6cdc700000000100225a8f90000000182c64f1218001ea272680f17ac100022012d0c0000f00e05ef00f0001505c800450106b50005b6000342340c1800004300000f000003f10000a6cdc700000000100225a8f90000000182c64efaa8001ea272680f17ac100022012d0c0000000e05ef00f0011505c800450106b50005b600034234051800004300000f000003f10000a6cdc700000000100225a8f90000000182c64ed398001ea272680f17ac100022012d0c0000000e05ef00f0011505c800450106b50005b600034234071800004300000f000003f10000a6cdc700000000100225a8f90000000182c64eac88001ea272680f17ac100022012d0c0000000e05ef00f0011505c800450106b50005b600034234091800004300000f000003f10000a6cdc700000000100225a8f90000000182c64e8578001ea272dc0f17abce002101370c0000000e05ef00f0011505c800450106b50005b600034233cb1800004300000f000003f10000a6cdc700000000100225a8f90000000182c64e5e68001ea2793e0f17a986001f01330d0006000e05ef00f0011505c800450106b50005b600034233f21800064300000f000003f10000a6cdc700000000100225a8ea0000000182c64e3758001ea27dee0f17aa5f001f001e0e0000000e05ef00f0011505c800450106b50004b600034233f91800004300000f000003f10000a6cdc700000000100225a8de0000000182c64e1048001ea27d040f17a7a3001f007f0d0004000e05ef00f0011505c800450106b50005b600034233fc1800044300000f000003f10000a6cdc700000000100225a8d80000000182c64de938001ea2795f0f17a85a001d00620e0004000e05ef00f0011505c800450106b50005b600034233bf1800044300000f000003f10000a6cdc700000000100225a8cf0000000182c64dc228001ea272140f17aa4e001d011c0e0000000e05ef00f0011505c800450106b50005b600034233d11800004300000f000003f10000a6cdc700000000100225a8c00000000182c64d9b18001ea272890f17aa3e001d011c0d0008000e05ef00f0011505c800450106b50006b600034234011800084300000f000003f10000a6cdc700000000100225a8c00000000182c64d7408001ea27a8b0f17a8e0001c00ed0d0007000e05ef00f0011505c800450106b50006b600034234031800074300000f000003f10000a6cdc700000000100225a8aa0000000182c64d4cf8001ea280780f17b5b3001900c60e000c000e05ef00f0011505c800450106b50006b6000342342718000c4300000f000003f10000a6cdc700000000100225a885001100008f04"1661185842484819610'
DEBUG:urllib3.util.retry:Converted retries value: False -> Retry(total=False, connect=None, read=None, redirect=0, status=None)
DEBUG:urllib3.connectionpool:Starting new HTTP connection (4): 172.21.0.2:8086
DEBUG:urllib3.connectionpool:http://172.21.0.2:8086 "POST /api/v2/write?org=qeeri&bucket=gps&precision=ns HTTP/1.1" 204 0
<<< Response: 204
DEBUG:influxdb_client.client.http:<<< Response: 204
<<< Date: Mon, 22 Aug 2022 16:30:42 GMT
DEBUG:influxdb_client.client.http:<<< Date: Mon, 22 Aug 2022 16:30:42 GMT
<<< Body: 
DEBUG:influxdb_client.client.http:<<< Body: 
INFO:root:Lock released by860147042636678
hello
INFO:root:the length of handshake message is 17
INFO:root:[ACTIVE CONNECTIONS] 2
this is the imei  350424067190346
hello
INFO:root:2022-08-22 16:30:43.786722
INFO:root:length of packet 1267
INFO:root:00000000000004e6081100000182c6619848001eb38a720f11f2c3002600000a0000000e05ef00f0001505c800450106b50004b600034233141800004300000f000003f10000a6cdc70000000010002fdc0e0000000182c65b2fa8001eb38a720f11f2c3002c00dd0a0000000e05ef00f0001505c800450106b50004b600034233311800004300000f000003f10000a6cdc70000000010002fdc0e0000000182c6587088011eb38a720f11f2c3002c00dd090000f60f06ef00f0001505c8004501f60106b50004b600034233401800004300000f000003f10000a6cdc70000000010002fdc0e0000000182c6581a98001eb38a720f11f2c3002c00dd0a0000000e05ef00f0001505c800450106b50004b6000342333d1800004300000f000003f10000a6cdc70000000010002fdc0e0000000182c6555b78001eb38a720f11f2c3002c00dd090000000e05ef00f0001505c800450106b50004b600034233361800004300000f000003f10000a6cdc70000000010002fdc0e0000000182c6529c58011eb38dc40f11f4fa002c00df0a0000f60f06ef00f0001505c8004501f60106b50004b6000342335e1800004300000f000003f10000a6cdc70000000010002fdc0e0000000182c6526990001eb38dc40f11f4fa002c00df090000000e05ef00f0001505c800450106b50004b600034233401800004300000f000003f10000a6cdc70000000010002fdc0e0000000182c64faa70001eb38dc40f11f4fa002b00df0a0000000e05ef00f0001505c800450106b50004b600034233401800004300000f000003f10000a6cdc70000000010002fdc0e0000000182c64ceb50011eb388f30f11f925002c0081090000f60f06ef00f0001505c8004501f60106b50005b600034233401800004300000f000003f10000a6cdc70000000010002fdc0e0000000182c64cbc70001eb388f30f11f925002c0081090000000e05ef00f0001505c800450106b50005b600034233401800004300000f000003f10000a6cdc70000000010002fdc0e0000000182c649fd50001eb388f30f11f925002600810a0000000e05ef00f0001505c800450106b50004b600034233401800004300000f000003f10000a6cdc70000000010002fdc0e0000000182c6473e30011eb386370f11f5e40026000b070000f60f06ef00f0001505c8004501f60106b50005b600044233401800004300000f000003f10000a6cdc70000000010002fdc0e0000000182c646fbc8001eb386370f11f5e40026000b090000000e05ef00f0001505c800450106b50004b600034233401800004300000f000003f10000a6cdc70000000010002fdc0e0000000182c6443ca8001eb386370f11f5e4002e000b090000000e05ef00f0001505c800450106b50005b6000442333d1800004300000f000003f10000a6cdc70000000010002fdc0e0000000182c6417d88011eb387420f11fc55002e00fd070000f60f06ef00f0001505c8004501f60106b50006b6000442333c1800004300000f000003f10000a6cdc70000000010002fdc0e0000000182c6414ea8001eb387420f11fc55002e00fd050000000e05ef00f0001505c800450106b50006b600054233401800004300000f000003f10000a6cdc70000000010002fdc0e0000000182c63e8f88001eb387420f11fc55002c00fd080000000e05ef00f0001505c800450106b50005b600044233401800004300000f000003f10000a6cdc70000000010002fdc0e001100007583
INFO:root:gps_data,imei=860147042626570 raw_data="00000000000004e6081100000182c6619848001eb38a720f11f2c3002600000a0000000e05ef00f0001505c800450106b50004b600034233141800004300000f000003f10000a6cdc70000000010002fdc0e0000000182c65b2fa8001eb38a720f11f2c3002c00dd0a0000000e05ef00f0001505c800450106b50004b600034233311800004300000f000003f10000a6cdc70000000010002fdc0e0000000182c6587088011eb38a720f11f2c3002c00dd090000f60f06ef00f0001505c8004501f60106b50004b600034233401800004300000f000003f10000a6cdc70000000010002fdc0e0000000182c6581a98001eb38a720f11f2c3002c00dd0a0000000e05ef00f0001505c800450106b50004b6000342333d1800004300000f000003f10000a6cdc70000000010002fdc0e0000000182c6555b78001eb38a720f11f2c3002c00dd090000000e05ef00f0001505c800450106b50004b600034233361800004300000f000003f10000a6cdc70000000010002fdc0e0000000182c6529c58011eb38dc40f11f4fa002c00df0a0000f60f06ef00f0001505c8004501f60106b50004b6000342335e1800004300000f000003f10000a6cdc70000000010002fdc0e0000000182c6526990001eb38dc40f11f4fa002c00df090000000e05ef00f0001505c800450106b50004b600034233401800004300000f000003f10000a6cdc70000000010002fdc0e0000000182c64faa70001eb38dc40f11f4fa002b00df0a0000000e05ef00f0001505c800450106b50004b600034233401800004300000f000003f10000a6cdc70000000010002fdc0e0000000182c64ceb50011eb388f30f11f925002c0081090000f60f06ef00f0001505c8004501f60106b50005b600034233401800004300000f000003f10000a6cdc70000000010002fdc0e0000000182c64cbc70001eb388f30f11f925002c0081090000000e05ef00f0001505c800450106b50005b600034233401800004300000f000003f10000a6cdc70000000010002fdc0e0000000182c649fd50001eb388f30f11f925002600810a0000000e05ef00f0001505c800450106b50004b600034233401800004300000f000003f10000a6cdc70000000010002fdc0e0000000182c6473e30011eb386370f11f5e40026000b070000f60f06ef00f0001505c8004501f60106b50005b600044233401800004300000f000003f10000a6cdc70000000010002fdc0e0000000182c646fbc8001eb386370f11f5e40026000b090000000e05ef00f0001505c800450106b50004b600034233401800004300000f000003f10000a6cdc70000000010002fdc0e0000000182c6443ca8001eb386370f11f5e4002e000b090000000e05ef00f0001505c800450106b50005b6000442333d1800004300000f000003f10000a6cdc70000000010002fdc0e0000000182c6417d88011eb387420f11fc55002e00fd070000f60f06ef00f0001505c8004501f60106b50006b6000442333c1800004300000f000003f10000a6cdc70000000010002fdc0e0000000182c6414ea8001eb387420f11fc55002e00fd050000000e05ef00f0001505c800450106b50006b600054233401800004300000f000003f10000a6cdc70000000010002fdc0e0000000182c63e8f88001eb387420f11fc55002c00fd080000000e05ef00f0001505c800450106b50005b600044233401800004300000f000003f10000a6cdc70000000010002fdc0e001100007583"1661185844009753090
INFO:root:Lock acquired by860147042626570
>>> Request: 'POST http://172.21.0.2:8086/api/v2/write?org=qeeri&bucket=gps&precision=ns'
DEBUG:influxdb_client.client.http:>>> Request: 'POST http://172.21.0.2:8086/api/v2/write?org=qeeri&bucket=gps&precision=ns'
>>> Content-Encoding: identity
DEBUG:influxdb_client.client.http:>>> Content-Encoding: identity
>>> Content-Type: text/plain
DEBUG:influxdb_client.client.http:>>> Content-Type: text/plain
>>> Accept: application/json
DEBUG:influxdb_client.client.http:>>> Accept: application/json
>>> Authorization: ***
DEBUG:influxdb_client.client.http:>>> Authorization: ***
>>> User-Agent: influxdb-client-python/1.31.0
DEBUG:influxdb_client.client.http:>>> User-Agent: influxdb-client-python/1.31.0
>>> Body: b'gps_data,imei=860147042626570 raw_data="00000000000004e6081100000182c6619848001eb38a720f11f2c3002600000a0000000e05ef00f0001505c800450106b50004b600034233141800004300000f000003f10000a6cdc70000000010002fdc0e0000000182c65b2fa8001eb38a720f11f2c3002c00dd0a0000000e05ef00f0001505c800450106b50004b600034233311800004300000f000003f10000a6cdc70000000010002fdc0e0000000182c6587088011eb38a720f11f2c3002c00dd090000f60f06ef00f0001505c8004501f60106b50004b600034233401800004300000f000003f10000a6cdc70000000010002fdc0e0000000182c6581a98001eb38a720f11f2c3002c00dd0a0000000e05ef00f0001505c800450106b50004b6000342333d1800004300000f000003f10000a6cdc70000000010002fdc0e0000000182c6555b78001eb38a720f11f2c3002c00dd090000000e05ef00f0001505c800450106b50004b600034233361800004300000f000003f10000a6cdc70000000010002fdc0e0000000182c6529c58011eb38dc40f11f4fa002c00df0a0000f60f06ef00f0001505c8004501f60106b50004b6000342335e1800004300000f000003f10000a6cdc70000000010002fdc0e0000000182c6526990001eb38dc40f11f4fa002c00df090000000e05ef00f0001505c800450106b50004b600034233401800004300000f000003f10000a6cdc70000000010002fdc0e0000000182c64faa70001eb38dc40f11f4fa002b00df0a0000000e05ef00f0001505c800450106b50004b600034233401800004300000f000003f10000a6cdc70000000010002fdc0e0000000182c64ceb50011eb388f30f11f925002c0081090000f60f06ef00f0001505c8004501f60106b50005b600034233401800004300000f000003f10000a6cdc70000000010002fdc0e0000000182c64cbc70001eb388f30f11f925002c0081090000000e05ef00f0001505c800450106b50005b600034233401800004300000f000003f10000a6cdc70000000010002fdc0e0000000182c649fd50001eb388f30f11f925002600810a0000000e05ef00f0001505c800450106b50004b600034233401800004300000f000003f10000a6cdc70000000010002fdc0e0000000182c6473e30011eb386370f11f5e40026000b070000f60f06ef00f0001505c8004501f60106b50005b600044233401800004300000f000003f10000a6cdc70000000010002fdc0e0000000182c646fbc8001eb386370f11f5e40026000b090000000e05ef00f0001505c800450106b50004b600034233401800004300000f000003f10000a6cdc70000000010002fdc0e0000000182c6443ca8001eb386370f11f5e4002e000b090000000e05ef00f0001505c800450106b50005b6000442333d1800004300000f000003f10000a6cdc70000000010002fdc0e0000000182c6417d88011eb387420f11fc55002e00fd070000f60f06ef00f0001505c8004501f60106b50006b6000442333c1800004300000f000003f10000a6cdc70000000010002fdc0e0000000182c6414ea8001eb387420f11fc55002e00fd050000000e05ef00f0001505c800450106b50006b600054233401800004300000f000003f10000a6cdc70000000010002fdc0e0000000182c63e8f88001eb387420f11fc55002c00fd080000000e05ef00f0001505c800450106b50005b600044233401800004300000f000003f10000a6cdc70000000010002fdc0e001100007583"1661185844009753090'
DEBUG:influxdb_client.client.http:>>> Body: b'gps_data,imei=860147042626570 raw_data="00000000000004e6081100000182c6619848001eb38a720f11f2c3002600000a0000000e05ef00f0001505c800450106b50004b600034233141800004300000f000003f10000a6cdc70000000010002fdc0e0000000182c65b2fa8001eb38a720f11f2c3002c00dd0a0000000e05ef00f0001505c800450106b50004b600034233311800004300000f000003f10000a6cdc70000000010002fdc0e0000000182c6587088011eb38a720f11f2c3002c00dd090000f60f06ef00f0001505c8004501f60106b50004b600034233401800004300000f000003f10000a6cdc70000000010002fdc0e0000000182c6581a98001eb38a720f11f2c3002c00dd0a0000000e05ef00f0001505c800450106b50004b6000342333d1800004300000f000003f10000a6cdc70000000010002fdc0e0000000182c6555b78001eb38a720f11f2c3002c00dd090000000e05ef00f0001505c800450106b50004b600034233361800004300000f000003f10000a6cdc70000000010002fdc0e0000000182c6529c58011eb38dc40f11f4fa002c00df0a0000f60f06ef00f0001505c8004501f60106b50004b6000342335e1800004300000f000003f10000a6cdc70000000010002fdc0e0000000182c6526990001eb38dc40f11f4fa002c00df090000000e05ef00f0001505c800450106b50004b600034233401800004300000f000003f10000a6cdc70000000010002fdc0e0000000182c64faa70001eb38dc40f11f4fa002b00df0a0000000e05ef00f0001505c800450106b50004b600034233401800004300000f000003f10000a6cdc70000000010002fdc0e0000000182c64ceb50011eb388f30f11f925002c0081090000f60f06ef00f0001505c8004501f60106b50005b600034233401800004300000f000003f10000a6cdc70000000010002fdc0e0000000182c64cbc70001eb388f30f11f925002c0081090000000e05ef00f0001505c800450106b50005b600034233401800004300000f000003f10000a6cdc70000000010002fdc0e0000000182c649fd50001eb388f30f11f925002600810a0000000e05ef00f0001505c800450106b50004b600034233401800004300000f000003f10000a6cdc70000000010002fdc0e0000000182c6473e30011eb386370f11f5e40026000b070000f60f06ef00f0001505c8004501f60106b50005b600044233401800004300000f000003f10000a6cdc70000000010002fdc0e0000000182c646fbc8001eb386370f11f5e40026000b090000000e05ef00f0001505c800450106b50004b600034233401800004300000f000003f10000a6cdc70000000010002fdc0e0000000182c6443ca8001eb386370f11f5e4002e000b090000000e05ef00f0001505c800450106b50005b6000442333d1800004300000f000003f10000a6cdc70000000010002fdc0e0000000182c6417d88011eb387420f11fc55002e00fd070000f60f06ef00f0001505c8004501f60106b50006b6000442333c1800004300000f000003f10000a6cdc70000000010002fdc0e0000000182c6414ea8001eb387420f11fc55002e00fd050000000e05ef00f0001505c800450106b50006b600054233401800004300000f000003f10000a6cdc70000000010002fdc0e0000000182c63e8f88001eb387420f11fc55002c00fd080000000e05ef00f0001505c800450106b50005b600044233401800004300000f000003f10000a6cdc70000000010002fdc0e001100007583"1661185844009753090'
DEBUG:urllib3.util.retry:Converted retries value: False -> Retry(total=False, connect=None, read=None, redirect=0, status=None)
DEBUG:urllib3.connectionpool:http://172.21.0.2:8086 "POST /api/v2/write?org=qeeri&bucket=gps&precision=ns HTTP/1.1" 204 0
<<< Response: 204
DEBUG:influxdb_client.client.http:<<< Response: 204
<<< Date: Mon, 22 Aug 2022 16:30:44 GMT
DEBUG:influxdb_client.client.http:<<< Date: Mon, 22 Aug 2022 16:30:44 GMT
<<< Body: 
DEBUG:influxdb_client.client.http:<<< Body: 
INFO:root:Lock released by860147042626570
hello
INFO:root:[ACTIVE CONNECTIONS] 2
INFO:root:2022-08-22 16:30:45.143964
INFO:root:the length of handshake message is 17
this is the imei  860147042636561
hello
INFO:root:length of packet 1257
INFO:root:00000000000004dc081100000182c6645380001ea61dfd0f19422f000d00cf0d0000000e05ef01f0011505c800450106b50009b600064232ae1800004310040f03e803f10000a6cec70000005c100000b1570000000182c6642c70001ea61dfd0f19422f000d00cf0c0000000e05ef01f0011505c800450106b5000ab600064232b01800004310060f03e803f10000a6cec70000005c100000b1570000000182c6640560001ea61e500f1942a4000d00d00d0000000e05ef01f0011505c800450106b5000ab600064232a81800004310080f03e803f10000a6cec70000005c100000b1570000000182c6640178001ea61d460f194250000c00e50d0005000e05ef01f0011505c800450106b5000ab600064232a51800054310080f03e803f10000a6cec70000005c100000b1570000000182c663ea08001ea61ff10f194560000d00b60d0000000e05ef01f0011505c800450106b5000ab600064232851800004310040f03e803f10000a6cec700000052100000b14d0000000182c65f8cd8001ea61f8d0f19422f001700000a0000000e05ef01f0011505c800450106b5000bb600084232841800004310080f03e803f10000a6cec700000029100000b1240000000182c65f65c8001ea61f8d0f19422f001700000a0000000e05ef01f0011505c800450106b5000bb600084232871800004310080f03e803f10000a6cec700000029100000b1240000000182c65f42a0001ea61fcf0f194293001600d30a0000000e05ef01f0011505c800450106b5000bb600074232851800004310080f03e803f10000a6cec700000029100000b1240000000182c65f3ad0001ea61f4a0f194649001200bc0a0005000e05ef01f0011505c800450106b5000bb600074232881800054310080f03e803f10000a6cec700000029100000b1240000000182c65f2f18001ea61f4a0f194649001200370b0000000e05ef01f0011505c800450106b5000bb600074232761800004310030f03e803f10000a6cec70000001f100000b11a0000000182c65f0808001ea61fcf0f194743001100370a0000000e05ef01f0011505c800450106b5000bb6000742326a1800004310010f03e803f10000a6cec70000001f100000b11a0000000182c65f0420001ea622ef0f194627000f00370a0006000e05ef01f0011505c800450106b5000bb600074232851800064310030f03e803f10000a6cec70000001f100000b11a0000000182c65efc50001ea61e820f19438d000000da0a0000000e05ef01f0011505c800450106b5000bb600074232871800004310050f03e803f10000a6cec700000012100000b10d0000000182c65ed540001ea61e820f19438d000000da0b0000000e05ef01f0011505c800450106b5000bb600084232871800004310070f03e803f10000a6cec700000012100000b10d0000000182c65eae30001ea61ea40f1943d0000000d50c0000000e05ef01f0011505c800450106b5000ab600074232881800004310060f03e803f10000a6cec700000012100000b10d0000000182c65e8720001ea61ee60f194890ffed01670a0000000e05ef01f0011505c800450106b5000cb600084232801800004310010f03e803f10000a6cec700000012100000b10d0000000182c65e6010001ea61ee60f194890ffed01670a0000000e05ef01f0011505c800450106b5000cb6000842328a1800004310030f03e803f10000a6cec700000012100000b10d001100005aaf
INFO:root:gps_data,imei=350424067190346 raw_data="00000000000004dc081100000182c6645380001ea61dfd0f19422f000d00cf0d0000000e05ef01f0011505c800450106b50009b600064232ae1800004310040f03e803f10000a6cec70000005c100000b1570000000182c6642c70001ea61dfd0f19422f000d00cf0c0000000e05ef01f0011505c800450106b5000ab600064232b01800004310060f03e803f10000a6cec70000005c100000b1570000000182c6640560001ea61e500f1942a4000d00d00d0000000e05ef01f0011505c800450106b5000ab600064232a81800004310080f03e803f10000a6cec70000005c100000b1570000000182c6640178001ea61d460f194250000c00e50d0005000e05ef01f0011505c800450106b5000ab600064232a51800054310080f03e803f10000a6cec70000005c100000b1570000000182c663ea08001ea61ff10f194560000d00b60d0000000e05ef01f0011505c800450106b5000ab600064232851800004310040f03e803f10000a6cec700000052100000b14d0000000182c65f8cd8001ea61f8d0f19422f001700000a0000000e05ef01f0011505c800450106b5000bb600084232841800004310080f03e803f10000a6cec700000029100000b1240000000182c65f65c8001ea61f8d0f19422f001700000a0000000e05ef01f0011505c800450106b5000bb600084232871800004310080f03e803f10000a6cec700000029100000b1240000000182c65f42a0001ea61fcf0f194293001600d30a0000000e05ef01f0011505c800450106b5000bb600074232851800004310080f03e803f10000a6cec700000029100000b1240000000182c65f3ad0001ea61f4a0f194649001200bc0a0005000e05ef01f0011505c800450106b5000bb600074232881800054310080f03e803f10000a6cec700000029100000b1240000000182c65f2f18001ea61f4a0f194649001200370b0000000e05ef01f0011505c800450106b5000bb600074232761800004310030f03e803f10000a6cec70000001f100000b11a0000000182c65f0808001ea61fcf0f194743001100370a0000000e05ef01f0011505c800450106b5000bb6000742326a1800004310010f03e803f10000a6cec70000001f100000b11a0000000182c65f0420001ea622ef0f194627000f00370a0006000e05ef01f0011505c800450106b5000bb600074232851800064310030f03e803f10000a6cec70000001f100000b11a0000000182c65efc50001ea61e820f19438d000000da0a0000000e05ef01f0011505c800450106b5000bb600074232871800004310050f03e803f10000a6cec700000012100000b10d0000000182c65ed540001ea61e820f19438d000000da0b0000000e05ef01f0011505c800450106b5000bb600084232871800004310070f03e803f10000a6cec700000012100000b10d0000000182c65eae30001ea61ea40f1943d0000000d50c0000000e05ef01f0011505c800450106b5000ab600074232881800004310060f03e803f10000a6cec700000012100000b10d0000000182c65e8720001ea61ee60f194890ffed01670a0000000e05ef01f0011505c800450106b5000cb600084232801800004310010f03e803f10000a6cec700000012100000b10d0000000182c65e6010001ea61ee60f194890ffed01670a0000000e05ef01f0011505c800450106b5000cb6000842328a1800004310030f03e803f10000a6cec700000012100000b10d001100005aaf"1661185845983433793
INFO:root:Lock acquired by350424067190346
>>> Request: 'POST http://172.21.0.2:8086/api/v2/write?org=qeeri&bucket=gps&precision=ns'
DEBUG:influxdb_client.client.http:>>> Request: 'POST http://172.21.0.2:8086/api/v2/write?org=qeeri&bucket=gps&precision=ns'
>>> Content-Encoding: identity
DEBUG:influxdb_client.client.http:>>> Content-Encoding: identity
>>> Content-Type: text/plain
DEBUG:influxdb_client.client.http:>>> Content-Type: text/plain
>>> Accept: application/json
DEBUG:influxdb_client.client.http:>>> Accept: application/json
>>> Authorization: ***
DEBUG:influxdb_client.client.http:>>> Authorization: ***
>>> User-Agent: influxdb-client-python/1.31.0
DEBUG:influxdb_client.client.http:>>> User-Agent: influxdb-client-python/1.31.0
>>> Body: b'gps_data,imei=350424067190346 raw_data="00000000000004dc081100000182c6645380001ea61dfd0f19422f000d00cf0d0000000e05ef01f0011505c800450106b50009b600064232ae1800004310040f03e803f10000a6cec70000005c100000b1570000000182c6642c70001ea61dfd0f19422f000d00cf0c0000000e05ef01f0011505c800450106b5000ab600064232b01800004310060f03e803f10000a6cec70000005c100000b1570000000182c6640560001ea61e500f1942a4000d00d00d0000000e05ef01f0011505c800450106b5000ab600064232a81800004310080f03e803f10000a6cec70000005c100000b1570000000182c6640178001ea61d460f194250000c00e50d0005000e05ef01f0011505c800450106b5000ab600064232a51800054310080f03e803f10000a6cec70000005c100000b1570000000182c663ea08001ea61ff10f194560000d00b60d0000000e05ef01f0011505c800450106b5000ab600064232851800004310040f03e803f10000a6cec700000052100000b14d0000000182c65f8cd8001ea61f8d0f19422f001700000a0000000e05ef01f0011505c800450106b5000bb600084232841800004310080f03e803f10000a6cec700000029100000b1240000000182c65f65c8001ea61f8d0f19422f001700000a0000000e05ef01f0011505c800450106b5000bb600084232871800004310080f03e803f10000a6cec700000029100000b1240000000182c65f42a0001ea61fcf0f194293001600d30a0000000e05ef01f0011505c800450106b5000bb600074232851800004310080f03e803f10000a6cec700000029100000b1240000000182c65f3ad0001ea61f4a0f194649001200bc0a0005000e05ef01f0011505c800450106b5000bb600074232881800054310080f03e803f10000a6cec700000029100000b1240000000182c65f2f18001ea61f4a0f194649001200370b0000000e05ef01f0011505c800450106b5000bb600074232761800004310030f03e803f10000a6cec70000001f100000b11a0000000182c65f0808001ea61fcf0f194743001100370a0000000e05ef01f0011505c800450106b5000bb6000742326a1800004310010f03e803f10000a6cec70000001f100000b11a0000000182c65f0420001ea622ef0f194627000f00370a0006000e05ef01f0011505c800450106b5000bb600074232851800064310030f03e803f10000a6cec70000001f100000b11a0000000182c65efc50001ea61e820f19438d000000da0a0000000e05ef01f0011505c800450106b5000bb600074232871800004310050f03e803f10000a6cec700000012100000b10d0000000182c65ed540001ea61e820f19438d000000da0b0000000e05ef01f0011505c800450106b5000bb600084232871800004310070f03e803f10000a6cec700000012100000b10d0000000182c65eae30001ea61ea40f1943d0000000d50c0000000e05ef01f0011505c800450106b5000ab600074232881800004310060f03e803f10000a6cec700000012100000b10d0000000182c65e8720001ea61ee60f194890ffed01670a0000000e05ef01f0011505c800450106b5000cb600084232801800004310010f03e803f10000a6cec700000012100000b10d0000000182c65e6010001ea61ee60f194890ffed01670a0000000e05ef01f0011505c800450106b5000cb6000842328a1800004310030f03e803f10000a6cec700000012100000b10d001100005aaf"1661185845983433793'
DEBUG:influxdb_client.client.http:>>> Body: b'gps_data,imei=350424067190346 raw_data="00000000000004dc081100000182c6645380001ea61dfd0f19422f000d00cf0d0000000e05ef01f0011505c800450106b50009b600064232ae1800004310040f03e803f10000a6cec70000005c100000b1570000000182c6642c70001ea61dfd0f19422f000d00cf0c0000000e05ef01f0011505c800450106b5000ab600064232b01800004310060f03e803f10000a6cec70000005c100000b1570000000182c6640560001ea61e500f1942a4000d00d00d0000000e05ef01f0011505c800450106b5000ab600064232a81800004310080f03e803f10000a6cec70000005c100000b1570000000182c6640178001ea61d460f194250000c00e50d0005000e05ef01f0011505c800450106b5000ab600064232a51800054310080f03e803f10000a6cec70000005c100000b1570000000182c663ea08001ea61ff10f194560000d00b60d0000000e05ef01f0011505c800450106b5000ab600064232851800004310040f03e803f10000a6cec700000052100000b14d0000000182c65f8cd8001ea61f8d0f19422f001700000a0000000e05ef01f0011505c800450106b5000bb600084232841800004310080f03e803f10000a6cec700000029100000b1240000000182c65f65c8001ea61f8d0f19422f001700000a0000000e05ef01f0011505c800450106b5000bb600084232871800004310080f03e803f10000a6cec700000029100000b1240000000182c65f42a0001ea61fcf0f194293001600d30a0000000e05ef01f0011505c800450106b5000bb600074232851800004310080f03e803f10000a6cec700000029100000b1240000000182c65f3ad0001ea61f4a0f194649001200bc0a0005000e05ef01f0011505c800450106b5000bb600074232881800054310080f03e803f10000a6cec700000029100000b1240000000182c65f2f18001ea61f4a0f194649001200370b0000000e05ef01f0011505c800450106b5000bb600074232761800004310030f03e803f10000a6cec70000001f100000b11a0000000182c65f0808001ea61fcf0f194743001100370a0000000e05ef01f0011505c800450106b5000bb6000742326a1800004310010f03e803f10000a6cec70000001f100000b11a0000000182c65f0420001ea622ef0f194627000f00370a0006000e05ef01f0011505c800450106b5000bb600074232851800064310030f03e803f10000a6cec70000001f100000b11a0000000182c65efc50001ea61e820f19438d000000da0a0000000e05ef01f0011505c800450106b5000bb600074232871800004310050f03e803f10000a6cec700000012100000b10d0000000182c65ed540001ea61e820f19438d000000da0b0000000e05ef01f0011505c800450106b5000bb600084232871800004310070f03e803f10000a6cec700000012100000b10d0000000182c65eae30001ea61ea40f1943d0000000d50c0000000e05ef01f0011505c800450106b5000ab600074232881800004310060f03e803f10000a6cec700000012100000b10d0000000182c65e8720001ea61ee60f194890ffed01670a0000000e05ef01f0011505c800450106b5000cb600084232801800004310010f03e803f10000a6cec700000012100000b10d0000000182c65e6010001ea61ee60f194890ffed01670a0000000e05ef01f0011505c800450106b5000cb6000842328a1800004310030f03e803f10000a6cec700000012100000b10d001100005aaf"1661185845983433793'
DEBUG:urllib3.util.retry:Converted retries value: False -> Retry(total=False, connect=None, read=None, redirect=0, status=None)
DEBUG:urllib3.connectionpool:http://172.21.0.2:8086 "POST /api/v2/write?org=qeeri&bucket=gps&precision=ns HTTP/1.1" 204 0
<<< Response: 204
DEBUG:influxdb_client.client.http:<<< Response: 204
<<< Date: Mon, 22 Aug 2022 16:30:46 GMT
DEBUG:influxdb_client.client.http:<<< Date: Mon, 22 Aug 2022 16:30:46 GMT
<<< Body: 
DEBUG:influxdb_client.client.http:<<< Body: 
INFO:root:Lock released by350424067190346
INFO:root:length of packet 1269
INFO:root:00000000000004e8081100000182c6146e60011ea4dd060f188b2d001101460a0000f60f06ef00f0001503c8004501f60106b50006b6000442316c1800004300000f000003f10000a6cdc70000000010012de8d10000000182c6142810001ea4dd060f188b2d001101460a0000000e05ef00f0001503c800450106b50006b6000442316f1800004300000f000003f10000a6cdc70000000010012de8d10000000182c61168f0001ea4dd060f188b2d001301460b0000000e05ef00f0001503c800450106b50005b6000442316f1800004300000f000003f10000a6cdc70000000010012de8d10000000182c60ea9d0011ea4ddad0f188ea0001300b90b0000f60f06ef00f0001503c8004501f60106b50005b6000442316e1800004300000f000003f10000a6cdc70000000010012de8d10000000182c60e6f38001ea4ddad0f188ea0001300b9090000000e05ef00f0001503c800450106b50006b6000442316f1800004300000f000003f10000a6cdc70000000010012de8d10000000182c60bb018001ea4ddad0f188ea0001500b90b0000000e05ef00f0001503c800450106b50005b6000342316f1800004300000f000003f10000a6cdc70000000010012de8d10000000182c608f0f8011ea4e08a0f188bd4001501310b0000f60f06ef00f0001503c8004501f60106b50005b6000442316f1800004300000f000003f10000a6cdc70000000010012de8d10000000182c6088398001ea4e08a0f188bd4001501310a0000000e05ef00f0001503c800450106b50006b600044231701800004300000f000003f10000a6cdc70000000010012de8d10000000182c605c478001ea4e08a0f188bd4001301310b0000000e05ef00f0001503c800450106b50005b6000442318a1800004300000f000003f10000a6cdc70000000010012de8d10000000182c6030558011ea4dd6a0f188ea00012014b0c0000f60f06ef00f0001503c8004501f60106b50005b6000442319a1800004300000f000003f10000a6cdc70000000010012de8d10000000182c602b350001ea4dd6a0f188ea00012014b0b0000000e05ef00f0001503c800450106b50005b6000442316f1800004300000f000003f10000a6cdc70000000010012de8d10000000182c5fff430001ea4dd6a0f188ea00012014b0b0000000e05ef00f0001503c800450106b50005b6000342316f1800004300000f000003f10000a6cdc70000000010012de8d10000000182c5fd3510011ea4df3d0f188b3d0011013e0b0000f60f06ef00f0001503c8004501f60106b50005b6000342316f1800004300000f000003f10000a6cdc70000000010012de8d10000000182c5fcfe60001ea4df3d0f188b3d0011013e0b0000000e05ef00f0001503c800450106b50005b6000342316f1800004300000f000003f10000a6cdc70000000010012de8d10000000182c5fa3f40001ea4df3d0f188b3d0011013e0b0000000e05ef00f0001503c800450106b50005b600034231891800004300000f000003f10000a6cdc70000000010012de8d10000000182c5f78020011ea4df3d0f188b3d0011013e0d0000f60f06ef00f0001503c8004501f60106b50005b6000342316f1800004300000f000003f10000a6cdc70000000010012de8d10000000182c5f739d0001ea4df3d0f188b3d0011013e0d0000000e05ef00f0001503c800450106b50005b6000342316f1800004300000f000003f10000a6cdc70000000010012de8d1001100006923
INFO:root:gps_data,imei=860147042636561 raw_data="00000000000004e8081100000182c6146e60011ea4dd060f188b2d001101460a0000f60f06ef00f0001503c8004501f60106b50006b6000442316c1800004300000f000003f10000a6cdc70000000010012de8d10000000182c6142810001ea4dd060f188b2d001101460a0000000e05ef00f0001503c800450106b50006b6000442316f1800004300000f000003f10000a6cdc70000000010012de8d10000000182c61168f0001ea4dd060f188b2d001301460b0000000e05ef00f0001503c800450106b50005b6000442316f1800004300000f000003f10000a6cdc70000000010012de8d10000000182c60ea9d0011ea4ddad0f188ea0001300b90b0000f60f06ef00f0001503c8004501f60106b50005b6000442316e1800004300000f000003f10000a6cdc70000000010012de8d10000000182c60e6f38001ea4ddad0f188ea0001300b9090000000e05ef00f0001503c800450106b50006b6000442316f1800004300000f000003f10000a6cdc70000000010012de8d10000000182c60bb018001ea4ddad0f188ea0001500b90b0000000e05ef00f0001503c800450106b50005b6000342316f1800004300000f000003f10000a6cdc70000000010012de8d10000000182c608f0f8011ea4e08a0f188bd4001501310b0000f60f06ef00f0001503c8004501f60106b50005b6000442316f1800004300000f000003f10000a6cdc70000000010012de8d10000000182c6088398001ea4e08a0f188bd4001501310a0000000e05ef00f0001503c800450106b50006b600044231701800004300000f000003f10000a6cdc70000000010012de8d10000000182c605c478001ea4e08a0f188bd4001301310b0000000e05ef00f0001503c800450106b50005b6000442318a1800004300000f000003f10000a6cdc70000000010012de8d10000000182c6030558011ea4dd6a0f188ea00012014b0c0000f60f06ef00f0001503c8004501f60106b50005b6000442319a1800004300000f000003f10000a6cdc70000000010012de8d10000000182c602b350001ea4dd6a0f188ea00012014b0b0000000e05ef00f0001503c800450106b50005b6000442316f1800004300000f000003f10000a6cdc70000000010012de8d10000000182c5fff430001ea4dd6a0f188ea00012014b0b0000000e05ef00f0001503c800450106b50005b6000342316f1800004300000f000003f10000a6cdc70000000010012de8d10000000182c5fd3510011ea4df3d0f188b3d0011013e0b0000f60f06ef00f0001503c8004501f60106b50005b6000342316f1800004300000f000003f10000a6cdc70000000010012de8d10000000182c5fcfe60001ea4df3d0f188b3d0011013e0b0000000e05ef00f0001503c800450106b50005b6000342316f1800004300000f000003f10000a6cdc70000000010012de8d10000000182c5fa3f40001ea4df3d0f188b3d0011013e0b0000000e05ef00f0001503c800450106b50005b600034231891800004300000f000003f10000a6cdc70000000010012de8d10000000182c5f78020011ea4df3d0f188b3d0011013e0d0000f60f06ef00f0001503c8004501f60106b50005b6000342316f1800004300000f000003f10000a6cdc70000000010012de8d10000000182c5f739d0001ea4df3d0f188b3d0011013e0d0000000e05ef00f0001503c800450106b50005b6000342316f1800004300000f000003f10000a6cdc70000000010012de8d1001100006923"1661185846887683392
INFO:root:Lock acquired by860147042636561
>>> Request: 'POST http://172.21.0.2:8086/api/v2/write?org=qeeri&bucket=gps&precision=ns'
DEBUG:influxdb_client.client.http:>>> Request: 'POST http://172.21.0.2:8086/api/v2/write?org=qeeri&bucket=gps&precision=ns'
>>> Content-Encoding: identity
DEBUG:influxdb_client.client.http:>>> Content-Encoding: identity
>>> Content-Type: text/plain
DEBUG:influxdb_client.client.http:>>> Content-Type: text/plain
>>> Accept: application/json
DEBUG:influxdb_client.client.http:>>> Accept: application/json
>>> Authorization: ***
DEBUG:influxdb_client.client.http:>>> Authorization: ***
>>> User-Agent: influxdb-client-python/1.31.0
DEBUG:influxdb_client.client.http:>>> User-Agent: influxdb-client-python/1.31.0
>>> Body: b'gps_data,imei=860147042636561 raw_data="00000000000004e8081100000182c6146e60011ea4dd060f188b2d001101460a0000f60f06ef00f0001503c8004501f60106b50006b6000442316c1800004300000f000003f10000a6cdc70000000010012de8d10000000182c6142810001ea4dd060f188b2d001101460a0000000e05ef00f0001503c800450106b50006b6000442316f1800004300000f000003f10000a6cdc70000000010012de8d10000000182c61168f0001ea4dd060f188b2d001301460b0000000e05ef00f0001503c800450106b50005b6000442316f1800004300000f000003f10000a6cdc70000000010012de8d10000000182c60ea9d0011ea4ddad0f188ea0001300b90b0000f60f06ef00f0001503c8004501f60106b50005b6000442316e1800004300000f000003f10000a6cdc70000000010012de8d10000000182c60e6f38001ea4ddad0f188ea0001300b9090000000e05ef00f0001503c800450106b50006b6000442316f1800004300000f000003f10000a6cdc70000000010012de8d10000000182c60bb018001ea4ddad0f188ea0001500b90b0000000e05ef00f0001503c800450106b50005b6000342316f1800004300000f000003f10000a6cdc70000000010012de8d10000000182c608f0f8011ea4e08a0f188bd4001501310b0000f60f06ef00f0001503c8004501f60106b50005b6000442316f1800004300000f000003f10000a6cdc70000000010012de8d10000000182c6088398001ea4e08a0f188bd4001501310a0000000e05ef00f0001503c800450106b50006b600044231701800004300000f000003f10000a6cdc70000000010012de8d10000000182c605c478001ea4e08a0f188bd4001301310b0000000e05ef00f0001503c800450106b50005b6000442318a1800004300000f000003f10000a6cdc70000000010012de8d10000000182c6030558011ea4dd6a0f188ea00012014b0c0000f60f06ef00f0001503c8004501f60106b50005b6000442319a1800004300000f000003f10000a6cdc70000000010012de8d10000000182c602b350001ea4dd6a0f188ea00012014b0b0000000e05ef00f0001503c800450106b50005b6000442316f1800004300000f000003f10000a6cdc70000000010012de8d10000000182c5fff430001ea4dd6a0f188ea00012014b0b0000000e05ef00f0001503c800450106b50005b6000342316f1800004300000f000003f10000a6cdc70000000010012de8d10000000182c5fd3510011ea4df3d0f188b3d0011013e0b0000f60f06ef00f0001503c8004501f60106b50005b6000342316f1800004300000f000003f10000a6cdc70000000010012de8d10000000182c5fcfe60001ea4df3d0f188b3d0011013e0b0000000e05ef00f0001503c800450106b50005b6000342316f1800004300000f000003f10000a6cdc70000000010012de8d10000000182c5fa3f40001ea4df3d0f188b3d0011013e0b0000000e05ef00f0001503c800450106b50005b600034231891800004300000f000003f10000a6cdc70000000010012de8d10000000182c5f78020011ea4df3d0f188b3d0011013e0d0000f60f06ef00f0001503c8004501f60106b50005b6000342316f1800004300000f000003f10000a6cdc70000000010012de8d10000000182c5f739d0001ea4df3d0f188b3d0011013e0d0000000e05ef00f0001503c800450106b50005b6000342316f1800004300000f000003f10000a6cdc70000000010012de8d1001100006923"1661185846887683392'
DEBUG:influxdb_client.client.http:>>> Body: b'gps_data,imei=860147042636561 raw_data="00000000000004e8081100000182c6146e60011ea4dd060f188b2d001101460a0000f60f06ef00f0001503c8004501f60106b50006b6000442316c1800004300000f000003f10000a6cdc70000000010012de8d10000000182c6142810001ea4dd060f188b2d001101460a0000000e05ef00f0001503c800450106b50006b6000442316f1800004300000f000003f10000a6cdc70000000010012de8d10000000182c61168f0001ea4dd060f188b2d001301460b0000000e05ef00f0001503c800450106b50005b6000442316f1800004300000f000003f10000a6cdc70000000010012de8d10000000182c60ea9d0011ea4ddad0f188ea0001300b90b0000f60f06ef00f0001503c8004501f60106b50005b6000442316e1800004300000f000003f10000a6cdc70000000010012de8d10000000182c60e6f38001ea4ddad0f188ea0001300b9090000000e05ef00f0001503c800450106b50006b6000442316f1800004300000f000003f10000a6cdc70000000010012de8d10000000182c60bb018001ea4ddad0f188ea0001500b90b0000000e05ef00f0001503c800450106b50005b6000342316f1800004300000f000003f10000a6cdc70000000010012de8d10000000182c608f0f8011ea4e08a0f188bd4001501310b0000f60f06ef00f0001503c8004501f60106b50005b6000442316f1800004300000f000003f10000a6cdc70000000010012de8d10000000182c6088398001ea4e08a0f188bd4001501310a0000000e05ef00f0001503c800450106b50006b600044231701800004300000f000003f10000a6cdc70000000010012de8d10000000182c605c478001ea4e08a0f188bd4001301310b0000000e05ef00f0001503c800450106b50005b6000442318a1800004300000f000003f10000a6cdc70000000010012de8d10000000182c6030558011ea4dd6a0f188ea00012014b0c0000f60f06ef00f0001503c8004501f60106b50005b6000442319a1800004300000f000003f10000a6cdc70000000010012de8d10000000182c602b350001ea4dd6a0f188ea00012014b0b0000000e05ef00f0001503c800450106b50005b6000442316f1800004300000f000003f10000a6cdc70000000010012de8d10000000182c5fff430001ea4dd6a0f188ea00012014b0b0000000e05ef00f0001503c800450106b50005b6000342316f1800004300000f000003f10000a6cdc70000000010012de8d10000000182c5fd3510011ea4df3d0f188b3d0011013e0b0000f60f06ef00f0001503c8004501f60106b50005b6000342316f1800004300000f000003f10000a6cdc70000000010012de8d10000000182c5fcfe60001ea4df3d0f188b3d0011013e0b0000000e05ef00f0001503c800450106b50005b6000342316f1800004300000f000003f10000a6cdc70000000010012de8d10000000182c5fa3f40001ea4df3d0f188b3d0011013e0b0000000e05ef00f0001503c800450106b50005b600034231891800004300000f000003f10000a6cdc70000000010012de8d10000000182c5f78020011ea4df3d0f188b3d0011013e0d0000f60f06ef00f0001503c8004501f60106b50005b6000342316f1800004300000f000003f10000a6cdc70000000010012de8d10000000182c5f739d0001ea4df3d0f188b3d0011013e0d0000000e05ef00f0001503c800450106b50005b6000342316f1800004300000f000003f10000a6cdc70000000010012de8d1001100006923"1661185846887683392'
DEBUG:urllib3.util.retry:Converted retries value: False -> Retry(total=False, connect=None, read=None, redirect=0, status=None)
DEBUG:urllib3.connectionpool:http://172.21.0.2:8086 "POST /api/v2/write?org=qeeri&bucket=gps&precision=ns HTTP/1.1" 204 0
<<< Response: 204
DEBUG:influxdb_client.client.http:<<< Response: 204
<<< Date: Mon, 22 Aug 2022 16:30:46 GMT
DEBUG:influxdb_client.client.http:<<< Date: Mon, 22 Aug 2022 16:30:46 GMT
<<< Body: 
DEBUG:influxdb_client.client.http:<<< Body: 
INFO:root:Lock released by860147042636561
hello
INFO:root:[ACTIVE CONNECTIONS] 1
INFO:root:2022-08-22 16:30:47.644327
INFO:root:the length of handshake message is 17
this is the imei  860147042626836
hello
hello
INFO:root:[ACTIVE CONNECTIONS] 2
INFO:root:2022-08-22 16:30:47.710507
INFO:root:the length of handshake message is 17
this is the imei  860147042635654
hello
INFO:root:length of packet 1257
INFO:root:00000000000004dc081100000182c6646708001ea7c23c0f19c7a6001701160c001d000e05ef00f0011502c800450106b50008b600044235eb18001d4300000f000003f10000a6cdc70000000010012428640000000182c627a840001ea870a60f19968f000a00c00c0015000e05ef00f0011503c800450106b50008b600044235b21800154300000f000003f10000a6cdc700000000100124251a0000000182c6278130001ea875030f19a823000a00bf0d000d000e05ef00f0011503c800450106b50007b600034235a218000d4300000f000003f10000a6cdc70000000010012424e70000000182c6275a20001ea863b10f19af1a000c00630b0026000e05ef00f0011503c800450106b50009b6000442357f1800264300000f000003f10000a6cdc70000000010012424ac0000000182c6273310001ea83dde0f19b460000e00620a0021000e05ef00f0011503c800450106b5000ab600044235741800214300000f000003f10000a6cdc700000000100124244a0000000182c6270c00001ea825420f19b9420011005d0a000e000e05ef00f0011503c800450106b5000ab6000442357a18000e4300000f000003f10000a6cdc70000000010012424090000000182c626e4f0001ea803680f19be78000f00630a0028000e05ef00f0011503c800450106b50008b6000442358b1800284300000f000003f10000a6cdc70000000010012423b10000000182c626bde0001ea7cf740f19c68a000a00630c002c000e05ef00f0011503c800450106b50007b600034235ac18002c4300000f000003f10000a6cdc70000000010012423290000000182c62696d0001ea79f9a0f19cecf000a00630c002c000e05ef00f0011503c800450106b50007b600034235be18002c4300000f000003f10000a6cdc70000000010012422ac0000000182c6266fc0001ea774d30f19d6c0000e00420b001b000e05ef00f0011504c800450106b50006b600044235c918001b4300000f000003f10000a6cdc700000000100124223b0000000182c62648b0001ea75b4e0f19b89c000c001e0b002d000e05ef00f0011504c800450106b50006b600044235bc18002d4300000f000003f10000a6cdc70000000010012421cb0000000182c62621a0001ea745900f1992ea0012001d0d0020000e05ef00f0011504c800450106b50007b600034235a81800204300000f000003f10000a6cdc70000000010012421520000000182c625fa90001ea741ea0f197c52001100090c0019000e05ef00f0011503c800450106b50007b6000342357918001a4300000f000003f10000a6cdc70000000010012421070000000182c625d380001ea731c50f196e31000e002f0b000c000e05ef00f0011503c800450106b50009b6000442356118000c4300000f000003f10000a6cdc70000000010012420d20000000182c625ac70001ea727070f196096000d00190c001a000e05ef00f0011503c800450106b50008b600044234f618001a4300000f000003f10000a6cdc70000000010012420a30000000182c6258560001ea7100c0f193b16000e001a0d0030000e05ef00f0011504c800450106b50007b600034235c31800304300000f000003f10000a6cdc70000000010012420280000000182c6255e50001ea6f9850f1915ea001600160d0024000e05ef00f0011504c800450106b50006b600034235ea1800244300000f000003f10000a6cdc7000000001001241faf001100003252
INFO:root:gps_data,imei=860147042626836 raw_data="00000000000004dc081100000182c6646708001ea7c23c0f19c7a6001701160c001d000e05ef00f0011502c800450106b50008b600044235eb18001d4300000f000003f10000a6cdc70000000010012428640000000182c627a840001ea870a60f19968f000a00c00c0015000e05ef00f0011503c800450106b50008b600044235b21800154300000f000003f10000a6cdc700000000100124251a0000000182c6278130001ea875030f19a823000a00bf0d000d000e05ef00f0011503c800450106b50007b600034235a218000d4300000f000003f10000a6cdc70000000010012424e70000000182c6275a20001ea863b10f19af1a000c00630b0026000e05ef00f0011503c800450106b50009b6000442357f1800264300000f000003f10000a6cdc70000000010012424ac0000000182c6273310001ea83dde0f19b460000e00620a0021000e05ef00f0011503c800450106b5000ab600044235741800214300000f000003f10000a6cdc700000000100124244a0000000182c6270c00001ea825420f19b9420011005d0a000e000e05ef00f0011503c800450106b5000ab6000442357a18000e4300000f000003f10000a6cdc70000000010012424090000000182c626e4f0001ea803680f19be78000f00630a0028000e05ef00f0011503c800450106b50008b6000442358b1800284300000f000003f10000a6cdc70000000010012423b10000000182c626bde0001ea7cf740f19c68a000a00630c002c000e05ef00f0011503c800450106b50007b600034235ac18002c4300000f000003f10000a6cdc70000000010012423290000000182c62696d0001ea79f9a0f19cecf000a00630c002c000e05ef00f0011503c800450106b50007b600034235be18002c4300000f000003f10000a6cdc70000000010012422ac0000000182c6266fc0001ea774d30f19d6c0000e00420b001b000e05ef00f0011504c800450106b50006b600044235c918001b4300000f000003f10000a6cdc700000000100124223b0000000182c62648b0001ea75b4e0f19b89c000c001e0b002d000e05ef00f0011504c800450106b50006b600044235bc18002d4300000f000003f10000a6cdc70000000010012421cb0000000182c62621a0001ea745900f1992ea0012001d0d0020000e05ef00f0011504c800450106b50007b600034235a81800204300000f000003f10000a6cdc70000000010012421520000000182c625fa90001ea741ea0f197c52001100090c0019000e05ef00f0011503c800450106b50007b6000342357918001a4300000f000003f10000a6cdc70000000010012421070000000182c625d380001ea731c50f196e31000e002f0b000c000e05ef00f0011503c800450106b50009b6000442356118000c4300000f000003f10000a6cdc70000000010012420d20000000182c625ac70001ea727070f196096000d00190c001a000e05ef00f0011503c800450106b50008b600044234f618001a4300000f000003f10000a6cdc70000000010012420a30000000182c6258560001ea7100c0f193b16000e001a0d0030000e05ef00f0011504c800450106b50007b600034235c31800304300000f000003f10000a6cdc70000000010012420280000000182c6255e50001ea6f9850f1915ea001600160d0024000e05ef00f0011504c800450106b50006b600034235ea1800244300000f000003f10000a6cdc7000000001001241faf001100003252"1661185848633435759
INFO:root:Lock acquired by860147042626836
>>> Request: 'POST http://172.21.0.2:8086/api/v2/write?org=qeeri&bucket=gps&precision=ns'
DEBUG:influxdb_client.client.http:>>> Request: 'POST http://172.21.0.2:8086/api/v2/write?org=qeeri&bucket=gps&precision=ns'
>>> Content-Encoding: identity
DEBUG:influxdb_client.client.http:>>> Content-Encoding: identity
>>> Content-Type: text/plain
DEBUG:influxdb_client.client.http:>>> Content-Type: text/plain
>>> Accept: application/json
DEBUG:influxdb_client.client.http:>>> Accept: application/json
>>> Authorization: ***
DEBUG:influxdb_client.client.http:>>> Authorization: ***
>>> User-Agent: influxdb-client-python/1.31.0
DEBUG:influxdb_client.client.http:>>> User-Agent: influxdb-client-python/1.31.0
>>> Body: b'gps_data,imei=860147042626836 raw_data="00000000000004dc081100000182c6646708001ea7c23c0f19c7a6001701160c001d000e05ef00f0011502c800450106b50008b600044235eb18001d4300000f000003f10000a6cdc70000000010012428640000000182c627a840001ea870a60f19968f000a00c00c0015000e05ef00f0011503c800450106b50008b600044235b21800154300000f000003f10000a6cdc700000000100124251a0000000182c6278130001ea875030f19a823000a00bf0d000d000e05ef00f0011503c800450106b50007b600034235a218000d4300000f000003f10000a6cdc70000000010012424e70000000182c6275a20001ea863b10f19af1a000c00630b0026000e05ef00f0011503c800450106b50009b6000442357f1800264300000f000003f10000a6cdc70000000010012424ac0000000182c6273310001ea83dde0f19b460000e00620a0021000e05ef00f0011503c800450106b5000ab600044235741800214300000f000003f10000a6cdc700000000100124244a0000000182c6270c00001ea825420f19b9420011005d0a000e000e05ef00f0011503c800450106b5000ab6000442357a18000e4300000f000003f10000a6cdc70000000010012424090000000182c626e4f0001ea803680f19be78000f00630a0028000e05ef00f0011503c800450106b50008b6000442358b1800284300000f000003f10000a6cdc70000000010012423b10000000182c626bde0001ea7cf740f19c68a000a00630c002c000e05ef00f0011503c800450106b50007b600034235ac18002c4300000f000003f10000a6cdc70000000010012423290000000182c62696d0001ea79f9a0f19cecf000a00630c002c000e05ef00f0011503c800450106b50007b600034235be18002c4300000f000003f10000a6cdc70000000010012422ac0000000182c6266fc0001ea774d30f19d6c0000e00420b001b000e05ef00f0011504c800450106b50006b600044235c918001b4300000f000003f10000a6cdc700000000100124223b0000000182c62648b0001ea75b4e0f19b89c000c001e0b002d000e05ef00f0011504c800450106b50006b600044235bc18002d4300000f000003f10000a6cdc70000000010012421cb0000000182c62621a0001ea745900f1992ea0012001d0d0020000e05ef00f0011504c800450106b50007b600034235a81800204300000f000003f10000a6cdc70000000010012421520000000182c625fa90001ea741ea0f197c52001100090c0019000e05ef00f0011503c800450106b50007b6000342357918001a4300000f000003f10000a6cdc70000000010012421070000000182c625d380001ea731c50f196e31000e002f0b000c000e05ef00f0011503c800450106b50009b6000442356118000c4300000f000003f10000a6cdc70000000010012420d20000000182c625ac70001ea727070f196096000d00190c001a000e05ef00f0011503c800450106b50008b600044234f618001a4300000f000003f10000a6cdc70000000010012420a30000000182c6258560001ea7100c0f193b16000e001a0d0030000e05ef00f0011504c800450106b50007b600034235c31800304300000f000003f10000a6cdc70000000010012420280000000182c6255e50001ea6f9850f1915ea001600160d0024000e05ef00f0011504c800450106b50006b600034235ea1800244300000f000003f10000a6cdc7000000001001241faf001100003252"1661185848633435759'
DEBUG:influxdb_client.client.http:>>> Body: b'gps_data,imei=860147042626836 raw_data="00000000000004dc081100000182c6646708001ea7c23c0f19c7a6001701160c001d000e05ef00f0011502c800450106b50008b600044235eb18001d4300000f000003f10000a6cdc70000000010012428640000000182c627a840001ea870a60f19968f000a00c00c0015000e05ef00f0011503c800450106b50008b600044235b21800154300000f000003f10000a6cdc700000000100124251a0000000182c6278130001ea875030f19a823000a00bf0d000d000e05ef00f0011503c800450106b50007b600034235a218000d4300000f000003f10000a6cdc70000000010012424e70000000182c6275a20001ea863b10f19af1a000c00630b0026000e05ef00f0011503c800450106b50009b6000442357f1800264300000f000003f10000a6cdc70000000010012424ac0000000182c6273310001ea83dde0f19b460000e00620a0021000e05ef00f0011503c800450106b5000ab600044235741800214300000f000003f10000a6cdc700000000100124244a0000000182c6270c00001ea825420f19b9420011005d0a000e000e05ef00f0011503c800450106b5000ab6000442357a18000e4300000f000003f10000a6cdc70000000010012424090000000182c626e4f0001ea803680f19be78000f00630a0028000e05ef00f0011503c800450106b50008b6000442358b1800284300000f000003f10000a6cdc70000000010012423b10000000182c626bde0001ea7cf740f19c68a000a00630c002c000e05ef00f0011503c800450106b50007b600034235ac18002c4300000f000003f10000a6cdc70000000010012423290000000182c62696d0001ea79f9a0f19cecf000a00630c002c000e05ef00f0011503c800450106b50007b600034235be18002c4300000f000003f10000a6cdc70000000010012422ac0000000182c6266fc0001ea774d30f19d6c0000e00420b001b000e05ef00f0011504c800450106b50006b600044235c918001b4300000f000003f10000a6cdc700000000100124223b0000000182c62648b0001ea75b4e0f19b89c000c001e0b002d000e05ef00f0011504c800450106b50006b600044235bc18002d4300000f000003f10000a6cdc70000000010012421cb0000000182c62621a0001ea745900f1992ea0012001d0d0020000e05ef00f0011504c800450106b50007b600034235a81800204300000f000003f10000a6cdc70000000010012421520000000182c625fa90001ea741ea0f197c52001100090c0019000e05ef00f0011503c800450106b50007b6000342357918001a4300000f000003f10000a6cdc70000000010012421070000000182c625d380001ea731c50f196e31000e002f0b000c000e05ef00f0011503c800450106b50009b6000442356118000c4300000f000003f10000a6cdc70000000010012420d20000000182c625ac70001ea727070f196096000d00190c001a000e05ef00f0011503c800450106b50008b600044234f618001a4300000f000003f10000a6cdc70000000010012420a30000000182c6258560001ea7100c0f193b16000e001a0d0030000e05ef00f0011504c800450106b50007b600034235c31800304300000f000003f10000a6cdc70000000010012420280000000182c6255e50001ea6f9850f1915ea001600160d0024000e05ef00f0011504c800450106b50006b600034235ea1800244300000f000003f10000a6cdc7000000001001241faf001100003252"1661185848633435759'
DEBUG:urllib3.util.retry:Converted retries value: False -> Retry(total=False, connect=None, read=None, redirect=0, status=None)
DEBUG:urllib3.connectionpool:http://172.21.0.2:8086 "POST /api/v2/write?org=qeeri&bucket=gps&precision=ns HTTP/1.1" 204 0
<<< Response: 204
DEBUG:influxdb_client.client.http:<<< Response: 204
<<< Date: Mon, 22 Aug 2022 16:30:48 GMT
DEBUG:influxdb_client.client.http:<<< Date: Mon, 22 Aug 2022 16:30:48 GMT
<<< Body: 
DEBUG:influxdb_client.client.http:<<< Body: 
INFO:root:Lock released by860147042626836
hello
INFO:root:[ACTIVE CONNECTIONS] 2
INFO:root:2022-08-22 16:30:49.296676
INFO:root:length of packet 1259
INFO:root:00000000000004de081100000182c63659f8001ec28dbd0f0054ac000b00cd040000000e05ef00f0011504c800450106b5000eb6000d4231601800004300000f000003f10000a6cdc70000000010015088310000000182c63632e8001ec28d5a0f00531c00000000000000000e05ef00f0011504c800450206b50000b600004231061800004300000f000003f10000a6cdc70000000010015088310000000182c6360bd8001ec28d380f005370000b015d050000000e05ef00f0011504c800450106b5000cb6000b4231561800004300000f000003f10000a6cdc70000000010015088310000000182c635e4c8001ec28ce50f005725000c002e050000000e05ef00f0011504c800450106b5000cb6000b4231541800004300000f000003f10000a6cdc70000000010015088310000000182c635bdb8001ec28ce50f005725000c002e050000000e05ef00f0011504c800450106b5000bb6000b4231541800004300000f000003f10000a6cdc70000000010015088310000000182c63596a8001ec28ce50f005725000c002e050000000e05ef00f0011504c800450106b5000bb6000b4231401800004300000f000003f10000a6cdc70000000010015088310000000182c6356f98001ec284d20f005553000d00e7050000f00e05ef00f0011504c800450106b5000bb6000b4231341800004300000f000003f10000a6cdc70000000010015088310000000182c634d358001ec289a30f0056f400130004040000f00e05ef00f0001504c800450106b50016b600164231341800004300000f000003f10000a6cdc70000000010015088310000000182c634bfd0001ec289a30f0056f400130004050000000e05ef00f0011504c800450106b50009b600084231341800004300000f000003f10000a6cdc70000000010015088310000000182c63498c0001ec289a30f0056f400130004050000000e05ef00f0011504c800450106b50009b600084231341800004300000f000003f10000a6cdc70000000010015088310000000182c63471b0001ec28ce50f0053d3000c00e2060000000e05ef00f0011504c800450106b50007b600054231341800004300000f000003f10000a6cdc70000000010015088310000000182c6344aa0001ec28ce50f0053d3000c00e2060000000e05ef00f0011504c800450106b50008b600074231341800004300000f000003f10000a6cdc70000000010015088310000000182c6342390001ec290ac0f005758000c0039070000000e05ef00f0011504c800450106b50006b600054231341800004300000f000003f10000a6cdc70000000010015088310000000182c633fc80001ec28ed90f0053f5000d0136050000000e05ef00f0011504c800450106b5000bb6000a4231341800004300000f000003f10000a6cdc70000000010015088310000000182c633d57a001ec290690f005071000a005b040000f00e05ef00f0011504c800450106b50016b6001642313f1800004300000f000003f10000a6cdc70000000010015088310000000182c633d570001ec290690f005071000a005b040000000e05ef00f0001504c800450106b50016b600164231401800004300000f000003f10000a6cdc70000000010015088310000000182c63344e8011ec28d380f00561b001c0000050000f60f06ef00f0001504c8004501f60106b5000ab6000942315b1800004300000f000003f10000a6cdc700000000100150883100110000565e
INFO:root:gps_data,imei=860147042635654 raw_data="00000000000004de081100000182c63659f8001ec28dbd0f0054ac000b00cd040000000e05ef00f0011504c800450106b5000eb6000d4231601800004300000f000003f10000a6cdc70000000010015088310000000182c63632e8001ec28d5a0f00531c00000000000000000e05ef00f0011504c800450206b50000b600004231061800004300000f000003f10000a6cdc70000000010015088310000000182c6360bd8001ec28d380f005370000b015d050000000e05ef00f0011504c800450106b5000cb6000b4231561800004300000f000003f10000a6cdc70000000010015088310000000182c635e4c8001ec28ce50f005725000c002e050000000e05ef00f0011504c800450106b5000cb6000b4231541800004300000f000003f10000a6cdc70000000010015088310000000182c635bdb8001ec28ce50f005725000c002e050000000e05ef00f0011504c800450106b5000bb6000b4231541800004300000f000003f10000a6cdc70000000010015088310000000182c63596a8001ec28ce50f005725000c002e050000000e05ef00f0011504c800450106b5000bb6000b4231401800004300000f000003f10000a6cdc70000000010015088310000000182c6356f98001ec284d20f005553000d00e7050000f00e05ef00f0011504c800450106b5000bb6000b4231341800004300000f000003f10000a6cdc70000000010015088310000000182c634d358001ec289a30f0056f400130004040000f00e05ef00f0001504c800450106b50016b600164231341800004300000f000003f10000a6cdc70000000010015088310000000182c634bfd0001ec289a30f0056f400130004050000000e05ef00f0011504c800450106b50009b600084231341800004300000f000003f10000a6cdc70000000010015088310000000182c63498c0001ec289a30f0056f400130004050000000e05ef00f0011504c800450106b50009b600084231341800004300000f000003f10000a6cdc70000000010015088310000000182c63471b0001ec28ce50f0053d3000c00e2060000000e05ef00f0011504c800450106b50007b600054231341800004300000f000003f10000a6cdc70000000010015088310000000182c6344aa0001ec28ce50f0053d3000c00e2060000000e05ef00f0011504c800450106b50008b600074231341800004300000f000003f10000a6cdc70000000010015088310000000182c6342390001ec290ac0f005758000c0039070000000e05ef00f0011504c800450106b50006b600054231341800004300000f000003f10000a6cdc70000000010015088310000000182c633fc80001ec28ed90f0053f5000d0136050000000e05ef00f0011504c800450106b5000bb6000a4231341800004300000f000003f10000a6cdc70000000010015088310000000182c633d57a001ec290690f005071000a005b040000f00e05ef00f0011504c800450106b50016b6001642313f1800004300000f000003f10000a6cdc70000000010015088310000000182c633d570001ec290690f005071000a005b040000000e05ef00f0001504c800450106b50016b600164231401800004300000f000003f10000a6cdc70000000010015088310000000182c63344e8011ec28d380f00561b001c0000050000f60f06ef00f0001504c8004501f60106b5000ab6000942315b1800004300000f000003f10000a6cdc700000000100150883100110000565e"1661185849363118271
INFO:root:Lock acquired by860147042635654
>>> Request: 'POST http://172.21.0.2:8086/api/v2/write?org=qeeri&bucket=gps&precision=ns'
DEBUG:influxdb_client.client.http:>>> Request: 'POST http://172.21.0.2:8086/api/v2/write?org=qeeri&bucket=gps&precision=ns'
>>> Content-Encoding: identity
DEBUG:influxdb_client.client.http:>>> Content-Encoding: identity
>>> Content-Type: text/plain
DEBUG:influxdb_client.client.http:>>> Content-Type: text/plain
>>> Accept: application/json
DEBUG:influxdb_client.client.http:>>> Accept: application/json
>>> Authorization: ***
DEBUG:influxdb_client.client.http:>>> Authorization: ***
>>> User-Agent: influxdb-client-python/1.31.0
DEBUG:influxdb_client.client.http:>>> User-Agent: influxdb-client-python/1.31.0
>>> Body: b'gps_data,imei=860147042635654 raw_data="00000000000004de081100000182c63659f8001ec28dbd0f0054ac000b00cd040000000e05ef00f0011504c800450106b5000eb6000d4231601800004300000f000003f10000a6cdc70000000010015088310000000182c63632e8001ec28d5a0f00531c00000000000000000e05ef00f0011504c800450206b50000b600004231061800004300000f000003f10000a6cdc70000000010015088310000000182c6360bd8001ec28d380f005370000b015d050000000e05ef00f0011504c800450106b5000cb6000b4231561800004300000f000003f10000a6cdc70000000010015088310000000182c635e4c8001ec28ce50f005725000c002e050000000e05ef00f0011504c800450106b5000cb6000b4231541800004300000f000003f10000a6cdc70000000010015088310000000182c635bdb8001ec28ce50f005725000c002e050000000e05ef00f0011504c800450106b5000bb6000b4231541800004300000f000003f10000a6cdc70000000010015088310000000182c63596a8001ec28ce50f005725000c002e050000000e05ef00f0011504c800450106b5000bb6000b4231401800004300000f000003f10000a6cdc70000000010015088310000000182c6356f98001ec284d20f005553000d00e7050000f00e05ef00f0011504c800450106b5000bb6000b4231341800004300000f000003f10000a6cdc70000000010015088310000000182c634d358001ec289a30f0056f400130004040000f00e05ef00f0001504c800450106b50016b600164231341800004300000f000003f10000a6cdc70000000010015088310000000182c634bfd0001ec289a30f0056f400130004050000000e05ef00f0011504c800450106b50009b600084231341800004300000f000003f10000a6cdc70000000010015088310000000182c63498c0001ec289a30f0056f400130004050000000e05ef00f0011504c800450106b50009b600084231341800004300000f000003f10000a6cdc70000000010015088310000000182c63471b0001ec28ce50f0053d3000c00e2060000000e05ef00f0011504c800450106b50007b600054231341800004300000f000003f10000a6cdc70000000010015088310000000182c6344aa0001ec28ce50f0053d3000c00e2060000000e05ef00f0011504c800450106b50008b600074231341800004300000f000003f10000a6cdc70000000010015088310000000182c6342390001ec290ac0f005758000c0039070000000e05ef00f0011504c800450106b50006b600054231341800004300000f000003f10000a6cdc70000000010015088310000000182c633fc80001ec28ed90f0053f5000d0136050000000e05ef00f0011504c800450106b5000bb6000a4231341800004300000f000003f10000a6cdc70000000010015088310000000182c633d57a001ec290690f005071000a005b040000f00e05ef00f0011504c800450106b50016b6001642313f1800004300000f000003f10000a6cdc70000000010015088310000000182c633d570001ec290690f005071000a005b040000000e05ef00f0001504c800450106b50016b600164231401800004300000f000003f10000a6cdc70000000010015088310000000182c63344e8011ec28d380f00561b001c0000050000f60f06ef00f0001504c8004501f60106b5000ab6000942315b1800004300000f000003f10000a6cdc700000000100150883100110000565e"1661185849363118271'
DEBUG:influxdb_client.client.http:>>> Body: b'gps_data,imei=860147042635654 raw_data="00000000000004de081100000182c63659f8001ec28dbd0f0054ac000b00cd040000000e05ef00f0011504c800450106b5000eb6000d4231601800004300000f000003f10000a6cdc70000000010015088310000000182c63632e8001ec28d5a0f00531c00000000000000000e05ef00f0011504c800450206b50000b600004231061800004300000f000003f10000a6cdc70000000010015088310000000182c6360bd8001ec28d380f005370000b015d050000000e05ef00f0011504c800450106b5000cb6000b4231561800004300000f000003f10000a6cdc70000000010015088310000000182c635e4c8001ec28ce50f005725000c002e050000000e05ef00f0011504c800450106b5000cb6000b4231541800004300000f000003f10000a6cdc70000000010015088310000000182c635bdb8001ec28ce50f005725000c002e050000000e05ef00f0011504c800450106b5000bb6000b4231541800004300000f000003f10000a6cdc70000000010015088310000000182c63596a8001ec28ce50f005725000c002e050000000e05ef00f0011504c800450106b5000bb6000b4231401800004300000f000003f10000a6cdc70000000010015088310000000182c6356f98001ec284d20f005553000d00e7050000f00e05ef00f0011504c800450106b5000bb6000b4231341800004300000f000003f10000a6cdc70000000010015088310000000182c634d358001ec289a30f0056f400130004040000f00e05ef00f0001504c800450106b50016b600164231341800004300000f000003f10000a6cdc70000000010015088310000000182c634bfd0001ec289a30f0056f400130004050000000e05ef00f0011504c800450106b50009b600084231341800004300000f000003f10000a6cdc70000000010015088310000000182c63498c0001ec289a30f0056f400130004050000000e05ef00f0011504c800450106b50009b600084231341800004300000f000003f10000a6cdc70000000010015088310000000182c63471b0001ec28ce50f0053d3000c00e2060000000e05ef00f0011504c800450106b50007b600054231341800004300000f000003f10000a6cdc70000000010015088310000000182c6344aa0001ec28ce50f0053d3000c00e2060000000e05ef00f0011504c800450106b50008b600074231341800004300000f000003f10000a6cdc70000000010015088310000000182c6342390001ec290ac0f005758000c0039070000000e05ef00f0011504c800450106b50006b600054231341800004300000f000003f10000a6cdc70000000010015088310000000182c633fc80001ec28ed90f0053f5000d0136050000000e05ef00f0011504c800450106b5000bb6000a4231341800004300000f000003f10000a6cdc70000000010015088310000000182c633d57a001ec290690f005071000a005b040000f00e05ef00f0011504c800450106b50016b6001642313f1800004300000f000003f10000a6cdc70000000010015088310000000182c633d570001ec290690f005071000a005b040000000e05ef00f0001504c800450106b50016b600164231401800004300000f000003f10000a6cdc70000000010015088310000000182c63344e8011ec28d380f00561b001c0000050000f60f06ef00f0001504c8004501f60106b5000ab6000942315b1800004300000f000003f10000a6cdc700000000100150883100110000565e"1661185849363118271'
DEBUG:urllib3.util.retry:Converted retries value: False -> Retry(total=False, connect=None, read=None, redirect=0, status=None)
INFO:root:the length of handshake message is 17
this is the imei  860147042649242
hello
DEBUG:urllib3.connectionpool:http://172.21.0.2:8086 "POST /api/v2/write?org=qeeri&bucket=gps&precision=ns HTTP/1.1" 204 0
<<< Response: 204
DEBUG:influxdb_client.client.http:<<< Response: 204
<<< Date: Mon, 22 Aug 2022 16:30:49 GMT
DEBUG:influxdb_client.client.http:<<< Date: Mon, 22 Aug 2022 16:30:49 GMT
<<< Body: 
DEBUG:influxdb_client.client.http:<<< Body: 
INFO:root:Lock released by860147042635654
INFO:root:length of packet 1249
INFO:root:00000000000004d4080f00000182c5f59fa8001ea56ac20f185ff2001000c30c0000000e05ef00f0001505c800450106b50005b600034232e81800004300000f000003f10000a6cdc700000000100110e4e20000000182c5f2e088001ea56ac20f185ff2000c00c30b0000000e05ef00f0001505c800450106b50005b600034232e61800004300000f000003f10000a6cdc700000000100110e4e20000000182c5f02168001ea56ac20f185ff2000c00c30c0000f00e05ef00f0001505c800450106b50005b600034232e21800004300000f000003f10000a6cdc700000000100110e4e20000000182c5f011c8001ea56ac20f185ff2000c00c30c0000000e05ef00f0011505c800450106b50005b600034232bb1800004300000f000003f10000a6cdc700000000100110e4e20000000182c5efeab8001ea56ac20f185ff2000c00c30b0000000e05ef00f0011505c800450106b50005b600034232e41800004300000f000003f10000a6cdc700000000100110e4e20000000182c5efc3a8001ea56ac20f185ff2000c00c30d0000000e05ef00f0011505c800450106b50005b600034232b41800004300000f000003f10000a6cdc700000000100110e4e20000000182c5ef9c98001ea56ac20f185ff2000c00c30e0000000e05ef00f0011505c800450106b50005b600034232ab1800004300000f000003f10000a6cdc700000000100110e4e20000000182c5ef7588001ea56ac20f185ff2000c00c30e0000000e05ef00f0011505c800450106b50004b600034232b51800004300000f000003f10000a6cdc700000000100110e4e20000000182c5ef4e78001ea56ac20f185ff2000c00c30e0000000e05ef00f0011505c800450106b50005b600034232911800004300000f000003f10000a6cdc700000000100110e4e20000000182c5ef2768001ea56ac20f185ff2000c00c30d0000000e05ef00f0011505c800450106b50005b600034232971800004300000f000003f10000a6cdc700000000100110e4e20000000182c5ef0058001ea56ac20f185ff2000c00c30b0000000e05ef00f0011505c800450106b50006b600044232651800004300000f000003f10000a6cdc700000000100110e4e20000000182c5eed948001ea56ac20f185ff2000c00c30b0000000e05ef00f0011505c800450106b50005b600044232951800004300000f000003f10000a6cdc700000000100110e4e20000000182c5eeb238001ea56ac20f185ff2000c00c30c0000002213ef00f0011505c80045011e001f08205b2100231925002604273b29002e002f003043326235290cb50005b600034233941800004300000f00002400ac2a00c82b000031095833312834000703f10000a6cdc700000000100110e4e20000000182c5ee8b28001ea56ac20f185ff2000c00c30b0000002213ef00f0011505c80045011e001f12205b2100231925002604273b29002e002f003043326235290cb50005b6000442338f1800004300000f00002400ac2a00c82b000031095833312834000703f10000a6cdc700000000100110e4e20000000182c5ee6418001ea56ac20f185ff2000c00c3090000002213ef00f0011505c80045011e001f32205b2100233025032601273b29002e002f003043326235290cb50006b600054237c51800004300000f000024030c2a00bd2b000031095833362a34002203f10000a6cdc700000000100110e4e2000f000096d2
INFO:root:gps_data,imei=860147042649242 raw_data="00000000000004d4080f00000182c5f59fa8001ea56ac20f185ff2001000c30c0000000e05ef00f0001505c800450106b50005b600034232e81800004300000f000003f10000a6cdc700000000100110e4e20000000182c5f2e088001ea56ac20f185ff2000c00c30b0000000e05ef00f0001505c800450106b50005b600034232e61800004300000f000003f10000a6cdc700000000100110e4e20000000182c5f02168001ea56ac20f185ff2000c00c30c0000f00e05ef00f0001505c800450106b50005b600034232e21800004300000f000003f10000a6cdc700000000100110e4e20000000182c5f011c8001ea56ac20f185ff2000c00c30c0000000e05ef00f0011505c800450106b50005b600034232bb1800004300000f000003f10000a6cdc700000000100110e4e20000000182c5efeab8001ea56ac20f185ff2000c00c30b0000000e05ef00f0011505c800450106b50005b600034232e41800004300000f000003f10000a6cdc700000000100110e4e20000000182c5efc3a8001ea56ac20f185ff2000c00c30d0000000e05ef00f0011505c800450106b50005b600034232b41800004300000f000003f10000a6cdc700000000100110e4e20000000182c5ef9c98001ea56ac20f185ff2000c00c30e0000000e05ef00f0011505c800450106b50005b600034232ab1800004300000f000003f10000a6cdc700000000100110e4e20000000182c5ef7588001ea56ac20f185ff2000c00c30e0000000e05ef00f0011505c800450106b50004b600034232b51800004300000f000003f10000a6cdc700000000100110e4e20000000182c5ef4e78001ea56ac20f185ff2000c00c30e0000000e05ef00f0011505c800450106b50005b600034232911800004300000f000003f10000a6cdc700000000100110e4e20000000182c5ef2768001ea56ac20f185ff2000c00c30d0000000e05ef00f0011505c800450106b50005b600034232971800004300000f000003f10000a6cdc700000000100110e4e20000000182c5ef0058001ea56ac20f185ff2000c00c30b0000000e05ef00f0011505c800450106b50006b600044232651800004300000f000003f10000a6cdc700000000100110e4e20000000182c5eed948001ea56ac20f185ff2000c00c30b0000000e05ef00f0011505c800450106b50005b600044232951800004300000f000003f10000a6cdc700000000100110e4e20000000182c5eeb238001ea56ac20f185ff2000c00c30c0000002213ef00f0011505c80045011e001f08205b2100231925002604273b29002e002f003043326235290cb50005b600034233941800004300000f00002400ac2a00c82b000031095833312834000703f10000a6cdc700000000100110e4e20000000182c5ee8b28001ea56ac20f185ff2000c00c30b0000002213ef00f0011505c80045011e001f12205b2100231925002604273b29002e002f003043326235290cb50005b6000442338f1800004300000f00002400ac2a00c82b000031095833312834000703f10000a6cdc700000000100110e4e20000000182c5ee6418001ea56ac20f185ff2000c00c3090000002213ef00f0011505c80045011e001f32205b2100233025032601273b29002e002f003043326235290cb50006b600054237c51800004300000f000024030c2a00bd2b000031095833362a34002203f10000a6cdc700000000100110e4e2000f000096d2"1661185850960210041
INFO:root:Lock acquired by860147042649242
>>> Request: 'POST http://172.21.0.2:8086/api/v2/write?org=qeeri&bucket=gps&precision=ns'
DEBUG:influxdb_client.client.http:>>> Request: 'POST http://172.21.0.2:8086/api/v2/write?org=qeeri&bucket=gps&precision=ns'
>>> Content-Encoding: identity
DEBUG:influxdb_client.client.http:>>> Content-Encoding: identity
>>> Content-Type: text/plain
DEBUG:influxdb_client.client.http:>>> Content-Type: text/plain
>>> Accept: application/json
DEBUG:influxdb_client.client.http:>>> Accept: application/json
>>> Authorization: ***
DEBUG:influxdb_client.client.http:>>> Authorization: ***
>>> User-Agent: influxdb-client-python/1.31.0
DEBUG:influxdb_client.client.http:>>> User-Agent: influxdb-client-python/1.31.0
>>> Body: b'gps_data,imei=860147042649242 raw_data="00000000000004d4080f00000182c5f59fa8001ea56ac20f185ff2001000c30c0000000e05ef00f0001505c800450106b50005b600034232e81800004300000f000003f10000a6cdc700000000100110e4e20000000182c5f2e088001ea56ac20f185ff2000c00c30b0000000e05ef00f0001505c800450106b50005b600034232e61800004300000f000003f10000a6cdc700000000100110e4e20000000182c5f02168001ea56ac20f185ff2000c00c30c0000f00e05ef00f0001505c800450106b50005b600034232e21800004300000f000003f10000a6cdc700000000100110e4e20000000182c5f011c8001ea56ac20f185ff2000c00c30c0000000e05ef00f0011505c800450106b50005b600034232bb1800004300000f000003f10000a6cdc700000000100110e4e20000000182c5efeab8001ea56ac20f185ff2000c00c30b0000000e05ef00f0011505c800450106b50005b600034232e41800004300000f000003f10000a6cdc700000000100110e4e20000000182c5efc3a8001ea56ac20f185ff2000c00c30d0000000e05ef00f0011505c800450106b50005b600034232b41800004300000f000003f10000a6cdc700000000100110e4e20000000182c5ef9c98001ea56ac20f185ff2000c00c30e0000000e05ef00f0011505c800450106b50005b600034232ab1800004300000f000003f10000a6cdc700000000100110e4e20000000182c5ef7588001ea56ac20f185ff2000c00c30e0000000e05ef00f0011505c800450106b50004b600034232b51800004300000f000003f10000a6cdc700000000100110e4e20000000182c5ef4e78001ea56ac20f185ff2000c00c30e0000000e05ef00f0011505c800450106b50005b600034232911800004300000f000003f10000a6cdc700000000100110e4e20000000182c5ef2768001ea56ac20f185ff2000c00c30d0000000e05ef00f0011505c800450106b50005b600034232971800004300000f000003f10000a6cdc700000000100110e4e20000000182c5ef0058001ea56ac20f185ff2000c00c30b0000000e05ef00f0011505c800450106b50006b600044232651800004300000f000003f10000a6cdc700000000100110e4e20000000182c5eed948001ea56ac20f185ff2000c00c30b0000000e05ef00f0011505c800450106b50005b600044232951800004300000f000003f10000a6cdc700000000100110e4e20000000182c5eeb238001ea56ac20f185ff2000c00c30c0000002213ef00f0011505c80045011e001f08205b2100231925002604273b29002e002f003043326235290cb50005b600034233941800004300000f00002400ac2a00c82b000031095833312834000703f10000a6cdc700000000100110e4e20000000182c5ee8b28001ea56ac20f185ff2000c00c30b0000002213ef00f0011505c80045011e001f12205b2100231925002604273b29002e002f003043326235290cb50005b6000442338f1800004300000f00002400ac2a00c82b000031095833312834000703f10000a6cdc700000000100110e4e20000000182c5ee6418001ea56ac20f185ff2000c00c3090000002213ef00f0011505c80045011e001f32205b2100233025032601273b29002e002f003043326235290cb50006b600054237c51800004300000f000024030c2a00bd2b000031095833362a34002203f10000a6cdc700000000100110e4e2000f000096d2"1661185850960210041'
DEBUG:influxdb_client.client.http:>>> Body: b'gps_data,imei=860147042649242 raw_data="00000000000004d4080f00000182c5f59fa8001ea56ac20f185ff2001000c30c0000000e05ef00f0001505c800450106b50005b600034232e81800004300000f000003f10000a6cdc700000000100110e4e20000000182c5f2e088001ea56ac20f185ff2000c00c30b0000000e05ef00f0001505c800450106b50005b600034232e61800004300000f000003f10000a6cdc700000000100110e4e20000000182c5f02168001ea56ac20f185ff2000c00c30c0000f00e05ef00f0001505c800450106b50005b600034232e21800004300000f000003f10000a6cdc700000000100110e4e20000000182c5f011c8001ea56ac20f185ff2000c00c30c0000000e05ef00f0011505c800450106b50005b600034232bb1800004300000f000003f10000a6cdc700000000100110e4e20000000182c5efeab8001ea56ac20f185ff2000c00c30b0000000e05ef00f0011505c800450106b50005b600034232e41800004300000f000003f10000a6cdc700000000100110e4e20000000182c5efc3a8001ea56ac20f185ff2000c00c30d0000000e05ef00f0011505c800450106b50005b600034232b41800004300000f000003f10000a6cdc700000000100110e4e20000000182c5ef9c98001ea56ac20f185ff2000c00c30e0000000e05ef00f0011505c800450106b50005b600034232ab1800004300000f000003f10000a6cdc700000000100110e4e20000000182c5ef7588001ea56ac20f185ff2000c00c30e0000000e05ef00f0011505c800450106b50004b600034232b51800004300000f000003f10000a6cdc700000000100110e4e20000000182c5ef4e78001ea56ac20f185ff2000c00c30e0000000e05ef00f0011505c800450106b50005b600034232911800004300000f000003f10000a6cdc700000000100110e4e20000000182c5ef2768001ea56ac20f185ff2000c00c30d0000000e05ef00f0011505c800450106b50005b600034232971800004300000f000003f10000a6cdc700000000100110e4e20000000182c5ef0058001ea56ac20f185ff2000c00c30b0000000e05ef00f0011505c800450106b50006b600044232651800004300000f000003f10000a6cdc700000000100110e4e20000000182c5eed948001ea56ac20f185ff2000c00c30b0000000e05ef00f0011505c800450106b50005b600044232951800004300000f000003f10000a6cdc700000000100110e4e20000000182c5eeb238001ea56ac20f185ff2000c00c30c0000002213ef00f0011505c80045011e001f08205b2100231925002604273b29002e002f003043326235290cb50005b600034233941800004300000f00002400ac2a00c82b000031095833312834000703f10000a6cdc700000000100110e4e20000000182c5ee8b28001ea56ac20f185ff2000c00c30b0000002213ef00f0011505c80045011e001f12205b2100231925002604273b29002e002f003043326235290cb50005b6000442338f1800004300000f00002400ac2a00c82b000031095833312834000703f10000a6cdc700000000100110e4e20000000182c5ee6418001ea56ac20f185ff2000c00c3090000002213ef00f0011505c80045011e001f32205b2100233025032601273b29002e002f003043326235290cb50006b600054237c51800004300000f000024030c2a00bd2b000031095833362a34002203f10000a6cdc700000000100110e4e2000f000096d2"1661185850960210041'
DEBUG:urllib3.util.retry:Converted retries value: False -> Retry(total=False, connect=None, read=None, redirect=0, status=None)
DEBUG:urllib3.connectionpool:http://172.21.0.2:8086 "POST /api/v2/write?org=qeeri&bucket=gps&precision=ns HTTP/1.1" 204 0
<<< Response: 204
DEBUG:influxdb_client.client.http:<<< Response: 204
<<< Date: Mon, 22 Aug 2022 16:30:50 GMT
DEBUG:influxdb_client.client.http:<<< Date: Mon, 22 Aug 2022 16:30:50 GMT
<<< Body: 
DEBUG:influxdb_client.client.http:<<< Body: 
INFO:root:Lock released by860147042649242
hello
INFO:root:[ACTIVE CONNECTIONS] 1
INFO:root:2022-08-22 16:30:51.267712
INFO:root:the length of handshake message is 17
this is the imei  860147042636678
hello
hello
INFO:root:[ACTIVE CONNECTIONS] 2
INFO:root:2022-08-22 16:30:51.725540
INFO:root:the length of handshake message is 17
this is the imei  860147042626570
hello
hello
INFO:root:[ACTIVE CONNECTIONS] 3
INFO:root:2022-08-22 16:30:52.759179
INFO:root:the length of handshake message is 17
this is the imei  860147042626836
hello
INFO:root:length of packet 1257
INFO:root:00000000000004dc081100000182c64d25e8001ea28a1a0f17cc29001500c10e0014000e05ef00f0011505c800450106b50006b600034234281800144300000f000003f10000a6cdc700000000100225a8400000000182c64cfed8001ea275450f17d90d0016006b0e0025000e05ef00f0011505c800450106b50005b600034234281800254300000f000003f10000a6cdc700000000100225a7f70000000182c64cd7c8001ea24cd70f17e6da001b006a0e0027000e05ef00f0011505c800450106b50006b600034234371800274300000f000003f10000a6cdc700000000100225a7870000000182c64cb0b8001ea238ca0f17efd6001900eb0e000a000e05ef00f0011505c800450106b50006b6000342342618000a4300000f000003f10000a6cdc700000000100225a7480000000182c64c89a8001ea2455a0f17ed1a0019011d0e000d000e05ef00f0011504c800450106b50006b600034233fc18000d4300000f000003f10000a6cdc700000000100225a7260000000182c64c6298001ea26b810f17e388001601200f003b000e05ef00f0011504c800450106b50004b600034233e818003b4300000f000003f10000a6cdc700000000100225a6c00000000182c64c3b88001ea2b8000f17cb2f001501200f0056000e05ef00f0011504c800450106b50004b6000342342c1800564300000f000003f10000a6cdc700000000100225a5f00000000182c64c1478001ea308140f17b3390015011e0e0056000e05ef00f0011504c800450106b50005b6000342341a1800564300000f000003f10000a6cdc700000000100225a5170000000182c64bed68001ea361030f179878001601200e0054000e05ef00f0011504c800450106b50005b600034234231800524300000f000003f10000a6cdc700000000100225a40f0000000182c64bc658001ea3b1170f177f990011011f0f0045000e05ef00f0011504c800450106b50004b6000342341e1800454300000f000003f10000a6cdc700000000100225a34c0000000182c64b9f48001ea3e7f90f176cc8001001230d0021000e05ef00f0011504c800450106b50005b6000342341d1800214300000f000003f10000a6cdc700000000100225a2b50000000182c64b7838001ea3f2960f176912001001180e0000000e05ef00f0011504c800450106b50005b600034233d71800004300000f000003f10000a6cdc700000000100225a2950000000182c64b5128001ea3f2960f176912001001180e0000000e05ef00f0011504c800450106b50004b600034233c71800004300000f000003f10000a6cdc700000000100225a2950000000182c64b2a18001ea3f2960f176912001001180e0000000e05ef00f0011503c800450106b50004b600034233d01800004300000f000003f10000a6cdc700000000100225a2950000000182c64b0308001ea3f2850f176923001001180e0000000e05ef00f0011503c800450106b50005b600034233e51800004300000f000003f10000a6cdc700000000100225a2950000000182c64adbf8001ea408120f1763fe0013011b0e002c000e05ef00f0011503c800450106b50004b600034233f618002c4300000f000003f10000a6cdc700000000100225a25e0000000182c64ab4e8001ea447be0f17510c001701220d0039000e05ef00f0011503c800450106b50005b6000342341d1800394300000f000003f10000a6cdc700000000100225a1b2001100002d05
INFO:root:gps_data,imei=860147042636678 raw_data="00000000000004dc081100000182c64d25e8001ea28a1a0f17cc29001500c10e0014000e05ef00f0011505c800450106b50006b600034234281800144300000f000003f10000a6cdc700000000100225a8400000000182c64cfed8001ea275450f17d90d0016006b0e0025000e05ef00f0011505c800450106b50005b600034234281800254300000f000003f10000a6cdc700000000100225a7f70000000182c64cd7c8001ea24cd70f17e6da001b006a0e0027000e05ef00f0011505c800450106b50006b600034234371800274300000f000003f10000a6cdc700000000100225a7870000000182c64cb0b8001ea238ca0f17efd6001900eb0e000a000e05ef00f0011505c800450106b50006b6000342342618000a4300000f000003f10000a6cdc700000000100225a7480000000182c64c89a8001ea2455a0f17ed1a0019011d0e000d000e05ef00f0011504c800450106b50006b600034233fc18000d4300000f000003f10000a6cdc700000000100225a7260000000182c64c6298001ea26b810f17e388001601200f003b000e05ef00f0011504c800450106b50004b600034233e818003b4300000f000003f10000a6cdc700000000100225a6c00000000182c64c3b88001ea2b8000f17cb2f001501200f0056000e05ef00f0011504c800450106b50004b6000342342c1800564300000f000003f10000a6cdc700000000100225a5f00000000182c64c1478001ea308140f17b3390015011e0e0056000e05ef00f0011504c800450106b50005b6000342341a1800564300000f000003f10000a6cdc700000000100225a5170000000182c64bed68001ea361030f179878001601200e0054000e05ef00f0011504c800450106b50005b600034234231800524300000f000003f10000a6cdc700000000100225a40f0000000182c64bc658001ea3b1170f177f990011011f0f0045000e05ef00f0011504c800450106b50004b6000342341e1800454300000f000003f10000a6cdc700000000100225a34c0000000182c64b9f48001ea3e7f90f176cc8001001230d0021000e05ef00f0011504c800450106b50005b6000342341d1800214300000f000003f10000a6cdc700000000100225a2b50000000182c64b7838001ea3f2960f176912001001180e0000000e05ef00f0011504c800450106b50005b600034233d71800004300000f000003f10000a6cdc700000000100225a2950000000182c64b5128001ea3f2960f176912001001180e0000000e05ef00f0011504c800450106b50004b600034233c71800004300000f000003f10000a6cdc700000000100225a2950000000182c64b2a18001ea3f2960f176912001001180e0000000e05ef00f0011503c800450106b50004b600034233d01800004300000f000003f10000a6cdc700000000100225a2950000000182c64b0308001ea3f2850f176923001001180e0000000e05ef00f0011503c800450106b50005b600034233e51800004300000f000003f10000a6cdc700000000100225a2950000000182c64adbf8001ea408120f1763fe0013011b0e002c000e05ef00f0011503c800450106b50004b600034233f618002c4300000f000003f10000a6cdc700000000100225a25e0000000182c64ab4e8001ea447be0f17510c001701220d0039000e05ef00f0011503c800450106b50005b6000342341d1800394300000f000003f10000a6cdc700000000100225a1b2001100002d05"1661185852992843762
INFO:root:Lock acquired by860147042636678
>>> Request: 'POST http://172.21.0.2:8086/api/v2/write?org=qeeri&bucket=gps&precision=ns'
DEBUG:influxdb_client.client.http:>>> Request: 'POST http://172.21.0.2:8086/api/v2/write?org=qeeri&bucket=gps&precision=ns'
>>> Content-Encoding: identity
DEBUG:influxdb_client.client.http:>>> Content-Encoding: identity
>>> Content-Type: text/plain
DEBUG:influxdb_client.client.http:>>> Content-Type: text/plain
>>> Accept: application/json
DEBUG:influxdb_client.client.http:>>> Accept: application/json
>>> Authorization: ***
DEBUG:influxdb_client.client.http:>>> Authorization: ***
>>> User-Agent: influxdb-client-python/1.31.0
DEBUG:influxdb_client.client.http:>>> User-Agent: influxdb-client-python/1.31.0
>>> Body: b'gps_data,imei=860147042636678 raw_data="00000000000004dc081100000182c64d25e8001ea28a1a0f17cc29001500c10e0014000e05ef00f0011505c800450106b50006b600034234281800144300000f000003f10000a6cdc700000000100225a8400000000182c64cfed8001ea275450f17d90d0016006b0e0025000e05ef00f0011505c800450106b50005b600034234281800254300000f000003f10000a6cdc700000000100225a7f70000000182c64cd7c8001ea24cd70f17e6da001b006a0e0027000e05ef00f0011505c800450106b50006b600034234371800274300000f000003f10000a6cdc700000000100225a7870000000182c64cb0b8001ea238ca0f17efd6001900eb0e000a000e05ef00f0011505c800450106b50006b6000342342618000a4300000f000003f10000a6cdc700000000100225a7480000000182c64c89a8001ea2455a0f17ed1a0019011d0e000d000e05ef00f0011504c800450106b50006b600034233fc18000d4300000f000003f10000a6cdc700000000100225a7260000000182c64c6298001ea26b810f17e388001601200f003b000e05ef00f0011504c800450106b50004b600034233e818003b4300000f000003f10000a6cdc700000000100225a6c00000000182c64c3b88001ea2b8000f17cb2f001501200f0056000e05ef00f0011504c800450106b50004b6000342342c1800564300000f000003f10000a6cdc700000000100225a5f00000000182c64c1478001ea308140f17b3390015011e0e0056000e05ef00f0011504c800450106b50005b6000342341a1800564300000f000003f10000a6cdc700000000100225a5170000000182c64bed68001ea361030f179878001601200e0054000e05ef00f0011504c800450106b50005b600034234231800524300000f000003f10000a6cdc700000000100225a40f0000000182c64bc658001ea3b1170f177f990011011f0f0045000e05ef00f0011504c800450106b50004b6000342341e1800454300000f000003f10000a6cdc700000000100225a34c0000000182c64b9f48001ea3e7f90f176cc8001001230d0021000e05ef00f0011504c800450106b50005b6000342341d1800214300000f000003f10000a6cdc700000000100225a2b50000000182c64b7838001ea3f2960f176912001001180e0000000e05ef00f0011504c800450106b50005b600034233d71800004300000f000003f10000a6cdc700000000100225a2950000000182c64b5128001ea3f2960f176912001001180e0000000e05ef00f0011504c800450106b50004b600034233c71800004300000f000003f10000a6cdc700000000100225a2950000000182c64b2a18001ea3f2960f176912001001180e0000000e05ef00f0011503c800450106b50004b600034233d01800004300000f000003f10000a6cdc700000000100225a2950000000182c64b0308001ea3f2850f176923001001180e0000000e05ef00f0011503c800450106b50005b600034233e51800004300000f000003f10000a6cdc700000000100225a2950000000182c64adbf8001ea408120f1763fe0013011b0e002c000e05ef00f0011503c800450106b50004b600034233f618002c4300000f000003f10000a6cdc700000000100225a25e0000000182c64ab4e8001ea447be0f17510c001701220d0039000e05ef00f0011503c800450106b50005b6000342341d1800394300000f000003f10000a6cdc700000000100225a1b2001100002d05"1661185852992843762'
DEBUG:influxdb_client.client.http:>>> Body: b'gps_data,imei=860147042636678 raw_data="00000000000004dc081100000182c64d25e8001ea28a1a0f17cc29001500c10e0014000e05ef00f0011505c800450106b50006b600034234281800144300000f000003f10000a6cdc700000000100225a8400000000182c64cfed8001ea275450f17d90d0016006b0e0025000e05ef00f0011505c800450106b50005b600034234281800254300000f000003f10000a6cdc700000000100225a7f70000000182c64cd7c8001ea24cd70f17e6da001b006a0e0027000e05ef00f0011505c800450106b50006b600034234371800274300000f000003f10000a6cdc700000000100225a7870000000182c64cb0b8001ea238ca0f17efd6001900eb0e000a000e05ef00f0011505c800450106b50006b6000342342618000a4300000f000003f10000a6cdc700000000100225a7480000000182c64c89a8001ea2455a0f17ed1a0019011d0e000d000e05ef00f0011504c800450106b50006b600034233fc18000d4300000f000003f10000a6cdc700000000100225a7260000000182c64c6298001ea26b810f17e388001601200f003b000e05ef00f0011504c800450106b50004b600034233e818003b4300000f000003f10000a6cdc700000000100225a6c00000000182c64c3b88001ea2b8000f17cb2f001501200f0056000e05ef00f0011504c800450106b50004b6000342342c1800564300000f000003f10000a6cdc700000000100225a5f00000000182c64c1478001ea308140f17b3390015011e0e0056000e05ef00f0011504c800450106b50005b6000342341a1800564300000f000003f10000a6cdc700000000100225a5170000000182c64bed68001ea361030f179878001601200e0054000e05ef00f0011504c800450106b50005b600034234231800524300000f000003f10000a6cdc700000000100225a40f0000000182c64bc658001ea3b1170f177f990011011f0f0045000e05ef00f0011504c800450106b50004b6000342341e1800454300000f000003f10000a6cdc700000000100225a34c0000000182c64b9f48001ea3e7f90f176cc8001001230d0021000e05ef00f0011504c800450106b50005b6000342341d1800214300000f000003f10000a6cdc700000000100225a2b50000000182c64b7838001ea3f2960f176912001001180e0000000e05ef00f0011504c800450106b50005b600034233d71800004300000f000003f10000a6cdc700000000100225a2950000000182c64b5128001ea3f2960f176912001001180e0000000e05ef00f0011504c800450106b50004b600034233c71800004300000f000003f10000a6cdc700000000100225a2950000000182c64b2a18001ea3f2960f176912001001180e0000000e05ef00f0011503c800450106b50004b600034233d01800004300000f000003f10000a6cdc700000000100225a2950000000182c64b0308001ea3f2850f176923001001180e0000000e05ef00f0011503c800450106b50005b600034233e51800004300000f000003f10000a6cdc700000000100225a2950000000182c64adbf8001ea408120f1763fe0013011b0e002c000e05ef00f0011503c800450106b50004b600034233f618002c4300000f000003f10000a6cdc700000000100225a25e0000000182c64ab4e8001ea447be0f17510c001701220d0039000e05ef00f0011503c800450106b50005b6000342341d1800394300000f000003f10000a6cdc700000000100225a1b2001100002d05"1661185852992843762'
DEBUG:urllib3.util.retry:Converted retries value: False -> Retry(total=False, connect=None, read=None, redirect=0, status=None)
DEBUG:urllib3.connectionpool:http://172.21.0.2:8086 "POST /api/v2/write?org=qeeri&bucket=gps&precision=ns HTTP/1.1" 204 0
<<< Response: 204
DEBUG:influxdb_client.client.http:<<< Response: 204
<<< Date: Mon, 22 Aug 2022 16:30:53 GMT
DEBUG:influxdb_client.client.http:<<< Date: Mon, 22 Aug 2022 16:30:53 GMT
<<< Body: 
DEBUG:influxdb_client.client.http:<<< Body: 
INFO:root:Lock released by860147042636678
INFO:root:length of packet 1181
INFO:root:0000000000000490080e00000182c63bd068011eb38af70f11f54e00270129070000f60f06ef00f0001505c8004501f60106b50006b600054233651800004300000f000003f10000a6cdc70000000010002fdc0e0000000182c63abb10001eb38af70f11f54e00270129070000000e05ef00f0001505c800450106b50006b6000442336c1800004300000f000003f10000a6cdc70000000010002fdc0e0000000182c637fbf0011eb38af70f11f54e00160129090000af0f06ef00f0001505c8004501af0106b50005b6000442336c1800004300000f000003f10000a6cdc70000000010002fdc0e0000000182c636ee68011eb38af70f11f54e001601290a0000af0f06ef00f0001505c8004501af0106b50005b600034233831800004300000f000003f10000a6cdc70000000010002fdc0e0000000182c6362348011eb38af70f11f54e00160129070000f60f06ef00f0001505c8004501f60106b50006b600044233971800004300000f000003f10000a6cdc70000000010002fdc0e0000000182c6360408001eb38af70f11f54e001601290b0000f00e05ef00f0001505c800450106b50005b600034233971800004300000f000003f10000a6cdc70000000010002fdc0e0000000182c635f080001eb38af70f11f54e001601290b0000000e05ef00f0011505c800450106b50005b600034233971800004300000f000003f10000a6cdc70000000010002fdc0e0000000182c635c970001eb38af70f11f54e00160129080000000e05ef00f0011505c800450106b50005b600044233bb1800004300000f000003f10000a6cdc70000000010002fdc0e0000000182c635a260001eb38ad60f11f4d900150129070000000e05ef00f0011505c800450106b50005b600044233c31800004300000f000003f10000a6cdc70000000010002fdc0e0000000182c6357b50001eb38bd00f11f400000c008d090000000e05ef00f0011504c800450106b50005b600034233c31800004300000f000003f10000a6cdc70000000010002fdc0b0000000182c6355440001eb38af70f11f4d9000d00a6080000000e05ef00f0011504c800450106b50005b600034234021800004300000f000003f10000a6cdc70000000010002fdc040000000182c6352d30001eb38af70f11f4d9000d00a606000000200eef00f0011504c80045011e001f1f205a21fd2500260f273b3264353b0fb50006b6000542367e1800004300000f000024034b28026d2a06f02b000031396533336c34001236000037618d03f10000a6cdc70000000010002fdc040000000182c6350620001eb3882b0f11fbbf000b009f07000e00200eef00f0011503c80045011e001f1e205921fe250f260d273c3264353c0fb50006b6000442365c18000e4300000f000024028c2801a92a06e72b000031396533331d34001036000037618d03f10000a6cdc70000000010002fdbf30000000182c634df10001eb37c730f12049a0009005e07000d00200eef00f0011503c80045011e001f432059210025102607273a3264353a0fb50006b600054236ad18000d4300000f000024064d280d592a06dd2b000031396533337f34003736000037618d03f10000a6cdc70000000010002fdbc3000e00007fad
INFO:root:gps_data,imei=860147042626570 raw_data="0000000000000490080e00000182c63bd068011eb38af70f11f54e00270129070000f60f06ef00f0001505c8004501f60106b50006b600054233651800004300000f000003f10000a6cdc70000000010002fdc0e0000000182c63abb10001eb38af70f11f54e00270129070000000e05ef00f0001505c800450106b50006b6000442336c1800004300000f000003f10000a6cdc70000000010002fdc0e0000000182c637fbf0011eb38af70f11f54e00160129090000af0f06ef00f0001505c8004501af0106b50005b6000442336c1800004300000f000003f10000a6cdc70000000010002fdc0e0000000182c636ee68011eb38af70f11f54e001601290a0000af0f06ef00f0001505c8004501af0106b50005b600034233831800004300000f000003f10000a6cdc70000000010002fdc0e0000000182c6362348011eb38af70f11f54e00160129070000f60f06ef00f0001505c8004501f60106b50006b600044233971800004300000f000003f10000a6cdc70000000010002fdc0e0000000182c6360408001eb38af70f11f54e001601290b0000f00e05ef00f0001505c800450106b50005b600034233971800004300000f000003f10000a6cdc70000000010002fdc0e0000000182c635f080001eb38af70f11f54e001601290b0000000e05ef00f0011505c800450106b50005b600034233971800004300000f000003f10000a6cdc70000000010002fdc0e0000000182c635c970001eb38af70f11f54e00160129080000000e05ef00f0011505c800450106b50005b600044233bb1800004300000f000003f10000a6cdc70000000010002fdc0e0000000182c635a260001eb38ad60f11f4d900150129070000000e05ef00f0011505c800450106b50005b600044233c31800004300000f000003f10000a6cdc70000000010002fdc0e0000000182c6357b50001eb38bd00f11f400000c008d090000000e05ef00f0011504c800450106b50005b600034233c31800004300000f000003f10000a6cdc70000000010002fdc0b0000000182c6355440001eb38af70f11f4d9000d00a6080000000e05ef00f0011504c800450106b50005b600034234021800004300000f000003f10000a6cdc70000000010002fdc040000000182c6352d30001eb38af70f11f4d9000d00a606000000200eef00f0011504c80045011e001f1f205a21fd2500260f273b3264353b0fb50006b6000542367e1800004300000f000024034b28026d2a06f02b000031396533336c34001236000037618d03f10000a6cdc70000000010002fdc040000000182c6350620001eb3882b0f11fbbf000b009f07000e00200eef00f0011503c80045011e001f1e205921fe250f260d273c3264353c0fb50006b6000442365c18000e4300000f000024028c2801a92a06e72b000031396533331d34001036000037618d03f10000a6cdc70000000010002fdbf30000000182c634df10001eb37c730f12049a0009005e07000d00200eef00f0011503c80045011e001f432059210025102607273a3264353a0fb50006b600054236ad18000d4300000f000024064d280d592a06dd2b000031396533337f34003736000037618d03f10000a6cdc70000000010002fdbc3000e00007fad"1661185853275372870
INFO:root:Lock acquired by860147042626570
>>> Request: 'POST http://172.21.0.2:8086/api/v2/write?org=qeeri&bucket=gps&precision=ns'
DEBUG:influxdb_client.client.http:>>> Request: 'POST http://172.21.0.2:8086/api/v2/write?org=qeeri&bucket=gps&precision=ns'
>>> Content-Encoding: identity
DEBUG:influxdb_client.client.http:>>> Content-Encoding: identity
>>> Content-Type: text/plain
DEBUG:influxdb_client.client.http:>>> Content-Type: text/plain
>>> Accept: application/json
DEBUG:influxdb_client.client.http:>>> Accept: application/json
>>> Authorization: ***
DEBUG:influxdb_client.client.http:>>> Authorization: ***
>>> User-Agent: influxdb-client-python/1.31.0
DEBUG:influxdb_client.client.http:>>> User-Agent: influxdb-client-python/1.31.0
>>> Body: b'gps_data,imei=860147042626570 raw_data="0000000000000490080e00000182c63bd068011eb38af70f11f54e00270129070000f60f06ef00f0001505c8004501f60106b50006b600054233651800004300000f000003f10000a6cdc70000000010002fdc0e0000000182c63abb10001eb38af70f11f54e00270129070000000e05ef00f0001505c800450106b50006b6000442336c1800004300000f000003f10000a6cdc70000000010002fdc0e0000000182c637fbf0011eb38af70f11f54e00160129090000af0f06ef00f0001505c8004501af0106b50005b6000442336c1800004300000f000003f10000a6cdc70000000010002fdc0e0000000182c636ee68011eb38af70f11f54e001601290a0000af0f06ef00f0001505c8004501af0106b50005b600034233831800004300000f000003f10000a6cdc70000000010002fdc0e0000000182c6362348011eb38af70f11f54e00160129070000f60f06ef00f0001505c8004501f60106b50006b600044233971800004300000f000003f10000a6cdc70000000010002fdc0e0000000182c6360408001eb38af70f11f54e001601290b0000f00e05ef00f0001505c800450106b50005b600034233971800004300000f000003f10000a6cdc70000000010002fdc0e0000000182c635f080001eb38af70f11f54e001601290b0000000e05ef00f0011505c800450106b50005b600034233971800004300000f000003f10000a6cdc70000000010002fdc0e0000000182c635c970001eb38af70f11f54e00160129080000000e05ef00f0011505c800450106b50005b600044233bb1800004300000f000003f10000a6cdc70000000010002fdc0e0000000182c635a260001eb38ad60f11f4d900150129070000000e05ef00f0011505c800450106b50005b600044233c31800004300000f000003f10000a6cdc70000000010002fdc0e0000000182c6357b50001eb38bd00f11f400000c008d090000000e05ef00f0011504c800450106b50005b600034233c31800004300000f000003f10000a6cdc70000000010002fdc0b0000000182c6355440001eb38af70f11f4d9000d00a6080000000e05ef00f0011504c800450106b50005b600034234021800004300000f000003f10000a6cdc70000000010002fdc040000000182c6352d30001eb38af70f11f4d9000d00a606000000200eef00f0011504c80045011e001f1f205a21fd2500260f273b3264353b0fb50006b6000542367e1800004300000f000024034b28026d2a06f02b000031396533336c34001236000037618d03f10000a6cdc70000000010002fdc040000000182c6350620001eb3882b0f11fbbf000b009f07000e00200eef00f0011503c80045011e001f1e205921fe250f260d273c3264353c0fb50006b6000442365c18000e4300000f000024028c2801a92a06e72b000031396533331d34001036000037618d03f10000a6cdc70000000010002fdbf30000000182c634df10001eb37c730f12049a0009005e07000d00200eef00f0011503c80045011e001f432059210025102607273a3264353a0fb50006b600054236ad18000d4300000f000024064d280d592a06dd2b000031396533337f34003736000037618d03f10000a6cdc70000000010002fdbc3000e00007fad"1661185853275372870'
DEBUG:influxdb_client.client.http:>>> Body: b'gps_data,imei=860147042626570 raw_data="0000000000000490080e00000182c63bd068011eb38af70f11f54e00270129070000f60f06ef00f0001505c8004501f60106b50006b600054233651800004300000f000003f10000a6cdc70000000010002fdc0e0000000182c63abb10001eb38af70f11f54e00270129070000000e05ef00f0001505c800450106b50006b6000442336c1800004300000f000003f10000a6cdc70000000010002fdc0e0000000182c637fbf0011eb38af70f11f54e00160129090000af0f06ef00f0001505c8004501af0106b50005b6000442336c1800004300000f000003f10000a6cdc70000000010002fdc0e0000000182c636ee68011eb38af70f11f54e001601290a0000af0f06ef00f0001505c8004501af0106b50005b600034233831800004300000f000003f10000a6cdc70000000010002fdc0e0000000182c6362348011eb38af70f11f54e00160129070000f60f06ef00f0001505c8004501f60106b50006b600044233971800004300000f000003f10000a6cdc70000000010002fdc0e0000000182c6360408001eb38af70f11f54e001601290b0000f00e05ef00f0001505c800450106b50005b600034233971800004300000f000003f10000a6cdc70000000010002fdc0e0000000182c635f080001eb38af70f11f54e001601290b0000000e05ef00f0011505c800450106b50005b600034233971800004300000f000003f10000a6cdc70000000010002fdc0e0000000182c635c970001eb38af70f11f54e00160129080000000e05ef00f0011505c800450106b50005b600044233bb1800004300000f000003f10000a6cdc70000000010002fdc0e0000000182c635a260001eb38ad60f11f4d900150129070000000e05ef00f0011505c800450106b50005b600044233c31800004300000f000003f10000a6cdc70000000010002fdc0e0000000182c6357b50001eb38bd00f11f400000c008d090000000e05ef00f0011504c800450106b50005b600034233c31800004300000f000003f10000a6cdc70000000010002fdc0b0000000182c6355440001eb38af70f11f4d9000d00a6080000000e05ef00f0011504c800450106b50005b600034234021800004300000f000003f10000a6cdc70000000010002fdc040000000182c6352d30001eb38af70f11f4d9000d00a606000000200eef00f0011504c80045011e001f1f205a21fd2500260f273b3264353b0fb50006b6000542367e1800004300000f000024034b28026d2a06f02b000031396533336c34001236000037618d03f10000a6cdc70000000010002fdc040000000182c6350620001eb3882b0f11fbbf000b009f07000e00200eef00f0011503c80045011e001f1e205921fe250f260d273c3264353c0fb50006b6000442365c18000e4300000f000024028c2801a92a06e72b000031396533331d34001036000037618d03f10000a6cdc70000000010002fdbf30000000182c634df10001eb37c730f12049a0009005e07000d00200eef00f0011503c80045011e001f432059210025102607273a3264353a0fb50006b600054236ad18000d4300000f000024064d280d592a06dd2b000031396533337f34003736000037618d03f10000a6cdc70000000010002fdbc3000e00007fad"1661185853275372870'
DEBUG:urllib3.util.retry:Converted retries value: False -> Retry(total=False, connect=None, read=None, redirect=0, status=None)
DEBUG:urllib3.connectionpool:http://172.21.0.2:8086 "POST /api/v2/write?org=qeeri&bucket=gps&precision=ns HTTP/1.1" 204 0
<<< Response: 204
DEBUG:influxdb_client.client.http:<<< Response: 204
<<< Date: Mon, 22 Aug 2022 16:30:53 GMT
DEBUG:influxdb_client.client.http:<<< Date: Mon, 22 Aug 2022 16:30:53 GMT
<<< Body: 
DEBUG:influxdb_client.client.http:<<< Body: 
INFO:root:Lock released by860147042626570
hello
INFO:root:[ACTIVE CONNECTIONS] 2
INFO:root:2022-08-22 16:30:53.875294
INFO:root:the length of handshake message is 17
this is the imei  350424067190346
hello
INFO:root:length of packet 1259
INFO:root:00000000000004de081100000182c6253740001ea6f3ec0f18f7720014002d0d001a000e05ef00f0011504c800450106b50006b600034235dd18001a4300000f000003f10000a6cdc7000000001001241f540000000182c6251030001ea6e7bf0f18e2f00010000d0d002e000e05ef00f0011504c800450106b50006b6000342358f18002e4300000f000003f10000a6cdc7000000001001241f0e0000000182c624e920001ea6d9d00f18b39b000900110d0037000e05ef00f0011504c800450106b50006b6000342357e1800374300000f000003f10000a6cdc7000000001001241e820000000182c624c210001ea6c3280f18801c000c00190d0030000e05ef00f0011504c800450106b50007b600034235841800304300000f000003f10000a6cdc7000000001001241de40000000182c6249b00001ea6ab750f1856600008001c0a002d000e05ef00f0011504c800450106b50009b6000442358b18002d4300000f000003f10000a6cdc7000000001001241d5f0000000182c62473f0001ea695b70f1831870007001c0c002a000e05ef00f0011504c800450106b50009b6000442356d18002a4300000f000003f10000a6cdc7000000001001241ce80000000182c6244ce0001ea67e360f180ba30007001e0d002c000e05ef00f0011504c800450106b50007b6000342359118002c4300000f000003f10000a6cdc7000000001001241c6c0000000182c62425d0001ea668240f17e58d0008001c0c002c000e05ef00f0011504c800450106b50007b600034235a618002c4300000f000003f10000a6cdc7000000001001241bf20000000182c623fec0001ea6518d0f17bf13000d001c0b0023000e05ef00f0011504c800450106b50007b600044235981800234300000f000003f10000a6cdc7000000001001241b760000000182c623d7b0001ea649380f17ae47000e00050d0000000e05ef00f0011504c800450106b50005b600034234821800004300000f000003f10000a6cdc7000000001001241b410000000182c623b0a0001ea649380f17ae47000e00050d0000000e05ef00f0011504c800450106b50005b600034234ef1800004300000f000003f10000a6cdc7000000001001241b410000000182c6238990001ea64a850f17a656000f01450d0012000e05ef00f0011504c800450106b50007b600034235c11800124300000f000003f10000a6cdc7000000001001241b2a0000000182c6236280001ea661f50f17a0160010010f0c0034000e05ef00f0011504c800450106b50005b600034235a21800344300000f000003f10000a6cdc7000000001001241ae50000000182c6233b70001ea6a3730f179f4e000d01080c003c000e05ef00f0011504c800450106b50007b600034235f118003c4300000f000003f10000a6cdc7000000001001241a3c0000000182c6231460011ea6dc7c0f17a645000b01020c0026f60f06ef00f0011504c8004501f60106b50007b600034235f01800264300000f000003f10000a6cdc70000000010012419a80000000182c6230c90001ea6e42a0f17a760000a01000c001e000e05ef00f0011504c800450106b50005b6000342360318001e4300000f000003f10000a6cdc70000000010012419940000000182c622e580001ea7086e0f17add2001301010c0040000e05ef00f0011504c800450106b50005b600034236091800404300000f000003f10000a6cdc70000000010012419350011000074ee
INFO:root:gps_data,imei=860147042626836 raw_data="00000000000004de081100000182c6253740001ea6f3ec0f18f7720014002d0d001a000e05ef00f0011504c800450106b50006b600034235dd18001a4300000f000003f10000a6cdc7000000001001241f540000000182c6251030001ea6e7bf0f18e2f00010000d0d002e000e05ef00f0011504c800450106b50006b6000342358f18002e4300000f000003f10000a6cdc7000000001001241f0e0000000182c624e920001ea6d9d00f18b39b000900110d0037000e05ef00f0011504c800450106b50006b6000342357e1800374300000f000003f10000a6cdc7000000001001241e820000000182c624c210001ea6c3280f18801c000c00190d0030000e05ef00f0011504c800450106b50007b600034235841800304300000f000003f10000a6cdc7000000001001241de40000000182c6249b00001ea6ab750f1856600008001c0a002d000e05ef00f0011504c800450106b50009b6000442358b18002d4300000f000003f10000a6cdc7000000001001241d5f0000000182c62473f0001ea695b70f1831870007001c0c002a000e05ef00f0011504c800450106b50009b6000442356d18002a4300000f000003f10000a6cdc7000000001001241ce80000000182c6244ce0001ea67e360f180ba30007001e0d002c000e05ef00f0011504c800450106b50007b6000342359118002c4300000f000003f10000a6cdc7000000001001241c6c0000000182c62425d0001ea668240f17e58d0008001c0c002c000e05ef00f0011504c800450106b50007b600034235a618002c4300000f000003f10000a6cdc7000000001001241bf20000000182c623fec0001ea6518d0f17bf13000d001c0b0023000e05ef00f0011504c800450106b50007b600044235981800234300000f000003f10000a6cdc7000000001001241b760000000182c623d7b0001ea649380f17ae47000e00050d0000000e05ef00f0011504c800450106b50005b600034234821800004300000f000003f10000a6cdc7000000001001241b410000000182c623b0a0001ea649380f17ae47000e00050d0000000e05ef00f0011504c800450106b50005b600034234ef1800004300000f000003f10000a6cdc7000000001001241b410000000182c6238990001ea64a850f17a656000f01450d0012000e05ef00f0011504c800450106b50007b600034235c11800124300000f000003f10000a6cdc7000000001001241b2a0000000182c6236280001ea661f50f17a0160010010f0c0034000e05ef00f0011504c800450106b50005b600034235a21800344300000f000003f10000a6cdc7000000001001241ae50000000182c6233b70001ea6a3730f179f4e000d01080c003c000e05ef00f0011504c800450106b50007b600034235f118003c4300000f000003f10000a6cdc7000000001001241a3c0000000182c6231460011ea6dc7c0f17a645000b01020c0026f60f06ef00f0011504c8004501f60106b50007b600034235f01800264300000f000003f10000a6cdc70000000010012419a80000000182c6230c90001ea6e42a0f17a760000a01000c001e000e05ef00f0011504c800450106b50005b6000342360318001e4300000f000003f10000a6cdc70000000010012419940000000182c622e580001ea7086e0f17add2001301010c0040000e05ef00f0011504c800450106b50005b600034236091800404300000f000003f10000a6cdc70000000010012419350011000074ee"1661185854411765857
INFO:root:Lock acquired by860147042626836
>>> Request: 'POST http://172.21.0.2:8086/api/v2/write?org=qeeri&bucket=gps&precision=ns'
DEBUG:influxdb_client.client.http:>>> Request: 'POST http://172.21.0.2:8086/api/v2/write?org=qeeri&bucket=gps&precision=ns'
>>> Content-Encoding: identity
DEBUG:influxdb_client.client.http:>>> Content-Encoding: identity
>>> Content-Type: text/plain
DEBUG:influxdb_client.client.http:>>> Content-Type: text/plain
>>> Accept: application/json
DEBUG:influxdb_client.client.http:>>> Accept: application/json
>>> Authorization: ***
DEBUG:influxdb_client.client.http:>>> Authorization: ***
>>> User-Agent: influxdb-client-python/1.31.0
DEBUG:influxdb_client.client.http:>>> User-Agent: influxdb-client-python/1.31.0
>>> Body: b'gps_data,imei=860147042626836 raw_data="00000000000004de081100000182c6253740001ea6f3ec0f18f7720014002d0d001a000e05ef00f0011504c800450106b50006b600034235dd18001a4300000f000003f10000a6cdc7000000001001241f540000000182c6251030001ea6e7bf0f18e2f00010000d0d002e000e05ef00f0011504c800450106b50006b6000342358f18002e4300000f000003f10000a6cdc7000000001001241f0e0000000182c624e920001ea6d9d00f18b39b000900110d0037000e05ef00f0011504c800450106b50006b6000342357e1800374300000f000003f10000a6cdc7000000001001241e820000000182c624c210001ea6c3280f18801c000c00190d0030000e05ef00f0011504c800450106b50007b600034235841800304300000f000003f10000a6cdc7000000001001241de40000000182c6249b00001ea6ab750f1856600008001c0a002d000e05ef00f0011504c800450106b50009b6000442358b18002d4300000f000003f10000a6cdc7000000001001241d5f0000000182c62473f0001ea695b70f1831870007001c0c002a000e05ef00f0011504c800450106b50009b6000442356d18002a4300000f000003f10000a6cdc7000000001001241ce80000000182c6244ce0001ea67e360f180ba30007001e0d002c000e05ef00f0011504c800450106b50007b6000342359118002c4300000f000003f10000a6cdc7000000001001241c6c0000000182c62425d0001ea668240f17e58d0008001c0c002c000e05ef00f0011504c800450106b50007b600034235a618002c4300000f000003f10000a6cdc7000000001001241bf20000000182c623fec0001ea6518d0f17bf13000d001c0b0023000e05ef00f0011504c800450106b50007b600044235981800234300000f000003f10000a6cdc7000000001001241b760000000182c623d7b0001ea649380f17ae47000e00050d0000000e05ef00f0011504c800450106b50005b600034234821800004300000f000003f10000a6cdc7000000001001241b410000000182c623b0a0001ea649380f17ae47000e00050d0000000e05ef00f0011504c800450106b50005b600034234ef1800004300000f000003f10000a6cdc7000000001001241b410000000182c6238990001ea64a850f17a656000f01450d0012000e05ef00f0011504c800450106b50007b600034235c11800124300000f000003f10000a6cdc7000000001001241b2a0000000182c6236280001ea661f50f17a0160010010f0c0034000e05ef00f0011504c800450106b50005b600034235a21800344300000f000003f10000a6cdc7000000001001241ae50000000182c6233b70001ea6a3730f179f4e000d01080c003c000e05ef00f0011504c800450106b50007b600034235f118003c4300000f000003f10000a6cdc7000000001001241a3c0000000182c6231460011ea6dc7c0f17a645000b01020c0026f60f06ef00f0011504c8004501f60106b50007b600034235f01800264300000f000003f10000a6cdc70000000010012419a80000000182c6230c90001ea6e42a0f17a760000a01000c001e000e05ef00f0011504c800450106b50005b6000342360318001e4300000f000003f10000a6cdc70000000010012419940000000182c622e580001ea7086e0f17add2001301010c0040000e05ef00f0011504c800450106b50005b600034236091800404300000f000003f10000a6cdc70000000010012419350011000074ee"1661185854411765857'
DEBUG:influxdb_client.client.http:>>> Body: b'gps_data,imei=860147042626836 raw_data="00000000000004de081100000182c6253740001ea6f3ec0f18f7720014002d0d001a000e05ef00f0011504c800450106b50006b600034235dd18001a4300000f000003f10000a6cdc7000000001001241f540000000182c6251030001ea6e7bf0f18e2f00010000d0d002e000e05ef00f0011504c800450106b50006b6000342358f18002e4300000f000003f10000a6cdc7000000001001241f0e0000000182c624e920001ea6d9d00f18b39b000900110d0037000e05ef00f0011504c800450106b50006b6000342357e1800374300000f000003f10000a6cdc7000000001001241e820000000182c624c210001ea6c3280f18801c000c00190d0030000e05ef00f0011504c800450106b50007b600034235841800304300000f000003f10000a6cdc7000000001001241de40000000182c6249b00001ea6ab750f1856600008001c0a002d000e05ef00f0011504c800450106b50009b6000442358b18002d4300000f000003f10000a6cdc7000000001001241d5f0000000182c62473f0001ea695b70f1831870007001c0c002a000e05ef00f0011504c800450106b50009b6000442356d18002a4300000f000003f10000a6cdc7000000001001241ce80000000182c6244ce0001ea67e360f180ba30007001e0d002c000e05ef00f0011504c800450106b50007b6000342359118002c4300000f000003f10000a6cdc7000000001001241c6c0000000182c62425d0001ea668240f17e58d0008001c0c002c000e05ef00f0011504c800450106b50007b600034235a618002c4300000f000003f10000a6cdc7000000001001241bf20000000182c623fec0001ea6518d0f17bf13000d001c0b0023000e05ef00f0011504c800450106b50007b600044235981800234300000f000003f10000a6cdc7000000001001241b760000000182c623d7b0001ea649380f17ae47000e00050d0000000e05ef00f0011504c800450106b50005b600034234821800004300000f000003f10000a6cdc7000000001001241b410000000182c623b0a0001ea649380f17ae47000e00050d0000000e05ef00f0011504c800450106b50005b600034234ef1800004300000f000003f10000a6cdc7000000001001241b410000000182c6238990001ea64a850f17a656000f01450d0012000e05ef00f0011504c800450106b50007b600034235c11800124300000f000003f10000a6cdc7000000001001241b2a0000000182c6236280001ea661f50f17a0160010010f0c0034000e05ef00f0011504c800450106b50005b600034235a21800344300000f000003f10000a6cdc7000000001001241ae50000000182c6233b70001ea6a3730f179f4e000d01080c003c000e05ef00f0011504c800450106b50007b600034235f118003c4300000f000003f10000a6cdc7000000001001241a3c0000000182c6231460011ea6dc7c0f17a645000b01020c0026f60f06ef00f0011504c8004501f60106b50007b600034235f01800264300000f000003f10000a6cdc70000000010012419a80000000182c6230c90001ea6e42a0f17a760000a01000c001e000e05ef00f0011504c800450106b50005b6000342360318001e4300000f000003f10000a6cdc70000000010012419940000000182c622e580001ea7086e0f17add2001301010c0040000e05ef00f0011504c800450106b50005b600034236091800404300000f000003f10000a6cdc70000000010012419350011000074ee"1661185854411765857'
DEBUG:urllib3.util.retry:Converted retries value: False -> Retry(total=False, connect=None, read=None, redirect=0, status=None)
DEBUG:urllib3.connectionpool:http://172.21.0.2:8086 "POST /api/v2/write?org=qeeri&bucket=gps&precision=ns HTTP/1.1" 204 0
<<< Response: 204
DEBUG:influxdb_client.client.http:<<< Response: 204
<<< Date: Mon, 22 Aug 2022 16:30:54 GMT
DEBUG:influxdb_client.client.http:<<< Date: Mon, 22 Aug 2022 16:30:54 GMT
<<< Body: 
DEBUG:influxdb_client.client.http:<<< Body: 
INFO:root:Lock released by860147042626836
hello
INFO:root:[ACTIVE CONNECTIONS] 2
INFO:root:2022-08-22 16:30:55.125899
INFO:root:the length of handshake message is 17
this is the imei  860147042636561
hello
INFO:root:length of packet 1259
INFO:root:00000000000004de081100000182c66476a8001ea61dfd0f19422f000d00cf0d0000000e05ef01f0011505c800450106b50009b600064232a31800004310070f03e803f10000a6cec70000005c100000b1570000000182c65e3900001ea61f070f1948d3ffeb01670a0000000e05ef01f0011505c800450106b5000cb600084232881800004310030f03e803f10000a6cec700000012100000b10d0000000182c65e11f0001ea620550f1949eeffea01670a0000000e05ef01f0011504c800450106b5000cb6000942326e1800004310030f03e803f10000a6cec700000012100000b10d0000000182c65deae0001ea622590f194a31ffe90013070001000e05ef01f0011504c800450106b5000db6000a4232931800014310060f03e803f10000a6cec700000012100000b10d0000000182c65dd758001ea621a20f19502effc60055080006fa0f06ef01f0011500c8004501fa0106b5000db6000a42328d1800064310050f000003f100000000c700000002100000b0fd0000000182c65dd370001ea621a20f195118ffc00054080006000e05ef01f0011500c800450106b5000fb6000d42328b180006430ffd0f000003f100000000c700000000100000b0fb0000000182c65d7998001ea61b940f194188000f01420a0000000e05ef01f0011504c800450106b5000bb6000842328b1800004310020f012c03f10000a6cec70000260e100000b0fb0000000182c65d5288001ea619d20f193f52001300df090000000e05ef01f0011504c800450106b5000cb6000842328e1800004310030f012c03f10000a6cec70000260e100000b0fb0000000182c65d2b78001ea619d20f193f52001300df080000000e05ef01f0011504c800450106b5000cb600094232901800004310040f012c03f10000a6cec70000260e100000b0fb0000000182c65d0468001ea61a680f19410300130126090000000e05ef01f0011504c800450106b5000eb6000842329f1800004310050f012c03f10000a6cec70000260e100000b0fb0000000182c65ce910001ea61cb00f1942c500130113090005c70e05ef01f0011504c800450106b5000cb600084232af1800054310080f012c03f10000a6cec700002607100000b0f40000000182c65cdd58001ea620650f19452e0012005f090000000e05ef01f0011504c800450106b5000cb600084232921800004310030f012c03f10000a6cec7000025fc100000b0e90000000182c65cb648001ea620650f19452e0012005f0a0000000e05ef01f0011504c800450106b5000bb6000842328b1800004310040f012c03f10000a6cec7000025fc100000b0e90000000182c65c8f38001ea620340f19452e0012005f0b0000000e05ef01f0011504c800450106b5000cb600074232941800004310040f012c03f10000a6cec7000025fc100000b0e90000000182c65c8768001ea620a80f1944440012005f0b0008000e05ef01f0011504c800450106b5000bb600074232a21800084310020f012c03f10000a6cec7000025fc100000b0e90000000182c65c7bb0001ea61f9e0f1944660012004c0b0000000e05ef01f0011504c800450106b5000bb600074232b11800004310080f012c03f10000a6cec7000025f9100000b0e60000000182c65c77c8001ea61f9e0f194466001200860b0005000e05ef01f0011504c800450106b5000bb600074232af1800054310080f012c03f10000a6cec7000025f9100000b0e600110000d7cc
INFO:root:gps_data,imei=350424067190346 raw_data="00000000000004de081100000182c66476a8001ea61dfd0f19422f000d00cf0d0000000e05ef01f0011505c800450106b50009b600064232a31800004310070f03e803f10000a6cec70000005c100000b1570000000182c65e3900001ea61f070f1948d3ffeb01670a0000000e05ef01f0011505c800450106b5000cb600084232881800004310030f03e803f10000a6cec700000012100000b10d0000000182c65e11f0001ea620550f1949eeffea01670a0000000e05ef01f0011504c800450106b5000cb6000942326e1800004310030f03e803f10000a6cec700000012100000b10d0000000182c65deae0001ea622590f194a31ffe90013070001000e05ef01f0011504c800450106b5000db6000a4232931800014310060f03e803f10000a6cec700000012100000b10d0000000182c65dd758001ea621a20f19502effc60055080006fa0f06ef01f0011500c8004501fa0106b5000db6000a42328d1800064310050f000003f100000000c700000002100000b0fd0000000182c65dd370001ea621a20f195118ffc00054080006000e05ef01f0011500c800450106b5000fb6000d42328b180006430ffd0f000003f100000000c700000000100000b0fb0000000182c65d7998001ea61b940f194188000f01420a0000000e05ef01f0011504c800450106b5000bb6000842328b1800004310020f012c03f10000a6cec70000260e100000b0fb0000000182c65d5288001ea619d20f193f52001300df090000000e05ef01f0011504c800450106b5000cb6000842328e1800004310030f012c03f10000a6cec70000260e100000b0fb0000000182c65d2b78001ea619d20f193f52001300df080000000e05ef01f0011504c800450106b5000cb600094232901800004310040f012c03f10000a6cec70000260e100000b0fb0000000182c65d0468001ea61a680f19410300130126090000000e05ef01f0011504c800450106b5000eb6000842329f1800004310050f012c03f10000a6cec70000260e100000b0fb0000000182c65ce910001ea61cb00f1942c500130113090005c70e05ef01f0011504c800450106b5000cb600084232af1800054310080f012c03f10000a6cec700002607100000b0f40000000182c65cdd58001ea620650f19452e0012005f090000000e05ef01f0011504c800450106b5000cb600084232921800004310030f012c03f10000a6cec7000025fc100000b0e90000000182c65cb648001ea620650f19452e0012005f0a0000000e05ef01f0011504c800450106b5000bb6000842328b1800004310040f012c03f10000a6cec7000025fc100000b0e90000000182c65c8f38001ea620340f19452e0012005f0b0000000e05ef01f0011504c800450106b5000cb600074232941800004310040f012c03f10000a6cec7000025fc100000b0e90000000182c65c8768001ea620a80f1944440012005f0b0008000e05ef01f0011504c800450106b5000bb600074232a21800084310020f012c03f10000a6cec7000025fc100000b0e90000000182c65c7bb0001ea61f9e0f1944660012004c0b0000000e05ef01f0011504c800450106b5000bb600074232b11800004310080f012c03f10000a6cec7000025f9100000b0e60000000182c65c77c8001ea61f9e0f194466001200860b0005000e05ef01f0011504c800450106b5000bb600074232af1800054310080f012c03f10000a6cec7000025f9100000b0e600110000d7cc"1661185855955577336
INFO:root:Lock acquired by350424067190346
>>> Request: 'POST http://172.21.0.2:8086/api/v2/write?org=qeeri&bucket=gps&precision=ns'
DEBUG:influxdb_client.client.http:>>> Request: 'POST http://172.21.0.2:8086/api/v2/write?org=qeeri&bucket=gps&precision=ns'
>>> Content-Encoding: identity
DEBUG:influxdb_client.client.http:>>> Content-Encoding: identity
>>> Content-Type: text/plain
DEBUG:influxdb_client.client.http:>>> Content-Type: text/plain
>>> Accept: application/json
DEBUG:influxdb_client.client.http:>>> Accept: application/json
>>> Authorization: ***
DEBUG:influxdb_client.client.http:>>> Authorization: ***
>>> User-Agent: influxdb-client-python/1.31.0
DEBUG:influxdb_client.client.http:>>> User-Agent: influxdb-client-python/1.31.0
>>> Body: b'gps_data,imei=350424067190346 raw_data="00000000000004de081100000182c66476a8001ea61dfd0f19422f000d00cf0d0000000e05ef01f0011505c800450106b50009b600064232a31800004310070f03e803f10000a6cec70000005c100000b1570000000182c65e3900001ea61f070f1948d3ffeb01670a0000000e05ef01f0011505c800450106b5000cb600084232881800004310030f03e803f10000a6cec700000012100000b10d0000000182c65e11f0001ea620550f1949eeffea01670a0000000e05ef01f0011504c800450106b5000cb6000942326e1800004310030f03e803f10000a6cec700000012100000b10d0000000182c65deae0001ea622590f194a31ffe90013070001000e05ef01f0011504c800450106b5000db6000a4232931800014310060f03e803f10000a6cec700000012100000b10d0000000182c65dd758001ea621a20f19502effc60055080006fa0f06ef01f0011500c8004501fa0106b5000db6000a42328d1800064310050f000003f100000000c700000002100000b0fd0000000182c65dd370001ea621a20f195118ffc00054080006000e05ef01f0011500c800450106b5000fb6000d42328b180006430ffd0f000003f100000000c700000000100000b0fb0000000182c65d7998001ea61b940f194188000f01420a0000000e05ef01f0011504c800450106b5000bb6000842328b1800004310020f012c03f10000a6cec70000260e100000b0fb0000000182c65d5288001ea619d20f193f52001300df090000000e05ef01f0011504c800450106b5000cb6000842328e1800004310030f012c03f10000a6cec70000260e100000b0fb0000000182c65d2b78001ea619d20f193f52001300df080000000e05ef01f0011504c800450106b5000cb600094232901800004310040f012c03f10000a6cec70000260e100000b0fb0000000182c65d0468001ea61a680f19410300130126090000000e05ef01f0011504c800450106b5000eb6000842329f1800004310050f012c03f10000a6cec70000260e100000b0fb0000000182c65ce910001ea61cb00f1942c500130113090005c70e05ef01f0011504c800450106b5000cb600084232af1800054310080f012c03f10000a6cec700002607100000b0f40000000182c65cdd58001ea620650f19452e0012005f090000000e05ef01f0011504c800450106b5000cb600084232921800004310030f012c03f10000a6cec7000025fc100000b0e90000000182c65cb648001ea620650f19452e0012005f0a0000000e05ef01f0011504c800450106b5000bb6000842328b1800004310040f012c03f10000a6cec7000025fc100000b0e90000000182c65c8f38001ea620340f19452e0012005f0b0000000e05ef01f0011504c800450106b5000cb600074232941800004310040f012c03f10000a6cec7000025fc100000b0e90000000182c65c8768001ea620a80f1944440012005f0b0008000e05ef01f0011504c800450106b5000bb600074232a21800084310020f012c03f10000a6cec7000025fc100000b0e90000000182c65c7bb0001ea61f9e0f1944660012004c0b0000000e05ef01f0011504c800450106b5000bb600074232b11800004310080f012c03f10000a6cec7000025f9100000b0e60000000182c65c77c8001ea61f9e0f194466001200860b0005000e05ef01f0011504c800450106b5000bb600074232af1800054310080f012c03f10000a6cec7000025f9100000b0e600110000d7cc"1661185855955577336'
DEBUG:influxdb_client.client.http:>>> Body: b'gps_data,imei=350424067190346 raw_data="00000000000004de081100000182c66476a8001ea61dfd0f19422f000d00cf0d0000000e05ef01f0011505c800450106b50009b600064232a31800004310070f03e803f10000a6cec70000005c100000b1570000000182c65e3900001ea61f070f1948d3ffeb01670a0000000e05ef01f0011505c800450106b5000cb600084232881800004310030f03e803f10000a6cec700000012100000b10d0000000182c65e11f0001ea620550f1949eeffea01670a0000000e05ef01f0011504c800450106b5000cb6000942326e1800004310030f03e803f10000a6cec700000012100000b10d0000000182c65deae0001ea622590f194a31ffe90013070001000e05ef01f0011504c800450106b5000db6000a4232931800014310060f03e803f10000a6cec700000012100000b10d0000000182c65dd758001ea621a20f19502effc60055080006fa0f06ef01f0011500c8004501fa0106b5000db6000a42328d1800064310050f000003f100000000c700000002100000b0fd0000000182c65dd370001ea621a20f195118ffc00054080006000e05ef01f0011500c800450106b5000fb6000d42328b180006430ffd0f000003f100000000c700000000100000b0fb0000000182c65d7998001ea61b940f194188000f01420a0000000e05ef01f0011504c800450106b5000bb6000842328b1800004310020f012c03f10000a6cec70000260e100000b0fb0000000182c65d5288001ea619d20f193f52001300df090000000e05ef01f0011504c800450106b5000cb6000842328e1800004310030f012c03f10000a6cec70000260e100000b0fb0000000182c65d2b78001ea619d20f193f52001300df080000000e05ef01f0011504c800450106b5000cb600094232901800004310040f012c03f10000a6cec70000260e100000b0fb0000000182c65d0468001ea61a680f19410300130126090000000e05ef01f0011504c800450106b5000eb6000842329f1800004310050f012c03f10000a6cec70000260e100000b0fb0000000182c65ce910001ea61cb00f1942c500130113090005c70e05ef01f0011504c800450106b5000cb600084232af1800054310080f012c03f10000a6cec700002607100000b0f40000000182c65cdd58001ea620650f19452e0012005f090000000e05ef01f0011504c800450106b5000cb600084232921800004310030f012c03f10000a6cec7000025fc100000b0e90000000182c65cb648001ea620650f19452e0012005f0a0000000e05ef01f0011504c800450106b5000bb6000842328b1800004310040f012c03f10000a6cec7000025fc100000b0e90000000182c65c8f38001ea620340f19452e0012005f0b0000000e05ef01f0011504c800450106b5000cb600074232941800004310040f012c03f10000a6cec7000025fc100000b0e90000000182c65c8768001ea620a80f1944440012005f0b0008000e05ef01f0011504c800450106b5000bb600074232a21800084310020f012c03f10000a6cec7000025fc100000b0e90000000182c65c7bb0001ea61f9e0f1944660012004c0b0000000e05ef01f0011504c800450106b5000bb600074232b11800004310080f012c03f10000a6cec7000025f9100000b0e60000000182c65c77c8001ea61f9e0f194466001200860b0005000e05ef01f0011504c800450106b5000bb600074232af1800054310080f012c03f10000a6cec7000025f9100000b0e600110000d7cc"1661185855955577336'
DEBUG:urllib3.util.retry:Converted retries value: False -> Retry(total=False, connect=None, read=None, redirect=0, status=None)
DEBUG:urllib3.connectionpool:http://172.21.0.2:8086 "POST /api/v2/write?org=qeeri&bucket=gps&precision=ns HTTP/1.1" 204 0
<<< Response: 204
DEBUG:influxdb_client.client.http:<<< Response: 204
<<< Date: Mon, 22 Aug 2022 16:30:55 GMT
DEBUG:influxdb_client.client.http:<<< Date: Mon, 22 Aug 2022 16:30:55 GMT
<<< Body: 
DEBUG:influxdb_client.client.http:<<< Body: 
INFO:root:Lock released by350424067190346
INFO:root:length of packet 1269
INFO:root:00000000000004e8081100000182c5f47ab0001ea4df3d0f188b3d0011013e0d0000000e05ef00f0001503c800450106b50005b6000342316f1800004300000f000003f10000a6cdc70000000010012de8d10000000182c5f1bb90011ea4dc0c0f188d320011013a0d0000f60f06ef00f0001503c8004501f60106b50004b6000342316f1800004300000f000003f10000a6cdc70000000010012de8d10000000182c5f165a0001ea4dc0c0f188d320011013a0a0000000e05ef00f0001503c800450106b50005b6000442319a1800004300000f000003f10000a6cdc70000000010012de8d10000000182c5eea680001ea4dc0c0f188d320011013a0c0000000e05ef00f0001503c800450106b50005b600044231991800004300000f000003f10000a6cdc70000000010012de8d10000000182c5ebe760011ea4dc0c0f188d320011013a0b0000f60f06ef00f0001503c8004501f60106b50005b600034231741800004300000f000003f10000a6cdc70000000010012de8d10000000182c5ebacc8001ea4dc0c0f188d320011013a0c0000000e05ef00f0001503c800450106b50005b6000342316f1800004300000f000003f10000a6cdc70000000010012de8d10000000182c5e8eda8001ea4dc0c0f188d320011013a0b0000000e05ef00f0001503c800450106b50005b600034231991800004300000f000003f10000a6cdc70000000010012de8d10000000182c5e62e88011ea4dea70f188d32001100790d0000f60f06ef00f0001503c8004501f60106b50005b600044231781800004300000f000003f10000a6cdc70000000010012de8d10000000182c5e5ec20001ea4dea70f188d32001100790c0000000e05ef00f0001503c800450106b50005b600044231991800004300000f000003f10000a6cdc70000000010012de8d10000000182c5e32d00001ea4dea70f188d32001100790c0000000e05ef00f0001503c800450106b50005b600034231991800004300000f000003f10000a6cdc70000000010012de8d10000000182c5e06de0011ea4dea70f188d32000800790d0000f60f06ef00f0001503c8004501f60106b50005b600034231991800004300000f000003f10000a6cdc70000000010012de8d10000000182c5de7210001ea4dea70f188d32000800790c0000000e05ef00f0001503c800450106b50005b6000342319b1800004300000f000003f10000a6cdc70000000010012de8d10000000182c5dbb2f0001ea4dea70f188d32000800790a0000000e05ef00f0001503c800450106b50006b600044231991800004300000f000003f10000a6cdc70000000010012de8d10000000182c5d8f3d0011ea4dea70f188d32000800790b0000f60f06ef00f0001503c8004501f60106b50005b6000342317c1800004300000f000003f10000a6cdc70000000010012de8d10000000182c5d8b168001ea4dea70f188d32000800790c0000000e05ef00f0001503c800450106b50005b600034231851800004300000f000003f10000a6cdc70000000010012de8d10000000182c5d5f248001ea4dea70f188d32000800790b0000000e05ef00f0001503c800450106b50005b600034231991800004300000f000003f10000a6cdc70000000010012de8d10000000182c5d33328011ea4dea70f188d32000800790d0000f60f06ef00f0001503c8004501f60106b50005b600034231991800004300000f000003f10000a6cdc70000000010012de8d100110000f204
INFO:root:gps_data,imei=860147042636561 raw_data="00000000000004e8081100000182c5f47ab0001ea4df3d0f188b3d0011013e0d0000000e05ef00f0001503c800450106b50005b6000342316f1800004300000f000003f10000a6cdc70000000010012de8d10000000182c5f1bb90011ea4dc0c0f188d320011013a0d0000f60f06ef00f0001503c8004501f60106b50004b6000342316f1800004300000f000003f10000a6cdc70000000010012de8d10000000182c5f165a0001ea4dc0c0f188d320011013a0a0000000e05ef00f0001503c800450106b50005b6000442319a1800004300000f000003f10000a6cdc70000000010012de8d10000000182c5eea680001ea4dc0c0f188d320011013a0c0000000e05ef00f0001503c800450106b50005b600044231991800004300000f000003f10000a6cdc70000000010012de8d10000000182c5ebe760011ea4dc0c0f188d320011013a0b0000f60f06ef00f0001503c8004501f60106b50005b600034231741800004300000f000003f10000a6cdc70000000010012de8d10000000182c5ebacc8001ea4dc0c0f188d320011013a0c0000000e05ef00f0001503c800450106b50005b6000342316f1800004300000f000003f10000a6cdc70000000010012de8d10000000182c5e8eda8001ea4dc0c0f188d320011013a0b0000000e05ef00f0001503c800450106b50005b600034231991800004300000f000003f10000a6cdc70000000010012de8d10000000182c5e62e88011ea4dea70f188d32001100790d0000f60f06ef00f0001503c8004501f60106b50005b600044231781800004300000f000003f10000a6cdc70000000010012de8d10000000182c5e5ec20001ea4dea70f188d32001100790c0000000e05ef00f0001503c800450106b50005b600044231991800004300000f000003f10000a6cdc70000000010012de8d10000000182c5e32d00001ea4dea70f188d32001100790c0000000e05ef00f0001503c800450106b50005b600034231991800004300000f000003f10000a6cdc70000000010012de8d10000000182c5e06de0011ea4dea70f188d32000800790d0000f60f06ef00f0001503c8004501f60106b50005b600034231991800004300000f000003f10000a6cdc70000000010012de8d10000000182c5de7210001ea4dea70f188d32000800790c0000000e05ef00f0001503c800450106b50005b6000342319b1800004300000f000003f10000a6cdc70000000010012de8d10000000182c5dbb2f0001ea4dea70f188d32000800790a0000000e05ef00f0001503c800450106b50006b600044231991800004300000f000003f10000a6cdc70000000010012de8d10000000182c5d8f3d0011ea4dea70f188d32000800790b0000f60f06ef00f0001503c8004501f60106b50005b6000342317c1800004300000f000003f10000a6cdc70000000010012de8d10000000182c5d8b168001ea4dea70f188d32000800790c0000000e05ef00f0001503c800450106b50005b600034231851800004300000f000003f10000a6cdc70000000010012de8d10000000182c5d5f248001ea4dea70f188d32000800790b0000000e05ef00f0001503c800450106b50005b600034231991800004300000f000003f10000a6cdc70000000010012de8d10000000182c5d33328011ea4dea70f188d32000800790d0000f60f06ef00f0001503c8004501f60106b50005b600034231991800004300000f000003f10000a6cdc70000000010012de8d100110000f204"1661185856759360758
INFO:root:Lock acquired by860147042636561
>>> Request: 'POST http://172.21.0.2:8086/api/v2/write?org=qeeri&bucket=gps&precision=ns'
DEBUG:influxdb_client.client.http:>>> Request: 'POST http://172.21.0.2:8086/api/v2/write?org=qeeri&bucket=gps&precision=ns'
>>> Content-Encoding: identity
DEBUG:influxdb_client.client.http:>>> Content-Encoding: identity
>>> Content-Type: text/plain
DEBUG:influxdb_client.client.http:>>> Content-Type: text/plain
>>> Accept: application/json
DEBUG:influxdb_client.client.http:>>> Accept: application/json
>>> Authorization: ***
DEBUG:influxdb_client.client.http:>>> Authorization: ***
>>> User-Agent: influxdb-client-python/1.31.0
DEBUG:influxdb_client.client.http:>>> User-Agent: influxdb-client-python/1.31.0
>>> Body: b'gps_data,imei=860147042636561 raw_data="00000000000004e8081100000182c5f47ab0001ea4df3d0f188b3d0011013e0d0000000e05ef00f0001503c800450106b50005b6000342316f1800004300000f000003f10000a6cdc70000000010012de8d10000000182c5f1bb90011ea4dc0c0f188d320011013a0d0000f60f06ef00f0001503c8004501f60106b50004b6000342316f1800004300000f000003f10000a6cdc70000000010012de8d10000000182c5f165a0001ea4dc0c0f188d320011013a0a0000000e05ef00f0001503c800450106b50005b6000442319a1800004300000f000003f10000a6cdc70000000010012de8d10000000182c5eea680001ea4dc0c0f188d320011013a0c0000000e05ef00f0001503c800450106b50005b600044231991800004300000f000003f10000a6cdc70000000010012de8d10000000182c5ebe760011ea4dc0c0f188d320011013a0b0000f60f06ef00f0001503c8004501f60106b50005b600034231741800004300000f000003f10000a6cdc70000000010012de8d10000000182c5ebacc8001ea4dc0c0f188d320011013a0c0000000e05ef00f0001503c800450106b50005b6000342316f1800004300000f000003f10000a6cdc70000000010012de8d10000000182c5e8eda8001ea4dc0c0f188d320011013a0b0000000e05ef00f0001503c800450106b50005b600034231991800004300000f000003f10000a6cdc70000000010012de8d10000000182c5e62e88011ea4dea70f188d32001100790d0000f60f06ef00f0001503c8004501f60106b50005b600044231781800004300000f000003f10000a6cdc70000000010012de8d10000000182c5e5ec20001ea4dea70f188d32001100790c0000000e05ef00f0001503c800450106b50005b600044231991800004300000f000003f10000a6cdc70000000010012de8d10000000182c5e32d00001ea4dea70f188d32001100790c0000000e05ef00f0001503c800450106b50005b600034231991800004300000f000003f10000a6cdc70000000010012de8d10000000182c5e06de0011ea4dea70f188d32000800790d0000f60f06ef00f0001503c8004501f60106b50005b600034231991800004300000f000003f10000a6cdc70000000010012de8d10000000182c5de7210001ea4dea70f188d32000800790c0000000e05ef00f0001503c800450106b50005b6000342319b1800004300000f000003f10000a6cdc70000000010012de8d10000000182c5dbb2f0001ea4dea70f188d32000800790a0000000e05ef00f0001503c800450106b50006b600044231991800004300000f000003f10000a6cdc70000000010012de8d10000000182c5d8f3d0011ea4dea70f188d32000800790b0000f60f06ef00f0001503c8004501f60106b50005b6000342317c1800004300000f000003f10000a6cdc70000000010012de8d10000000182c5d8b168001ea4dea70f188d32000800790c0000000e05ef00f0001503c800450106b50005b600034231851800004300000f000003f10000a6cdc70000000010012de8d10000000182c5d5f248001ea4dea70f188d32000800790b0000000e05ef00f0001503c800450106b50005b600034231991800004300000f000003f10000a6cdc70000000010012de8d10000000182c5d33328011ea4dea70f188d32000800790d0000f60f06ef00f0001503c8004501f60106b50005b600034231991800004300000f000003f10000a6cdc70000000010012de8d100110000f204"1661185856759360758'
DEBUG:influxdb_client.client.http:>>> Body: b'gps_data,imei=860147042636561 raw_data="00000000000004e8081100000182c5f47ab0001ea4df3d0f188b3d0011013e0d0000000e05ef00f0001503c800450106b50005b6000342316f1800004300000f000003f10000a6cdc70000000010012de8d10000000182c5f1bb90011ea4dc0c0f188d320011013a0d0000f60f06ef00f0001503c8004501f60106b50004b6000342316f1800004300000f000003f10000a6cdc70000000010012de8d10000000182c5f165a0001ea4dc0c0f188d320011013a0a0000000e05ef00f0001503c800450106b50005b6000442319a1800004300000f000003f10000a6cdc70000000010012de8d10000000182c5eea680001ea4dc0c0f188d320011013a0c0000000e05ef00f0001503c800450106b50005b600044231991800004300000f000003f10000a6cdc70000000010012de8d10000000182c5ebe760011ea4dc0c0f188d320011013a0b0000f60f06ef00f0001503c8004501f60106b50005b600034231741800004300000f000003f10000a6cdc70000000010012de8d10000000182c5ebacc8001ea4dc0c0f188d320011013a0c0000000e05ef00f0001503c800450106b50005b6000342316f1800004300000f000003f10000a6cdc70000000010012de8d10000000182c5e8eda8001ea4dc0c0f188d320011013a0b0000000e05ef00f0001503c800450106b50005b600034231991800004300000f000003f10000a6cdc70000000010012de8d10000000182c5e62e88011ea4dea70f188d32001100790d0000f60f06ef00f0001503c8004501f60106b50005b600044231781800004300000f000003f10000a6cdc70000000010012de8d10000000182c5e5ec20001ea4dea70f188d32001100790c0000000e05ef00f0001503c800450106b50005b600044231991800004300000f000003f10000a6cdc70000000010012de8d10000000182c5e32d00001ea4dea70f188d32001100790c0000000e05ef00f0001503c800450106b50005b600034231991800004300000f000003f10000a6cdc70000000010012de8d10000000182c5e06de0011ea4dea70f188d32000800790d0000f60f06ef00f0001503c8004501f60106b50005b600034231991800004300000f000003f10000a6cdc70000000010012de8d10000000182c5de7210001ea4dea70f188d32000800790c0000000e05ef00f0001503c800450106b50005b6000342319b1800004300000f000003f10000a6cdc70000000010012de8d10000000182c5dbb2f0001ea4dea70f188d32000800790a0000000e05ef00f0001503c800450106b50006b600044231991800004300000f000003f10000a6cdc70000000010012de8d10000000182c5d8f3d0011ea4dea70f188d32000800790b0000f60f06ef00f0001503c8004501f60106b50005b6000342317c1800004300000f000003f10000a6cdc70000000010012de8d10000000182c5d8b168001ea4dea70f188d32000800790c0000000e05ef00f0001503c800450106b50005b600034231851800004300000f000003f10000a6cdc70000000010012de8d10000000182c5d5f248001ea4dea70f188d32000800790b0000000e05ef00f0001503c800450106b50005b600034231991800004300000f000003f10000a6cdc70000000010012de8d10000000182c5d33328011ea4dea70f188d32000800790d0000f60f06ef00f0001503c8004501f60106b50005b600034231991800004300000f000003f10000a6cdc70000000010012de8d100110000f204"1661185856759360758'
DEBUG:urllib3.util.retry:Converted retries value: False -> Retry(total=False, connect=None, read=None, redirect=0, status=None)
DEBUG:urllib3.connectionpool:http://172.21.0.2:8086 "POST /api/v2/write?org=qeeri&bucket=gps&precision=ns HTTP/1.1" 204 0
<<< Response: 204
DEBUG:influxdb_client.client.http:<<< Response: 204
<<< Date: Mon, 22 Aug 2022 16:30:56 GMT
DEBUG:influxdb_client.client.http:<<< Date: Mon, 22 Aug 2022 16:30:56 GMT
<<< Body: 
DEBUG:influxdb_client.client.http:<<< Body: 
INFO:root:Lock released by860147042636561
hello
INFO:root:[ACTIVE CONNECTIONS] 1
INFO:root:2022-08-22 16:30:57.888517
INFO:root:the length of handshake message is 17
this is the imei  860147042626836
hello
hello
INFO:root:[ACTIVE CONNECTIONS] 2
INFO:root:2022-08-22 16:30:58.645061
INFO:root:the length of handshake message is 17
this is the imei  860147042635654
hello
INFO:root:length of packet 1257
INFO:root:00000000000004dc081100000182c6648e18001ea7a2a90f19cb7d001a01170b001c000e05ef00f0011502c800450106b50008b6000442359918001c4300000f000003f10000a6cdc70000000010012428b60000000182c622be70001ea74c760f17c254001000f60a003c000e05ef00f0011504c800450106b50006b6000442364618003c4300000f000003f10000a6cdc700000000100124187c0000000182c6229760001ea77de00f17d708001200ec0b001b000e05ef00f0011504c800450106b50008b6000442363b18001b4300000f000003f10000a6cdc70000000010012417f00000000182c6227050001ea77eeb0f17e0150012004c080000000e05ef00f0011504c800450106b50007b600054236321800004300000f000003f10000a6cdc70000000010012417c00000000182c6224940001ea77eeb0f17e0150012004c090000000e05ef00f0011504c800450106b50006b6000442355f1800004300000f000003f10000a6cdc70000000010012417c00000000182c6222230001ea77eeb0f17e0150012004c090000000e05ef00f0011504c800450106b50006b6000442355d1800004300000f000003f10000a6cdc70000000010012417c00000000182c621fb20001ea77dae0f17df900013004c090009000e05ef00f0011504c800450106b5000bb600054234af1800094300000f000003f10000a6cdc70000000010012417c00000000182c621d410001ea773ea0f17d729001301460d000b000e05ef00f0011505c800450106b50005b6000342361e18000b4300000f000003f10000a6cdc70000000010012417990000000182c621ad00001ea78f420f17dabe001200e90a001d000e05ef00f0011505c800450106b50006b6000442368518001d4300000f000003f10000a6cdc700000000100124174b0000000182c62185f0001ea7999c0f17f0e1001100b40c0008000e05ef00f0011505c800450106b50005b600034236891800084300000f000003f10000a6cdc70000000010012417000000000182c6215ee0001ea79a110f17f113001200a90c0000000e05ef00f0011505c800450106b50005b600034235fd1800004300000f000003f10000a6cdc70000000010012417000000000182c62137d0001ea79a110f17f113001200a90c0000000e05ef00f0011505c800450106b50005b6000342358f1800004300000f000003f10000a6cdc70000000010012417000000000182c62110c0001ea79a110f17f113001200a90b0000000e05ef00f0011505c800450106b50005b600044236391800004300000f000003f10000a6cdc70000000010012417000000000182c620e9b0001ea799380f17f659001200b20b0015000e05ef00f0011505c800450106b50008b600044235ba1800154300000f000003f10000a6cdc70000000010012416f20000000182c620c2a0001ea798c30f18146d000f00b60d0029000e05ef00f0011505c800450106b50007b600034236b41800294300000f000003f10000a6cdc700000000100124169c0000000182c6209b90001ea7997b0f1832d4001600f70b000f000e05ef00f0011505c800450106b50006b6000442368118000f4300000f000003f10000a6cdc70000000010012416450000000182c6207480001ea7be860f183c23001801010c0035000e05ef00f0011504c800450106b50005b600034236861800354300000f000003f10000a6cdc70000000010012415e2001100006872
INFO:root:gps_data,imei=860147042626836 raw_data="00000000000004dc081100000182c6648e18001ea7a2a90f19cb7d001a01170b001c000e05ef00f0011502c800450106b50008b6000442359918001c4300000f000003f10000a6cdc70000000010012428b60000000182c622be70001ea74c760f17c254001000f60a003c000e05ef00f0011504c800450106b50006b6000442364618003c4300000f000003f10000a6cdc700000000100124187c0000000182c6229760001ea77de00f17d708001200ec0b001b000e05ef00f0011504c800450106b50008b6000442363b18001b4300000f000003f10000a6cdc70000000010012417f00000000182c6227050001ea77eeb0f17e0150012004c080000000e05ef00f0011504c800450106b50007b600054236321800004300000f000003f10000a6cdc70000000010012417c00000000182c6224940001ea77eeb0f17e0150012004c090000000e05ef00f0011504c800450106b50006b6000442355f1800004300000f000003f10000a6cdc70000000010012417c00000000182c6222230001ea77eeb0f17e0150012004c090000000e05ef00f0011504c800450106b50006b6000442355d1800004300000f000003f10000a6cdc70000000010012417c00000000182c621fb20001ea77dae0f17df900013004c090009000e05ef00f0011504c800450106b5000bb600054234af1800094300000f000003f10000a6cdc70000000010012417c00000000182c621d410001ea773ea0f17d729001301460d000b000e05ef00f0011505c800450106b50005b6000342361e18000b4300000f000003f10000a6cdc70000000010012417990000000182c621ad00001ea78f420f17dabe001200e90a001d000e05ef00f0011505c800450106b50006b6000442368518001d4300000f000003f10000a6cdc700000000100124174b0000000182c62185f0001ea7999c0f17f0e1001100b40c0008000e05ef00f0011505c800450106b50005b600034236891800084300000f000003f10000a6cdc70000000010012417000000000182c6215ee0001ea79a110f17f113001200a90c0000000e05ef00f0011505c800450106b50005b600034235fd1800004300000f000003f10000a6cdc70000000010012417000000000182c62137d0001ea79a110f17f113001200a90c0000000e05ef00f0011505c800450106b50005b6000342358f1800004300000f000003f10000a6cdc70000000010012417000000000182c62110c0001ea79a110f17f113001200a90b0000000e05ef00f0011505c800450106b50005b600044236391800004300000f000003f10000a6cdc70000000010012417000000000182c620e9b0001ea799380f17f659001200b20b0015000e05ef00f0011505c800450106b50008b600044235ba1800154300000f000003f10000a6cdc70000000010012416f20000000182c620c2a0001ea798c30f18146d000f00b60d0029000e05ef00f0011505c800450106b50007b600034236b41800294300000f000003f10000a6cdc700000000100124169c0000000182c6209b90001ea7997b0f1832d4001600f70b000f000e05ef00f0011505c800450106b50006b6000442368118000f4300000f000003f10000a6cdc70000000010012416450000000182c6207480001ea7be860f183c23001801010c0035000e05ef00f0011504c800450106b50005b600034236861800354300000f000003f10000a6cdc70000000010012415e2001100006872"1661185859443945914
INFO:root:Lock acquired by860147042626836
>>> Request: 'POST http://172.21.0.2:8086/api/v2/write?org=qeeri&bucket=gps&precision=ns'
DEBUG:influxdb_client.client.http:>>> Request: 'POST http://172.21.0.2:8086/api/v2/write?org=qeeri&bucket=gps&precision=ns'
>>> Content-Encoding: identity
DEBUG:influxdb_client.client.http:>>> Content-Encoding: identity
>>> Content-Type: text/plain
DEBUG:influxdb_client.client.http:>>> Content-Type: text/plain
>>> Accept: application/json
DEBUG:influxdb_client.client.http:>>> Accept: application/json
>>> Authorization: ***
DEBUG:influxdb_client.client.http:>>> Authorization: ***
>>> User-Agent: influxdb-client-python/1.31.0
DEBUG:influxdb_client.client.http:>>> User-Agent: influxdb-client-python/1.31.0
>>> Body: b'gps_data,imei=860147042626836 raw_data="00000000000004dc081100000182c6648e18001ea7a2a90f19cb7d001a01170b001c000e05ef00f0011502c800450106b50008b6000442359918001c4300000f000003f10000a6cdc70000000010012428b60000000182c622be70001ea74c760f17c254001000f60a003c000e05ef00f0011504c800450106b50006b6000442364618003c4300000f000003f10000a6cdc700000000100124187c0000000182c6229760001ea77de00f17d708001200ec0b001b000e05ef00f0011504c800450106b50008b6000442363b18001b4300000f000003f10000a6cdc70000000010012417f00000000182c6227050001ea77eeb0f17e0150012004c080000000e05ef00f0011504c800450106b50007b600054236321800004300000f000003f10000a6cdc70000000010012417c00000000182c6224940001ea77eeb0f17e0150012004c090000000e05ef00f0011504c800450106b50006b6000442355f1800004300000f000003f10000a6cdc70000000010012417c00000000182c6222230001ea77eeb0f17e0150012004c090000000e05ef00f0011504c800450106b50006b6000442355d1800004300000f000003f10000a6cdc70000000010012417c00000000182c621fb20001ea77dae0f17df900013004c090009000e05ef00f0011504c800450106b5000bb600054234af1800094300000f000003f10000a6cdc70000000010012417c00000000182c621d410001ea773ea0f17d729001301460d000b000e05ef00f0011505c800450106b50005b6000342361e18000b4300000f000003f10000a6cdc70000000010012417990000000182c621ad00001ea78f420f17dabe001200e90a001d000e05ef00f0011505c800450106b50006b6000442368518001d4300000f000003f10000a6cdc700000000100124174b0000000182c62185f0001ea7999c0f17f0e1001100b40c0008000e05ef00f0011505c800450106b50005b600034236891800084300000f000003f10000a6cdc70000000010012417000000000182c6215ee0001ea79a110f17f113001200a90c0000000e05ef00f0011505c800450106b50005b600034235fd1800004300000f000003f10000a6cdc70000000010012417000000000182c62137d0001ea79a110f17f113001200a90c0000000e05ef00f0011505c800450106b50005b6000342358f1800004300000f000003f10000a6cdc70000000010012417000000000182c62110c0001ea79a110f17f113001200a90b0000000e05ef00f0011505c800450106b50005b600044236391800004300000f000003f10000a6cdc70000000010012417000000000182c620e9b0001ea799380f17f659001200b20b0015000e05ef00f0011505c800450106b50008b600044235ba1800154300000f000003f10000a6cdc70000000010012416f20000000182c620c2a0001ea798c30f18146d000f00b60d0029000e05ef00f0011505c800450106b50007b600034236b41800294300000f000003f10000a6cdc700000000100124169c0000000182c6209b90001ea7997b0f1832d4001600f70b000f000e05ef00f0011505c800450106b50006b6000442368118000f4300000f000003f10000a6cdc70000000010012416450000000182c6207480001ea7be860f183c23001801010c0035000e05ef00f0011504c800450106b50005b600034236861800354300000f000003f10000a6cdc70000000010012415e2001100006872"1661185859443945914'
DEBUG:influxdb_client.client.http:>>> Body: b'gps_data,imei=860147042626836 raw_data="00000000000004dc081100000182c6648e18001ea7a2a90f19cb7d001a01170b001c000e05ef00f0011502c800450106b50008b6000442359918001c4300000f000003f10000a6cdc70000000010012428b60000000182c622be70001ea74c760f17c254001000f60a003c000e05ef00f0011504c800450106b50006b6000442364618003c4300000f000003f10000a6cdc700000000100124187c0000000182c6229760001ea77de00f17d708001200ec0b001b000e05ef00f0011504c800450106b50008b6000442363b18001b4300000f000003f10000a6cdc70000000010012417f00000000182c6227050001ea77eeb0f17e0150012004c080000000e05ef00f0011504c800450106b50007b600054236321800004300000f000003f10000a6cdc70000000010012417c00000000182c6224940001ea77eeb0f17e0150012004c090000000e05ef00f0011504c800450106b50006b6000442355f1800004300000f000003f10000a6cdc70000000010012417c00000000182c6222230001ea77eeb0f17e0150012004c090000000e05ef00f0011504c800450106b50006b6000442355d1800004300000f000003f10000a6cdc70000000010012417c00000000182c621fb20001ea77dae0f17df900013004c090009000e05ef00f0011504c800450106b5000bb600054234af1800094300000f000003f10000a6cdc70000000010012417c00000000182c621d410001ea773ea0f17d729001301460d000b000e05ef00f0011505c800450106b50005b6000342361e18000b4300000f000003f10000a6cdc70000000010012417990000000182c621ad00001ea78f420f17dabe001200e90a001d000e05ef00f0011505c800450106b50006b6000442368518001d4300000f000003f10000a6cdc700000000100124174b0000000182c62185f0001ea7999c0f17f0e1001100b40c0008000e05ef00f0011505c800450106b50005b600034236891800084300000f000003f10000a6cdc70000000010012417000000000182c6215ee0001ea79a110f17f113001200a90c0000000e05ef00f0011505c800450106b50005b600034235fd1800004300000f000003f10000a6cdc70000000010012417000000000182c62137d0001ea79a110f17f113001200a90c0000000e05ef00f0011505c800450106b50005b6000342358f1800004300000f000003f10000a6cdc70000000010012417000000000182c62110c0001ea79a110f17f113001200a90b0000000e05ef00f0011505c800450106b50005b600044236391800004300000f000003f10000a6cdc70000000010012417000000000182c620e9b0001ea799380f17f659001200b20b0015000e05ef00f0011505c800450106b50008b600044235ba1800154300000f000003f10000a6cdc70000000010012416f20000000182c620c2a0001ea798c30f18146d000f00b60d0029000e05ef00f0011505c800450106b50007b600034236b41800294300000f000003f10000a6cdc700000000100124169c0000000182c6209b90001ea7997b0f1832d4001600f70b000f000e05ef00f0011505c800450106b50006b6000442368118000f4300000f000003f10000a6cdc70000000010012416450000000182c6207480001ea7be860f183c23001801010c0035000e05ef00f0011504c800450106b50005b600034236861800354300000f000003f10000a6cdc70000000010012415e2001100006872"1661185859443945914'
DEBUG:urllib3.util.retry:Converted retries value: False -> Retry(total=False, connect=None, read=None, redirect=0, status=None)
DEBUG:urllib3.connectionpool:http://172.21.0.2:8086 "POST /api/v2/write?org=qeeri&bucket=gps&precision=ns HTTP/1.1" 204 0
<<< Response: 204
DEBUG:influxdb_client.client.http:<<< Response: 204
<<< Date: Mon, 22 Aug 2022 16:30:59 GMT
DEBUG:influxdb_client.client.http:<<< Date: Mon, 22 Aug 2022 16:30:59 GMT
<<< Body: 
DEBUG:influxdb_client.client.http:<<< Body: 
INFO:root:Lock released by860147042626836
hello
INFO:root:[ACTIVE CONNECTIONS] 2
INFO:root:2022-08-22 16:30:59.576156
INFO:root:the length of handshake message is 17
this is the imei  860147042649242
hello
INFO:root:length of packet 1259
INFO:root:00000000000004de081100000182c6321c08001ec28d380f00561b00000000000000000e05ef00f0001504c800450206b50000b600004231e11800004300000f000003f10000a6cdc70000000010015088310000000182c62f5ce8001ec28d380f00561b00170000040000000e05ef00f0001504c800450106b5000cb6000a4231e21800004300000f000003f10000a6cdc70000000010015088310000000182c62c9dc8011ec28e530f00586200160000050000f60f06ef00f0001504c8004501f60106b50012b600114231e01800004300000f000003f10000a6cdc70000000010015088220000000182c62bd2a8001ec28e530f0058620015002c050000000e05ef00f0001504c800450106b50009b600084231e21800004300000f000003f10000a6cdc70000000010015088220000000182c6291388001ec28e530f0058620005002c040000f00e05ef00f0001504c800450106b5000ab600094231b71800004300000f000003f10000a6cdc70000000010015088220000000182c628f060001ec28e530f0058620005002c040000000e05ef00f0011504c800450106b5000ab600094231b71800004300000f000003f10000a6cdc70000000010015088220000000182c628c950001ec28e530f0058620005002c050000000e05ef00f0011504c800450106b50009b600084231b41800004300000f000003f10000a6cdc70000000010015088220000000182c628a240001ec28c600f00552100000000000000000e05ef00f0011504c800450206b50000b600004231b71800004300000f000003f10000a6cdc70000000010015088220000000182c6287b30001ec28c600f00552100040165050000000e05ef00f0011504c800450106b50008b600074231a81800004300000f000003f10000a6cdc70000000010015088220000000182c6285420001ec28a290f005081000300e2040000000e05ef00f0011504c800450106b5000ab6000942318b1800004300000f000003f10000a6cdc70000000010015088220000000182c6282d10001ec28a290f005081000300e2040000000e05ef00f0011504c800450106b5000ab6000942318b1800004300000f000003f10000a6cdc70000000010015088220000000182c6280600001ec28b120f005212000400fb050000f00e05ef00f0011504c800450106b50009b6000842316c1800004300000f000003f10000a6cdc70000000010015088060000000182c6280218001ec2874c0f004ced00040106050000000e05ef00f0001504c800450106b50009b600084231811800004300000f000003f10000a6cdc70000000010015088060000000182c6277d48001ec286520f004c0400030106040004f00e05ef00f0001504c800450106b50012b6001142318b1800044300000f000003f10000a6cdc70000000010015088060000000182c6275a20001ec286410f004bc100050106040000000e05ef00f0011504c800450106b5000ab600094231611800004300000f000003f10000a6cdc70000000010015088060000000182c6273310001ec2871a0f0050b400070106040000000e05ef00f0011504c800450106b50015b600154231041800004300000f000003f10000a6cdc70000000010015088060000000182c6270c00001ec2874c0f004dd600050009040000000e05ef00f0011504c800450106b50015b600154231741800004300000f000003f10000a6cdc7000000001001508806001100000a67
INFO:root:gps_data,imei=860147042635654 raw_data="00000000000004de081100000182c6321c08001ec28d380f00561b00000000000000000e05ef00f0001504c800450206b50000b600004231e11800004300000f000003f10000a6cdc70000000010015088310000000182c62f5ce8001ec28d380f00561b00170000040000000e05ef00f0001504c800450106b5000cb6000a4231e21800004300000f000003f10000a6cdc70000000010015088310000000182c62c9dc8011ec28e530f00586200160000050000f60f06ef00f0001504c8004501f60106b50012b600114231e01800004300000f000003f10000a6cdc70000000010015088220000000182c62bd2a8001ec28e530f0058620015002c050000000e05ef00f0001504c800450106b50009b600084231e21800004300000f000003f10000a6cdc70000000010015088220000000182c6291388001ec28e530f0058620005002c040000f00e05ef00f0001504c800450106b5000ab600094231b71800004300000f000003f10000a6cdc70000000010015088220000000182c628f060001ec28e530f0058620005002c040000000e05ef00f0011504c800450106b5000ab600094231b71800004300000f000003f10000a6cdc70000000010015088220000000182c628c950001ec28e530f0058620005002c050000000e05ef00f0011504c800450106b50009b600084231b41800004300000f000003f10000a6cdc70000000010015088220000000182c628a240001ec28c600f00552100000000000000000e05ef00f0011504c800450206b50000b600004231b71800004300000f000003f10000a6cdc70000000010015088220000000182c6287b30001ec28c600f00552100040165050000000e05ef00f0011504c800450106b50008b600074231a81800004300000f000003f10000a6cdc70000000010015088220000000182c6285420001ec28a290f005081000300e2040000000e05ef00f0011504c800450106b5000ab6000942318b1800004300000f000003f10000a6cdc70000000010015088220000000182c6282d10001ec28a290f005081000300e2040000000e05ef00f0011504c800450106b5000ab6000942318b1800004300000f000003f10000a6cdc70000000010015088220000000182c6280600001ec28b120f005212000400fb050000f00e05ef00f0011504c800450106b50009b6000842316c1800004300000f000003f10000a6cdc70000000010015088060000000182c6280218001ec2874c0f004ced00040106050000000e05ef00f0001504c800450106b50009b600084231811800004300000f000003f10000a6cdc70000000010015088060000000182c6277d48001ec286520f004c0400030106040004f00e05ef00f0001504c800450106b50012b6001142318b1800044300000f000003f10000a6cdc70000000010015088060000000182c6275a20001ec286410f004bc100050106040000000e05ef00f0011504c800450106b5000ab600094231611800004300000f000003f10000a6cdc70000000010015088060000000182c6273310001ec2871a0f0050b400070106040000000e05ef00f0011504c800450106b50015b600154231041800004300000f000003f10000a6cdc70000000010015088060000000182c6270c00001ec2874c0f004dd600050009040000000e05ef00f0011504c800450106b50015b600154231741800004300000f000003f10000a6cdc7000000001001508806001100000a67"1661185860387011153
INFO:root:Lock acquired by860147042635654
>>> Request: 'POST http://172.21.0.2:8086/api/v2/write?org=qeeri&bucket=gps&precision=ns'
DEBUG:influxdb_client.client.http:>>> Request: 'POST http://172.21.0.2:8086/api/v2/write?org=qeeri&bucket=gps&precision=ns'
>>> Content-Encoding: identity
DEBUG:influxdb_client.client.http:>>> Content-Encoding: identity
>>> Content-Type: text/plain
DEBUG:influxdb_client.client.http:>>> Content-Type: text/plain
>>> Accept: application/json
DEBUG:influxdb_client.client.http:>>> Accept: application/json
>>> Authorization: ***
DEBUG:influxdb_client.client.http:>>> Authorization: ***
>>> User-Agent: influxdb-client-python/1.31.0
DEBUG:influxdb_client.client.http:>>> User-Agent: influxdb-client-python/1.31.0
>>> Body: b'gps_data,imei=860147042635654 raw_data="00000000000004de081100000182c6321c08001ec28d380f00561b00000000000000000e05ef00f0001504c800450206b50000b600004231e11800004300000f000003f10000a6cdc70000000010015088310000000182c62f5ce8001ec28d380f00561b00170000040000000e05ef00f0001504c800450106b5000cb6000a4231e21800004300000f000003f10000a6cdc70000000010015088310000000182c62c9dc8011ec28e530f00586200160000050000f60f06ef00f0001504c8004501f60106b50012b600114231e01800004300000f000003f10000a6cdc70000000010015088220000000182c62bd2a8001ec28e530f0058620015002c050000000e05ef00f0001504c800450106b50009b600084231e21800004300000f000003f10000a6cdc70000000010015088220000000182c6291388001ec28e530f0058620005002c040000f00e05ef00f0001504c800450106b5000ab600094231b71800004300000f000003f10000a6cdc70000000010015088220000000182c628f060001ec28e530f0058620005002c040000000e05ef00f0011504c800450106b5000ab600094231b71800004300000f000003f10000a6cdc70000000010015088220000000182c628c950001ec28e530f0058620005002c050000000e05ef00f0011504c800450106b50009b600084231b41800004300000f000003f10000a6cdc70000000010015088220000000182c628a240001ec28c600f00552100000000000000000e05ef00f0011504c800450206b50000b600004231b71800004300000f000003f10000a6cdc70000000010015088220000000182c6287b30001ec28c600f00552100040165050000000e05ef00f0011504c800450106b50008b600074231a81800004300000f000003f10000a6cdc70000000010015088220000000182c6285420001ec28a290f005081000300e2040000000e05ef00f0011504c800450106b5000ab6000942318b1800004300000f000003f10000a6cdc70000000010015088220000000182c6282d10001ec28a290f005081000300e2040000000e05ef00f0011504c800450106b5000ab6000942318b1800004300000f000003f10000a6cdc70000000010015088220000000182c6280600001ec28b120f005212000400fb050000f00e05ef00f0011504c800450106b50009b6000842316c1800004300000f000003f10000a6cdc70000000010015088060000000182c6280218001ec2874c0f004ced00040106050000000e05ef00f0001504c800450106b50009b600084231811800004300000f000003f10000a6cdc70000000010015088060000000182c6277d48001ec286520f004c0400030106040004f00e05ef00f0001504c800450106b50012b6001142318b1800044300000f000003f10000a6cdc70000000010015088060000000182c6275a20001ec286410f004bc100050106040000000e05ef00f0011504c800450106b5000ab600094231611800004300000f000003f10000a6cdc70000000010015088060000000182c6273310001ec2871a0f0050b400070106040000000e05ef00f0011504c800450106b50015b600154231041800004300000f000003f10000a6cdc70000000010015088060000000182c6270c00001ec2874c0f004dd600050009040000000e05ef00f0011504c800450106b50015b600154231741800004300000f000003f10000a6cdc7000000001001508806001100000a67"1661185860387011153'
DEBUG:influxdb_client.client.http:>>> Body: b'gps_data,imei=860147042635654 raw_data="00000000000004de081100000182c6321c08001ec28d380f00561b00000000000000000e05ef00f0001504c800450206b50000b600004231e11800004300000f000003f10000a6cdc70000000010015088310000000182c62f5ce8001ec28d380f00561b00170000040000000e05ef00f0001504c800450106b5000cb6000a4231e21800004300000f000003f10000a6cdc70000000010015088310000000182c62c9dc8011ec28e530f00586200160000050000f60f06ef00f0001504c8004501f60106b50012b600114231e01800004300000f000003f10000a6cdc70000000010015088220000000182c62bd2a8001ec28e530f0058620015002c050000000e05ef00f0001504c800450106b50009b600084231e21800004300000f000003f10000a6cdc70000000010015088220000000182c6291388001ec28e530f0058620005002c040000f00e05ef00f0001504c800450106b5000ab600094231b71800004300000f000003f10000a6cdc70000000010015088220000000182c628f060001ec28e530f0058620005002c040000000e05ef00f0011504c800450106b5000ab600094231b71800004300000f000003f10000a6cdc70000000010015088220000000182c628c950001ec28e530f0058620005002c050000000e05ef00f0011504c800450106b50009b600084231b41800004300000f000003f10000a6cdc70000000010015088220000000182c628a240001ec28c600f00552100000000000000000e05ef00f0011504c800450206b50000b600004231b71800004300000f000003f10000a6cdc70000000010015088220000000182c6287b30001ec28c600f00552100040165050000000e05ef00f0011504c800450106b50008b600074231a81800004300000f000003f10000a6cdc70000000010015088220000000182c6285420001ec28a290f005081000300e2040000000e05ef00f0011504c800450106b5000ab6000942318b1800004300000f000003f10000a6cdc70000000010015088220000000182c6282d10001ec28a290f005081000300e2040000000e05ef00f0011504c800450106b5000ab6000942318b1800004300000f000003f10000a6cdc70000000010015088220000000182c6280600001ec28b120f005212000400fb050000f00e05ef00f0011504c800450106b50009b6000842316c1800004300000f000003f10000a6cdc70000000010015088060000000182c6280218001ec2874c0f004ced00040106050000000e05ef00f0001504c800450106b50009b600084231811800004300000f000003f10000a6cdc70000000010015088060000000182c6277d48001ec286520f004c0400030106040004f00e05ef00f0001504c800450106b50012b6001142318b1800044300000f000003f10000a6cdc70000000010015088060000000182c6275a20001ec286410f004bc100050106040000000e05ef00f0011504c800450106b5000ab600094231611800004300000f000003f10000a6cdc70000000010015088060000000182c6273310001ec2871a0f0050b400070106040000000e05ef00f0011504c800450106b50015b600154231041800004300000f000003f10000a6cdc70000000010015088060000000182c6270c00001ec2874c0f004dd600050009040000000e05ef00f0011504c800450106b50015b600154231741800004300000f000003f10000a6cdc7000000001001508806001100000a67"1661185860387011153'
DEBUG:urllib3.util.retry:Converted retries value: False -> Retry(total=False, connect=None, read=None, redirect=0, status=None)
DEBUG:urllib3.connectionpool:http://172.21.0.2:8086 "POST /api/v2/write?org=qeeri&bucket=gps&precision=ns HTTP/1.1" 204 0
<<< Response: 204
DEBUG:influxdb_client.client.http:<<< Response: 204
<<< Date: Mon, 22 Aug 2022 16:31:00 GMT
DEBUG:influxdb_client.client.http:<<< Date: Mon, 22 Aug 2022 16:31:00 GMT
<<< Body: 
DEBUG:influxdb_client.client.http:<<< Body: 
INFO:root:Lock released by860147042635654
INFO:root:length of packet 1206
INFO:root:00000000000004a9080a00000182c5ee3d08001ea56ac20f185ff2000c00c30a0000002213ef00f0011505c80045011e001f31205a2100232f25022600273b29002e002f003043326235290cb50006b600044238331800004300000f00002403192a00b52b000031095833366834002303f10000a6cdc700000000100110e4e20000000182c5ee15f8001ea56bbb0f1863440008007f0b000a002213ef00f0011504c80045011e001f1e205a210023222512260a273c29002e002f003043326235290cb50005b6000442382118000a4300000f00002403542a00a82b000031095833364934001803f10000a6cdc700000000100110e4d60000000182c5edeee8001ea559e50f18626c0007005b0c0014002213ef00f0011504c80045011e001f16205a21fb231e25152613273c29002e002f003043326235290cb50005b600034238361800144300000f00002405ac2a00a02b000031095733369634001f03f10000a6cdc700000000100110e4a60000000182c5edc7d8001ea54aba0f186d4b000700720a0012002213ef00f0011504c80045011e001f1b205921fd231f25192612273c29002e002f003044326235290cb50007b600044238351800124300000f00002404c42a00982b00003109573336d434001503f10000a6cdc700000000100110e4720000000182c5eda0c8001ea532710f1876ab000600710c0011002213ef00f0011504c80045011e001f2a205921fe233b25102617273c29002e042ff330443262352a0cb50005b6000342381d1800114300000f000024051f2a008b2b00003109573336b534001203f10000a6cdc700000000100110e42d0000000182c5ed79b8001ea52ac20f188210000500d20b0013002213ef00f0011504c80045011e001f2d205921ff235a25132625273c29002e042f0330443262352a0cb50005b600044237b11800134300000f00002406352a00832b000031095733367734001403f10000a6cdc700000000100110e3fc0000000182c5ed52a8001ea530d00f188c27000700ca0b0000002213ef00f0011504c80045011e001f30205a21ff232d25062600273d29002e002f6330443262352a0cb50006b6000442381b1800004300000f00002403112a00762b000031095733366834001803f10000a6cdc700000000100110e3d90000000182c5ed2b98001ea5335a0f1890f8000900e80b0005002213ef00f0011504c80045011e001f2f205a2100232e25092609273d29002e002f0030443262352a0cb50005b600044237ef1800054300000f000024030e2a006e2b000031095733361b34002203f10000a6cdc700000000100110e3cc0000000182c5ed0488001ea53a620f1894d0000d011d0e0008002213ef00f0011504c80045011e001f2b205b21fd232e250a2605273d29002e002f6330443262352a0cb50004b600034237d71800084300000f000024031d2a00662b000031095733363a34002903f10000a6cdc700000000100110e3b60000000182c5ecdd78001ea54e6f0f188be4000f01250b001f002213ef00f0011504c80045011e001f25205e21fd234325252621273d29002e002f0030443262352b0cb50006b6000442380f18001f4300000f000024045b2a00592b00003109573336a634001303f10000a6cdc700000000100110e37d000a000025d0
INFO:root:gps_data,imei=860147042649242 raw_data="00000000000004a9080a00000182c5ee3d08001ea56ac20f185ff2000c00c30a0000002213ef00f0011505c80045011e001f31205a2100232f25022600273b29002e002f003043326235290cb50006b600044238331800004300000f00002403192a00b52b000031095833366834002303f10000a6cdc700000000100110e4e20000000182c5ee15f8001ea56bbb0f1863440008007f0b000a002213ef00f0011504c80045011e001f1e205a210023222512260a273c29002e002f003043326235290cb50005b6000442382118000a4300000f00002403542a00a82b000031095833364934001803f10000a6cdc700000000100110e4d60000000182c5edeee8001ea559e50f18626c0007005b0c0014002213ef00f0011504c80045011e001f16205a21fb231e25152613273c29002e002f003043326235290cb50005b600034238361800144300000f00002405ac2a00a02b000031095733369634001f03f10000a6cdc700000000100110e4a60000000182c5edc7d8001ea54aba0f186d4b000700720a0012002213ef00f0011504c80045011e001f1b205921fd231f25192612273c29002e002f003044326235290cb50007b600044238351800124300000f00002404c42a00982b00003109573336d434001503f10000a6cdc700000000100110e4720000000182c5eda0c8001ea532710f1876ab000600710c0011002213ef00f0011504c80045011e001f2a205921fe233b25102617273c29002e042ff330443262352a0cb50005b6000342381d1800114300000f000024051f2a008b2b00003109573336b534001203f10000a6cdc700000000100110e42d0000000182c5ed79b8001ea52ac20f188210000500d20b0013002213ef00f0011504c80045011e001f2d205921ff235a25132625273c29002e042f0330443262352a0cb50005b600044237b11800134300000f00002406352a00832b000031095733367734001403f10000a6cdc700000000100110e3fc0000000182c5ed52a8001ea530d00f188c27000700ca0b0000002213ef00f0011504c80045011e001f30205a21ff232d25062600273d29002e002f6330443262352a0cb50006b6000442381b1800004300000f00002403112a00762b000031095733366834001803f10000a6cdc700000000100110e3d90000000182c5ed2b98001ea5335a0f1890f8000900e80b0005002213ef00f0011504c80045011e001f2f205a2100232e25092609273d29002e002f0030443262352a0cb50005b600044237ef1800054300000f000024030e2a006e2b000031095733361b34002203f10000a6cdc700000000100110e3cc0000000182c5ed0488001ea53a620f1894d0000d011d0e0008002213ef00f0011504c80045011e001f2b205b21fd232e250a2605273d29002e002f6330443262352a0cb50004b600034237d71800084300000f000024031d2a00662b000031095733363a34002903f10000a6cdc700000000100110e3b60000000182c5ecdd78001ea54e6f0f188be4000f01250b001f002213ef00f0011504c80045011e001f25205e21fd234325252621273d29002e002f0030443262352b0cb50006b6000442380f18001f4300000f000024045b2a00592b00003109573336a634001303f10000a6cdc700000000100110e37d000a000025d0"1661185861152003292
INFO:root:Lock acquired by860147042649242
>>> Request: 'POST http://172.21.0.2:8086/api/v2/write?org=qeeri&bucket=gps&precision=ns'
DEBUG:influxdb_client.client.http:>>> Request: 'POST http://172.21.0.2:8086/api/v2/write?org=qeeri&bucket=gps&precision=ns'
>>> Content-Encoding: identity
DEBUG:influxdb_client.client.http:>>> Content-Encoding: identity
>>> Content-Type: text/plain
DEBUG:influxdb_client.client.http:>>> Content-Type: text/plain
>>> Accept: application/json
DEBUG:influxdb_client.client.http:>>> Accept: application/json
>>> Authorization: ***
DEBUG:influxdb_client.client.http:>>> Authorization: ***
>>> User-Agent: influxdb-client-python/1.31.0
DEBUG:influxdb_client.client.http:>>> User-Agent: influxdb-client-python/1.31.0
>>> Body: b'gps_data,imei=860147042649242 raw_data="00000000000004a9080a00000182c5ee3d08001ea56ac20f185ff2000c00c30a0000002213ef00f0011505c80045011e001f31205a2100232f25022600273b29002e002f003043326235290cb50006b600044238331800004300000f00002403192a00b52b000031095833366834002303f10000a6cdc700000000100110e4e20000000182c5ee15f8001ea56bbb0f1863440008007f0b000a002213ef00f0011504c80045011e001f1e205a210023222512260a273c29002e002f003043326235290cb50005b6000442382118000a4300000f00002403542a00a82b000031095833364934001803f10000a6cdc700000000100110e4d60000000182c5edeee8001ea559e50f18626c0007005b0c0014002213ef00f0011504c80045011e001f16205a21fb231e25152613273c29002e002f003043326235290cb50005b600034238361800144300000f00002405ac2a00a02b000031095733369634001f03f10000a6cdc700000000100110e4a60000000182c5edc7d8001ea54aba0f186d4b000700720a0012002213ef00f0011504c80045011e001f1b205921fd231f25192612273c29002e002f003044326235290cb50007b600044238351800124300000f00002404c42a00982b00003109573336d434001503f10000a6cdc700000000100110e4720000000182c5eda0c8001ea532710f1876ab000600710c0011002213ef00f0011504c80045011e001f2a205921fe233b25102617273c29002e042ff330443262352a0cb50005b6000342381d1800114300000f000024051f2a008b2b00003109573336b534001203f10000a6cdc700000000100110e42d0000000182c5ed79b8001ea52ac20f188210000500d20b0013002213ef00f0011504c80045011e001f2d205921ff235a25132625273c29002e042f0330443262352a0cb50005b600044237b11800134300000f00002406352a00832b000031095733367734001403f10000a6cdc700000000100110e3fc0000000182c5ed52a8001ea530d00f188c27000700ca0b0000002213ef00f0011504c80045011e001f30205a21ff232d25062600273d29002e002f6330443262352a0cb50006b6000442381b1800004300000f00002403112a00762b000031095733366834001803f10000a6cdc700000000100110e3d90000000182c5ed2b98001ea5335a0f1890f8000900e80b0005002213ef00f0011504c80045011e001f2f205a2100232e25092609273d29002e002f0030443262352a0cb50005b600044237ef1800054300000f000024030e2a006e2b000031095733361b34002203f10000a6cdc700000000100110e3cc0000000182c5ed0488001ea53a620f1894d0000d011d0e0008002213ef00f0011504c80045011e001f2b205b21fd232e250a2605273d29002e002f6330443262352a0cb50004b600034237d71800084300000f000024031d2a00662b000031095733363a34002903f10000a6cdc700000000100110e3b60000000182c5ecdd78001ea54e6f0f188be4000f01250b001f002213ef00f0011504c80045011e001f25205e21fd234325252621273d29002e002f0030443262352b0cb50006b6000442380f18001f4300000f000024045b2a00592b00003109573336a634001303f10000a6cdc700000000100110e37d000a000025d0"1661185861152003292'
DEBUG:influxdb_client.client.http:>>> Body: b'gps_data,imei=860147042649242 raw_data="00000000000004a9080a00000182c5ee3d08001ea56ac20f185ff2000c00c30a0000002213ef00f0011505c80045011e001f31205a2100232f25022600273b29002e002f003043326235290cb50006b600044238331800004300000f00002403192a00b52b000031095833366834002303f10000a6cdc700000000100110e4e20000000182c5ee15f8001ea56bbb0f1863440008007f0b000a002213ef00f0011504c80045011e001f1e205a210023222512260a273c29002e002f003043326235290cb50005b6000442382118000a4300000f00002403542a00a82b000031095833364934001803f10000a6cdc700000000100110e4d60000000182c5edeee8001ea559e50f18626c0007005b0c0014002213ef00f0011504c80045011e001f16205a21fb231e25152613273c29002e002f003043326235290cb50005b600034238361800144300000f00002405ac2a00a02b000031095733369634001f03f10000a6cdc700000000100110e4a60000000182c5edc7d8001ea54aba0f186d4b000700720a0012002213ef00f0011504c80045011e001f1b205921fd231f25192612273c29002e002f003044326235290cb50007b600044238351800124300000f00002404c42a00982b00003109573336d434001503f10000a6cdc700000000100110e4720000000182c5eda0c8001ea532710f1876ab000600710c0011002213ef00f0011504c80045011e001f2a205921fe233b25102617273c29002e042ff330443262352a0cb50005b6000342381d1800114300000f000024051f2a008b2b00003109573336b534001203f10000a6cdc700000000100110e42d0000000182c5ed79b8001ea52ac20f188210000500d20b0013002213ef00f0011504c80045011e001f2d205921ff235a25132625273c29002e042f0330443262352a0cb50005b600044237b11800134300000f00002406352a00832b000031095733367734001403f10000a6cdc700000000100110e3fc0000000182c5ed52a8001ea530d00f188c27000700ca0b0000002213ef00f0011504c80045011e001f30205a21ff232d25062600273d29002e002f6330443262352a0cb50006b6000442381b1800004300000f00002403112a00762b000031095733366834001803f10000a6cdc700000000100110e3d90000000182c5ed2b98001ea5335a0f1890f8000900e80b0005002213ef00f0011504c80045011e001f2f205a2100232e25092609273d29002e002f0030443262352a0cb50005b600044237ef1800054300000f000024030e2a006e2b000031095733361b34002203f10000a6cdc700000000100110e3cc0000000182c5ed0488001ea53a620f1894d0000d011d0e0008002213ef00f0011504c80045011e001f2b205b21fd232e250a2605273d29002e002f6330443262352a0cb50004b600034237d71800084300000f000024031d2a00662b000031095733363a34002903f10000a6cdc700000000100110e3b60000000182c5ecdd78001ea54e6f0f188be4000f01250b001f002213ef00f0011504c80045011e001f25205e21fd234325252621273d29002e002f0030443262352b0cb50006b6000442380f18001f4300000f000024045b2a00592b00003109573336a634001303f10000a6cdc700000000100110e37d000a000025d0"1661185861152003292'
DEBUG:urllib3.util.retry:Converted retries value: False -> Retry(total=False, connect=None, read=None, redirect=0, status=None)
DEBUG:urllib3.connectionpool:http://172.21.0.2:8086 "POST /api/v2/write?org=qeeri&bucket=gps&precision=ns HTTP/1.1" 204 0
<<< Response: 204
DEBUG:influxdb_client.client.http:<<< Response: 204
<<< Date: Mon, 22 Aug 2022 16:31:01 GMT
DEBUG:influxdb_client.client.http:<<< Date: Mon, 22 Aug 2022 16:31:01 GMT
<<< Body: 
DEBUG:influxdb_client.client.http:<<< Body: 
INFO:root:Lock released by860147042649242
hello
INFO:root:[ACTIVE CONNECTIONS] 1
INFO:root:2022-08-22 16:31:01.343940
INFO:root:the length of handshake message is 17
this is the imei  860147042636678
hello
hello
INFO:root:[ACTIVE CONNECTIONS] 2
INFO:root:2022-08-22 16:31:01.461268
INFO:root:the length of handshake message is 17
this is the imei  860147042626570
hello
hello
INFO:root:[ACTIVE CONNECTIONS] 3
INFO:root:2022-08-22 16:31:02.388118
INFO:root:the length of handshake message is 17
this is the imei  860147042626836
hello
INFO:root:length of packet 1196
INFO:root:000000000000049f080a00000182c634b800001eb372190f11f8f30008000806001d00200eef00f0011503c80045011e001f222058210025212613273a3264353a0fb50006b6000442369118001d4300000f00002404302802e92a06d32b000031396533337f34001036000037618d03f10000a6cdc70000000010002fdb890000000182c63490f0001eb3728e0f11dee80008016609001b00200eef00f0011504c80045011e001f17205921fe251a2611273b3264353b0fb50005b6000342361e18001b4300000f00002403412801d42a06ca2b000031396533330a34000d36000037618d03f10000a6cdc70000000010002fdb3f0000000182c63469e0001eb373a90f11c5c70005015c08001200200eef00f0011504c80045011e001f4b2059210025162614273a3264353a0fb50005b600044236b11800124300000f00002405bf280a362a06c02b000031396533336c34000c36000037618c03f10000a6cdc70000000010002fdaf70000000182c63442d0001eb3776f0f11b9680001014308000800200eef00f0011504c80045011e001f20205a21ff250c2613273b3264353c0fb50009b600044236841800084300000f000024032e2802102a06b62b000031396433334534001536000037618c03f10000a6cdc70000000010002fdad10000000182c6341bc0001eb3773d0f11b51cffff003109000700200eef00f0011504c80045011e001f20205a210025082608273c3264353c0fb50008b600044236431800074300000f00002402222801c52a06ac2b000031396433333134001236000037618c03f10000a6cdc70000000010002fdac30000000182c633f4b0001eb3723a0f11b20dfffd006a08000500200eef00f0011504c80045011e001f25205a21002505260b273c3264353c0fb50005b600044236561800054300000f000024028d28027b2a06a22b000031396433334534001736000037618c03f10000a6cdc70000000010002fdab40000000182c633cda0001eb36d260f11ad4c0000004f09000900200eef00f0011504c80045011e001f1d205921002509260d273b3264353b0fb50008b6000442363b1800094300000f00002402ce2801af2a06982b000031396433335834000e36000037618c03f10000a6cdc70000000010002fda9e0000000182c633a690001eb3617f0f11adf30005004c09000900200eef00f0011504c80045011e001f232059210025092609273b3264353b0fb50008b600054236861800094300000f00002403632802962a068f2b000031396433337f34001436000037618c03f10000a6cdc70000000010002fda7f0000000182c6337f80001eb355520f11ad4c000a00420a000f00200eef00f0011504c80045011e001f20205921ff25112611273a3264353a0fb50007b6000342361718000f4300000f000024034d2803162a06852b00003139643332f634001636000037618b03f10000a6cdc70000000010002fda5e0000000182c6335870001eb34f980f11abdd000a000a0a000000200eef00f0011504c80045011e001f2b205a21ff2500260f273a3264353a0fb50005b600034236661800004300000f00002402c72802c02a067b2b000031396433334534001936000037618b03f10000a6cdc70000000010002fda4e000a00005144
INFO:root:gps_data,imei=860147042626570 raw_data="000000000000049f080a00000182c634b800001eb372190f11f8f30008000806001d00200eef00f0011503c80045011e001f222058210025212613273a3264353a0fb50006b6000442369118001d4300000f00002404302802e92a06d32b000031396533337f34001036000037618d03f10000a6cdc70000000010002fdb890000000182c63490f0001eb3728e0f11dee80008016609001b00200eef00f0011504c80045011e001f17205921fe251a2611273b3264353b0fb50005b6000342361e18001b4300000f00002403412801d42a06ca2b000031396533330a34000d36000037618d03f10000a6cdc70000000010002fdb3f0000000182c63469e0001eb373a90f11c5c70005015c08001200200eef00f0011504c80045011e001f4b2059210025162614273a3264353a0fb50005b600044236b11800124300000f00002405bf280a362a06c02b000031396533336c34000c36000037618c03f10000a6cdc70000000010002fdaf70000000182c63442d0001eb3776f0f11b9680001014308000800200eef00f0011504c80045011e001f20205a21ff250c2613273b3264353c0fb50009b600044236841800084300000f000024032e2802102a06b62b000031396433334534001536000037618c03f10000a6cdc70000000010002fdad10000000182c6341bc0001eb3773d0f11b51cffff003109000700200eef00f0011504c80045011e001f20205a210025082608273c3264353c0fb50008b600044236431800074300000f00002402222801c52a06ac2b000031396433333134001236000037618c03f10000a6cdc70000000010002fdac30000000182c633f4b0001eb3723a0f11b20dfffd006a08000500200eef00f0011504c80045011e001f25205a21002505260b273c3264353c0fb50005b600044236561800054300000f000024028d28027b2a06a22b000031396433334534001736000037618c03f10000a6cdc70000000010002fdab40000000182c633cda0001eb36d260f11ad4c0000004f09000900200eef00f0011504c80045011e001f1d205921002509260d273b3264353b0fb50008b6000442363b1800094300000f00002402ce2801af2a06982b000031396433335834000e36000037618c03f10000a6cdc70000000010002fda9e0000000182c633a690001eb3617f0f11adf30005004c09000900200eef00f0011504c80045011e001f232059210025092609273b3264353b0fb50008b600054236861800094300000f00002403632802962a068f2b000031396433337f34001436000037618c03f10000a6cdc70000000010002fda7f0000000182c6337f80001eb355520f11ad4c000a00420a000f00200eef00f0011504c80045011e001f20205921ff25112611273a3264353a0fb50007b6000342361718000f4300000f000024034d2803162a06852b00003139643332f634001636000037618b03f10000a6cdc70000000010002fda5e0000000182c6335870001eb34f980f11abdd000a000a0a000000200eef00f0011504c80045011e001f2b205a21ff2500260f273a3264353a0fb50005b600034236661800004300000f00002402c72802c02a067b2b000031396433334534001936000037618b03f10000a6cdc70000000010002fda4e000a00005144"1661185862991569525
INFO:root:Lock acquired by860147042626570
>>> Request: 'POST http://172.21.0.2:8086/api/v2/write?org=qeeri&bucket=gps&precision=ns'
DEBUG:influxdb_client.client.http:>>> Request: 'POST http://172.21.0.2:8086/api/v2/write?org=qeeri&bucket=gps&precision=ns'
>>> Content-Encoding: identity
DEBUG:influxdb_client.client.http:>>> Content-Encoding: identity
>>> Content-Type: text/plain
DEBUG:influxdb_client.client.http:>>> Content-Type: text/plain
>>> Accept: application/json
DEBUG:influxdb_client.client.http:>>> Accept: application/json
>>> Authorization: ***
DEBUG:influxdb_client.client.http:>>> Authorization: ***
>>> User-Agent: influxdb-client-python/1.31.0
DEBUG:influxdb_client.client.http:>>> User-Agent: influxdb-client-python/1.31.0
>>> Body: b'gps_data,imei=860147042626570 raw_data="000000000000049f080a00000182c634b800001eb372190f11f8f30008000806001d00200eef00f0011503c80045011e001f222058210025212613273a3264353a0fb50006b6000442369118001d4300000f00002404302802e92a06d32b000031396533337f34001036000037618d03f10000a6cdc70000000010002fdb890000000182c63490f0001eb3728e0f11dee80008016609001b00200eef00f0011504c80045011e001f17205921fe251a2611273b3264353b0fb50005b6000342361e18001b4300000f00002403412801d42a06ca2b000031396533330a34000d36000037618d03f10000a6cdc70000000010002fdb3f0000000182c63469e0001eb373a90f11c5c70005015c08001200200eef00f0011504c80045011e001f4b2059210025162614273a3264353a0fb50005b600044236b11800124300000f00002405bf280a362a06c02b000031396533336c34000c36000037618c03f10000a6cdc70000000010002fdaf70000000182c63442d0001eb3776f0f11b9680001014308000800200eef00f0011504c80045011e001f20205a21ff250c2613273b3264353c0fb50009b600044236841800084300000f000024032e2802102a06b62b000031396433334534001536000037618c03f10000a6cdc70000000010002fdad10000000182c6341bc0001eb3773d0f11b51cffff003109000700200eef00f0011504c80045011e001f20205a210025082608273c3264353c0fb50008b600044236431800074300000f00002402222801c52a06ac2b000031396433333134001236000037618c03f10000a6cdc70000000010002fdac30000000182c633f4b0001eb3723a0f11b20dfffd006a08000500200eef00f0011504c80045011e001f25205a21002505260b273c3264353c0fb50005b600044236561800054300000f000024028d28027b2a06a22b000031396433334534001736000037618c03f10000a6cdc70000000010002fdab40000000182c633cda0001eb36d260f11ad4c0000004f09000900200eef00f0011504c80045011e001f1d205921002509260d273b3264353b0fb50008b6000442363b1800094300000f00002402ce2801af2a06982b000031396433335834000e36000037618c03f10000a6cdc70000000010002fda9e0000000182c633a690001eb3617f0f11adf30005004c09000900200eef00f0011504c80045011e001f232059210025092609273b3264353b0fb50008b600054236861800094300000f00002403632802962a068f2b000031396433337f34001436000037618c03f10000a6cdc70000000010002fda7f0000000182c6337f80001eb355520f11ad4c000a00420a000f00200eef00f0011504c80045011e001f20205921ff25112611273a3264353a0fb50007b6000342361718000f4300000f000024034d2803162a06852b00003139643332f634001636000037618b03f10000a6cdc70000000010002fda5e0000000182c6335870001eb34f980f11abdd000a000a0a000000200eef00f0011504c80045011e001f2b205a21ff2500260f273a3264353a0fb50005b600034236661800004300000f00002402c72802c02a067b2b000031396433334534001936000037618b03f10000a6cdc70000000010002fda4e000a00005144"1661185862991569525'
DEBUG:influxdb_client.client.http:>>> Body: b'gps_data,imei=860147042626570 raw_data="000000000000049f080a00000182c634b800001eb372190f11f8f30008000806001d00200eef00f0011503c80045011e001f222058210025212613273a3264353a0fb50006b6000442369118001d4300000f00002404302802e92a06d32b000031396533337f34001036000037618d03f10000a6cdc70000000010002fdb890000000182c63490f0001eb3728e0f11dee80008016609001b00200eef00f0011504c80045011e001f17205921fe251a2611273b3264353b0fb50005b6000342361e18001b4300000f00002403412801d42a06ca2b000031396533330a34000d36000037618d03f10000a6cdc70000000010002fdb3f0000000182c63469e0001eb373a90f11c5c70005015c08001200200eef00f0011504c80045011e001f4b2059210025162614273a3264353a0fb50005b600044236b11800124300000f00002405bf280a362a06c02b000031396533336c34000c36000037618c03f10000a6cdc70000000010002fdaf70000000182c63442d0001eb3776f0f11b9680001014308000800200eef00f0011504c80045011e001f20205a21ff250c2613273b3264353c0fb50009b600044236841800084300000f000024032e2802102a06b62b000031396433334534001536000037618c03f10000a6cdc70000000010002fdad10000000182c6341bc0001eb3773d0f11b51cffff003109000700200eef00f0011504c80045011e001f20205a210025082608273c3264353c0fb50008b600044236431800074300000f00002402222801c52a06ac2b000031396433333134001236000037618c03f10000a6cdc70000000010002fdac30000000182c633f4b0001eb3723a0f11b20dfffd006a08000500200eef00f0011504c80045011e001f25205a21002505260b273c3264353c0fb50005b600044236561800054300000f000024028d28027b2a06a22b000031396433334534001736000037618c03f10000a6cdc70000000010002fdab40000000182c633cda0001eb36d260f11ad4c0000004f09000900200eef00f0011504c80045011e001f1d205921002509260d273b3264353b0fb50008b6000442363b1800094300000f00002402ce2801af2a06982b000031396433335834000e36000037618c03f10000a6cdc70000000010002fda9e0000000182c633a690001eb3617f0f11adf30005004c09000900200eef00f0011504c80045011e001f232059210025092609273b3264353b0fb50008b600054236861800094300000f00002403632802962a068f2b000031396433337f34001436000037618c03f10000a6cdc70000000010002fda7f0000000182c6337f80001eb355520f11ad4c000a00420a000f00200eef00f0011504c80045011e001f20205921ff25112611273a3264353a0fb50007b6000342361718000f4300000f000024034d2803162a06852b00003139643332f634001636000037618b03f10000a6cdc70000000010002fda5e0000000182c6335870001eb34f980f11abdd000a000a0a000000200eef00f0011504c80045011e001f2b205a21ff2500260f273a3264353a0fb50005b600034236661800004300000f00002402c72802c02a067b2b000031396433334534001936000037618b03f10000a6cdc70000000010002fda4e000a00005144"1661185862991569525'
DEBUG:urllib3.util.retry:Converted retries value: False -> Retry(total=False, connect=None, read=None, redirect=0, status=None)
DEBUG:urllib3.connectionpool:http://172.21.0.2:8086 "POST /api/v2/write?org=qeeri&bucket=gps&precision=ns HTTP/1.1" 204 0
<<< Response: 204
DEBUG:influxdb_client.client.http:<<< Response: 204
<<< Date: Mon, 22 Aug 2022 16:31:03 GMT
DEBUG:influxdb_client.client.http:<<< Date: Mon, 22 Aug 2022 16:31:03 GMT
<<< Body: 
DEBUG:influxdb_client.client.http:<<< Body: 
INFO:root:Lock released by860147042626570
INFO:root:length of packet 1257
INFO:root:00000000000004dc081100000182c64a8dd8001ea470e30f1743f6001c01520e0018000e05ef00f0011503c800450106b50006b6000342341f1800184300000f000003f10000a6cdc700000000100225a1400000000182c64a66c8001ea467a40f172316001b00130d0026000e05ef00f0011503c800450106b50006b600034234231800264300000f000003f10000a6cdc700000000100225a0dd0000000182c64a3fb8001ea45fb30f170ed6001c00100e0016000e05ef00f0011503c800450106b50004b600034233e51800164300000f000003f10000a6cdc700000000100225a0a00000000182c64a18a8001ea44dcc0f16defc001b00120e0041000e05ef00f0011503c800450106b50004b600034234051800414300000f000003f10000a6cdc700000000100225a0100000000182c649f198001ea43bd30f16ada3001a00120e001e000e05ef00f0011503c800450106b50006b6000342342c18001e4300000f000003f10000a6cdc7000000001002259f7d0000000182c649ca88001ea434bb0f169b47001700130d0028000e05ef00f0011504c800450106b50005b600034233fd1800284300000f000003f10000a6cdc7000000001002259f450000000182c649a378001ea41dbf0f165ecc001400120e004d000e05ef00f0011504c800450106b50004b6000342340918004d4300000f000003f10000a6cdc7000000001002259e8f0000000182c6497c68001ea421fb0f16121a0016014f09005d000e05ef00f0011504c800450106b50006b6000542342a18005d4300000f000003f10000a6cdc7000000001002259dad0000000182c6495558001ea447380f15bc4b001a01450d005a000e05ef00f0011504c800450106b50005b6000342342918005a4300000f000003f10000a6cdc7000000001002259ca60000000182c6492e48001ea48dcb0f1584e4001a01230e0058000e05ef00f0011504c800450106b50004b600034234281800584300000f000003f10000a6cdc7000000001002259baf0000000182c6490738001ea4f2500f1566f2001701200d0065000e05ef00f0011504c800450106b50005b600034234231800654300000f000003f10000a6cdc7000000001002259a9f0000000182c648e028001ea55af00f1546d9001901210d0067000e05ef00f0011503c800450106b50005b6000342342f1800674300000f000003f10000a6cdc70000000010022599830000000182c648b918001ea5be590f151fc9001101290d0063000e05ef00f0011503c800450106b50005b6000342342e1800634300000f000003f10000a6cdc700000000100225986c0000000182c6489208001ea619b10f14ef6a000701300a0060000e05ef00f0011503c800450106b50006b6000442341e1800604300000f000003f10000a6cdc700000000100225975b0000000182c6486af8001ea6707a0f14bc91000701250d0064000e05ef00f0011503c800450106b50005b6000342341d1800644300000f000003f10000a6cdc700000000100225964e0000000182c64843e8001ea6d5840f14a510000f01130d0060000e05ef00f0011503c800450106b50005b6000342342f1800604300000f000003f10000a6cdc70000000010022595400000000182c6481cd8001ea73b570f149b7e000801160b005b000e05ef00f0011503c800450106b50005b6000342344018005b4300000f000003f10000a6cdc70000000010022594380011000083ec
INFO:root:gps_data,imei=860147042636678 raw_data="00000000000004dc081100000182c64a8dd8001ea470e30f1743f6001c01520e0018000e05ef00f0011503c800450106b50006b6000342341f1800184300000f000003f10000a6cdc700000000100225a1400000000182c64a66c8001ea467a40f172316001b00130d0026000e05ef00f0011503c800450106b50006b600034234231800264300000f000003f10000a6cdc700000000100225a0dd0000000182c64a3fb8001ea45fb30f170ed6001c00100e0016000e05ef00f0011503c800450106b50004b600034233e51800164300000f000003f10000a6cdc700000000100225a0a00000000182c64a18a8001ea44dcc0f16defc001b00120e0041000e05ef00f0011503c800450106b50004b600034234051800414300000f000003f10000a6cdc700000000100225a0100000000182c649f198001ea43bd30f16ada3001a00120e001e000e05ef00f0011503c800450106b50006b6000342342c18001e4300000f000003f10000a6cdc7000000001002259f7d0000000182c649ca88001ea434bb0f169b47001700130d0028000e05ef00f0011504c800450106b50005b600034233fd1800284300000f000003f10000a6cdc7000000001002259f450000000182c649a378001ea41dbf0f165ecc001400120e004d000e05ef00f0011504c800450106b50004b6000342340918004d4300000f000003f10000a6cdc7000000001002259e8f0000000182c6497c68001ea421fb0f16121a0016014f09005d000e05ef00f0011504c800450106b50006b6000542342a18005d4300000f000003f10000a6cdc7000000001002259dad0000000182c6495558001ea447380f15bc4b001a01450d005a000e05ef00f0011504c800450106b50005b6000342342918005a4300000f000003f10000a6cdc7000000001002259ca60000000182c6492e48001ea48dcb0f1584e4001a01230e0058000e05ef00f0011504c800450106b50004b600034234281800584300000f000003f10000a6cdc7000000001002259baf0000000182c6490738001ea4f2500f1566f2001701200d0065000e05ef00f0011504c800450106b50005b600034234231800654300000f000003f10000a6cdc7000000001002259a9f0000000182c648e028001ea55af00f1546d9001901210d0067000e05ef00f0011503c800450106b50005b6000342342f1800674300000f000003f10000a6cdc70000000010022599830000000182c648b918001ea5be590f151fc9001101290d0063000e05ef00f0011503c800450106b50005b6000342342e1800634300000f000003f10000a6cdc700000000100225986c0000000182c6489208001ea619b10f14ef6a000701300a0060000e05ef00f0011503c800450106b50006b6000442341e1800604300000f000003f10000a6cdc700000000100225975b0000000182c6486af8001ea6707a0f14bc91000701250d0064000e05ef00f0011503c800450106b50005b6000342341d1800644300000f000003f10000a6cdc700000000100225964e0000000182c64843e8001ea6d5840f14a510000f01130d0060000e05ef00f0011503c800450106b50005b6000342342f1800604300000f000003f10000a6cdc70000000010022595400000000182c6481cd8001ea73b570f149b7e000801160b005b000e05ef00f0011503c800450106b50005b6000342344018005b4300000f000003f10000a6cdc70000000010022594380011000083ec"1661185863147162724
INFO:root:Lock acquired by860147042636678
>>> Request: 'POST http://172.21.0.2:8086/api/v2/write?org=qeeri&bucket=gps&precision=ns'
DEBUG:influxdb_client.client.http:>>> Request: 'POST http://172.21.0.2:8086/api/v2/write?org=qeeri&bucket=gps&precision=ns'
>>> Content-Encoding: identity
DEBUG:influxdb_client.client.http:>>> Content-Encoding: identity
>>> Content-Type: text/plain
DEBUG:influxdb_client.client.http:>>> Content-Type: text/plain
>>> Accept: application/json
DEBUG:influxdb_client.client.http:>>> Accept: application/json
>>> Authorization: ***
DEBUG:influxdb_client.client.http:>>> Authorization: ***
>>> User-Agent: influxdb-client-python/1.31.0
DEBUG:influxdb_client.client.http:>>> User-Agent: influxdb-client-python/1.31.0
>>> Body: b'gps_data,imei=860147042636678 raw_data="00000000000004dc081100000182c64a8dd8001ea470e30f1743f6001c01520e0018000e05ef00f0011503c800450106b50006b6000342341f1800184300000f000003f10000a6cdc700000000100225a1400000000182c64a66c8001ea467a40f172316001b00130d0026000e05ef00f0011503c800450106b50006b600034234231800264300000f000003f10000a6cdc700000000100225a0dd0000000182c64a3fb8001ea45fb30f170ed6001c00100e0016000e05ef00f0011503c800450106b50004b600034233e51800164300000f000003f10000a6cdc700000000100225a0a00000000182c64a18a8001ea44dcc0f16defc001b00120e0041000e05ef00f0011503c800450106b50004b600034234051800414300000f000003f10000a6cdc700000000100225a0100000000182c649f198001ea43bd30f16ada3001a00120e001e000e05ef00f0011503c800450106b50006b6000342342c18001e4300000f000003f10000a6cdc7000000001002259f7d0000000182c649ca88001ea434bb0f169b47001700130d0028000e05ef00f0011504c800450106b50005b600034233fd1800284300000f000003f10000a6cdc7000000001002259f450000000182c649a378001ea41dbf0f165ecc001400120e004d000e05ef00f0011504c800450106b50004b6000342340918004d4300000f000003f10000a6cdc7000000001002259e8f0000000182c6497c68001ea421fb0f16121a0016014f09005d000e05ef00f0011504c800450106b50006b6000542342a18005d4300000f000003f10000a6cdc7000000001002259dad0000000182c6495558001ea447380f15bc4b001a01450d005a000e05ef00f0011504c800450106b50005b6000342342918005a4300000f000003f10000a6cdc7000000001002259ca60000000182c6492e48001ea48dcb0f1584e4001a01230e0058000e05ef00f0011504c800450106b50004b600034234281800584300000f000003f10000a6cdc7000000001002259baf0000000182c6490738001ea4f2500f1566f2001701200d0065000e05ef00f0011504c800450106b50005b600034234231800654300000f000003f10000a6cdc7000000001002259a9f0000000182c648e028001ea55af00f1546d9001901210d0067000e05ef00f0011503c800450106b50005b6000342342f1800674300000f000003f10000a6cdc70000000010022599830000000182c648b918001ea5be590f151fc9001101290d0063000e05ef00f0011503c800450106b50005b6000342342e1800634300000f000003f10000a6cdc700000000100225986c0000000182c6489208001ea619b10f14ef6a000701300a0060000e05ef00f0011503c800450106b50006b6000442341e1800604300000f000003f10000a6cdc700000000100225975b0000000182c6486af8001ea6707a0f14bc91000701250d0064000e05ef00f0011503c800450106b50005b6000342341d1800644300000f000003f10000a6cdc700000000100225964e0000000182c64843e8001ea6d5840f14a510000f01130d0060000e05ef00f0011503c800450106b50005b6000342342f1800604300000f000003f10000a6cdc70000000010022595400000000182c6481cd8001ea73b570f149b7e000801160b005b000e05ef00f0011503c800450106b50005b6000342344018005b4300000f000003f10000a6cdc70000000010022594380011000083ec"1661185863147162724'
DEBUG:influxdb_client.client.http:>>> Body: b'gps_data,imei=860147042636678 raw_data="00000000000004dc081100000182c64a8dd8001ea470e30f1743f6001c01520e0018000e05ef00f0011503c800450106b50006b6000342341f1800184300000f000003f10000a6cdc700000000100225a1400000000182c64a66c8001ea467a40f172316001b00130d0026000e05ef00f0011503c800450106b50006b600034234231800264300000f000003f10000a6cdc700000000100225a0dd0000000182c64a3fb8001ea45fb30f170ed6001c00100e0016000e05ef00f0011503c800450106b50004b600034233e51800164300000f000003f10000a6cdc700000000100225a0a00000000182c64a18a8001ea44dcc0f16defc001b00120e0041000e05ef00f0011503c800450106b50004b600034234051800414300000f000003f10000a6cdc700000000100225a0100000000182c649f198001ea43bd30f16ada3001a00120e001e000e05ef00f0011503c800450106b50006b6000342342c18001e4300000f000003f10000a6cdc7000000001002259f7d0000000182c649ca88001ea434bb0f169b47001700130d0028000e05ef00f0011504c800450106b50005b600034233fd1800284300000f000003f10000a6cdc7000000001002259f450000000182c649a378001ea41dbf0f165ecc001400120e004d000e05ef00f0011504c800450106b50004b6000342340918004d4300000f000003f10000a6cdc7000000001002259e8f0000000182c6497c68001ea421fb0f16121a0016014f09005d000e05ef00f0011504c800450106b50006b6000542342a18005d4300000f000003f10000a6cdc7000000001002259dad0000000182c6495558001ea447380f15bc4b001a01450d005a000e05ef00f0011504c800450106b50005b6000342342918005a4300000f000003f10000a6cdc7000000001002259ca60000000182c6492e48001ea48dcb0f1584e4001a01230e0058000e05ef00f0011504c800450106b50004b600034234281800584300000f000003f10000a6cdc7000000001002259baf0000000182c6490738001ea4f2500f1566f2001701200d0065000e05ef00f0011504c800450106b50005b600034234231800654300000f000003f10000a6cdc7000000001002259a9f0000000182c648e028001ea55af00f1546d9001901210d0067000e05ef00f0011503c800450106b50005b6000342342f1800674300000f000003f10000a6cdc70000000010022599830000000182c648b918001ea5be590f151fc9001101290d0063000e05ef00f0011503c800450106b50005b6000342342e1800634300000f000003f10000a6cdc700000000100225986c0000000182c6489208001ea619b10f14ef6a000701300a0060000e05ef00f0011503c800450106b50006b6000442341e1800604300000f000003f10000a6cdc700000000100225975b0000000182c6486af8001ea6707a0f14bc91000701250d0064000e05ef00f0011503c800450106b50005b6000342341d1800644300000f000003f10000a6cdc700000000100225964e0000000182c64843e8001ea6d5840f14a510000f01130d0060000e05ef00f0011503c800450106b50005b6000342342f1800604300000f000003f10000a6cdc70000000010022595400000000182c6481cd8001ea73b570f149b7e000801160b005b000e05ef00f0011503c800450106b50005b6000342344018005b4300000f000003f10000a6cdc70000000010022594380011000083ec"1661185863147162724'
DEBUG:urllib3.util.retry:Converted retries value: False -> Retry(total=False, connect=None, read=None, redirect=0, status=None)
DEBUG:urllib3.connectionpool:http://172.21.0.2:8086 "POST /api/v2/write?org=qeeri&bucket=gps&precision=ns HTTP/1.1" 204 0
<<< Response: 204
DEBUG:influxdb_client.client.http:<<< Response: 204
<<< Date: Mon, 22 Aug 2022 16:31:03 GMT
DEBUG:influxdb_client.client.http:<<< Date: Mon, 22 Aug 2022 16:31:03 GMT
<<< Body: 
DEBUG:influxdb_client.client.http:<<< Body: 
INFO:root:Lock released by860147042636678
hello
INFO:root:[ACTIVE CONNECTIONS] 2
INFO:root:2022-08-22 16:31:03.910953
INFO:root:the length of handshake message is 17
this is the imei  350424067190346
hello
INFO:root:length of packet 1265
INFO:root:00000000000004e4081100000182c6204d70001ea7f7190f184520001501050d0031000e05ef00f0011504c800450106b50007b600034236ac1800314300000f000003f10000a6cdc700000000100124154e0000000182c6202660001ea82db90f184c6a001701060b002b000e05ef00f0011504c800450106b50009b600044236b318002b4300000f000003f10000a6cdc70000000010012414c00000000182c61fff50001ea84eed0f185b00001400e30d0021000e05ef00f0011504c800450106b50006b600034236a21800214300000f000003f10000a6cdc700000000100124145c0000000182c61fd840001ea85cdc0f187d0c000e00820c000e000e05ef00f0011504c800450106b50006b600034236a018000e4300000f000003f10000a6cdc70000000010012413f20000000182c61fb130001ea84ae40f188210000b00590b0017000e05ef00f0011504c800450106b50007b600044235c51800174300000f000003f10000a6cdc70000000010012413bd0000000182c61f8a20001ea8329b0f188284000b00350d0008000e05ef00f0011505c800450106b50005b600034235f61800084300000f000003f10000a6cdc700000000100124137c0000000182c61f6310001ea830ea0f1880f4000a00b60d0000f00e05ef00f0011505c800450106b50005b600034230d11800004300000f000003f10000a6cdc70000000010012413750000000182c61d6740011ea832ac0f187dd4000a009c0d0000f60f06ef00f0001505c8004501f60106b50005b600034231e21800004300000f000003f10000a6cdc70000000010012413750000000182c61cde88001ea832ac0f187dd40009009c0d0000000e05ef00f0001505c800450106b50005b600034231e91800004300000f000003f10000a6cdc70000000010012413750000000182c61a1f68001ea832ac0f187dd40009009c0c0000000e05ef00f0001505c800450106b50005b6000342320c1800004300000f000003f10000a6cdc70000000010012413750000000182c6176048011ea832ac0f187dd40009009c0a0000f60f06ef00f0001505c8004501f60106b50005b6000442320e1800004300000f000003f10000a6cdc70000000010012413750000000182c61725b0001ea832ac0f187dd40009009c0b0000000e05ef00f0001505c800450106b50005b6000442320e1800004300000f000003f10000a6cdc70000000010012413750000000182c6146690001ea832ac0f187dd40009009c0c0000000e05ef00f0001505c800450106b50005b6000342320d1800004300000f000003f10000a6cdc70000000010012413750000000182c611a770011ea830640f187af7000900af0b0000f60f06ef00f0001505c8004501f60106b50005b6000442320d1800004300000f000003f10000a6cdc70000000010012413750000000182c6117890001ea830640f187af7000900af0b0000000e05ef00f0001505c800450106b50005b600044232071800004300000f000003f10000a6cdc70000000010012413750000000182c60eb970001ea830640f187af7000500af0b0000000e05ef00f0001505c800450106b50005b6000442320e1800004300000f000003f10000a6cdc70000000010012413750000000182c60bfa50011ea830640f187af7000500af0c0000f60f06ef00f0001505c8004501f60106b50005b6000342320e1800004300000f000003f10000a6cdc700000000100124137500110000947f
INFO:root:gps_data,imei=860147042626836 raw_data="00000000000004e4081100000182c6204d70001ea7f7190f184520001501050d0031000e05ef00f0011504c800450106b50007b600034236ac1800314300000f000003f10000a6cdc700000000100124154e0000000182c6202660001ea82db90f184c6a001701060b002b000e05ef00f0011504c800450106b50009b600044236b318002b4300000f000003f10000a6cdc70000000010012414c00000000182c61fff50001ea84eed0f185b00001400e30d0021000e05ef00f0011504c800450106b50006b600034236a21800214300000f000003f10000a6cdc700000000100124145c0000000182c61fd840001ea85cdc0f187d0c000e00820c000e000e05ef00f0011504c800450106b50006b600034236a018000e4300000f000003f10000a6cdc70000000010012413f20000000182c61fb130001ea84ae40f188210000b00590b0017000e05ef00f0011504c800450106b50007b600044235c51800174300000f000003f10000a6cdc70000000010012413bd0000000182c61f8a20001ea8329b0f188284000b00350d0008000e05ef00f0011505c800450106b50005b600034235f61800084300000f000003f10000a6cdc700000000100124137c0000000182c61f6310001ea830ea0f1880f4000a00b60d0000f00e05ef00f0011505c800450106b50005b600034230d11800004300000f000003f10000a6cdc70000000010012413750000000182c61d6740011ea832ac0f187dd4000a009c0d0000f60f06ef00f0001505c8004501f60106b50005b600034231e21800004300000f000003f10000a6cdc70000000010012413750000000182c61cde88001ea832ac0f187dd40009009c0d0000000e05ef00f0001505c800450106b50005b600034231e91800004300000f000003f10000a6cdc70000000010012413750000000182c61a1f68001ea832ac0f187dd40009009c0c0000000e05ef00f0001505c800450106b50005b6000342320c1800004300000f000003f10000a6cdc70000000010012413750000000182c6176048011ea832ac0f187dd40009009c0a0000f60f06ef00f0001505c8004501f60106b50005b6000442320e1800004300000f000003f10000a6cdc70000000010012413750000000182c61725b0001ea832ac0f187dd40009009c0b0000000e05ef00f0001505c800450106b50005b6000442320e1800004300000f000003f10000a6cdc70000000010012413750000000182c6146690001ea832ac0f187dd40009009c0c0000000e05ef00f0001505c800450106b50005b6000342320d1800004300000f000003f10000a6cdc70000000010012413750000000182c611a770011ea830640f187af7000900af0b0000f60f06ef00f0001505c8004501f60106b50005b6000442320d1800004300000f000003f10000a6cdc70000000010012413750000000182c6117890001ea830640f187af7000900af0b0000000e05ef00f0001505c800450106b50005b600044232071800004300000f000003f10000a6cdc70000000010012413750000000182c60eb970001ea830640f187af7000500af0b0000000e05ef00f0001505c800450106b50005b6000442320e1800004300000f000003f10000a6cdc70000000010012413750000000182c60bfa50011ea830640f187af7000500af0c0000f60f06ef00f0001505c8004501f60106b50005b6000342320e1800004300000f000003f10000a6cdc700000000100124137500110000947f"1661185863994358463
INFO:root:Lock acquired by860147042626836
>>> Request: 'POST http://172.21.0.2:8086/api/v2/write?org=qeeri&bucket=gps&precision=ns'
DEBUG:influxdb_client.client.http:>>> Request: 'POST http://172.21.0.2:8086/api/v2/write?org=qeeri&bucket=gps&precision=ns'
>>> Content-Encoding: identity
DEBUG:influxdb_client.client.http:>>> Content-Encoding: identity
>>> Content-Type: text/plain
DEBUG:influxdb_client.client.http:>>> Content-Type: text/plain
>>> Accept: application/json
DEBUG:influxdb_client.client.http:>>> Accept: application/json
>>> Authorization: ***
DEBUG:influxdb_client.client.http:>>> Authorization: ***
>>> User-Agent: influxdb-client-python/1.31.0
DEBUG:influxdb_client.client.http:>>> User-Agent: influxdb-client-python/1.31.0
>>> Body: b'gps_data,imei=860147042626836 raw_data="00000000000004e4081100000182c6204d70001ea7f7190f184520001501050d0031000e05ef00f0011504c800450106b50007b600034236ac1800314300000f000003f10000a6cdc700000000100124154e0000000182c6202660001ea82db90f184c6a001701060b002b000e05ef00f0011504c800450106b50009b600044236b318002b4300000f000003f10000a6cdc70000000010012414c00000000182c61fff50001ea84eed0f185b00001400e30d0021000e05ef00f0011504c800450106b50006b600034236a21800214300000f000003f10000a6cdc700000000100124145c0000000182c61fd840001ea85cdc0f187d0c000e00820c000e000e05ef00f0011504c800450106b50006b600034236a018000e4300000f000003f10000a6cdc70000000010012413f20000000182c61fb130001ea84ae40f188210000b00590b0017000e05ef00f0011504c800450106b50007b600044235c51800174300000f000003f10000a6cdc70000000010012413bd0000000182c61f8a20001ea8329b0f188284000b00350d0008000e05ef00f0011505c800450106b50005b600034235f61800084300000f000003f10000a6cdc700000000100124137c0000000182c61f6310001ea830ea0f1880f4000a00b60d0000f00e05ef00f0011505c800450106b50005b600034230d11800004300000f000003f10000a6cdc70000000010012413750000000182c61d6740011ea832ac0f187dd4000a009c0d0000f60f06ef00f0001505c8004501f60106b50005b600034231e21800004300000f000003f10000a6cdc70000000010012413750000000182c61cde88001ea832ac0f187dd40009009c0d0000000e05ef00f0001505c800450106b50005b600034231e91800004300000f000003f10000a6cdc70000000010012413750000000182c61a1f68001ea832ac0f187dd40009009c0c0000000e05ef00f0001505c800450106b50005b6000342320c1800004300000f000003f10000a6cdc70000000010012413750000000182c6176048011ea832ac0f187dd40009009c0a0000f60f06ef00f0001505c8004501f60106b50005b6000442320e1800004300000f000003f10000a6cdc70000000010012413750000000182c61725b0001ea832ac0f187dd40009009c0b0000000e05ef00f0001505c800450106b50005b6000442320e1800004300000f000003f10000a6cdc70000000010012413750000000182c6146690001ea832ac0f187dd40009009c0c0000000e05ef00f0001505c800450106b50005b6000342320d1800004300000f000003f10000a6cdc70000000010012413750000000182c611a770011ea830640f187af7000900af0b0000f60f06ef00f0001505c8004501f60106b50005b6000442320d1800004300000f000003f10000a6cdc70000000010012413750000000182c6117890001ea830640f187af7000900af0b0000000e05ef00f0001505c800450106b50005b600044232071800004300000f000003f10000a6cdc70000000010012413750000000182c60eb970001ea830640f187af7000500af0b0000000e05ef00f0001505c800450106b50005b6000442320e1800004300000f000003f10000a6cdc70000000010012413750000000182c60bfa50011ea830640f187af7000500af0c0000f60f06ef00f0001505c8004501f60106b50005b6000342320e1800004300000f000003f10000a6cdc700000000100124137500110000947f"1661185863994358463'
DEBUG:influxdb_client.client.http:>>> Body: b'gps_data,imei=860147042626836 raw_data="00000000000004e4081100000182c6204d70001ea7f7190f184520001501050d0031000e05ef00f0011504c800450106b50007b600034236ac1800314300000f000003f10000a6cdc700000000100124154e0000000182c6202660001ea82db90f184c6a001701060b002b000e05ef00f0011504c800450106b50009b600044236b318002b4300000f000003f10000a6cdc70000000010012414c00000000182c61fff50001ea84eed0f185b00001400e30d0021000e05ef00f0011504c800450106b50006b600034236a21800214300000f000003f10000a6cdc700000000100124145c0000000182c61fd840001ea85cdc0f187d0c000e00820c000e000e05ef00f0011504c800450106b50006b600034236a018000e4300000f000003f10000a6cdc70000000010012413f20000000182c61fb130001ea84ae40f188210000b00590b0017000e05ef00f0011504c800450106b50007b600044235c51800174300000f000003f10000a6cdc70000000010012413bd0000000182c61f8a20001ea8329b0f188284000b00350d0008000e05ef00f0011505c800450106b50005b600034235f61800084300000f000003f10000a6cdc700000000100124137c0000000182c61f6310001ea830ea0f1880f4000a00b60d0000f00e05ef00f0011505c800450106b50005b600034230d11800004300000f000003f10000a6cdc70000000010012413750000000182c61d6740011ea832ac0f187dd4000a009c0d0000f60f06ef00f0001505c8004501f60106b50005b600034231e21800004300000f000003f10000a6cdc70000000010012413750000000182c61cde88001ea832ac0f187dd40009009c0d0000000e05ef00f0001505c800450106b50005b600034231e91800004300000f000003f10000a6cdc70000000010012413750000000182c61a1f68001ea832ac0f187dd40009009c0c0000000e05ef00f0001505c800450106b50005b6000342320c1800004300000f000003f10000a6cdc70000000010012413750000000182c6176048011ea832ac0f187dd40009009c0a0000f60f06ef00f0001505c8004501f60106b50005b6000442320e1800004300000f000003f10000a6cdc70000000010012413750000000182c61725b0001ea832ac0f187dd40009009c0b0000000e05ef00f0001505c800450106b50005b6000442320e1800004300000f000003f10000a6cdc70000000010012413750000000182c6146690001ea832ac0f187dd40009009c0c0000000e05ef00f0001505c800450106b50005b6000342320d1800004300000f000003f10000a6cdc70000000010012413750000000182c611a770011ea830640f187af7000900af0b0000f60f06ef00f0001505c8004501f60106b50005b6000442320d1800004300000f000003f10000a6cdc70000000010012413750000000182c6117890001ea830640f187af7000900af0b0000000e05ef00f0001505c800450106b50005b600044232071800004300000f000003f10000a6cdc70000000010012413750000000182c60eb970001ea830640f187af7000500af0b0000000e05ef00f0001505c800450106b50005b6000442320e1800004300000f000003f10000a6cdc70000000010012413750000000182c60bfa50011ea830640f187af7000500af0c0000f60f06ef00f0001505c8004501f60106b50005b6000342320e1800004300000f000003f10000a6cdc700000000100124137500110000947f"1661185863994358463'
DEBUG:urllib3.util.retry:Converted retries value: False -> Retry(total=False, connect=None, read=None, redirect=0, status=None)
DEBUG:urllib3.connectionpool:http://172.21.0.2:8086 "POST /api/v2/write?org=qeeri&bucket=gps&precision=ns HTTP/1.1" 204 0
<<< Response: 204
DEBUG:influxdb_client.client.http:<<< Response: 204
<<< Date: Mon, 22 Aug 2022 16:31:04 GMT
DEBUG:influxdb_client.client.http:<<< Date: Mon, 22 Aug 2022 16:31:04 GMT
<<< Body: 
DEBUG:influxdb_client.client.http:<<< Body: 
INFO:root:Lock released by860147042626836
hello
INFO:root:[ACTIVE CONNECTIONS] 2
INFO:root:2022-08-22 16:31:05.147984
INFO:root:the length of handshake message is 17
this is the imei  860147042636561
hello
INFO:root:length of packet 1257
INFO:root:00000000000004dc081100000182c6649db8001ea61dfd0f19422f000d00cf0d0000000e05ef01f0011505c800450106b5000ab600064232a61800004310080f03e803f10000a6cec70000005c100000b1570000000182c65c6c10001ea61f5b0f19454f0012004c0b0000000e05ef01f0011504c800450106b5000bb6000742329a1800004310050f012c03f10000a6cec7000025f9100000b0e60000000182c65c6440001ea61ee60f1944a8001200160a0005000e05ef01f0011504c800450106b50011b6000842328f1800054310010f012c03f10000a6cec7000025f9100000b0e60000000182c65c5c70001ea61f7c0f1944fc0012001a0a000c000e05ef01f0011504c800450106b5000cb600094232a818000c4310050f012c03f10000a6cec7000025f9100000b0e60000000182c65c50b8001ea61e820f19409f001200d30a0004000e05ef01f0011504c800450106b5000cb600094232af1800044310080f012c03f10000a6cec7000025ef100000b0dc0000000182c65c29a8001ea61e820f19409f001200bf0a0000000e05ef01f0011504c800450106b5000bb600084232b41800004310080f012c03f10000a6cec7000025ef100000b0dc0000000182c65c0298001ea61e0e0f1941db001200ca090004000e05ef01f0011504c800450106b5000cb600094232af1800044310070f012c03f10000a6cec7000025ef100000b0dc0000000182c65bd7a0001ea61e0e0f1941db0012015f090000000e05ef01f0011504c800450106b5000cb600094232ae1800004310080f012c03f10000a6cec7000025ef100000b0dc0000000182c65bb090001ea61e0e0f1941db0012015f090000000e05ef01f0011504c800450106b5000cb600094232b31800004310080f012c03f10000a6cec7000025ef100000b0dc0000000182c65b8980001ea61e720f194240001300b9090000000e05ef01f0011504c800450106b50011b600094232b31800004310080f012c03f10000a6cec7000025ef100000b0dc0000000182c65b6a40001ea61e2f0f1942d600180020090006000e05ef01f0011504c800450106b5000cb600094232b01800064310080f012c03f10000a6cec7000025ec100000b0d90000000182c65b4ee8001ea61e2f0f1942d6001800060a0000000e05ef01f0011504c800450106b5000bb6000842327e180000430fff0f012c03f10000a6cec7000025ec100000b0d90000000182c65b4b00001ea61e2f0f1942d60018000b0a0005000e05ef01f0011504c800450106b5000bb600084232ab1800054310040f012c03f10000a6cec7000025ec100000b0d90000000182c65b3f48001ea61e2f0f1942d6001800060a0000000e05ef01f0011504c800450106b5000bb600084232ad1800004310080f012c03f10000a6cec7000025ec100000b0d90000000182c65b1838001ea61e2f0f1942d6001800060b0000000e05ef01f0011504c800450106b5000bb600074232ad1800004310070f012c03f10000a6cec7000025ec100000b0d90000000182c65af128001ea61e2f0f1942d6001800060b0000000e05ef01f0011504c800450106b5000bb600074232ad1800004310080f012c03f10000a6cec7000025ec100000b0d90000000182c65aca18001ea61e2f0f1942d6001800060a0000000e05ef01f0011504c800450106b5000bb600084232b11800004310080f012c03f10000a6cec7000025ec100000b0d900110000f62d
INFO:root:gps_data,imei=350424067190346 raw_data="00000000000004dc081100000182c6649db8001ea61dfd0f19422f000d00cf0d0000000e05ef01f0011505c800450106b5000ab600064232a61800004310080f03e803f10000a6cec70000005c100000b1570000000182c65c6c10001ea61f5b0f19454f0012004c0b0000000e05ef01f0011504c800450106b5000bb6000742329a1800004310050f012c03f10000a6cec7000025f9100000b0e60000000182c65c6440001ea61ee60f1944a8001200160a0005000e05ef01f0011504c800450106b50011b6000842328f1800054310010f012c03f10000a6cec7000025f9100000b0e60000000182c65c5c70001ea61f7c0f1944fc0012001a0a000c000e05ef01f0011504c800450106b5000cb600094232a818000c4310050f012c03f10000a6cec7000025f9100000b0e60000000182c65c50b8001ea61e820f19409f001200d30a0004000e05ef01f0011504c800450106b5000cb600094232af1800044310080f012c03f10000a6cec7000025ef100000b0dc0000000182c65c29a8001ea61e820f19409f001200bf0a0000000e05ef01f0011504c800450106b5000bb600084232b41800004310080f012c03f10000a6cec7000025ef100000b0dc0000000182c65c0298001ea61e0e0f1941db001200ca090004000e05ef01f0011504c800450106b5000cb600094232af1800044310070f012c03f10000a6cec7000025ef100000b0dc0000000182c65bd7a0001ea61e0e0f1941db0012015f090000000e05ef01f0011504c800450106b5000cb600094232ae1800004310080f012c03f10000a6cec7000025ef100000b0dc0000000182c65bb090001ea61e0e0f1941db0012015f090000000e05ef01f0011504c800450106b5000cb600094232b31800004310080f012c03f10000a6cec7000025ef100000b0dc0000000182c65b8980001ea61e720f194240001300b9090000000e05ef01f0011504c800450106b50011b600094232b31800004310080f012c03f10000a6cec7000025ef100000b0dc0000000182c65b6a40001ea61e2f0f1942d600180020090006000e05ef01f0011504c800450106b5000cb600094232b01800064310080f012c03f10000a6cec7000025ec100000b0d90000000182c65b4ee8001ea61e2f0f1942d6001800060a0000000e05ef01f0011504c800450106b5000bb6000842327e180000430fff0f012c03f10000a6cec7000025ec100000b0d90000000182c65b4b00001ea61e2f0f1942d60018000b0a0005000e05ef01f0011504c800450106b5000bb600084232ab1800054310040f012c03f10000a6cec7000025ec100000b0d90000000182c65b3f48001ea61e2f0f1942d6001800060a0000000e05ef01f0011504c800450106b5000bb600084232ad1800004310080f012c03f10000a6cec7000025ec100000b0d90000000182c65b1838001ea61e2f0f1942d6001800060b0000000e05ef01f0011504c800450106b5000bb600074232ad1800004310070f012c03f10000a6cec7000025ec100000b0d90000000182c65af128001ea61e2f0f1942d6001800060b0000000e05ef01f0011504c800450106b5000bb600074232ad1800004310080f012c03f10000a6cec7000025ec100000b0d90000000182c65aca18001ea61e2f0f1942d6001800060a0000000e05ef01f0011504c800450106b5000bb600084232b11800004310080f012c03f10000a6cec7000025ec100000b0d900110000f62d"1661185865819352345
INFO:root:Lock acquired by350424067190346
>>> Request: 'POST http://172.21.0.2:8086/api/v2/write?org=qeeri&bucket=gps&precision=ns'
DEBUG:influxdb_client.client.http:>>> Request: 'POST http://172.21.0.2:8086/api/v2/write?org=qeeri&bucket=gps&precision=ns'
>>> Content-Encoding: identity
DEBUG:influxdb_client.client.http:>>> Content-Encoding: identity
>>> Content-Type: text/plain
DEBUG:influxdb_client.client.http:>>> Content-Type: text/plain
>>> Accept: application/json
DEBUG:influxdb_client.client.http:>>> Accept: application/json
>>> Authorization: ***
DEBUG:influxdb_client.client.http:>>> Authorization: ***
>>> User-Agent: influxdb-client-python/1.31.0
DEBUG:influxdb_client.client.http:>>> User-Agent: influxdb-client-python/1.31.0
>>> Body: b'gps_data,imei=350424067190346 raw_data="00000000000004dc081100000182c6649db8001ea61dfd0f19422f000d00cf0d0000000e05ef01f0011505c800450106b5000ab600064232a61800004310080f03e803f10000a6cec70000005c100000b1570000000182c65c6c10001ea61f5b0f19454f0012004c0b0000000e05ef01f0011504c800450106b5000bb6000742329a1800004310050f012c03f10000a6cec7000025f9100000b0e60000000182c65c6440001ea61ee60f1944a8001200160a0005000e05ef01f0011504c800450106b50011b6000842328f1800054310010f012c03f10000a6cec7000025f9100000b0e60000000182c65c5c70001ea61f7c0f1944fc0012001a0a000c000e05ef01f0011504c800450106b5000cb600094232a818000c4310050f012c03f10000a6cec7000025f9100000b0e60000000182c65c50b8001ea61e820f19409f001200d30a0004000e05ef01f0011504c800450106b5000cb600094232af1800044310080f012c03f10000a6cec7000025ef100000b0dc0000000182c65c29a8001ea61e820f19409f001200bf0a0000000e05ef01f0011504c800450106b5000bb600084232b41800004310080f012c03f10000a6cec7000025ef100000b0dc0000000182c65c0298001ea61e0e0f1941db001200ca090004000e05ef01f0011504c800450106b5000cb600094232af1800044310070f012c03f10000a6cec7000025ef100000b0dc0000000182c65bd7a0001ea61e0e0f1941db0012015f090000000e05ef01f0011504c800450106b5000cb600094232ae1800004310080f012c03f10000a6cec7000025ef100000b0dc0000000182c65bb090001ea61e0e0f1941db0012015f090000000e05ef01f0011504c800450106b5000cb600094232b31800004310080f012c03f10000a6cec7000025ef100000b0dc0000000182c65b8980001ea61e720f194240001300b9090000000e05ef01f0011504c800450106b50011b600094232b31800004310080f012c03f10000a6cec7000025ef100000b0dc0000000182c65b6a40001ea61e2f0f1942d600180020090006000e05ef01f0011504c800450106b5000cb600094232b01800064310080f012c03f10000a6cec7000025ec100000b0d90000000182c65b4ee8001ea61e2f0f1942d6001800060a0000000e05ef01f0011504c800450106b5000bb6000842327e180000430fff0f012c03f10000a6cec7000025ec100000b0d90000000182c65b4b00001ea61e2f0f1942d60018000b0a0005000e05ef01f0011504c800450106b5000bb600084232ab1800054310040f012c03f10000a6cec7000025ec100000b0d90000000182c65b3f48001ea61e2f0f1942d6001800060a0000000e05ef01f0011504c800450106b5000bb600084232ad1800004310080f012c03f10000a6cec7000025ec100000b0d90000000182c65b1838001ea61e2f0f1942d6001800060b0000000e05ef01f0011504c800450106b5000bb600074232ad1800004310070f012c03f10000a6cec7000025ec100000b0d90000000182c65af128001ea61e2f0f1942d6001800060b0000000e05ef01f0011504c800450106b5000bb600074232ad1800004310080f012c03f10000a6cec7000025ec100000b0d90000000182c65aca18001ea61e2f0f1942d6001800060a0000000e05ef01f0011504c800450106b5000bb600084232b11800004310080f012c03f10000a6cec7000025ec100000b0d900110000f62d"1661185865819352345'
DEBUG:influxdb_client.client.http:>>> Body: b'gps_data,imei=350424067190346 raw_data="00000000000004dc081100000182c6649db8001ea61dfd0f19422f000d00cf0d0000000e05ef01f0011505c800450106b5000ab600064232a61800004310080f03e803f10000a6cec70000005c100000b1570000000182c65c6c10001ea61f5b0f19454f0012004c0b0000000e05ef01f0011504c800450106b5000bb6000742329a1800004310050f012c03f10000a6cec7000025f9100000b0e60000000182c65c6440001ea61ee60f1944a8001200160a0005000e05ef01f0011504c800450106b50011b6000842328f1800054310010f012c03f10000a6cec7000025f9100000b0e60000000182c65c5c70001ea61f7c0f1944fc0012001a0a000c000e05ef01f0011504c800450106b5000cb600094232a818000c4310050f012c03f10000a6cec7000025f9100000b0e60000000182c65c50b8001ea61e820f19409f001200d30a0004000e05ef01f0011504c800450106b5000cb600094232af1800044310080f012c03f10000a6cec7000025ef100000b0dc0000000182c65c29a8001ea61e820f19409f001200bf0a0000000e05ef01f0011504c800450106b5000bb600084232b41800004310080f012c03f10000a6cec7000025ef100000b0dc0000000182c65c0298001ea61e0e0f1941db001200ca090004000e05ef01f0011504c800450106b5000cb600094232af1800044310070f012c03f10000a6cec7000025ef100000b0dc0000000182c65bd7a0001ea61e0e0f1941db0012015f090000000e05ef01f0011504c800450106b5000cb600094232ae1800004310080f012c03f10000a6cec7000025ef100000b0dc0000000182c65bb090001ea61e0e0f1941db0012015f090000000e05ef01f0011504c800450106b5000cb600094232b31800004310080f012c03f10000a6cec7000025ef100000b0dc0000000182c65b8980001ea61e720f194240001300b9090000000e05ef01f0011504c800450106b50011b600094232b31800004310080f012c03f10000a6cec7000025ef100000b0dc0000000182c65b6a40001ea61e2f0f1942d600180020090006000e05ef01f0011504c800450106b5000cb600094232b01800064310080f012c03f10000a6cec7000025ec100000b0d90000000182c65b4ee8001ea61e2f0f1942d6001800060a0000000e05ef01f0011504c800450106b5000bb6000842327e180000430fff0f012c03f10000a6cec7000025ec100000b0d90000000182c65b4b00001ea61e2f0f1942d60018000b0a0005000e05ef01f0011504c800450106b5000bb600084232ab1800054310040f012c03f10000a6cec7000025ec100000b0d90000000182c65b3f48001ea61e2f0f1942d6001800060a0000000e05ef01f0011504c800450106b5000bb600084232ad1800004310080f012c03f10000a6cec7000025ec100000b0d90000000182c65b1838001ea61e2f0f1942d6001800060b0000000e05ef01f0011504c800450106b5000bb600074232ad1800004310070f012c03f10000a6cec7000025ec100000b0d90000000182c65af128001ea61e2f0f1942d6001800060b0000000e05ef01f0011504c800450106b5000bb600074232ad1800004310080f012c03f10000a6cec7000025ec100000b0d90000000182c65aca18001ea61e2f0f1942d6001800060a0000000e05ef01f0011504c800450106b5000bb600084232b11800004310080f012c03f10000a6cec7000025ec100000b0d900110000f62d"1661185865819352345'
DEBUG:urllib3.util.retry:Converted retries value: False -> Retry(total=False, connect=None, read=None, redirect=0, status=None)
DEBUG:urllib3.connectionpool:http://172.21.0.2:8086 "POST /api/v2/write?org=qeeri&bucket=gps&precision=ns HTTP/1.1" 204 0
<<< Response: 204
DEBUG:influxdb_client.client.http:<<< Response: 204
<<< Date: Mon, 22 Aug 2022 16:31:05 GMT
DEBUG:influxdb_client.client.http:<<< Date: Mon, 22 Aug 2022 16:31:05 GMT
<<< Body: 
DEBUG:influxdb_client.client.http:<<< Body: 
INFO:root:Lock released by350424067190346
INFO:root:length of packet 1264
INFO:root:00000000000004e3081000000182c5d30448001ea4dea70f188d32000800790d0000000e05ef00f0001503c800450106b50005b6000342316f1800004300000f000003f10000a6cdc70000000010012de8d10000000182c5d04528001ea4dea70f188d32000800790d0000000e05ef00f0001503c800450106b50005b6000342319b1800004300000f000003f10000a6cdc70000000010012de8d10000000182c5cd8608011ea4dea70f188d32000800790e0000f60f06ef00f0001503c8004501f60106b50005b6000342316e1800004300000f000003f10000a6cdc70000000010012de8d10000000182c5cd4f58001ea4dea70f188d32000800790d0000000e05ef00f0001503c800450106b50005b6000342316f1800004300000f000003f10000a6cdc70000000010012de8d10000000182c5ca9038001ea4dea70f188d32000800790c0000000e05ef00f0001503c800450106b50005b6000342316f1800004300000f000003f10000a6cdc70000000010012de8d10000000182c5c7d118011ea4dea70f188d32000800790e0000f60f06ef00f0001503c8004501f60106b50004b6000342316a1800004300000f000003f10000a6cdc70000000010012de8d10000000182c5c782f8001ea4dea70f188d32000800790c0000000e05ef00f0001503c800450106b50005b600034231991800004300000f000003f10000a6cdc70000000010012de8d10000000182c5c4c3d8001ea4dea70f188d32000800790d0000000e05ef00f0001503c800450106b50005b600034231771800004300000f000003f10000a6cdc70000000010012de8d10000000182c5c204b8011ea4dea70f188d32000800790b0000f60f06ef00f0001503c8004501f60106b50005b600034231991800004300000f000003f10000a6cdc70000000010012de8d10000000182c5bff178001ea4dea70f188d32000800790b0000000e05ef00f0001503c800450106b50005b6000342316f1800004300000f000003f10000a6cdc70000000010012de8d10000000182c5bd3258001ea4dea70f188d32000800790a0000f00e05ef00f0001502c800450106b50005b6000442306a1800004300000f000003f10000a6cdc70000000010012de8d10000000182c5bd0b48001ea4dcf50f188d320003006d0b0005000e05ef00f0011502c800450106b50005b600044230681800054300000f000003f10000a6cdc70000000010012de8d10000000182c5bce438001ea4dc5f0f188e4d0006007a090006000e05ef00f0011502c800450106b50006b600044230631800064300000f000003f10000a6cdc70000000010012de8ce0000000182c5bcbd28001ea4df0b0f188db70008012e0b0000000e05ef00f0011503c800450106b50005b600034230671800004300000f000003f10000a6cdc70000000010012de8c40000000182c5bc9618001ea4df0b0f188db70008012e080000001d0def00f0011503c80045011e001f1521fe232325002608290032630db50006b6000442305c1800004300000f00002402cf2a01e62b00002d015231754d332fda34001503f10000a6cdc70000000010012de8c40000000182c5bc6f08001ea4e1e80f188c7a0009010c0d000b001d0def00f0011503c80045011e001f1921ff231d250c261d290032630db50008b6000342305218000b4300000f00002404792a01dc2b00002d015e31754d332ff334001603f10000a6cdc70000000010012de8c100100000e20a
INFO:root:gps_data,imei=860147042636561 raw_data="00000000000004e3081000000182c5d30448001ea4dea70f188d32000800790d0000000e05ef00f0001503c800450106b50005b6000342316f1800004300000f000003f10000a6cdc70000000010012de8d10000000182c5d04528001ea4dea70f188d32000800790d0000000e05ef00f0001503c800450106b50005b6000342319b1800004300000f000003f10000a6cdc70000000010012de8d10000000182c5cd8608011ea4dea70f188d32000800790e0000f60f06ef00f0001503c8004501f60106b50005b6000342316e1800004300000f000003f10000a6cdc70000000010012de8d10000000182c5cd4f58001ea4dea70f188d32000800790d0000000e05ef00f0001503c800450106b50005b6000342316f1800004300000f000003f10000a6cdc70000000010012de8d10000000182c5ca9038001ea4dea70f188d32000800790c0000000e05ef00f0001503c800450106b50005b6000342316f1800004300000f000003f10000a6cdc70000000010012de8d10000000182c5c7d118011ea4dea70f188d32000800790e0000f60f06ef00f0001503c8004501f60106b50004b6000342316a1800004300000f000003f10000a6cdc70000000010012de8d10000000182c5c782f8001ea4dea70f188d32000800790c0000000e05ef00f0001503c800450106b50005b600034231991800004300000f000003f10000a6cdc70000000010012de8d10000000182c5c4c3d8001ea4dea70f188d32000800790d0000000e05ef00f0001503c800450106b50005b600034231771800004300000f000003f10000a6cdc70000000010012de8d10000000182c5c204b8011ea4dea70f188d32000800790b0000f60f06ef00f0001503c8004501f60106b50005b600034231991800004300000f000003f10000a6cdc70000000010012de8d10000000182c5bff178001ea4dea70f188d32000800790b0000000e05ef00f0001503c800450106b50005b6000342316f1800004300000f000003f10000a6cdc70000000010012de8d10000000182c5bd3258001ea4dea70f188d32000800790a0000f00e05ef00f0001502c800450106b50005b6000442306a1800004300000f000003f10000a6cdc70000000010012de8d10000000182c5bd0b48001ea4dcf50f188d320003006d0b0005000e05ef00f0011502c800450106b50005b600044230681800054300000f000003f10000a6cdc70000000010012de8d10000000182c5bce438001ea4dc5f0f188e4d0006007a090006000e05ef00f0011502c800450106b50006b600044230631800064300000f000003f10000a6cdc70000000010012de8ce0000000182c5bcbd28001ea4df0b0f188db70008012e0b0000000e05ef00f0011503c800450106b50005b600034230671800004300000f000003f10000a6cdc70000000010012de8c40000000182c5bc9618001ea4df0b0f188db70008012e080000001d0def00f0011503c80045011e001f1521fe232325002608290032630db50006b6000442305c1800004300000f00002402cf2a01e62b00002d015231754d332fda34001503f10000a6cdc70000000010012de8c40000000182c5bc6f08001ea4e1e80f188c7a0009010c0d000b001d0def00f0011503c80045011e001f1921ff231d250c261d290032630db50008b6000342305218000b4300000f00002404792a01dc2b00002d015e31754d332ff334001603f10000a6cdc70000000010012de8c100100000e20a"1661185866888509012
INFO:root:Lock acquired by860147042636561
>>> Request: 'POST http://172.21.0.2:8086/api/v2/write?org=qeeri&bucket=gps&precision=ns'
DEBUG:influxdb_client.client.http:>>> Request: 'POST http://172.21.0.2:8086/api/v2/write?org=qeeri&bucket=gps&precision=ns'
>>> Content-Encoding: identity
DEBUG:influxdb_client.client.http:>>> Content-Encoding: identity
>>> Content-Type: text/plain
DEBUG:influxdb_client.client.http:>>> Content-Type: text/plain
>>> Accept: application/json
DEBUG:influxdb_client.client.http:>>> Accept: application/json
>>> Authorization: ***
DEBUG:influxdb_client.client.http:>>> Authorization: ***
>>> User-Agent: influxdb-client-python/1.31.0
DEBUG:influxdb_client.client.http:>>> User-Agent: influxdb-client-python/1.31.0
>>> Body: b'gps_data,imei=860147042636561 raw_data="00000000000004e3081000000182c5d30448001ea4dea70f188d32000800790d0000000e05ef00f0001503c800450106b50005b6000342316f1800004300000f000003f10000a6cdc70000000010012de8d10000000182c5d04528001ea4dea70f188d32000800790d0000000e05ef00f0001503c800450106b50005b6000342319b1800004300000f000003f10000a6cdc70000000010012de8d10000000182c5cd8608011ea4dea70f188d32000800790e0000f60f06ef00f0001503c8004501f60106b50005b6000342316e1800004300000f000003f10000a6cdc70000000010012de8d10000000182c5cd4f58001ea4dea70f188d32000800790d0000000e05ef00f0001503c800450106b50005b6000342316f1800004300000f000003f10000a6cdc70000000010012de8d10000000182c5ca9038001ea4dea70f188d32000800790c0000000e05ef00f0001503c800450106b50005b6000342316f1800004300000f000003f10000a6cdc70000000010012de8d10000000182c5c7d118011ea4dea70f188d32000800790e0000f60f06ef00f0001503c8004501f60106b50004b6000342316a1800004300000f000003f10000a6cdc70000000010012de8d10000000182c5c782f8001ea4dea70f188d32000800790c0000000e05ef00f0001503c800450106b50005b600034231991800004300000f000003f10000a6cdc70000000010012de8d10000000182c5c4c3d8001ea4dea70f188d32000800790d0000000e05ef00f0001503c800450106b50005b600034231771800004300000f000003f10000a6cdc70000000010012de8d10000000182c5c204b8011ea4dea70f188d32000800790b0000f60f06ef00f0001503c8004501f60106b50005b600034231991800004300000f000003f10000a6cdc70000000010012de8d10000000182c5bff178001ea4dea70f188d32000800790b0000000e05ef00f0001503c800450106b50005b6000342316f1800004300000f000003f10000a6cdc70000000010012de8d10000000182c5bd3258001ea4dea70f188d32000800790a0000f00e05ef00f0001502c800450106b50005b6000442306a1800004300000f000003f10000a6cdc70000000010012de8d10000000182c5bd0b48001ea4dcf50f188d320003006d0b0005000e05ef00f0011502c800450106b50005b600044230681800054300000f000003f10000a6cdc70000000010012de8d10000000182c5bce438001ea4dc5f0f188e4d0006007a090006000e05ef00f0011502c800450106b50006b600044230631800064300000f000003f10000a6cdc70000000010012de8ce0000000182c5bcbd28001ea4df0b0f188db70008012e0b0000000e05ef00f0011503c800450106b50005b600034230671800004300000f000003f10000a6cdc70000000010012de8c40000000182c5bc9618001ea4df0b0f188db70008012e080000001d0def00f0011503c80045011e001f1521fe232325002608290032630db50006b6000442305c1800004300000f00002402cf2a01e62b00002d015231754d332fda34001503f10000a6cdc70000000010012de8c40000000182c5bc6f08001ea4e1e80f188c7a0009010c0d000b001d0def00f0011503c80045011e001f1921ff231d250c261d290032630db50008b6000342305218000b4300000f00002404792a01dc2b00002d015e31754d332ff334001603f10000a6cdc70000000010012de8c100100000e20a"1661185866888509012'
DEBUG:influxdb_client.client.http:>>> Body: b'gps_data,imei=860147042636561 raw_data="00000000000004e3081000000182c5d30448001ea4dea70f188d32000800790d0000000e05ef00f0001503c800450106b50005b6000342316f1800004300000f000003f10000a6cdc70000000010012de8d10000000182c5d04528001ea4dea70f188d32000800790d0000000e05ef00f0001503c800450106b50005b6000342319b1800004300000f000003f10000a6cdc70000000010012de8d10000000182c5cd8608011ea4dea70f188d32000800790e0000f60f06ef00f0001503c8004501f60106b50005b6000342316e1800004300000f000003f10000a6cdc70000000010012de8d10000000182c5cd4f58001ea4dea70f188d32000800790d0000000e05ef00f0001503c800450106b50005b6000342316f1800004300000f000003f10000a6cdc70000000010012de8d10000000182c5ca9038001ea4dea70f188d32000800790c0000000e05ef00f0001503c800450106b50005b6000342316f1800004300000f000003f10000a6cdc70000000010012de8d10000000182c5c7d118011ea4dea70f188d32000800790e0000f60f06ef00f0001503c8004501f60106b50004b6000342316a1800004300000f000003f10000a6cdc70000000010012de8d10000000182c5c782f8001ea4dea70f188d32000800790c0000000e05ef00f0001503c800450106b50005b600034231991800004300000f000003f10000a6cdc70000000010012de8d10000000182c5c4c3d8001ea4dea70f188d32000800790d0000000e05ef00f0001503c800450106b50005b600034231771800004300000f000003f10000a6cdc70000000010012de8d10000000182c5c204b8011ea4dea70f188d32000800790b0000f60f06ef00f0001503c8004501f60106b50005b600034231991800004300000f000003f10000a6cdc70000000010012de8d10000000182c5bff178001ea4dea70f188d32000800790b0000000e05ef00f0001503c800450106b50005b6000342316f1800004300000f000003f10000a6cdc70000000010012de8d10000000182c5bd3258001ea4dea70f188d32000800790a0000f00e05ef00f0001502c800450106b50005b6000442306a1800004300000f000003f10000a6cdc70000000010012de8d10000000182c5bd0b48001ea4dcf50f188d320003006d0b0005000e05ef00f0011502c800450106b50005b600044230681800054300000f000003f10000a6cdc70000000010012de8d10000000182c5bce438001ea4dc5f0f188e4d0006007a090006000e05ef00f0011502c800450106b50006b600044230631800064300000f000003f10000a6cdc70000000010012de8ce0000000182c5bcbd28001ea4df0b0f188db70008012e0b0000000e05ef00f0011503c800450106b50005b600034230671800004300000f000003f10000a6cdc70000000010012de8c40000000182c5bc9618001ea4df0b0f188db70008012e080000001d0def00f0011503c80045011e001f1521fe232325002608290032630db50006b6000442305c1800004300000f00002402cf2a01e62b00002d015231754d332fda34001503f10000a6cdc70000000010012de8c40000000182c5bc6f08001ea4e1e80f188c7a0009010c0d000b001d0def00f0011503c80045011e001f1921ff231d250c261d290032630db50008b6000342305218000b4300000f00002404792a01dc2b00002d015e31754d332ff334001603f10000a6cdc70000000010012de8c100100000e20a"1661185866888509012'
DEBUG:urllib3.util.retry:Converted retries value: False -> Retry(total=False, connect=None, read=None, redirect=0, status=None)
DEBUG:urllib3.connectionpool:http://172.21.0.2:8086 "POST /api/v2/write?org=qeeri&bucket=gps&precision=ns HTTP/1.1" 204 0
<<< Response: 204
DEBUG:influxdb_client.client.http:<<< Response: 204
<<< Date: Mon, 22 Aug 2022 16:31:06 GMT
DEBUG:influxdb_client.client.http:<<< Date: Mon, 22 Aug 2022 16:31:06 GMT
<<< Body: 
DEBUG:influxdb_client.client.http:<<< Body: 
INFO:root:Lock released by860147042636561
hello
INFO:root:[ACTIVE CONNECTIONS] 1
INFO:root:2022-08-22 16:31:07.349659
INFO:root:the length of handshake message is 17
this is the imei  860147042626836
hello
hello
INFO:root:[ACTIVE CONNECTIONS] 2
INFO:root:2022-08-22 16:31:07.669539
INFO:root:the length of handshake message is 17
this is the imei  860147042635654
hello
hello
INFO:root:[ACTIVE CONNECTIONS] 3
INFO:root:2022-08-22 16:31:08.974864
INFO:root:the length of handshake message is 17
this is the imei  860147042649242
hello
INFO:root:length of packet 1267
INFO:root:00000000000004e6081100000182c664b528001ea789ba0f19cfea001c01170d0014000e05ef00f0011502c800450106b50006b600034235a41800144300000f000003f10000a6cdc70000000010012428f70000000182c60bcb70001ea830640f187af7000500af0c0000000e05ef00f0001505c800450106b50005b600034232381800004300000f000003f10000a6cdc70000000010012413750000000182c6090c50001ea830640f187af7000500af0c0000000e05ef00f0001505c800450106b50008b600044232221800004300000f000003f10000a6cdc70000000010012413750000000182c6064d30011ea830640f187af7000500af0d0000f60f06ef00f0001505c8004501f60106b50005b6000342321c1800004300000f000003f10000a6cdc70000000010012413750000000182c6061680001ea830640f187af7000500af0d0000000e05ef00f0001505c800450106b50005b6000342322d1800004300000f000003f10000a6cdc70000000010012413750000000182c6035760001ea830640f187af7000500af0e0000000e05ef00f0001505c800450106b50005b6000342323c1800004300000f000003f10000a6cdc70000000010012413750000000182c6009840011ea82f8b0f187e8c000500ca0f0000f60f06ef00f0001505c8004501f60106b50005b6000342323a1800004300000f000003f10000a6cdc70000000010012413750000000182c6002ae0001ea82f8b0f187e8c000100ca0d0000000e05ef00f0001505c800450106b50005b6000342323a1800004300000f000003f10000a6cdc70000000010012413750000000182c5fd6bc0001ea82f8b0f187e8c000100ca0e0000000e05ef00f0001505c800450106b50005b6000342323a1800004300000f000003f10000a6cdc70000000010012413750000000182c5faaca0011ea82ff00f1881ff000101270d0000f60f06ef00f0001505c8004501f60106b50005b6000342323a1800004300000f000003f10000a6cdc70000000010012413750000000182c5fa7dc0001ea82ff00f1881ff000101270e0000000e05ef00f0001505c800450106b50005b600034232581800004300000f000003f10000a6cdc70000000010012413750000000182c5f7bea0001ea82ff00f1881ff000101270d0000000e05ef00f0001505c800450106b50005b600034232631800004300000f000003f10000a6cdc70000000010012413750000000182c5f4ff80011ea82ff00f1881ff000201270c0000f60f06ef00f0001505c8004501f60106b50005b6000342323c1800004300000f000003f10000a6cdc70000000010012413750000000182c5f4ccb8001ea82ff00f1881ff000201270c0000000e05ef00f0001505c800450106b50005b600034232631800004300000f000003f10000a6cdc70000000010012413750000000182c5f20d98001ea82ff00f1881ff000201270e0000000e05ef00f0001505c800450106b50006b600034232651800004300000f000003f10000a6cdc70000000010012413750000000182c5ef4e78011ea82ff00f1881ff000201270f0000f60f06ef00f0001505c8004501f60106b50006b600034232611800004300000f000003f10000a6cdc70000000010012413750000000182c5ef0ff8001ea82ff00f1881ff000201270f0000000e05ef00f0001505c800450106b50006b6000342325a1800004300000f000003f10000a6cdc7000000001001241375001100001710
INFO:root:gps_data,imei=860147042626836 raw_data="00000000000004e6081100000182c664b528001ea789ba0f19cfea001c01170d0014000e05ef00f0011502c800450106b50006b600034235a41800144300000f000003f10000a6cdc70000000010012428f70000000182c60bcb70001ea830640f187af7000500af0c0000000e05ef00f0001505c800450106b50005b600034232381800004300000f000003f10000a6cdc70000000010012413750000000182c6090c50001ea830640f187af7000500af0c0000000e05ef00f0001505c800450106b50008b600044232221800004300000f000003f10000a6cdc70000000010012413750000000182c6064d30011ea830640f187af7000500af0d0000f60f06ef00f0001505c8004501f60106b50005b6000342321c1800004300000f000003f10000a6cdc70000000010012413750000000182c6061680001ea830640f187af7000500af0d0000000e05ef00f0001505c800450106b50005b6000342322d1800004300000f000003f10000a6cdc70000000010012413750000000182c6035760001ea830640f187af7000500af0e0000000e05ef00f0001505c800450106b50005b6000342323c1800004300000f000003f10000a6cdc70000000010012413750000000182c6009840011ea82f8b0f187e8c000500ca0f0000f60f06ef00f0001505c8004501f60106b50005b6000342323a1800004300000f000003f10000a6cdc70000000010012413750000000182c6002ae0001ea82f8b0f187e8c000100ca0d0000000e05ef00f0001505c800450106b50005b6000342323a1800004300000f000003f10000a6cdc70000000010012413750000000182c5fd6bc0001ea82f8b0f187e8c000100ca0e0000000e05ef00f0001505c800450106b50005b6000342323a1800004300000f000003f10000a6cdc70000000010012413750000000182c5faaca0011ea82ff00f1881ff000101270d0000f60f06ef00f0001505c8004501f60106b50005b6000342323a1800004300000f000003f10000a6cdc70000000010012413750000000182c5fa7dc0001ea82ff00f1881ff000101270e0000000e05ef00f0001505c800450106b50005b600034232581800004300000f000003f10000a6cdc70000000010012413750000000182c5f7bea0001ea82ff00f1881ff000101270d0000000e05ef00f0001505c800450106b50005b600034232631800004300000f000003f10000a6cdc70000000010012413750000000182c5f4ff80011ea82ff00f1881ff000201270c0000f60f06ef00f0001505c8004501f60106b50005b6000342323c1800004300000f000003f10000a6cdc70000000010012413750000000182c5f4ccb8001ea82ff00f1881ff000201270c0000000e05ef00f0001505c800450106b50005b600034232631800004300000f000003f10000a6cdc70000000010012413750000000182c5f20d98001ea82ff00f1881ff000201270e0000000e05ef00f0001505c800450106b50006b600034232651800004300000f000003f10000a6cdc70000000010012413750000000182c5ef4e78011ea82ff00f1881ff000201270f0000f60f06ef00f0001505c8004501f60106b50006b600034232611800004300000f000003f10000a6cdc70000000010012413750000000182c5ef0ff8001ea82ff00f1881ff000201270f0000000e05ef00f0001505c800450106b50006b6000342325a1800004300000f000003f10000a6cdc7000000001001241375001100001710"1661185869073934796
INFO:root:Lock acquired by860147042626836
>>> Request: 'POST http://172.21.0.2:8086/api/v2/write?org=qeeri&bucket=gps&precision=ns'
DEBUG:influxdb_client.client.http:>>> Request: 'POST http://172.21.0.2:8086/api/v2/write?org=qeeri&bucket=gps&precision=ns'
>>> Content-Encoding: identity
DEBUG:influxdb_client.client.http:>>> Content-Encoding: identity
>>> Content-Type: text/plain
DEBUG:influxdb_client.client.http:>>> Content-Type: text/plain
>>> Accept: application/json
DEBUG:influxdb_client.client.http:>>> Accept: application/json
>>> Authorization: ***
DEBUG:influxdb_client.client.http:>>> Authorization: ***
>>> User-Agent: influxdb-client-python/1.31.0
DEBUG:influxdb_client.client.http:>>> User-Agent: influxdb-client-python/1.31.0
>>> Body: b'gps_data,imei=860147042626836 raw_data="00000000000004e6081100000182c664b528001ea789ba0f19cfea001c01170d0014000e05ef00f0011502c800450106b50006b600034235a41800144300000f000003f10000a6cdc70000000010012428f70000000182c60bcb70001ea830640f187af7000500af0c0000000e05ef00f0001505c800450106b50005b600034232381800004300000f000003f10000a6cdc70000000010012413750000000182c6090c50001ea830640f187af7000500af0c0000000e05ef00f0001505c800450106b50008b600044232221800004300000f000003f10000a6cdc70000000010012413750000000182c6064d30011ea830640f187af7000500af0d0000f60f06ef00f0001505c8004501f60106b50005b6000342321c1800004300000f000003f10000a6cdc70000000010012413750000000182c6061680001ea830640f187af7000500af0d0000000e05ef00f0001505c800450106b50005b6000342322d1800004300000f000003f10000a6cdc70000000010012413750000000182c6035760001ea830640f187af7000500af0e0000000e05ef00f0001505c800450106b50005b6000342323c1800004300000f000003f10000a6cdc70000000010012413750000000182c6009840011ea82f8b0f187e8c000500ca0f0000f60f06ef00f0001505c8004501f60106b50005b6000342323a1800004300000f000003f10000a6cdc70000000010012413750000000182c6002ae0001ea82f8b0f187e8c000100ca0d0000000e05ef00f0001505c800450106b50005b6000342323a1800004300000f000003f10000a6cdc70000000010012413750000000182c5fd6bc0001ea82f8b0f187e8c000100ca0e0000000e05ef00f0001505c800450106b50005b6000342323a1800004300000f000003f10000a6cdc70000000010012413750000000182c5faaca0011ea82ff00f1881ff000101270d0000f60f06ef00f0001505c8004501f60106b50005b6000342323a1800004300000f000003f10000a6cdc70000000010012413750000000182c5fa7dc0001ea82ff00f1881ff000101270e0000000e05ef00f0001505c800450106b50005b600034232581800004300000f000003f10000a6cdc70000000010012413750000000182c5f7bea0001ea82ff00f1881ff000101270d0000000e05ef00f0001505c800450106b50005b600034232631800004300000f000003f10000a6cdc70000000010012413750000000182c5f4ff80011ea82ff00f1881ff000201270c0000f60f06ef00f0001505c8004501f60106b50005b6000342323c1800004300000f000003f10000a6cdc70000000010012413750000000182c5f4ccb8001ea82ff00f1881ff000201270c0000000e05ef00f0001505c800450106b50005b600034232631800004300000f000003f10000a6cdc70000000010012413750000000182c5f20d98001ea82ff00f1881ff000201270e0000000e05ef00f0001505c800450106b50006b600034232651800004300000f000003f10000a6cdc70000000010012413750000000182c5ef4e78011ea82ff00f1881ff000201270f0000f60f06ef00f0001505c8004501f60106b50006b600034232611800004300000f000003f10000a6cdc70000000010012413750000000182c5ef0ff8001ea82ff00f1881ff000201270f0000000e05ef00f0001505c800450106b50006b6000342325a1800004300000f000003f10000a6cdc7000000001001241375001100001710"1661185869073934796'
DEBUG:influxdb_client.client.http:>>> Body: b'gps_data,imei=860147042626836 raw_data="00000000000004e6081100000182c664b528001ea789ba0f19cfea001c01170d0014000e05ef00f0011502c800450106b50006b600034235a41800144300000f000003f10000a6cdc70000000010012428f70000000182c60bcb70001ea830640f187af7000500af0c0000000e05ef00f0001505c800450106b50005b600034232381800004300000f000003f10000a6cdc70000000010012413750000000182c6090c50001ea830640f187af7000500af0c0000000e05ef00f0001505c800450106b50008b600044232221800004300000f000003f10000a6cdc70000000010012413750000000182c6064d30011ea830640f187af7000500af0d0000f60f06ef00f0001505c8004501f60106b50005b6000342321c1800004300000f000003f10000a6cdc70000000010012413750000000182c6061680001ea830640f187af7000500af0d0000000e05ef00f0001505c800450106b50005b6000342322d1800004300000f000003f10000a6cdc70000000010012413750000000182c6035760001ea830640f187af7000500af0e0000000e05ef00f0001505c800450106b50005b6000342323c1800004300000f000003f10000a6cdc70000000010012413750000000182c6009840011ea82f8b0f187e8c000500ca0f0000f60f06ef00f0001505c8004501f60106b50005b6000342323a1800004300000f000003f10000a6cdc70000000010012413750000000182c6002ae0001ea82f8b0f187e8c000100ca0d0000000e05ef00f0001505c800450106b50005b6000342323a1800004300000f000003f10000a6cdc70000000010012413750000000182c5fd6bc0001ea82f8b0f187e8c000100ca0e0000000e05ef00f0001505c800450106b50005b6000342323a1800004300000f000003f10000a6cdc70000000010012413750000000182c5faaca0011ea82ff00f1881ff000101270d0000f60f06ef00f0001505c8004501f60106b50005b6000342323a1800004300000f000003f10000a6cdc70000000010012413750000000182c5fa7dc0001ea82ff00f1881ff000101270e0000000e05ef00f0001505c800450106b50005b600034232581800004300000f000003f10000a6cdc70000000010012413750000000182c5f7bea0001ea82ff00f1881ff000101270d0000000e05ef00f0001505c800450106b50005b600034232631800004300000f000003f10000a6cdc70000000010012413750000000182c5f4ff80011ea82ff00f1881ff000201270c0000f60f06ef00f0001505c8004501f60106b50005b6000342323c1800004300000f000003f10000a6cdc70000000010012413750000000182c5f4ccb8001ea82ff00f1881ff000201270c0000000e05ef00f0001505c800450106b50005b600034232631800004300000f000003f10000a6cdc70000000010012413750000000182c5f20d98001ea82ff00f1881ff000201270e0000000e05ef00f0001505c800450106b50006b600034232651800004300000f000003f10000a6cdc70000000010012413750000000182c5ef4e78011ea82ff00f1881ff000201270f0000f60f06ef00f0001505c8004501f60106b50006b600034232611800004300000f000003f10000a6cdc70000000010012413750000000182c5ef0ff8001ea82ff00f1881ff000201270f0000000e05ef00f0001505c800450106b50006b6000342325a1800004300000f000003f10000a6cdc7000000001001241375001100001710"1661185869073934796'
DEBUG:urllib3.util.retry:Converted retries value: False -> Retry(total=False, connect=None, read=None, redirect=0, status=None)
DEBUG:urllib3.connectionpool:http://172.21.0.2:8086 "POST /api/v2/write?org=qeeri&bucket=gps&precision=ns HTTP/1.1" 204 0
<<< Response: 204
DEBUG:influxdb_client.client.http:<<< Response: 204
<<< Date: Mon, 22 Aug 2022 16:31:09 GMT
DEBUG:influxdb_client.client.http:<<< Date: Mon, 22 Aug 2022 16:31:09 GMT
<<< Body: 
DEBUG:influxdb_client.client.http:<<< Body: 
INFO:root:Lock released by860147042626836
INFO:root:length of packet 1261
INFO:root:00000000000004e0081100000182c664a588001ec2970d0f005297fff500000a0000000e05ef00f0001504c800450106b50005b600044231991800004300000f000003f10000a6cdc70000000010015088860000000182c626e4f0001ec285260f004de700070103040000000e05ef00f0011504c800450106b50009b600084231b51800004300000f000003f10000a6cdc70000000010015087f10000000182c626bde0001ec280a80f0052fb00000000000000000e05ef00f0011504c800450206b50000b600004231a21800004300000f000003f10000a6cdc70000000010015087f10000000182c62696da011ec280a80f0052fb00000000000000f60f06ef00f0011504c8004502f60106b50000b600004231881800004300000f000003f10000a6cdc70000000010015087f10000000182c62696d0001ec280a80f0052fb00000000000000000e05ef00f0011504c800450206b50000b600004231871800004300000f000003f10000a6cdc70000000010015087f10000000182c6266fc0001ec288030f00558500070115050000f00e05ef00f0011504c800450106b50011b6001042318b1800004300000f000003f10000a6cdc70000000010015087f10000000182c6266bd8001ec296450f00572500070060050000000e05ef00f0001504c800450106b50011b6001042318b1800004300000f000003f10000a6cdc70000000010015087f10000000182c6247fa8001ec296450f00572500060060050000f00e05ef00f0001505c800450106b50011b600104231b71800004300000f000003f10000a6cdc70000000010015087f10000000182c6245c80001ec296450f00572500060060050000000e05ef00f0011505c800450106b50011b600104231b71800004300000f000003f10000a6cdc70000000010015087f10000000182c6243570001ec2928f0f00566e00000000000000000e05ef00f0011505c800450206b50000b600004231b71800004300000f000003f10000a6cdc70000000010015087f10000000182c6240e60001ec2928f0f00566e00070085040000000e05ef00f0011504c800450106b50011b600104231b71800004300000f000003f10000a6cdc70000000010015087f10000000182c623e750001ec291630f0056d200070096040000000e05ef00f0011504c800450106b50011b600104231b71800004300000f000003f10000a6cdc70000000010015087f10000000182c623c040001ec28ce50f00553100000000000000000e05ef00f0011504c800450206b50000b600004231b61800004300000f000003f10000a6cdc70000000010015087f10000000182c6239930001ec28ce50f00553100050123040000000e05ef00f0011504c800450106b50015b6001442319f1800004300000f000003f10000a6cdc70000000010015087f10000000182c6237220001ec28ce50f00553100050123060000f00e05ef00f0011504c800450106b50007b600064231891800004300000f000003f10000a6cdc70000000010015087f10000000182c6230c90001ec28dce0f00566e000500ca050000000e05ef00f0001504c800450106b5000cb6000b42318b1800004300000f000003f10000a6cdc70000000010015087f10000000182c6204d70011ec2875c0f005243fffc0000060000f60f06ef00f0001504c8004501f60106b50007b6000642318b1800004300000f000003f10000a6cdc70000000010015087f10011000002f5
INFO:root:gps_data,imei=860147042635654 raw_data="00000000000004e0081100000182c664a588001ec2970d0f005297fff500000a0000000e05ef00f0001504c800450106b50005b600044231991800004300000f000003f10000a6cdc70000000010015088860000000182c626e4f0001ec285260f004de700070103040000000e05ef00f0011504c800450106b50009b600084231b51800004300000f000003f10000a6cdc70000000010015087f10000000182c626bde0001ec280a80f0052fb00000000000000000e05ef00f0011504c800450206b50000b600004231a21800004300000f000003f10000a6cdc70000000010015087f10000000182c62696da011ec280a80f0052fb00000000000000f60f06ef00f0011504c8004502f60106b50000b600004231881800004300000f000003f10000a6cdc70000000010015087f10000000182c62696d0001ec280a80f0052fb00000000000000000e05ef00f0011504c800450206b50000b600004231871800004300000f000003f10000a6cdc70000000010015087f10000000182c6266fc0001ec288030f00558500070115050000f00e05ef00f0011504c800450106b50011b6001042318b1800004300000f000003f10000a6cdc70000000010015087f10000000182c6266bd8001ec296450f00572500070060050000000e05ef00f0001504c800450106b50011b6001042318b1800004300000f000003f10000a6cdc70000000010015087f10000000182c6247fa8001ec296450f00572500060060050000f00e05ef00f0001505c800450106b50011b600104231b71800004300000f000003f10000a6cdc70000000010015087f10000000182c6245c80001ec296450f00572500060060050000000e05ef00f0011505c800450106b50011b600104231b71800004300000f000003f10000a6cdc70000000010015087f10000000182c6243570001ec2928f0f00566e00000000000000000e05ef00f0011505c800450206b50000b600004231b71800004300000f000003f10000a6cdc70000000010015087f10000000182c6240e60001ec2928f0f00566e00070085040000000e05ef00f0011504c800450106b50011b600104231b71800004300000f000003f10000a6cdc70000000010015087f10000000182c623e750001ec291630f0056d200070096040000000e05ef00f0011504c800450106b50011b600104231b71800004300000f000003f10000a6cdc70000000010015087f10000000182c623c040001ec28ce50f00553100000000000000000e05ef00f0011504c800450206b50000b600004231b61800004300000f000003f10000a6cdc70000000010015087f10000000182c6239930001ec28ce50f00553100050123040000000e05ef00f0011504c800450106b50015b6001442319f1800004300000f000003f10000a6cdc70000000010015087f10000000182c6237220001ec28ce50f00553100050123060000f00e05ef00f0011504c800450106b50007b600064231891800004300000f000003f10000a6cdc70000000010015087f10000000182c6230c90001ec28dce0f00566e000500ca050000000e05ef00f0001504c800450106b5000cb6000b42318b1800004300000f000003f10000a6cdc70000000010015087f10000000182c6204d70011ec2875c0f005243fffc0000060000f60f06ef00f0001504c8004501f60106b50007b6000642318b1800004300000f000003f10000a6cdc70000000010015087f10011000002f5"1661185869443124682
INFO:root:Lock acquired by860147042635654
>>> Request: 'POST http://172.21.0.2:8086/api/v2/write?org=qeeri&bucket=gps&precision=ns'
DEBUG:influxdb_client.client.http:>>> Request: 'POST http://172.21.0.2:8086/api/v2/write?org=qeeri&bucket=gps&precision=ns'
>>> Content-Encoding: identity
DEBUG:influxdb_client.client.http:>>> Content-Encoding: identity
>>> Content-Type: text/plain
DEBUG:influxdb_client.client.http:>>> Content-Type: text/plain
>>> Accept: application/json
DEBUG:influxdb_client.client.http:>>> Accept: application/json
>>> Authorization: ***
DEBUG:influxdb_client.client.http:>>> Authorization: ***
>>> User-Agent: influxdb-client-python/1.31.0
DEBUG:influxdb_client.client.http:>>> User-Agent: influxdb-client-python/1.31.0
>>> Body: b'gps_data,imei=860147042635654 raw_data="00000000000004e0081100000182c664a588001ec2970d0f005297fff500000a0000000e05ef00f0001504c800450106b50005b600044231991800004300000f000003f10000a6cdc70000000010015088860000000182c626e4f0001ec285260f004de700070103040000000e05ef00f0011504c800450106b50009b600084231b51800004300000f000003f10000a6cdc70000000010015087f10000000182c626bde0001ec280a80f0052fb00000000000000000e05ef00f0011504c800450206b50000b600004231a21800004300000f000003f10000a6cdc70000000010015087f10000000182c62696da011ec280a80f0052fb00000000000000f60f06ef00f0011504c8004502f60106b50000b600004231881800004300000f000003f10000a6cdc70000000010015087f10000000182c62696d0001ec280a80f0052fb00000000000000000e05ef00f0011504c800450206b50000b600004231871800004300000f000003f10000a6cdc70000000010015087f10000000182c6266fc0001ec288030f00558500070115050000f00e05ef00f0011504c800450106b50011b6001042318b1800004300000f000003f10000a6cdc70000000010015087f10000000182c6266bd8001ec296450f00572500070060050000000e05ef00f0001504c800450106b50011b6001042318b1800004300000f000003f10000a6cdc70000000010015087f10000000182c6247fa8001ec296450f00572500060060050000f00e05ef00f0001505c800450106b50011b600104231b71800004300000f000003f10000a6cdc70000000010015087f10000000182c6245c80001ec296450f00572500060060050000000e05ef00f0011505c800450106b50011b600104231b71800004300000f000003f10000a6cdc70000000010015087f10000000182c6243570001ec2928f0f00566e00000000000000000e05ef00f0011505c800450206b50000b600004231b71800004300000f000003f10000a6cdc70000000010015087f10000000182c6240e60001ec2928f0f00566e00070085040000000e05ef00f0011504c800450106b50011b600104231b71800004300000f000003f10000a6cdc70000000010015087f10000000182c623e750001ec291630f0056d200070096040000000e05ef00f0011504c800450106b50011b600104231b71800004300000f000003f10000a6cdc70000000010015087f10000000182c623c040001ec28ce50f00553100000000000000000e05ef00f0011504c800450206b50000b600004231b61800004300000f000003f10000a6cdc70000000010015087f10000000182c6239930001ec28ce50f00553100050123040000000e05ef00f0011504c800450106b50015b6001442319f1800004300000f000003f10000a6cdc70000000010015087f10000000182c6237220001ec28ce50f00553100050123060000f00e05ef00f0011504c800450106b50007b600064231891800004300000f000003f10000a6cdc70000000010015087f10000000182c6230c90001ec28dce0f00566e000500ca050000000e05ef00f0001504c800450106b5000cb6000b42318b1800004300000f000003f10000a6cdc70000000010015087f10000000182c6204d70011ec2875c0f005243fffc0000060000f60f06ef00f0001504c8004501f60106b50007b6000642318b1800004300000f000003f10000a6cdc70000000010015087f10011000002f5"1661185869443124682'
DEBUG:influxdb_client.client.http:>>> Body: b'gps_data,imei=860147042635654 raw_data="00000000000004e0081100000182c664a588001ec2970d0f005297fff500000a0000000e05ef00f0001504c800450106b50005b600044231991800004300000f000003f10000a6cdc70000000010015088860000000182c626e4f0001ec285260f004de700070103040000000e05ef00f0011504c800450106b50009b600084231b51800004300000f000003f10000a6cdc70000000010015087f10000000182c626bde0001ec280a80f0052fb00000000000000000e05ef00f0011504c800450206b50000b600004231a21800004300000f000003f10000a6cdc70000000010015087f10000000182c62696da011ec280a80f0052fb00000000000000f60f06ef00f0011504c8004502f60106b50000b600004231881800004300000f000003f10000a6cdc70000000010015087f10000000182c62696d0001ec280a80f0052fb00000000000000000e05ef00f0011504c800450206b50000b600004231871800004300000f000003f10000a6cdc70000000010015087f10000000182c6266fc0001ec288030f00558500070115050000f00e05ef00f0011504c800450106b50011b6001042318b1800004300000f000003f10000a6cdc70000000010015087f10000000182c6266bd8001ec296450f00572500070060050000000e05ef00f0001504c800450106b50011b6001042318b1800004300000f000003f10000a6cdc70000000010015087f10000000182c6247fa8001ec296450f00572500060060050000f00e05ef00f0001505c800450106b50011b600104231b71800004300000f000003f10000a6cdc70000000010015087f10000000182c6245c80001ec296450f00572500060060050000000e05ef00f0011505c800450106b50011b600104231b71800004300000f000003f10000a6cdc70000000010015087f10000000182c6243570001ec2928f0f00566e00000000000000000e05ef00f0011505c800450206b50000b600004231b71800004300000f000003f10000a6cdc70000000010015087f10000000182c6240e60001ec2928f0f00566e00070085040000000e05ef00f0011504c800450106b50011b600104231b71800004300000f000003f10000a6cdc70000000010015087f10000000182c623e750001ec291630f0056d200070096040000000e05ef00f0011504c800450106b50011b600104231b71800004300000f000003f10000a6cdc70000000010015087f10000000182c623c040001ec28ce50f00553100000000000000000e05ef00f0011504c800450206b50000b600004231b61800004300000f000003f10000a6cdc70000000010015087f10000000182c6239930001ec28ce50f00553100050123040000000e05ef00f0011504c800450106b50015b6001442319f1800004300000f000003f10000a6cdc70000000010015087f10000000182c6237220001ec28ce50f00553100050123060000f00e05ef00f0011504c800450106b50007b600064231891800004300000f000003f10000a6cdc70000000010015087f10000000182c6230c90001ec28dce0f00566e000500ca050000000e05ef00f0001504c800450106b5000cb6000b42318b1800004300000f000003f10000a6cdc70000000010015087f10000000182c6204d70011ec2875c0f005243fffc0000060000f60f06ef00f0001504c8004501f60106b50007b6000642318b1800004300000f000003f10000a6cdc70000000010015087f10011000002f5"1661185869443124682'
DEBUG:urllib3.util.retry:Converted retries value: False -> Retry(total=False, connect=None, read=None, redirect=0, status=None)
DEBUG:urllib3.connectionpool:http://172.21.0.2:8086 "POST /api/v2/write?org=qeeri&bucket=gps&precision=ns HTTP/1.1" 204 0
<<< Response: 204
DEBUG:influxdb_client.client.http:<<< Response: 204
<<< Date: Mon, 22 Aug 2022 16:31:09 GMT
DEBUG:influxdb_client.client.http:<<< Date: Mon, 22 Aug 2022 16:31:09 GMT
<<< Body: 
DEBUG:influxdb_client.client.http:<<< Body: 
INFO:root:Lock released by860147042635654
hello
INFO:root:[ACTIVE CONNECTIONS] 2
INFO:root:2022-08-22 16:31:10.731942
INFO:root:length of packet 1226
INFO:root:00000000000004bd080e00000182c5ecb668001ea574540f18802c000f01150c001e002213ef00f0011505c80045011e001f2f205d2103235a25162624273e29002e0e2ff730443262352b0cb50005b6000342384018001e4300000f00002406c62a00512b000031095733363a34003403f10000a6cdc700000000100110e3150000000182c5ec8f58001ea588820f187d70000d010c0e000a002213ef00f0011505c80045011e001f2c205b210d232d250a260d273f29002e002f0030443262352c0cb50004b6000342381618000a4300000f00002403332a00442b000031095733368734001e03f10000a6cdc700000000100110e2de0000000182c5ec6848001ea593d60f187d0c000e00e10e000a002213ef00f0011505c80045011e001f21205a21fd232c250c2605273f29002e002f0030443262352d0cb50004b6000342381b18000a4300000f00002403302a003c2b000031095733365834002003f10000a6cdc700000000100110e2c20000000182c5ec4138001ea59d040f188c48000f00d00e0020002213ef00f0011505c80045011e001f26205821022348251b2623273e29002e042feb30443262352e0cb50006b600034237d41800204300000f00002407c22a00342b00003109573336b534001203f10000a6cdc700000000100110e2900000000182c5ec1a28001ea5aedb0f1895c9000c01370b0010000e05ef00f0011505c800450106b50008b600044238081800104300000f000003f10000a6cdc700000000100110e2510000000182c5ebf318001ea5ad5c0f188939000d00190c000f000e05ef00f0011505c800450106b50007b6000442377618000f4300000f000003f10000a6cdc700000000100110e2240000000182c5ebcc08001ea5b0f00f18807f000d00360d0000000e05ef00f0011505c800450106b50005b600034236bd1800004300000f000003f10000a6cdc700000000100110e2070000000182c5eba4f8001ea5aeca0f187d2e000e00bf0c0000000e05ef00f0011505c800450106b50005b600034237441800004300000f000003f10000a6cdc700000000100110e2070000000182c5eb7de8001ea5aeca0f187d2e000e00bf0c0000000e05ef00f0011505c800450106b50005b600034236101800004300000f000003f10000a6cdc700000000100110e2070000000182c5eb56d8001ea5aeca0f187d2e000e00bf0c0000f00e05ef00f0011505c800450106b50005b6000342323a1800004300000f000003f10000a6cdc700000000100110e2070000000182c5eb33b0011ea5aeca0f187d2e000e00bf0d0000f60f06ef00f0001505c8004501f60106b50005b600034232771800004300000f000003f10000a6cdc700000000100110e2070000000182c5eaf530001ea5aeca0f187d2e000e00bf0d0000000e05ef00f0001505c800450106b50005b6000342331c1800004300000f000003f10000a6cdc700000000100110e2070000000182c5e83610001ea5aeca0f187d2e000e00bf0c0000000e05ef00f0001505c800450106b50005b600034233381800004300000f000003f10000a6cdc700000000100110e2070000000182c5e576f0011ea5aeca0f187d2e000e00bf0e0000f60f06ef00f0001505c8004501f60106b50005b600034233141800004300000f000003f10000a6cdc700000000100110e207000e00001b8b
INFO:root:gps_data,imei=860147042649242 raw_data="00000000000004bd080e00000182c5ecb668001ea574540f18802c000f01150c001e002213ef00f0011505c80045011e001f2f205d2103235a25162624273e29002e0e2ff730443262352b0cb50005b6000342384018001e4300000f00002406c62a00512b000031095733363a34003403f10000a6cdc700000000100110e3150000000182c5ec8f58001ea588820f187d70000d010c0e000a002213ef00f0011505c80045011e001f2c205b210d232d250a260d273f29002e002f0030443262352c0cb50004b6000342381618000a4300000f00002403332a00442b000031095733368734001e03f10000a6cdc700000000100110e2de0000000182c5ec6848001ea593d60f187d0c000e00e10e000a002213ef00f0011505c80045011e001f21205a21fd232c250c2605273f29002e002f0030443262352d0cb50004b6000342381b18000a4300000f00002403302a003c2b000031095733365834002003f10000a6cdc700000000100110e2c20000000182c5ec4138001ea59d040f188c48000f00d00e0020002213ef00f0011505c80045011e001f26205821022348251b2623273e29002e042feb30443262352e0cb50006b600034237d41800204300000f00002407c22a00342b00003109573336b534001203f10000a6cdc700000000100110e2900000000182c5ec1a28001ea5aedb0f1895c9000c01370b0010000e05ef00f0011505c800450106b50008b600044238081800104300000f000003f10000a6cdc700000000100110e2510000000182c5ebf318001ea5ad5c0f188939000d00190c000f000e05ef00f0011505c800450106b50007b6000442377618000f4300000f000003f10000a6cdc700000000100110e2240000000182c5ebcc08001ea5b0f00f18807f000d00360d0000000e05ef00f0011505c800450106b50005b600034236bd1800004300000f000003f10000a6cdc700000000100110e2070000000182c5eba4f8001ea5aeca0f187d2e000e00bf0c0000000e05ef00f0011505c800450106b50005b600034237441800004300000f000003f10000a6cdc700000000100110e2070000000182c5eb7de8001ea5aeca0f187d2e000e00bf0c0000000e05ef00f0011505c800450106b50005b600034236101800004300000f000003f10000a6cdc700000000100110e2070000000182c5eb56d8001ea5aeca0f187d2e000e00bf0c0000f00e05ef00f0011505c800450106b50005b6000342323a1800004300000f000003f10000a6cdc700000000100110e2070000000182c5eb33b0011ea5aeca0f187d2e000e00bf0d0000f60f06ef00f0001505c8004501f60106b50005b600034232771800004300000f000003f10000a6cdc700000000100110e2070000000182c5eaf530001ea5aeca0f187d2e000e00bf0d0000000e05ef00f0001505c800450106b50005b6000342331c1800004300000f000003f10000a6cdc700000000100110e2070000000182c5e83610001ea5aeca0f187d2e000e00bf0c0000000e05ef00f0001505c800450106b50005b600034233381800004300000f000003f10000a6cdc700000000100110e2070000000182c5e576f0011ea5aeca0f187d2e000e00bf0e0000f60f06ef00f0001505c8004501f60106b50005b600034233141800004300000f000003f10000a6cdc700000000100110e207000e00001b8b"1661185870768265253
INFO:root:Lock acquired by860147042649242
>>> Request: 'POST http://172.21.0.2:8086/api/v2/write?org=qeeri&bucket=gps&precision=ns'
DEBUG:influxdb_client.client.http:>>> Request: 'POST http://172.21.0.2:8086/api/v2/write?org=qeeri&bucket=gps&precision=ns'
>>> Content-Encoding: identity
DEBUG:influxdb_client.client.http:>>> Content-Encoding: identity
>>> Content-Type: text/plain
DEBUG:influxdb_client.client.http:>>> Content-Type: text/plain
>>> Accept: application/json
DEBUG:influxdb_client.client.http:>>> Accept: application/json
>>> Authorization: ***
DEBUG:influxdb_client.client.http:>>> Authorization: ***
>>> User-Agent: influxdb-client-python/1.31.0
DEBUG:influxdb_client.client.http:>>> User-Agent: influxdb-client-python/1.31.0
>>> Body: b'gps_data,imei=860147042649242 raw_data="00000000000004bd080e00000182c5ecb668001ea574540f18802c000f01150c001e002213ef00f0011505c80045011e001f2f205d2103235a25162624273e29002e0e2ff730443262352b0cb50005b6000342384018001e4300000f00002406c62a00512b000031095733363a34003403f10000a6cdc700000000100110e3150000000182c5ec8f58001ea588820f187d70000d010c0e000a002213ef00f0011505c80045011e001f2c205b210d232d250a260d273f29002e002f0030443262352c0cb50004b6000342381618000a4300000f00002403332a00442b000031095733368734001e03f10000a6cdc700000000100110e2de0000000182c5ec6848001ea593d60f187d0c000e00e10e000a002213ef00f0011505c80045011e001f21205a21fd232c250c2605273f29002e002f0030443262352d0cb50004b6000342381b18000a4300000f00002403302a003c2b000031095733365834002003f10000a6cdc700000000100110e2c20000000182c5ec4138001ea59d040f188c48000f00d00e0020002213ef00f0011505c80045011e001f26205821022348251b2623273e29002e042feb30443262352e0cb50006b600034237d41800204300000f00002407c22a00342b00003109573336b534001203f10000a6cdc700000000100110e2900000000182c5ec1a28001ea5aedb0f1895c9000c01370b0010000e05ef00f0011505c800450106b50008b600044238081800104300000f000003f10000a6cdc700000000100110e2510000000182c5ebf318001ea5ad5c0f188939000d00190c000f000e05ef00f0011505c800450106b50007b6000442377618000f4300000f000003f10000a6cdc700000000100110e2240000000182c5ebcc08001ea5b0f00f18807f000d00360d0000000e05ef00f0011505c800450106b50005b600034236bd1800004300000f000003f10000a6cdc700000000100110e2070000000182c5eba4f8001ea5aeca0f187d2e000e00bf0c0000000e05ef00f0011505c800450106b50005b600034237441800004300000f000003f10000a6cdc700000000100110e2070000000182c5eb7de8001ea5aeca0f187d2e000e00bf0c0000000e05ef00f0011505c800450106b50005b600034236101800004300000f000003f10000a6cdc700000000100110e2070000000182c5eb56d8001ea5aeca0f187d2e000e00bf0c0000f00e05ef00f0011505c800450106b50005b6000342323a1800004300000f000003f10000a6cdc700000000100110e2070000000182c5eb33b0011ea5aeca0f187d2e000e00bf0d0000f60f06ef00f0001505c8004501f60106b50005b600034232771800004300000f000003f10000a6cdc700000000100110e2070000000182c5eaf530001ea5aeca0f187d2e000e00bf0d0000000e05ef00f0001505c800450106b50005b6000342331c1800004300000f000003f10000a6cdc700000000100110e2070000000182c5e83610001ea5aeca0f187d2e000e00bf0c0000000e05ef00f0001505c800450106b50005b600034233381800004300000f000003f10000a6cdc700000000100110e2070000000182c5e576f0011ea5aeca0f187d2e000e00bf0e0000f60f06ef00f0001505c8004501f60106b50005b600034233141800004300000f000003f10000a6cdc700000000100110e207000e00001b8b"1661185870768265253'
DEBUG:influxdb_client.client.http:>>> Body: b'gps_data,imei=860147042649242 raw_data="00000000000004bd080e00000182c5ecb668001ea574540f18802c000f01150c001e002213ef00f0011505c80045011e001f2f205d2103235a25162624273e29002e0e2ff730443262352b0cb50005b6000342384018001e4300000f00002406c62a00512b000031095733363a34003403f10000a6cdc700000000100110e3150000000182c5ec8f58001ea588820f187d70000d010c0e000a002213ef00f0011505c80045011e001f2c205b210d232d250a260d273f29002e002f0030443262352c0cb50004b6000342381618000a4300000f00002403332a00442b000031095733368734001e03f10000a6cdc700000000100110e2de0000000182c5ec6848001ea593d60f187d0c000e00e10e000a002213ef00f0011505c80045011e001f21205a21fd232c250c2605273f29002e002f0030443262352d0cb50004b6000342381b18000a4300000f00002403302a003c2b000031095733365834002003f10000a6cdc700000000100110e2c20000000182c5ec4138001ea59d040f188c48000f00d00e0020002213ef00f0011505c80045011e001f26205821022348251b2623273e29002e042feb30443262352e0cb50006b600034237d41800204300000f00002407c22a00342b00003109573336b534001203f10000a6cdc700000000100110e2900000000182c5ec1a28001ea5aedb0f1895c9000c01370b0010000e05ef00f0011505c800450106b50008b600044238081800104300000f000003f10000a6cdc700000000100110e2510000000182c5ebf318001ea5ad5c0f188939000d00190c000f000e05ef00f0011505c800450106b50007b6000442377618000f4300000f000003f10000a6cdc700000000100110e2240000000182c5ebcc08001ea5b0f00f18807f000d00360d0000000e05ef00f0011505c800450106b50005b600034236bd1800004300000f000003f10000a6cdc700000000100110e2070000000182c5eba4f8001ea5aeca0f187d2e000e00bf0c0000000e05ef00f0011505c800450106b50005b600034237441800004300000f000003f10000a6cdc700000000100110e2070000000182c5eb7de8001ea5aeca0f187d2e000e00bf0c0000000e05ef00f0011505c800450106b50005b600034236101800004300000f000003f10000a6cdc700000000100110e2070000000182c5eb56d8001ea5aeca0f187d2e000e00bf0c0000f00e05ef00f0011505c800450106b50005b6000342323a1800004300000f000003f10000a6cdc700000000100110e2070000000182c5eb33b0011ea5aeca0f187d2e000e00bf0d0000f60f06ef00f0001505c8004501f60106b50005b600034232771800004300000f000003f10000a6cdc700000000100110e2070000000182c5eaf530001ea5aeca0f187d2e000e00bf0d0000000e05ef00f0001505c800450106b50005b6000342331c1800004300000f000003f10000a6cdc700000000100110e2070000000182c5e83610001ea5aeca0f187d2e000e00bf0c0000000e05ef00f0001505c800450106b50005b600034233381800004300000f000003f10000a6cdc700000000100110e2070000000182c5e576f0011ea5aeca0f187d2e000e00bf0e0000f60f06ef00f0001505c8004501f60106b50005b600034233141800004300000f000003f10000a6cdc700000000100110e207000e00001b8b"1661185870768265253'
DEBUG:urllib3.util.retry:Converted retries value: False -> Retry(total=False, connect=None, read=None, redirect=0, status=None)
INFO:root:the length of handshake message is 17
this is the imei  860147042636678
hello
DEBUG:urllib3.connectionpool:http://172.21.0.2:8086 "POST /api/v2/write?org=qeeri&bucket=gps&precision=ns HTTP/1.1" 204 0
<<< Response: 204
DEBUG:influxdb_client.client.http:<<< Response: 204
<<< Date: Mon, 22 Aug 2022 16:31:10 GMT
DEBUG:influxdb_client.client.http:<<< Date: Mon, 22 Aug 2022 16:31:10 GMT
<<< Body: 
DEBUG:influxdb_client.client.http:<<< Body: 
INFO:root:Lock released by860147042649242
hello
INFO:root:[ACTIVE CONNECTIONS] 2
INFO:root:2022-08-22 16:31:11.457170
INFO:root:the length of handshake message is 17
this is the imei  860147042626570
hello
INFO:root:length of packet 1257
INFO:root:00000000000004dc081100000182c647f5c8001ea7a9a00f1489c90008011a0b0063000e05ef00f0011503c800450106b50005b600044234141800634300000f000003f10000a6cdc70000000010022593180000000182c647ceb8001ea810f20f146fbe000c011c0d0062000e05ef00f0011503c800450106b50005b600034234221800624300000f000003f10000a6cdc70000000010022592040000000182c647a7a8001ea875030f1457540008011a0e005d000e05ef00f0011503c800450106b50004b6000342342018005d4300000f000003f10000a6cdc70000000010022590f90000000182c6478098001ea8d1440f144667000a01180e0054000e05ef00f0011504c800450106b50004b600034234221800544300000f000003f10000a6cdc70000000010022590070000000182c6475988001ea924780f143e54000901130d0044000e05ef00f0011504c800450106b50005b600034234251800444300000f000003f10000a6cdc7000000001002258f300000000182c6473278001ea962e70f143695000701150c003f000e05ef00f0011504c800450106b50005b6000342342a1800404300000f000003f10000a6cdc7000000001002258e7b0000000182c6470b68001ea9ad300f142aee000a011a0d0046000e05ef00f0011504c800450106b50005b6000342342c1800464300000f000003f10000a6cdc7000000001002258dcb0000000182c646e458001ea9f31b0f141a220007011d0e0035000e05ef00f0011504c800450106b50005b600034234281800354300000f000003f10000a6cdc7000000001002258d110000000182c646bd48001eaa1ad20f141456000d00f30e0018000e05ef00f0011504c800450106b50004b600034234321800184300000f000003f10000a6cdc7000000001002258ca70000000182c6469638001eaa27630f1426d4000d00d00d0012000e05ef00f0011504c800450106b50005b6000342341f1800124300000f000003f10000a6cdc7000000001002258c680000000182c6466f28001eaa2a940f142c8e000b00d10b0011000e05ef00f0011504c800450106b50005b600044233fa1800114300000f000003f10000a6cdc7000000001002258c560000000182c6464818001eaa3ef40f144c32000600d40d0039000e05ef00f0011504c800450106b50005b600034233e61800394300000f000003f10000a6cdc7000000001002258bed0000000182c6462108001eaa6ab40f147bca000400e20d0041000e05ef00f0011503c800450106b50005b6000342342e1800414300000f000003f10000a6cdc7000000001002258b3c0000000182c645f9f8001eaa9eb90f14a092000900ed0f003b000e05ef00f0011503c800450106b50004b6000342342518003b4300000f000003f10000a6cdc7000000001002258a910000000182c645d2e8001eaad8140f14b823000500fd0b003c000e05ef00f0011503c800450106b50008b6000442342918003c4300000f000003f10000a6cdc70000000010022589ee0000000182c645abd8001eab16620f14cad3000200f40b003c000e05ef00f0011503c800450106b50008b6000442341f18003c4300000f000003f10000a6cdc70000000010022589450000000182c64584c8001eab50320f14f9a2000100ea050034000e05ef00f0011503c800450106b50007b600064234251800344300000f000003f10000a6cdc7000000001002258828001100001245
INFO:root:gps_data,imei=860147042636678 raw_data="00000000000004dc081100000182c647f5c8001ea7a9a00f1489c90008011a0b0063000e05ef00f0011503c800450106b50005b600044234141800634300000f000003f10000a6cdc70000000010022593180000000182c647ceb8001ea810f20f146fbe000c011c0d0062000e05ef00f0011503c800450106b50005b600034234221800624300000f000003f10000a6cdc70000000010022592040000000182c647a7a8001ea875030f1457540008011a0e005d000e05ef00f0011503c800450106b50004b6000342342018005d4300000f000003f10000a6cdc70000000010022590f90000000182c6478098001ea8d1440f144667000a01180e0054000e05ef00f0011504c800450106b50004b600034234221800544300000f000003f10000a6cdc70000000010022590070000000182c6475988001ea924780f143e54000901130d0044000e05ef00f0011504c800450106b50005b600034234251800444300000f000003f10000a6cdc7000000001002258f300000000182c6473278001ea962e70f143695000701150c003f000e05ef00f0011504c800450106b50005b6000342342a1800404300000f000003f10000a6cdc7000000001002258e7b0000000182c6470b68001ea9ad300f142aee000a011a0d0046000e05ef00f0011504c800450106b50005b6000342342c1800464300000f000003f10000a6cdc7000000001002258dcb0000000182c646e458001ea9f31b0f141a220007011d0e0035000e05ef00f0011504c800450106b50005b600034234281800354300000f000003f10000a6cdc7000000001002258d110000000182c646bd48001eaa1ad20f141456000d00f30e0018000e05ef00f0011504c800450106b50004b600034234321800184300000f000003f10000a6cdc7000000001002258ca70000000182c6469638001eaa27630f1426d4000d00d00d0012000e05ef00f0011504c800450106b50005b6000342341f1800124300000f000003f10000a6cdc7000000001002258c680000000182c6466f28001eaa2a940f142c8e000b00d10b0011000e05ef00f0011504c800450106b50005b600044233fa1800114300000f000003f10000a6cdc7000000001002258c560000000182c6464818001eaa3ef40f144c32000600d40d0039000e05ef00f0011504c800450106b50005b600034233e61800394300000f000003f10000a6cdc7000000001002258bed0000000182c6462108001eaa6ab40f147bca000400e20d0041000e05ef00f0011503c800450106b50005b6000342342e1800414300000f000003f10000a6cdc7000000001002258b3c0000000182c645f9f8001eaa9eb90f14a092000900ed0f003b000e05ef00f0011503c800450106b50004b6000342342518003b4300000f000003f10000a6cdc7000000001002258a910000000182c645d2e8001eaad8140f14b823000500fd0b003c000e05ef00f0011503c800450106b50008b6000442342918003c4300000f000003f10000a6cdc70000000010022589ee0000000182c645abd8001eab16620f14cad3000200f40b003c000e05ef00f0011503c800450106b50008b6000442341f18003c4300000f000003f10000a6cdc70000000010022589450000000182c64584c8001eab50320f14f9a2000100ea050034000e05ef00f0011503c800450106b50007b600064234251800344300000f000003f10000a6cdc7000000001002258828001100001245"1661185872545702051
INFO:root:Lock acquired by860147042636678
>>> Request: 'POST http://172.21.0.2:8086/api/v2/write?org=qeeri&bucket=gps&precision=ns'
DEBUG:influxdb_client.client.http:>>> Request: 'POST http://172.21.0.2:8086/api/v2/write?org=qeeri&bucket=gps&precision=ns'
>>> Content-Encoding: identity
DEBUG:influxdb_client.client.http:>>> Content-Encoding: identity
>>> Content-Type: text/plain
DEBUG:influxdb_client.client.http:>>> Content-Type: text/plain
>>> Accept: application/json
DEBUG:influxdb_client.client.http:>>> Accept: application/json
>>> Authorization: ***
DEBUG:influxdb_client.client.http:>>> Authorization: ***
>>> User-Agent: influxdb-client-python/1.31.0
DEBUG:influxdb_client.client.http:>>> User-Agent: influxdb-client-python/1.31.0
>>> Body: b'gps_data,imei=860147042636678 raw_data="00000000000004dc081100000182c647f5c8001ea7a9a00f1489c90008011a0b0063000e05ef00f0011503c800450106b50005b600044234141800634300000f000003f10000a6cdc70000000010022593180000000182c647ceb8001ea810f20f146fbe000c011c0d0062000e05ef00f0011503c800450106b50005b600034234221800624300000f000003f10000a6cdc70000000010022592040000000182c647a7a8001ea875030f1457540008011a0e005d000e05ef00f0011503c800450106b50004b6000342342018005d4300000f000003f10000a6cdc70000000010022590f90000000182c6478098001ea8d1440f144667000a01180e0054000e05ef00f0011504c800450106b50004b600034234221800544300000f000003f10000a6cdc70000000010022590070000000182c6475988001ea924780f143e54000901130d0044000e05ef00f0011504c800450106b50005b600034234251800444300000f000003f10000a6cdc7000000001002258f300000000182c6473278001ea962e70f143695000701150c003f000e05ef00f0011504c800450106b50005b6000342342a1800404300000f000003f10000a6cdc7000000001002258e7b0000000182c6470b68001ea9ad300f142aee000a011a0d0046000e05ef00f0011504c800450106b50005b6000342342c1800464300000f000003f10000a6cdc7000000001002258dcb0000000182c646e458001ea9f31b0f141a220007011d0e0035000e05ef00f0011504c800450106b50005b600034234281800354300000f000003f10000a6cdc7000000001002258d110000000182c646bd48001eaa1ad20f141456000d00f30e0018000e05ef00f0011504c800450106b50004b600034234321800184300000f000003f10000a6cdc7000000001002258ca70000000182c6469638001eaa27630f1426d4000d00d00d0012000e05ef00f0011504c800450106b50005b6000342341f1800124300000f000003f10000a6cdc7000000001002258c680000000182c6466f28001eaa2a940f142c8e000b00d10b0011000e05ef00f0011504c800450106b50005b600044233fa1800114300000f000003f10000a6cdc7000000001002258c560000000182c6464818001eaa3ef40f144c32000600d40d0039000e05ef00f0011504c800450106b50005b600034233e61800394300000f000003f10000a6cdc7000000001002258bed0000000182c6462108001eaa6ab40f147bca000400e20d0041000e05ef00f0011503c800450106b50005b6000342342e1800414300000f000003f10000a6cdc7000000001002258b3c0000000182c645f9f8001eaa9eb90f14a092000900ed0f003b000e05ef00f0011503c800450106b50004b6000342342518003b4300000f000003f10000a6cdc7000000001002258a910000000182c645d2e8001eaad8140f14b823000500fd0b003c000e05ef00f0011503c800450106b50008b6000442342918003c4300000f000003f10000a6cdc70000000010022589ee0000000182c645abd8001eab16620f14cad3000200f40b003c000e05ef00f0011503c800450106b50008b6000442341f18003c4300000f000003f10000a6cdc70000000010022589450000000182c64584c8001eab50320f14f9a2000100ea050034000e05ef00f0011503c800450106b50007b600064234251800344300000f000003f10000a6cdc7000000001002258828001100001245"1661185872545702051'
DEBUG:influxdb_client.client.http:>>> Body: b'gps_data,imei=860147042636678 raw_data="00000000000004dc081100000182c647f5c8001ea7a9a00f1489c90008011a0b0063000e05ef00f0011503c800450106b50005b600044234141800634300000f000003f10000a6cdc70000000010022593180000000182c647ceb8001ea810f20f146fbe000c011c0d0062000e05ef00f0011503c800450106b50005b600034234221800624300000f000003f10000a6cdc70000000010022592040000000182c647a7a8001ea875030f1457540008011a0e005d000e05ef00f0011503c800450106b50004b6000342342018005d4300000f000003f10000a6cdc70000000010022590f90000000182c6478098001ea8d1440f144667000a01180e0054000e05ef00f0011504c800450106b50004b600034234221800544300000f000003f10000a6cdc70000000010022590070000000182c6475988001ea924780f143e54000901130d0044000e05ef00f0011504c800450106b50005b600034234251800444300000f000003f10000a6cdc7000000001002258f300000000182c6473278001ea962e70f143695000701150c003f000e05ef00f0011504c800450106b50005b6000342342a1800404300000f000003f10000a6cdc7000000001002258e7b0000000182c6470b68001ea9ad300f142aee000a011a0d0046000e05ef00f0011504c800450106b50005b6000342342c1800464300000f000003f10000a6cdc7000000001002258dcb0000000182c646e458001ea9f31b0f141a220007011d0e0035000e05ef00f0011504c800450106b50005b600034234281800354300000f000003f10000a6cdc7000000001002258d110000000182c646bd48001eaa1ad20f141456000d00f30e0018000e05ef00f0011504c800450106b50004b600034234321800184300000f000003f10000a6cdc7000000001002258ca70000000182c6469638001eaa27630f1426d4000d00d00d0012000e05ef00f0011504c800450106b50005b6000342341f1800124300000f000003f10000a6cdc7000000001002258c680000000182c6466f28001eaa2a940f142c8e000b00d10b0011000e05ef00f0011504c800450106b50005b600044233fa1800114300000f000003f10000a6cdc7000000001002258c560000000182c6464818001eaa3ef40f144c32000600d40d0039000e05ef00f0011504c800450106b50005b600034233e61800394300000f000003f10000a6cdc7000000001002258bed0000000182c6462108001eaa6ab40f147bca000400e20d0041000e05ef00f0011503c800450106b50005b6000342342e1800414300000f000003f10000a6cdc7000000001002258b3c0000000182c645f9f8001eaa9eb90f14a092000900ed0f003b000e05ef00f0011503c800450106b50004b6000342342518003b4300000f000003f10000a6cdc7000000001002258a910000000182c645d2e8001eaad8140f14b823000500fd0b003c000e05ef00f0011503c800450106b50008b6000442342918003c4300000f000003f10000a6cdc70000000010022589ee0000000182c645abd8001eab16620f14cad3000200f40b003c000e05ef00f0011503c800450106b50008b6000442341f18003c4300000f000003f10000a6cdc70000000010022589450000000182c64584c8001eab50320f14f9a2000100ea050034000e05ef00f0011503c800450106b50007b600064234251800344300000f000003f10000a6cdc7000000001002258828001100001245"1661185872545702051'
DEBUG:urllib3.util.retry:Converted retries value: False -> Retry(total=False, connect=None, read=None, redirect=0, status=None)
DEBUG:urllib3.connectionpool:http://172.21.0.2:8086 "POST /api/v2/write?org=qeeri&bucket=gps&precision=ns HTTP/1.1" 204 0
<<< Response: 204
DEBUG:influxdb_client.client.http:<<< Response: 204
<<< Date: Mon, 22 Aug 2022 16:31:12 GMT
DEBUG:influxdb_client.client.http:<<< Date: Mon, 22 Aug 2022 16:31:12 GMT
<<< Body: 
DEBUG:influxdb_client.client.http:<<< Body: 
INFO:root:Lock released by860147042636678
INFO:root:length of packet 1196
INFO:root:000000000000049f080a00000182c6333160001eb34f980f11abdd000a000a0a000000200eef00f0011505c80045011e001f2d205a210025002609273a3264353a0fb50005b600034236651800004300000f00002402db2802e92a06712b000031396433335834001836000037618b03f10000a6cdc70000000010002fda4e0000000182c6330a50001eb34f550f11a6fc0009015a07001700200eef00f0011505c80045011e001f1a20592100251c260f273a3264353a0fb50009b600044236801800174300000f00002403792801ba2a06672b000031396433334534000c36000037618b03f10000a6cdc70000000010002fda410000000182c632e340001eb35c070f117c570008015908003600200eef00f0011505c80045011e001f21205921002537260f2739326435390fb50005b600044236971800364300000f000024045d2803322a065d2b000031396433335834001236000037618b03f10000a6cdc70000000010002fd9c30000000182c632bc30001eb36cf40f11499f0004015c09002200200eef00f0011504c80045011e001f5020592100251f2612273a3264353a0fb50009b600044236bc1800224300000f00002407972810722a06532b000031396433335834003936000037618b03f10000a6cdc70000000010002fd92c0000000182c632952a001eb35cdf0f1138b20002004c0a0009f0200eef00f0011504c80045011e001f3d205a21ff250a2619273a3264353a0fb50005b600034236b01800094300000f00002406902808e72a064a2b000031396433337f34002336000037618a03f10000a6cdc70000000010002fd8e50000000182c6329520001eb35cdf0f1138b20002004c0a000900200eef00f0001504c80045011e001f3d205a210025042613273a3264353a0fb50005b600034236af1800094300000f00002405822808452a06492b000031396433337f34002836000037618a03f10000a6cdc70000000010002fd8e50000000182c6316470001eb35e910f113870000500410a0000f0200eef00f0001504c80045011e001f27205b210025002606273a3264353a0fb50005b600034236561800004300000f00002402772802782a05fd2b000031396433334534001936000037618903f10000a6cdc70000000010002fd8e50000000182c6314530001eb35e910f1138700005004108000000200eef00f0011504c80045011e001f21205a21fb25002611273a3264353a0fb50005b6000442363f1800004300000f000024024528019f2a05f42b000031396433331d34001136000037618903f10000a6cdc70000000010002fd8e50000000182c6311e20001eb35e910f113870000500410a000000200eef00f0011504c80045011e001f2c205b2101250026072739326435390fb50005b6000342366f1800004300000f00002402ce2802d52a05ea2b000031396433335834001936000037618903f10000a6cdc70000000010002fd8e50000000182c630f710001eb35e910f1138700005004109000000200eef00f0011504c80045011e001f21205a21fd2500260e2739326435390fb50005b600044236481800004300000f000024023e2801972a05e12b000031396433333134001236000037618903f10000a6cdc70000000010002fd8e5000a000044af
INFO:root:gps_data,imei=860147042626570 raw_data="000000000000049f080a00000182c6333160001eb34f980f11abdd000a000a0a000000200eef00f0011505c80045011e001f2d205a210025002609273a3264353a0fb50005b600034236651800004300000f00002402db2802e92a06712b000031396433335834001836000037618b03f10000a6cdc70000000010002fda4e0000000182c6330a50001eb34f550f11a6fc0009015a07001700200eef00f0011505c80045011e001f1a20592100251c260f273a3264353a0fb50009b600044236801800174300000f00002403792801ba2a06672b000031396433334534000c36000037618b03f10000a6cdc70000000010002fda410000000182c632e340001eb35c070f117c570008015908003600200eef00f0011505c80045011e001f21205921002537260f2739326435390fb50005b600044236971800364300000f000024045d2803322a065d2b000031396433335834001236000037618b03f10000a6cdc70000000010002fd9c30000000182c632bc30001eb36cf40f11499f0004015c09002200200eef00f0011504c80045011e001f5020592100251f2612273a3264353a0fb50009b600044236bc1800224300000f00002407972810722a06532b000031396433335834003936000037618b03f10000a6cdc70000000010002fd92c0000000182c632952a001eb35cdf0f1138b20002004c0a0009f0200eef00f0011504c80045011e001f3d205a21ff250a2619273a3264353a0fb50005b600034236b01800094300000f00002406902808e72a064a2b000031396433337f34002336000037618a03f10000a6cdc70000000010002fd8e50000000182c6329520001eb35cdf0f1138b20002004c0a000900200eef00f0001504c80045011e001f3d205a210025042613273a3264353a0fb50005b600034236af1800094300000f00002405822808452a06492b000031396433337f34002836000037618a03f10000a6cdc70000000010002fd8e50000000182c6316470001eb35e910f113870000500410a0000f0200eef00f0001504c80045011e001f27205b210025002606273a3264353a0fb50005b600034236561800004300000f00002402772802782a05fd2b000031396433334534001936000037618903f10000a6cdc70000000010002fd8e50000000182c6314530001eb35e910f1138700005004108000000200eef00f0011504c80045011e001f21205a21fb25002611273a3264353a0fb50005b6000442363f1800004300000f000024024528019f2a05f42b000031396433331d34001136000037618903f10000a6cdc70000000010002fd8e50000000182c6311e20001eb35e910f113870000500410a000000200eef00f0011504c80045011e001f2c205b2101250026072739326435390fb50005b6000342366f1800004300000f00002402ce2802d52a05ea2b000031396433335834001936000037618903f10000a6cdc70000000010002fd8e50000000182c630f710001eb35e910f1138700005004109000000200eef00f0011504c80045011e001f21205a21fd2500260e2739326435390fb50005b600044236481800004300000f000024023e2801972a05e12b000031396433333134001236000037618903f10000a6cdc70000000010002fd8e5000a000044af"1661185873095346574
INFO:root:Lock acquired by860147042626570
>>> Request: 'POST http://172.21.0.2:8086/api/v2/write?org=qeeri&bucket=gps&precision=ns'
DEBUG:influxdb_client.client.http:>>> Request: 'POST http://172.21.0.2:8086/api/v2/write?org=qeeri&bucket=gps&precision=ns'
>>> Content-Encoding: identity
DEBUG:influxdb_client.client.http:>>> Content-Encoding: identity
>>> Content-Type: text/plain
DEBUG:influxdb_client.client.http:>>> Content-Type: text/plain
>>> Accept: application/json
DEBUG:influxdb_client.client.http:>>> Accept: application/json
>>> Authorization: ***
DEBUG:influxdb_client.client.http:>>> Authorization: ***
>>> User-Agent: influxdb-client-python/1.31.0
DEBUG:influxdb_client.client.http:>>> User-Agent: influxdb-client-python/1.31.0
>>> Body: b'gps_data,imei=860147042626570 raw_data="000000000000049f080a00000182c6333160001eb34f980f11abdd000a000a0a000000200eef00f0011505c80045011e001f2d205a210025002609273a3264353a0fb50005b600034236651800004300000f00002402db2802e92a06712b000031396433335834001836000037618b03f10000a6cdc70000000010002fda4e0000000182c6330a50001eb34f550f11a6fc0009015a07001700200eef00f0011505c80045011e001f1a20592100251c260f273a3264353a0fb50009b600044236801800174300000f00002403792801ba2a06672b000031396433334534000c36000037618b03f10000a6cdc70000000010002fda410000000182c632e340001eb35c070f117c570008015908003600200eef00f0011505c80045011e001f21205921002537260f2739326435390fb50005b600044236971800364300000f000024045d2803322a065d2b000031396433335834001236000037618b03f10000a6cdc70000000010002fd9c30000000182c632bc30001eb36cf40f11499f0004015c09002200200eef00f0011504c80045011e001f5020592100251f2612273a3264353a0fb50009b600044236bc1800224300000f00002407972810722a06532b000031396433335834003936000037618b03f10000a6cdc70000000010002fd92c0000000182c632952a001eb35cdf0f1138b20002004c0a0009f0200eef00f0011504c80045011e001f3d205a21ff250a2619273a3264353a0fb50005b600034236b01800094300000f00002406902808e72a064a2b000031396433337f34002336000037618a03f10000a6cdc70000000010002fd8e50000000182c6329520001eb35cdf0f1138b20002004c0a000900200eef00f0001504c80045011e001f3d205a210025042613273a3264353a0fb50005b600034236af1800094300000f00002405822808452a06492b000031396433337f34002836000037618a03f10000a6cdc70000000010002fd8e50000000182c6316470001eb35e910f113870000500410a0000f0200eef00f0001504c80045011e001f27205b210025002606273a3264353a0fb50005b600034236561800004300000f00002402772802782a05fd2b000031396433334534001936000037618903f10000a6cdc70000000010002fd8e50000000182c6314530001eb35e910f1138700005004108000000200eef00f0011504c80045011e001f21205a21fb25002611273a3264353a0fb50005b6000442363f1800004300000f000024024528019f2a05f42b000031396433331d34001136000037618903f10000a6cdc70000000010002fd8e50000000182c6311e20001eb35e910f113870000500410a000000200eef00f0011504c80045011e001f2c205b2101250026072739326435390fb50005b6000342366f1800004300000f00002402ce2802d52a05ea2b000031396433335834001936000037618903f10000a6cdc70000000010002fd8e50000000182c630f710001eb35e910f1138700005004109000000200eef00f0011504c80045011e001f21205a21fd2500260e2739326435390fb50005b600044236481800004300000f000024023e2801972a05e12b000031396433333134001236000037618903f10000a6cdc70000000010002fd8e5000a000044af"1661185873095346574'
DEBUG:influxdb_client.client.http:>>> Body: b'gps_data,imei=860147042626570 raw_data="000000000000049f080a00000182c6333160001eb34f980f11abdd000a000a0a000000200eef00f0011505c80045011e001f2d205a210025002609273a3264353a0fb50005b600034236651800004300000f00002402db2802e92a06712b000031396433335834001836000037618b03f10000a6cdc70000000010002fda4e0000000182c6330a50001eb34f550f11a6fc0009015a07001700200eef00f0011505c80045011e001f1a20592100251c260f273a3264353a0fb50009b600044236801800174300000f00002403792801ba2a06672b000031396433334534000c36000037618b03f10000a6cdc70000000010002fda410000000182c632e340001eb35c070f117c570008015908003600200eef00f0011505c80045011e001f21205921002537260f2739326435390fb50005b600044236971800364300000f000024045d2803322a065d2b000031396433335834001236000037618b03f10000a6cdc70000000010002fd9c30000000182c632bc30001eb36cf40f11499f0004015c09002200200eef00f0011504c80045011e001f5020592100251f2612273a3264353a0fb50009b600044236bc1800224300000f00002407972810722a06532b000031396433335834003936000037618b03f10000a6cdc70000000010002fd92c0000000182c632952a001eb35cdf0f1138b20002004c0a0009f0200eef00f0011504c80045011e001f3d205a21ff250a2619273a3264353a0fb50005b600034236b01800094300000f00002406902808e72a064a2b000031396433337f34002336000037618a03f10000a6cdc70000000010002fd8e50000000182c6329520001eb35cdf0f1138b20002004c0a000900200eef00f0001504c80045011e001f3d205a210025042613273a3264353a0fb50005b600034236af1800094300000f00002405822808452a06492b000031396433337f34002836000037618a03f10000a6cdc70000000010002fd8e50000000182c6316470001eb35e910f113870000500410a0000f0200eef00f0001504c80045011e001f27205b210025002606273a3264353a0fb50005b600034236561800004300000f00002402772802782a05fd2b000031396433334534001936000037618903f10000a6cdc70000000010002fd8e50000000182c6314530001eb35e910f1138700005004108000000200eef00f0011504c80045011e001f21205a21fb25002611273a3264353a0fb50005b6000442363f1800004300000f000024024528019f2a05f42b000031396433331d34001136000037618903f10000a6cdc70000000010002fd8e50000000182c6311e20001eb35e910f113870000500410a000000200eef00f0011504c80045011e001f2c205b2101250026072739326435390fb50005b6000342366f1800004300000f00002402ce2802d52a05ea2b000031396433335834001936000037618903f10000a6cdc70000000010002fd8e50000000182c630f710001eb35e910f1138700005004109000000200eef00f0011504c80045011e001f21205a21fd2500260e2739326435390fb50005b600044236481800004300000f000024023e2801972a05e12b000031396433333134001236000037618903f10000a6cdc70000000010002fd8e5000a000044af"1661185873095346574'
DEBUG:urllib3.util.retry:Converted retries value: False -> Retry(total=False, connect=None, read=None, redirect=0, status=None)
DEBUG:urllib3.connectionpool:http://172.21.0.2:8086 "POST /api/v2/write?org=qeeri&bucket=gps&precision=ns HTTP/1.1" 204 0
<<< Response: 204
DEBUG:influxdb_client.client.http:<<< Response: 204
<<< Date: Mon, 22 Aug 2022 16:31:13 GMT
DEBUG:influxdb_client.client.http:<<< Date: Mon, 22 Aug 2022 16:31:13 GMT
<<< Body: 
DEBUG:influxdb_client.client.http:<<< Body: 
INFO:root:Lock released by860147042626570
hello
INFO:root:[ACTIVE CONNECTIONS] 1
INFO:root:the length of handshake message is 17
INFO:root:2022-08-22 16:31:13.928234
this is the imei  350424067190346
hello
hello
INFO:root:[ACTIVE CONNECTIONS] 2
INFO:root:2022-08-22 16:31:15.166436
INFO:root:the length of handshake message is 17
this is the imei  860147042636561
hello
INFO:root:length of packet 1226
INFO:root:00000000000004bd080b00000182c5bc47f8001ea4ed0a0f188afb000b01420d0008001d0def00f0011504c80045011e001f1921002322250f26fe290032630db50005b6000342303a1800084300000f00002403162a01d02b00002d015831754d33302534001703f10000a6cdc70000000010012de89f0000000182c5bc20e8001ea4fb7e0f188c06000b00ff0c0014001d0def00f0011504c80045011e001f252103232b25122616290032630db50009b600034230611800144300000f00002404da2a01c62b00002d026331754d332ff334001c03f10000a6cdc70000000010012de8740000000182c5bbf9d8001ea50c3a0f188be4000a01270a000f001d0def00f0011504c80045011e001f1421032319251626fe290032630db50006b6000442306318000f4300000f000024039d2a01bd2b00002d016131754d33305734001303f10000a6cdc70000000010012de8470000000182c5bbd2c8001ea51f5e0f18805e000d01390d0010001d0def00f0011503c80045011e001f2221032327250d2618290032630db50008b600034230491800104300000f000024045b2a01b42b00002d02bb31754d332ff334002303f10000a6cdc70000000010012de80c0000000182c5bbabb8001ea529000f187ece001100d60d0006001d0def00f0011503c80045011e001f172100231e25092604290032630db50008b6000342301b1800064300000f000024036a2a01aa2b00002d015b31754d332fda34001c03f10000a6cdc70000000010012de7ef0000000182c5bb84a8001ea52eed0f1887a9001400c90e000a001d0def00f0011503c80045011e001f20210023242509261b290032630db50007b6000342304618000a4300000f00002404142a01a12b00002d015b31754d332ff334001503f10000a6cdc70000000010012de7d10000000182c5bb5d98001ea531b90f188e1b001600c60d000a001d0def00f0011502c80045011e001f1921fe232325072615290032630db50008b6000342303118000a4300000f000024033b2a01942b00002d01a131754d33302534001303f10000a6cdc70000000010012de7bb0000000182c5bb3688001ea537850f189534001800ed0d0009001d0def00f0011502c80045011e001f2721ff232d25062614290032630db50008b6000342305e1800094300000f00002403be2a018b2b00002d020231754d332f8f34002503f10000a6cdc70000000010012de7a40000000182c5bb0f78001ea53e4a0f189a58001800d20a000e001d0def00f0011502c80045011e001f1221002318251326ed290032630db5000bb6000442316c18000e4300000f000024042d2a01812b00002d017231754d33321934001203f10000a6cdc70000000010012de78c0000000182c5bae868001ea54d760f18b122001a00cc0c0027001d0def00f0011504c80045011e001f262103232c25242618290032630db50005b600034230cf1800274300000f00002404f32a01782b00002d01bf31754d332fda34000e03f10000a6cdc70000000010012de7400000000182c5bac158001ea55ca10f18cf360019010d0d0016001d0def00f0011504c80045011e001f162100231e25182615290032630db50005b6000342307f1800164300000f000024038f2a016f2b00002d016a31754d33300c34002a03f10000a6cdc70000000010012de6df000b00005bad
INFO:root:gps_data,imei=860147042636561 raw_data="00000000000004bd080b00000182c5bc47f8001ea4ed0a0f188afb000b01420d0008001d0def00f0011504c80045011e001f1921002322250f26fe290032630db50005b6000342303a1800084300000f00002403162a01d02b00002d015831754d33302534001703f10000a6cdc70000000010012de89f0000000182c5bc20e8001ea4fb7e0f188c06000b00ff0c0014001d0def00f0011504c80045011e001f252103232b25122616290032630db50009b600034230611800144300000f00002404da2a01c62b00002d026331754d332ff334001c03f10000a6cdc70000000010012de8740000000182c5bbf9d8001ea50c3a0f188be4000a01270a000f001d0def00f0011504c80045011e001f1421032319251626fe290032630db50006b6000442306318000f4300000f000024039d2a01bd2b00002d016131754d33305734001303f10000a6cdc70000000010012de8470000000182c5bbd2c8001ea51f5e0f18805e000d01390d0010001d0def00f0011503c80045011e001f2221032327250d2618290032630db50008b600034230491800104300000f000024045b2a01b42b00002d02bb31754d332ff334002303f10000a6cdc70000000010012de80c0000000182c5bbabb8001ea529000f187ece001100d60d0006001d0def00f0011503c80045011e001f172100231e25092604290032630db50008b6000342301b1800064300000f000024036a2a01aa2b00002d015b31754d332fda34001c03f10000a6cdc70000000010012de7ef0000000182c5bb84a8001ea52eed0f1887a9001400c90e000a001d0def00f0011503c80045011e001f20210023242509261b290032630db50007b6000342304618000a4300000f00002404142a01a12b00002d015b31754d332ff334001503f10000a6cdc70000000010012de7d10000000182c5bb5d98001ea531b90f188e1b001600c60d000a001d0def00f0011502c80045011e001f1921fe232325072615290032630db50008b6000342303118000a4300000f000024033b2a01942b00002d01a131754d33302534001303f10000a6cdc70000000010012de7bb0000000182c5bb3688001ea537850f189534001800ed0d0009001d0def00f0011502c80045011e001f2721ff232d25062614290032630db50008b6000342305e1800094300000f00002403be2a018b2b00002d020231754d332f8f34002503f10000a6cdc70000000010012de7a40000000182c5bb0f78001ea53e4a0f189a58001800d20a000e001d0def00f0011502c80045011e001f1221002318251326ed290032630db5000bb6000442316c18000e4300000f000024042d2a01812b00002d017231754d33321934001203f10000a6cdc70000000010012de78c0000000182c5bae868001ea54d760f18b122001a00cc0c0027001d0def00f0011504c80045011e001f262103232c25242618290032630db50005b600034230cf1800274300000f00002404f32a01782b00002d01bf31754d332fda34000e03f10000a6cdc70000000010012de7400000000182c5bac158001ea55ca10f18cf360019010d0d0016001d0def00f0011504c80045011e001f162100231e25182615290032630db50005b6000342307f1800164300000f000024038f2a016f2b00002d016a31754d33300c34002a03f10000a6cdc70000000010012de6df000b00005bad"1661185876659708461
INFO:root:Lock acquired by860147042636561
>>> Request: 'POST http://172.21.0.2:8086/api/v2/write?org=qeeri&bucket=gps&precision=ns'
DEBUG:influxdb_client.client.http:>>> Request: 'POST http://172.21.0.2:8086/api/v2/write?org=qeeri&bucket=gps&precision=ns'
>>> Content-Encoding: identity
DEBUG:influxdb_client.client.http:>>> Content-Encoding: identity
>>> Content-Type: text/plain
DEBUG:influxdb_client.client.http:>>> Content-Type: text/plain
>>> Accept: application/json
DEBUG:influxdb_client.client.http:>>> Accept: application/json
>>> Authorization: ***
DEBUG:influxdb_client.client.http:>>> Authorization: ***
>>> User-Agent: influxdb-client-python/1.31.0
DEBUG:influxdb_client.client.http:>>> User-Agent: influxdb-client-python/1.31.0
>>> Body: b'gps_data,imei=860147042636561 raw_data="00000000000004bd080b00000182c5bc47f8001ea4ed0a0f188afb000b01420d0008001d0def00f0011504c80045011e001f1921002322250f26fe290032630db50005b6000342303a1800084300000f00002403162a01d02b00002d015831754d33302534001703f10000a6cdc70000000010012de89f0000000182c5bc20e8001ea4fb7e0f188c06000b00ff0c0014001d0def00f0011504c80045011e001f252103232b25122616290032630db50009b600034230611800144300000f00002404da2a01c62b00002d026331754d332ff334001c03f10000a6cdc70000000010012de8740000000182c5bbf9d8001ea50c3a0f188be4000a01270a000f001d0def00f0011504c80045011e001f1421032319251626fe290032630db50006b6000442306318000f4300000f000024039d2a01bd2b00002d016131754d33305734001303f10000a6cdc70000000010012de8470000000182c5bbd2c8001ea51f5e0f18805e000d01390d0010001d0def00f0011503c80045011e001f2221032327250d2618290032630db50008b600034230491800104300000f000024045b2a01b42b00002d02bb31754d332ff334002303f10000a6cdc70000000010012de80c0000000182c5bbabb8001ea529000f187ece001100d60d0006001d0def00f0011503c80045011e001f172100231e25092604290032630db50008b6000342301b1800064300000f000024036a2a01aa2b00002d015b31754d332fda34001c03f10000a6cdc70000000010012de7ef0000000182c5bb84a8001ea52eed0f1887a9001400c90e000a001d0def00f0011503c80045011e001f20210023242509261b290032630db50007b6000342304618000a4300000f00002404142a01a12b00002d015b31754d332ff334001503f10000a6cdc70000000010012de7d10000000182c5bb5d98001ea531b90f188e1b001600c60d000a001d0def00f0011502c80045011e001f1921fe232325072615290032630db50008b6000342303118000a4300000f000024033b2a01942b00002d01a131754d33302534001303f10000a6cdc70000000010012de7bb0000000182c5bb3688001ea537850f189534001800ed0d0009001d0def00f0011502c80045011e001f2721ff232d25062614290032630db50008b6000342305e1800094300000f00002403be2a018b2b00002d020231754d332f8f34002503f10000a6cdc70000000010012de7a40000000182c5bb0f78001ea53e4a0f189a58001800d20a000e001d0def00f0011502c80045011e001f1221002318251326ed290032630db5000bb6000442316c18000e4300000f000024042d2a01812b00002d017231754d33321934001203f10000a6cdc70000000010012de78c0000000182c5bae868001ea54d760f18b122001a00cc0c0027001d0def00f0011504c80045011e001f262103232c25242618290032630db50005b600034230cf1800274300000f00002404f32a01782b00002d01bf31754d332fda34000e03f10000a6cdc70000000010012de7400000000182c5bac158001ea55ca10f18cf360019010d0d0016001d0def00f0011504c80045011e001f162100231e25182615290032630db50005b6000342307f1800164300000f000024038f2a016f2b00002d016a31754d33300c34002a03f10000a6cdc70000000010012de6df000b00005bad"1661185876659708461'
DEBUG:influxdb_client.client.http:>>> Body: b'gps_data,imei=860147042636561 raw_data="00000000000004bd080b00000182c5bc47f8001ea4ed0a0f188afb000b01420d0008001d0def00f0011504c80045011e001f1921002322250f26fe290032630db50005b6000342303a1800084300000f00002403162a01d02b00002d015831754d33302534001703f10000a6cdc70000000010012de89f0000000182c5bc20e8001ea4fb7e0f188c06000b00ff0c0014001d0def00f0011504c80045011e001f252103232b25122616290032630db50009b600034230611800144300000f00002404da2a01c62b00002d026331754d332ff334001c03f10000a6cdc70000000010012de8740000000182c5bbf9d8001ea50c3a0f188be4000a01270a000f001d0def00f0011504c80045011e001f1421032319251626fe290032630db50006b6000442306318000f4300000f000024039d2a01bd2b00002d016131754d33305734001303f10000a6cdc70000000010012de8470000000182c5bbd2c8001ea51f5e0f18805e000d01390d0010001d0def00f0011503c80045011e001f2221032327250d2618290032630db50008b600034230491800104300000f000024045b2a01b42b00002d02bb31754d332ff334002303f10000a6cdc70000000010012de80c0000000182c5bbabb8001ea529000f187ece001100d60d0006001d0def00f0011503c80045011e001f172100231e25092604290032630db50008b6000342301b1800064300000f000024036a2a01aa2b00002d015b31754d332fda34001c03f10000a6cdc70000000010012de7ef0000000182c5bb84a8001ea52eed0f1887a9001400c90e000a001d0def00f0011503c80045011e001f20210023242509261b290032630db50007b6000342304618000a4300000f00002404142a01a12b00002d015b31754d332ff334001503f10000a6cdc70000000010012de7d10000000182c5bb5d98001ea531b90f188e1b001600c60d000a001d0def00f0011502c80045011e001f1921fe232325072615290032630db50008b6000342303118000a4300000f000024033b2a01942b00002d01a131754d33302534001303f10000a6cdc70000000010012de7bb0000000182c5bb3688001ea537850f189534001800ed0d0009001d0def00f0011502c80045011e001f2721ff232d25062614290032630db50008b6000342305e1800094300000f00002403be2a018b2b00002d020231754d332f8f34002503f10000a6cdc70000000010012de7a40000000182c5bb0f78001ea53e4a0f189a58001800d20a000e001d0def00f0011502c80045011e001f1221002318251326ed290032630db5000bb6000442316c18000e4300000f000024042d2a01812b00002d017231754d33321934001203f10000a6cdc70000000010012de78c0000000182c5bae868001ea54d760f18b122001a00cc0c0027001d0def00f0011504c80045011e001f262103232c25242618290032630db50005b600034230cf1800274300000f00002404f32a01782b00002d01bf31754d332fda34000e03f10000a6cdc70000000010012de7400000000182c5bac158001ea55ca10f18cf360019010d0d0016001d0def00f0011504c80045011e001f162100231e25182615290032630db50005b6000342307f1800164300000f000024038f2a016f2b00002d016a31754d33300c34002a03f10000a6cdc70000000010012de6df000b00005bad"1661185876659708461'
DEBUG:urllib3.util.retry:Converted retries value: False -> Retry(total=False, connect=None, read=None, redirect=0, status=None)
DEBUG:urllib3.connectionpool:http://172.21.0.2:8086 "POST /api/v2/write?org=qeeri&bucket=gps&precision=ns HTTP/1.1" 204 0
<<< Response: 204
DEBUG:influxdb_client.client.http:<<< Response: 204
<<< Date: Mon, 22 Aug 2022 16:31:16 GMT
DEBUG:influxdb_client.client.http:<<< Date: Mon, 22 Aug 2022 16:31:16 GMT
<<< Body: 
DEBUG:influxdb_client.client.http:<<< Body: 
INFO:root:Lock released by860147042636561
INFO:root:length of packet 1257
INFO:root:00000000000004dc081100000182c664c4c8001ea61dfd0f19422f000d00cf0d0000000e05ef01f0011505c800450106b5000ab600064232a41800004310080f03e803f10000a6cec70000005c100000b1570000000182c65aa308001ea61e2f0f1942d6001800060a0000000e05ef01f0011504c800450106b5000bb600084232b41800004310080f012c03f10000a6cec7000025ec100000b0d90000000182c65a7bf8001ea61e3f0f194308001800060a0000000e05ef01f0011504c800450106b5000bb600084232ad1800004310080f012c03f10000a6cec7000025ec100000b0d90000000182c65a7810001ea61e3f0f194339001800060a0005000e05ef01f0011504c800450106b5000bb600084232b01800054310080f012c03f10000a6cec7000025ec100000b0d90000000182c65a5100001ea61be80f193eab0012005e0b0000000e05ef01f0011504c800450106b5000bb600074232ad1800004310060f012c03f10000a6cec7000025dd100000b0ca0000000182c65a29f0001ea61be80f193eab0012005e090000000e05ef01f0011504c800450106b5000cb600084232b41800004310080f012c03f10000a6cec7000025dd100000b0ca0000000182c65a2608001ea61be80f193eab001200cd090005000e05ef01f0011504c800450106b5000cb600084232af1800054310080f012c03f10000a6cec7000025dd100000b0ca0000000182c659fef8001ea61be80f193eab0012005e090000000e05ef01f0011504c800450106b5000cb600084232b01800004310080f012c03f10000a6cec7000025d9100000b0c60000000182c659d7e8001ea61be80f193eab0012005e090000000e05ef01f0011504c800450106b5000cb600084232af1800004310080f012c03f10000a6cec7000025d9100000b0c60000000182c659b0d8001ea61be80f193eab0012005e0a0000000e05ef01f0011504c800450106b5000bb600084232b81800004310080f012c03f10000a6cec7000025d9100000b0c60000000182c65989c8001ea61be80f193eab0012005e090000000e05ef01f0011504c800450106b5000bb600084232b31800004310080f012c03f10000a6cec7000025d9100000b0c60000000182c65962b8001ea61be80f193eab0012005e090000000e05ef01f0011504c800450106b5000cb600084232ae1800004310080f012c03f10000a6cec7000025d9100000b0c60000000182c6593f90001ea61ba50f193ecc001200770a0000000e05ef01f0011504c800450106b5000bb600084232a61800004310080f012c03f10000a6cec7000025d9100000b0c60000000182c65937c0001ea61b520f193d6e001200b50a0006000e05ef01f0011504c800450106b5000bb600074232a41800064310070f012c03f10000a6cec7000025d9100000b0c60000000182c6592438001ea61b940f1940af001201560b0000000e05ef01f0011504c800450106b5000bb600074232b41800004310070f012c03f10000a6cec7000025d4100000b0c10000000182c658fd28001ea61b940f1940af001201560a0000000e05ef01f0011504c800450106b5000bb600084232af1800004310070f012c03f10000a6cec7000025d4100000b0c10000000182c658d618001ea61b840f19406d00120104090000000e05ef01f0011504c800450106b5000cb600094232b41800004310070f012c03f10000a6cec7000025d4100000b0c100110000c1cd
INFO:root:gps_data,imei=350424067190346 raw_data="00000000000004dc081100000182c664c4c8001ea61dfd0f19422f000d00cf0d0000000e05ef01f0011505c800450106b5000ab600064232a41800004310080f03e803f10000a6cec70000005c100000b1570000000182c65aa308001ea61e2f0f1942d6001800060a0000000e05ef01f0011504c800450106b5000bb600084232b41800004310080f012c03f10000a6cec7000025ec100000b0d90000000182c65a7bf8001ea61e3f0f194308001800060a0000000e05ef01f0011504c800450106b5000bb600084232ad1800004310080f012c03f10000a6cec7000025ec100000b0d90000000182c65a7810001ea61e3f0f194339001800060a0005000e05ef01f0011504c800450106b5000bb600084232b01800054310080f012c03f10000a6cec7000025ec100000b0d90000000182c65a5100001ea61be80f193eab0012005e0b0000000e05ef01f0011504c800450106b5000bb600074232ad1800004310060f012c03f10000a6cec7000025dd100000b0ca0000000182c65a29f0001ea61be80f193eab0012005e090000000e05ef01f0011504c800450106b5000cb600084232b41800004310080f012c03f10000a6cec7000025dd100000b0ca0000000182c65a2608001ea61be80f193eab001200cd090005000e05ef01f0011504c800450106b5000cb600084232af1800054310080f012c03f10000a6cec7000025dd100000b0ca0000000182c659fef8001ea61be80f193eab0012005e090000000e05ef01f0011504c800450106b5000cb600084232b01800004310080f012c03f10000a6cec7000025d9100000b0c60000000182c659d7e8001ea61be80f193eab0012005e090000000e05ef01f0011504c800450106b5000cb600084232af1800004310080f012c03f10000a6cec7000025d9100000b0c60000000182c659b0d8001ea61be80f193eab0012005e0a0000000e05ef01f0011504c800450106b5000bb600084232b81800004310080f012c03f10000a6cec7000025d9100000b0c60000000182c65989c8001ea61be80f193eab0012005e090000000e05ef01f0011504c800450106b5000bb600084232b31800004310080f012c03f10000a6cec7000025d9100000b0c60000000182c65962b8001ea61be80f193eab0012005e090000000e05ef01f0011504c800450106b5000cb600084232ae1800004310080f012c03f10000a6cec7000025d9100000b0c60000000182c6593f90001ea61ba50f193ecc001200770a0000000e05ef01f0011504c800450106b5000bb600084232a61800004310080f012c03f10000a6cec7000025d9100000b0c60000000182c65937c0001ea61b520f193d6e001200b50a0006000e05ef01f0011504c800450106b5000bb600074232a41800064310070f012c03f10000a6cec7000025d9100000b0c60000000182c6592438001ea61b940f1940af001201560b0000000e05ef01f0011504c800450106b5000bb600074232b41800004310070f012c03f10000a6cec7000025d4100000b0c10000000182c658fd28001ea61b940f1940af001201560a0000000e05ef01f0011504c800450106b5000bb600084232af1800004310070f012c03f10000a6cec7000025d4100000b0c10000000182c658d618001ea61b840f19406d00120104090000000e05ef01f0011504c800450106b5000cb600094232b41800004310070f012c03f10000a6cec7000025d4100000b0c100110000c1cd"1661185876745290421
INFO:root:Lock acquired by350424067190346
>>> Request: 'POST http://172.21.0.2:8086/api/v2/write?org=qeeri&bucket=gps&precision=ns'
DEBUG:influxdb_client.client.http:>>> Request: 'POST http://172.21.0.2:8086/api/v2/write?org=qeeri&bucket=gps&precision=ns'
>>> Content-Encoding: identity
DEBUG:influxdb_client.client.http:>>> Content-Encoding: identity
>>> Content-Type: text/plain
DEBUG:influxdb_client.client.http:>>> Content-Type: text/plain
>>> Accept: application/json
DEBUG:influxdb_client.client.http:>>> Accept: application/json
>>> Authorization: ***
DEBUG:influxdb_client.client.http:>>> Authorization: ***
>>> User-Agent: influxdb-client-python/1.31.0
DEBUG:influxdb_client.client.http:>>> User-Agent: influxdb-client-python/1.31.0
>>> Body: b'gps_data,imei=350424067190346 raw_data="00000000000004dc081100000182c664c4c8001ea61dfd0f19422f000d00cf0d0000000e05ef01f0011505c800450106b5000ab600064232a41800004310080f03e803f10000a6cec70000005c100000b1570000000182c65aa308001ea61e2f0f1942d6001800060a0000000e05ef01f0011504c800450106b5000bb600084232b41800004310080f012c03f10000a6cec7000025ec100000b0d90000000182c65a7bf8001ea61e3f0f194308001800060a0000000e05ef01f0011504c800450106b5000bb600084232ad1800004310080f012c03f10000a6cec7000025ec100000b0d90000000182c65a7810001ea61e3f0f194339001800060a0005000e05ef01f0011504c800450106b5000bb600084232b01800054310080f012c03f10000a6cec7000025ec100000b0d90000000182c65a5100001ea61be80f193eab0012005e0b0000000e05ef01f0011504c800450106b5000bb600074232ad1800004310060f012c03f10000a6cec7000025dd100000b0ca0000000182c65a29f0001ea61be80f193eab0012005e090000000e05ef01f0011504c800450106b5000cb600084232b41800004310080f012c03f10000a6cec7000025dd100000b0ca0000000182c65a2608001ea61be80f193eab001200cd090005000e05ef01f0011504c800450106b5000cb600084232af1800054310080f012c03f10000a6cec7000025dd100000b0ca0000000182c659fef8001ea61be80f193eab0012005e090000000e05ef01f0011504c800450106b5000cb600084232b01800004310080f012c03f10000a6cec7000025d9100000b0c60000000182c659d7e8001ea61be80f193eab0012005e090000000e05ef01f0011504c800450106b5000cb600084232af1800004310080f012c03f10000a6cec7000025d9100000b0c60000000182c659b0d8001ea61be80f193eab0012005e0a0000000e05ef01f0011504c800450106b5000bb600084232b81800004310080f012c03f10000a6cec7000025d9100000b0c60000000182c65989c8001ea61be80f193eab0012005e090000000e05ef01f0011504c800450106b5000bb600084232b31800004310080f012c03f10000a6cec7000025d9100000b0c60000000182c65962b8001ea61be80f193eab0012005e090000000e05ef01f0011504c800450106b5000cb600084232ae1800004310080f012c03f10000a6cec7000025d9100000b0c60000000182c6593f90001ea61ba50f193ecc001200770a0000000e05ef01f0011504c800450106b5000bb600084232a61800004310080f012c03f10000a6cec7000025d9100000b0c60000000182c65937c0001ea61b520f193d6e001200b50a0006000e05ef01f0011504c800450106b5000bb600074232a41800064310070f012c03f10000a6cec7000025d9100000b0c60000000182c6592438001ea61b940f1940af001201560b0000000e05ef01f0011504c800450106b5000bb600074232b41800004310070f012c03f10000a6cec7000025d4100000b0c10000000182c658fd28001ea61b940f1940af001201560a0000000e05ef01f0011504c800450106b5000bb600084232af1800004310070f012c03f10000a6cec7000025d4100000b0c10000000182c658d618001ea61b840f19406d00120104090000000e05ef01f0011504c800450106b5000cb600094232b41800004310070f012c03f10000a6cec7000025d4100000b0c100110000c1cd"1661185876745290421'
DEBUG:influxdb_client.client.http:>>> Body: b'gps_data,imei=350424067190346 raw_data="00000000000004dc081100000182c664c4c8001ea61dfd0f19422f000d00cf0d0000000e05ef01f0011505c800450106b5000ab600064232a41800004310080f03e803f10000a6cec70000005c100000b1570000000182c65aa308001ea61e2f0f1942d6001800060a0000000e05ef01f0011504c800450106b5000bb600084232b41800004310080f012c03f10000a6cec7000025ec100000b0d90000000182c65a7bf8001ea61e3f0f194308001800060a0000000e05ef01f0011504c800450106b5000bb600084232ad1800004310080f012c03f10000a6cec7000025ec100000b0d90000000182c65a7810001ea61e3f0f194339001800060a0005000e05ef01f0011504c800450106b5000bb600084232b01800054310080f012c03f10000a6cec7000025ec100000b0d90000000182c65a5100001ea61be80f193eab0012005e0b0000000e05ef01f0011504c800450106b5000bb600074232ad1800004310060f012c03f10000a6cec7000025dd100000b0ca0000000182c65a29f0001ea61be80f193eab0012005e090000000e05ef01f0011504c800450106b5000cb600084232b41800004310080f012c03f10000a6cec7000025dd100000b0ca0000000182c65a2608001ea61be80f193eab001200cd090005000e05ef01f0011504c800450106b5000cb600084232af1800054310080f012c03f10000a6cec7000025dd100000b0ca0000000182c659fef8001ea61be80f193eab0012005e090000000e05ef01f0011504c800450106b5000cb600084232b01800004310080f012c03f10000a6cec7000025d9100000b0c60000000182c659d7e8001ea61be80f193eab0012005e090000000e05ef01f0011504c800450106b5000cb600084232af1800004310080f012c03f10000a6cec7000025d9100000b0c60000000182c659b0d8001ea61be80f193eab0012005e0a0000000e05ef01f0011504c800450106b5000bb600084232b81800004310080f012c03f10000a6cec7000025d9100000b0c60000000182c65989c8001ea61be80f193eab0012005e090000000e05ef01f0011504c800450106b5000bb600084232b31800004310080f012c03f10000a6cec7000025d9100000b0c60000000182c65962b8001ea61be80f193eab0012005e090000000e05ef01f0011504c800450106b5000cb600084232ae1800004310080f012c03f10000a6cec7000025d9100000b0c60000000182c6593f90001ea61ba50f193ecc001200770a0000000e05ef01f0011504c800450106b5000bb600084232a61800004310080f012c03f10000a6cec7000025d9100000b0c60000000182c65937c0001ea61b520f193d6e001200b50a0006000e05ef01f0011504c800450106b5000bb600074232a41800064310070f012c03f10000a6cec7000025d9100000b0c60000000182c6592438001ea61b940f1940af001201560b0000000e05ef01f0011504c800450106b5000bb600074232b41800004310070f012c03f10000a6cec7000025d4100000b0c10000000182c658fd28001ea61b940f1940af001201560a0000000e05ef01f0011504c800450106b5000bb600084232af1800004310070f012c03f10000a6cec7000025d4100000b0c10000000182c658d618001ea61b840f19406d00120104090000000e05ef01f0011504c800450106b5000cb600094232b41800004310070f012c03f10000a6cec7000025d4100000b0c100110000c1cd"1661185876745290421'
DEBUG:urllib3.util.retry:Converted retries value: False -> Retry(total=False, connect=None, read=None, redirect=0, status=None)
DEBUG:urllib3.connectionpool:http://172.21.0.2:8086 "POST /api/v2/write?org=qeeri&bucket=gps&precision=ns HTTP/1.1" 204 0
<<< Response: 204
DEBUG:influxdb_client.client.http:<<< Response: 204
<<< Date: Mon, 22 Aug 2022 16:31:16 GMT
DEBUG:influxdb_client.client.http:<<< Date: Mon, 22 Aug 2022 16:31:16 GMT
<<< Body: 
DEBUG:influxdb_client.client.http:<<< Body: 
INFO:root:Lock released by350424067190346
hello
INFO:root:[ACTIVE CONNECTIONS] 1
INFO:root:2022-08-22 16:31:17.806846
INFO:root:the length of handshake message is 17
this is the imei  860147042635654
hello
hello
INFO:root:[ACTIVE CONNECTIONS] 2
INFO:root:2022-08-22 16:31:18.478754
INFO:root:the length of handshake message is 17
this is the imei  860147042626836
hello
hello
INFO:root:[ACTIVE CONNECTIONS] 3
INFO:root:2022-08-22 16:31:18.994113
INFO:root:the length of handshake message is 17
this is the imei  860147042649242
hello
INFO:root:length of packet 1263
INFO:root:00000000000004e2081100000182c61e22c0001ec2875c0f005243fff00000050000000e05ef00f0001504c800450106b50009b6000742318b1800004300000f000003f10000a6cdc70000000010015087f10000000182c61b63a0001ec2875c0f005243000100fb050000f00e05ef00f0001504c800450106b50008b6000642318b1800004300000f000003f10000a6cdc70000000010015087f10000000182c61b5400001ec2875c0f005243000100fb050000000e05ef00f0011504c800450106b50007b6000642318b1800004300000f000003f10000a6cdc70000000010015087f10000000182c61b2cf0001ec2877e0f005233000100fb060000000e05ef00f0011504c800450106b50007b6000642318b1800004300000f000003f10000a6cdc70000000010015087f10000000182c61b05e0001ec283d80f005050000300fb070000000e05ef00f0011504c800450106b50006b6000542318b1800004300000f000003f10000a6cdc70000000010015087f10000000182c61aded0001ec283420f00500d000300fb070000000e05ef00f0011503c800450106b50006b6000542318b1800004300000f000003f10000a6cdc70000000010015087f10000000182c61ab7c0001ec27e920f004f77000500fb070005000e05ef00f0011503c800450106b50006b6000542318b1800054300000f000003f10000a6cdc70000000010015087f10000000182c61a90b0001ec288fd0f00534e0007001c050000000e05ef00f0011503c800450106b5000cb6000b42318b1800004300000f000003f10000a6cdc70000000010015087c70000000182c61a69a0001ec287af0f0052ea0006001c050000f00e05ef00f0011503c800450106b5000cb6000b42318b1800004300000f000003f10000a6cdc70000000010015087c70000000182c6192950011ec299650f004ced00000000000000f60f06ef00f0001503c8004502f60106b50000b600004231891800004300000f000003f10000a6cdc70000000010015087be0000000182c6181fb0001ec299650f004ced00000000000000000e05ef00f0001503c800450206b50000b6000042318b1800004300000f000003f10000a6cdc70000000010015087be0000000182c6156090001ec299650f004ced00000000000000000e05ef00f0001504c800450206b50000b600004231b71800004300000f000003f10000a6cdc70000000010015087be0000000182c612a170011ec299650f004ced00000000000000f60f06ef00f0001504c8004502f60106b50000b6000042320e1800004300000f000003f10000a6cdc70000000010015087be0000000182c6122c40001ec299650f004ced00000000000000000e05ef00f0001504c800450206b50000b6000042320e1800004300000f000003f10000a6cdc70000000010015087be0000000182c60f6d20001ec299650f004ced00000000000000000e05ef00f0001504c800450206b50000b6000042320e1800004300000f000003f10000a6cdc70000000010015087be0000000182c60cae00011ec299650f004ced00000000000000f60f06ef00f0001504c8004502f60106b50000b6000042320e1800004300000f000003f10000a6cdc70000000010015087be0000000182c60c7368001ec299650f004ced00000000000000000e05ef00f0001504c800450206b50000b6000042320f1800004300000f000003f10000a6cdc70000000010015087be00110000f51b
INFO:root:gps_data,imei=860147042635654 raw_data="00000000000004e2081100000182c61e22c0001ec2875c0f005243fff00000050000000e05ef00f0001504c800450106b50009b6000742318b1800004300000f000003f10000a6cdc70000000010015087f10000000182c61b63a0001ec2875c0f005243000100fb050000f00e05ef00f0001504c800450106b50008b6000642318b1800004300000f000003f10000a6cdc70000000010015087f10000000182c61b5400001ec2875c0f005243000100fb050000000e05ef00f0011504c800450106b50007b6000642318b1800004300000f000003f10000a6cdc70000000010015087f10000000182c61b2cf0001ec2877e0f005233000100fb060000000e05ef00f0011504c800450106b50007b6000642318b1800004300000f000003f10000a6cdc70000000010015087f10000000182c61b05e0001ec283d80f005050000300fb070000000e05ef00f0011504c800450106b50006b6000542318b1800004300000f000003f10000a6cdc70000000010015087f10000000182c61aded0001ec283420f00500d000300fb070000000e05ef00f0011503c800450106b50006b6000542318b1800004300000f000003f10000a6cdc70000000010015087f10000000182c61ab7c0001ec27e920f004f77000500fb070005000e05ef00f0011503c800450106b50006b6000542318b1800054300000f000003f10000a6cdc70000000010015087f10000000182c61a90b0001ec288fd0f00534e0007001c050000000e05ef00f0011503c800450106b5000cb6000b42318b1800004300000f000003f10000a6cdc70000000010015087c70000000182c61a69a0001ec287af0f0052ea0006001c050000f00e05ef00f0011503c800450106b5000cb6000b42318b1800004300000f000003f10000a6cdc70000000010015087c70000000182c6192950011ec299650f004ced00000000000000f60f06ef00f0001503c8004502f60106b50000b600004231891800004300000f000003f10000a6cdc70000000010015087be0000000182c6181fb0001ec299650f004ced00000000000000000e05ef00f0001503c800450206b50000b6000042318b1800004300000f000003f10000a6cdc70000000010015087be0000000182c6156090001ec299650f004ced00000000000000000e05ef00f0001504c800450206b50000b600004231b71800004300000f000003f10000a6cdc70000000010015087be0000000182c612a170011ec299650f004ced00000000000000f60f06ef00f0001504c8004502f60106b50000b6000042320e1800004300000f000003f10000a6cdc70000000010015087be0000000182c6122c40001ec299650f004ced00000000000000000e05ef00f0001504c800450206b50000b6000042320e1800004300000f000003f10000a6cdc70000000010015087be0000000182c60f6d20001ec299650f004ced00000000000000000e05ef00f0001504c800450206b50000b6000042320e1800004300000f000003f10000a6cdc70000000010015087be0000000182c60cae00011ec299650f004ced00000000000000f60f06ef00f0001504c8004502f60106b50000b6000042320e1800004300000f000003f10000a6cdc70000000010015087be0000000182c60c7368001ec299650f004ced00000000000000000e05ef00f0001504c800450206b50000b6000042320f1800004300000f000003f10000a6cdc70000000010015087be00110000f51b"1661185879615246500
INFO:root:Lock acquired by860147042635654
>>> Request: 'POST http://172.21.0.2:8086/api/v2/write?org=qeeri&bucket=gps&precision=ns'
DEBUG:influxdb_client.client.http:>>> Request: 'POST http://172.21.0.2:8086/api/v2/write?org=qeeri&bucket=gps&precision=ns'
>>> Content-Encoding: identity
DEBUG:influxdb_client.client.http:>>> Content-Encoding: identity
>>> Content-Type: text/plain
DEBUG:influxdb_client.client.http:>>> Content-Type: text/plain
>>> Accept: application/json
DEBUG:influxdb_client.client.http:>>> Accept: application/json
>>> Authorization: ***
DEBUG:influxdb_client.client.http:>>> Authorization: ***
>>> User-Agent: influxdb-client-python/1.31.0
DEBUG:influxdb_client.client.http:>>> User-Agent: influxdb-client-python/1.31.0
>>> Body: b'gps_data,imei=860147042635654 raw_data="00000000000004e2081100000182c61e22c0001ec2875c0f005243fff00000050000000e05ef00f0001504c800450106b50009b6000742318b1800004300000f000003f10000a6cdc70000000010015087f10000000182c61b63a0001ec2875c0f005243000100fb050000f00e05ef00f0001504c800450106b50008b6000642318b1800004300000f000003f10000a6cdc70000000010015087f10000000182c61b5400001ec2875c0f005243000100fb050000000e05ef00f0011504c800450106b50007b6000642318b1800004300000f000003f10000a6cdc70000000010015087f10000000182c61b2cf0001ec2877e0f005233000100fb060000000e05ef00f0011504c800450106b50007b6000642318b1800004300000f000003f10000a6cdc70000000010015087f10000000182c61b05e0001ec283d80f005050000300fb070000000e05ef00f0011504c800450106b50006b6000542318b1800004300000f000003f10000a6cdc70000000010015087f10000000182c61aded0001ec283420f00500d000300fb070000000e05ef00f0011503c800450106b50006b6000542318b1800004300000f000003f10000a6cdc70000000010015087f10000000182c61ab7c0001ec27e920f004f77000500fb070005000e05ef00f0011503c800450106b50006b6000542318b1800054300000f000003f10000a6cdc70000000010015087f10000000182c61a90b0001ec288fd0f00534e0007001c050000000e05ef00f0011503c800450106b5000cb6000b42318b1800004300000f000003f10000a6cdc70000000010015087c70000000182c61a69a0001ec287af0f0052ea0006001c050000f00e05ef00f0011503c800450106b5000cb6000b42318b1800004300000f000003f10000a6cdc70000000010015087c70000000182c6192950011ec299650f004ced00000000000000f60f06ef00f0001503c8004502f60106b50000b600004231891800004300000f000003f10000a6cdc70000000010015087be0000000182c6181fb0001ec299650f004ced00000000000000000e05ef00f0001503c800450206b50000b6000042318b1800004300000f000003f10000a6cdc70000000010015087be0000000182c6156090001ec299650f004ced00000000000000000e05ef00f0001504c800450206b50000b600004231b71800004300000f000003f10000a6cdc70000000010015087be0000000182c612a170011ec299650f004ced00000000000000f60f06ef00f0001504c8004502f60106b50000b6000042320e1800004300000f000003f10000a6cdc70000000010015087be0000000182c6122c40001ec299650f004ced00000000000000000e05ef00f0001504c800450206b50000b6000042320e1800004300000f000003f10000a6cdc70000000010015087be0000000182c60f6d20001ec299650f004ced00000000000000000e05ef00f0001504c800450206b50000b6000042320e1800004300000f000003f10000a6cdc70000000010015087be0000000182c60cae00011ec299650f004ced00000000000000f60f06ef00f0001504c8004502f60106b50000b6000042320e1800004300000f000003f10000a6cdc70000000010015087be0000000182c60c7368001ec299650f004ced00000000000000000e05ef00f0001504c800450206b50000b6000042320f1800004300000f000003f10000a6cdc70000000010015087be00110000f51b"1661185879615246500'
DEBUG:influxdb_client.client.http:>>> Body: b'gps_data,imei=860147042635654 raw_data="00000000000004e2081100000182c61e22c0001ec2875c0f005243fff00000050000000e05ef00f0001504c800450106b50009b6000742318b1800004300000f000003f10000a6cdc70000000010015087f10000000182c61b63a0001ec2875c0f005243000100fb050000f00e05ef00f0001504c800450106b50008b6000642318b1800004300000f000003f10000a6cdc70000000010015087f10000000182c61b5400001ec2875c0f005243000100fb050000000e05ef00f0011504c800450106b50007b6000642318b1800004300000f000003f10000a6cdc70000000010015087f10000000182c61b2cf0001ec2877e0f005233000100fb060000000e05ef00f0011504c800450106b50007b6000642318b1800004300000f000003f10000a6cdc70000000010015087f10000000182c61b05e0001ec283d80f005050000300fb070000000e05ef00f0011504c800450106b50006b6000542318b1800004300000f000003f10000a6cdc70000000010015087f10000000182c61aded0001ec283420f00500d000300fb070000000e05ef00f0011503c800450106b50006b6000542318b1800004300000f000003f10000a6cdc70000000010015087f10000000182c61ab7c0001ec27e920f004f77000500fb070005000e05ef00f0011503c800450106b50006b6000542318b1800054300000f000003f10000a6cdc70000000010015087f10000000182c61a90b0001ec288fd0f00534e0007001c050000000e05ef00f0011503c800450106b5000cb6000b42318b1800004300000f000003f10000a6cdc70000000010015087c70000000182c61a69a0001ec287af0f0052ea0006001c050000f00e05ef00f0011503c800450106b5000cb6000b42318b1800004300000f000003f10000a6cdc70000000010015087c70000000182c6192950011ec299650f004ced00000000000000f60f06ef00f0001503c8004502f60106b50000b600004231891800004300000f000003f10000a6cdc70000000010015087be0000000182c6181fb0001ec299650f004ced00000000000000000e05ef00f0001503c800450206b50000b6000042318b1800004300000f000003f10000a6cdc70000000010015087be0000000182c6156090001ec299650f004ced00000000000000000e05ef00f0001504c800450206b50000b600004231b71800004300000f000003f10000a6cdc70000000010015087be0000000182c612a170011ec299650f004ced00000000000000f60f06ef00f0001504c8004502f60106b50000b6000042320e1800004300000f000003f10000a6cdc70000000010015087be0000000182c6122c40001ec299650f004ced00000000000000000e05ef00f0001504c800450206b50000b6000042320e1800004300000f000003f10000a6cdc70000000010015087be0000000182c60f6d20001ec299650f004ced00000000000000000e05ef00f0001504c800450206b50000b6000042320e1800004300000f000003f10000a6cdc70000000010015087be0000000182c60cae00011ec299650f004ced00000000000000f60f06ef00f0001504c8004502f60106b50000b6000042320e1800004300000f000003f10000a6cdc70000000010015087be0000000182c60c7368001ec299650f004ced00000000000000000e05ef00f0001504c800450206b50000b6000042320f1800004300000f000003f10000a6cdc70000000010015087be00110000f51b"1661185879615246500'
DEBUG:urllib3.util.retry:Converted retries value: False -> Retry(total=False, connect=None, read=None, redirect=0, status=None)
DEBUG:urllib3.connectionpool:http://172.21.0.2:8086 "POST /api/v2/write?org=qeeri&bucket=gps&precision=ns HTTP/1.1" 204 0
<<< Response: 204
DEBUG:influxdb_client.client.http:<<< Response: 204
<<< Date: Mon, 22 Aug 2022 16:31:19 GMT
DEBUG:influxdb_client.client.http:<<< Date: Mon, 22 Aug 2022 16:31:19 GMT
<<< Body: 
DEBUG:influxdb_client.client.http:<<< Body: 
INFO:root:Lock released by860147042635654
INFO:root:length of packet 1265
INFO:root:00000000000004e4081100000182c664dc38001ea77a090f19d2e9001b01230e000c000e05ef00f0011503c800450106b50006b6000342358218000c4300000f000003f10000a6cdc70000000010012429200000000182c5ec50d8001ea82ff00f1881ff000201270e0000000e05ef00f0001505c800450106b50006b600034232651800004300000f000003f10000a6cdc70000000010012413750000000182c5e991b8011ea82ff00f1881ff000201270f0000f60f06ef00f0001505c8004501f60106b50006b6000342326a1800004300000f000003f10000a6cdc70000000010012413750000000182c5e95ef0001ea82ff00f1881ff000201270f0000000e05ef00f0001505c800450106b50006b600034232641800004300000f000003f10000a6cdc70000000010012413750000000182c5e69fd0001ea82ff00f1881ff000201270f0000000e05ef00f0001505c800450106b50006b6000342328d1800004300000f000003f10000a6cdc70000000010012413750000000182c5e3e0b0011ea82ff00f1881ff000201270f0000f60f06ef00f0001505c8004501f60106b50006b600034232791800004300000f000003f10000a6cdc70000000010012413750000000182c5e357f8001ea82ff00f1881ff000201270f0000000e05ef00f0001505c800450106b50006b6000342328b1800004300000f000003f10000a6cdc70000000010012413750000000182c5e098d8001ea82ff00f1881ff000201270d0000000e05ef00f0001505c800450106b50006b600034232651800004300000f000003f10000a6cdc70000000010012413750000000182c5ddd9b8011ea82ff00f1881ff000201270c0000f60f06ef00f0001505c8004501f60106b50007b6000342328f1800004300000f000003f10000a6cdc70000000010012413750000000182c5dc89c8001ea82ff00f1881ff000201270c0000000e05ef00f0001505c800450106b50007b600034232651800004300000f000003f10000a6cdc70000000010012413750000000182c5d9caa8001ea82ff00f1881ff000201270d0000000e05ef00f0001505c800450106b50006b600034232911800004300000f000003f10000a6cdc70000000010012413750000000182c5d70b88011ea82ff00f1881ff000201270d0000f60f06ef00f0001505c8004501f60106b50006b600034232bb1800004300000f000003f10000a6cdc70000000010012413750000000182c5d4f460001ea82ff00f1881ff000201270d0000000e05ef00f0001505c800450106b50006b600034232bd1800004300000f000003f10000a6cdc70000000010012413750000000182c5d23540001ea82ff00f1881ff000201270d0000f00e05ef00f0001505c800450106b50005b600034233ad1800004300000f000003f10000a6cdc70000000010012413750000000182c5d22988001ea82ff00f1881ff000201270d0000000e05ef00f0011505c800450106b50005b600034233971800004300000f000003f10000a6cdc70000000010012413750000000182c5d20278001ea82ff00f1881ff000201270d0000000e05ef00f0011505c800450106b50005b600034233be1800004300000f000003f10000a6cdc70000000010012413750000000182c5d1db68001ea82ff00f1881ff000201270e0000000e05ef00f0011505c800450106b50004b600034233ae1800004300000f000003f10000a6cdc70000000010012413750011000090b7
INFO:root:gps_data,imei=860147042626836 raw_data="00000000000004e4081100000182c664dc38001ea77a090f19d2e9001b01230e000c000e05ef00f0011503c800450106b50006b6000342358218000c4300000f000003f10000a6cdc70000000010012429200000000182c5ec50d8001ea82ff00f1881ff000201270e0000000e05ef00f0001505c800450106b50006b600034232651800004300000f000003f10000a6cdc70000000010012413750000000182c5e991b8011ea82ff00f1881ff000201270f0000f60f06ef00f0001505c8004501f60106b50006b6000342326a1800004300000f000003f10000a6cdc70000000010012413750000000182c5e95ef0001ea82ff00f1881ff000201270f0000000e05ef00f0001505c800450106b50006b600034232641800004300000f000003f10000a6cdc70000000010012413750000000182c5e69fd0001ea82ff00f1881ff000201270f0000000e05ef00f0001505c800450106b50006b6000342328d1800004300000f000003f10000a6cdc70000000010012413750000000182c5e3e0b0011ea82ff00f1881ff000201270f0000f60f06ef00f0001505c8004501f60106b50006b600034232791800004300000f000003f10000a6cdc70000000010012413750000000182c5e357f8001ea82ff00f1881ff000201270f0000000e05ef00f0001505c800450106b50006b6000342328b1800004300000f000003f10000a6cdc70000000010012413750000000182c5e098d8001ea82ff00f1881ff000201270d0000000e05ef00f0001505c800450106b50006b600034232651800004300000f000003f10000a6cdc70000000010012413750000000182c5ddd9b8011ea82ff00f1881ff000201270c0000f60f06ef00f0001505c8004501f60106b50007b6000342328f1800004300000f000003f10000a6cdc70000000010012413750000000182c5dc89c8001ea82ff00f1881ff000201270c0000000e05ef00f0001505c800450106b50007b600034232651800004300000f000003f10000a6cdc70000000010012413750000000182c5d9caa8001ea82ff00f1881ff000201270d0000000e05ef00f0001505c800450106b50006b600034232911800004300000f000003f10000a6cdc70000000010012413750000000182c5d70b88011ea82ff00f1881ff000201270d0000f60f06ef00f0001505c8004501f60106b50006b600034232bb1800004300000f000003f10000a6cdc70000000010012413750000000182c5d4f460001ea82ff00f1881ff000201270d0000000e05ef00f0001505c800450106b50006b600034232bd1800004300000f000003f10000a6cdc70000000010012413750000000182c5d23540001ea82ff00f1881ff000201270d0000f00e05ef00f0001505c800450106b50005b600034233ad1800004300000f000003f10000a6cdc70000000010012413750000000182c5d22988001ea82ff00f1881ff000201270d0000000e05ef00f0011505c800450106b50005b600034233971800004300000f000003f10000a6cdc70000000010012413750000000182c5d20278001ea82ff00f1881ff000201270d0000000e05ef00f0011505c800450106b50005b600034233be1800004300000f000003f10000a6cdc70000000010012413750000000182c5d1db68001ea82ff00f1881ff000201270e0000000e05ef00f0011505c800450106b50004b600034233ae1800004300000f000003f10000a6cdc70000000010012413750011000090b7"1661185880122165414
INFO:root:Lock acquired by860147042626836
>>> Request: 'POST http://172.21.0.2:8086/api/v2/write?org=qeeri&bucket=gps&precision=ns'
DEBUG:influxdb_client.client.http:>>> Request: 'POST http://172.21.0.2:8086/api/v2/write?org=qeeri&bucket=gps&precision=ns'
>>> Content-Encoding: identity
DEBUG:influxdb_client.client.http:>>> Content-Encoding: identity
>>> Content-Type: text/plain
DEBUG:influxdb_client.client.http:>>> Content-Type: text/plain
>>> Accept: application/json
DEBUG:influxdb_client.client.http:>>> Accept: application/json
>>> Authorization: ***
DEBUG:influxdb_client.client.http:>>> Authorization: ***
>>> User-Agent: influxdb-client-python/1.31.0
DEBUG:influxdb_client.client.http:>>> User-Agent: influxdb-client-python/1.31.0
>>> Body: b'gps_data,imei=860147042626836 raw_data="00000000000004e4081100000182c664dc38001ea77a090f19d2e9001b01230e000c000e05ef00f0011503c800450106b50006b6000342358218000c4300000f000003f10000a6cdc70000000010012429200000000182c5ec50d8001ea82ff00f1881ff000201270e0000000e05ef00f0001505c800450106b50006b600034232651800004300000f000003f10000a6cdc70000000010012413750000000182c5e991b8011ea82ff00f1881ff000201270f0000f60f06ef00f0001505c8004501f60106b50006b6000342326a1800004300000f000003f10000a6cdc70000000010012413750000000182c5e95ef0001ea82ff00f1881ff000201270f0000000e05ef00f0001505c800450106b50006b600034232641800004300000f000003f10000a6cdc70000000010012413750000000182c5e69fd0001ea82ff00f1881ff000201270f0000000e05ef00f0001505c800450106b50006b6000342328d1800004300000f000003f10000a6cdc70000000010012413750000000182c5e3e0b0011ea82ff00f1881ff000201270f0000f60f06ef00f0001505c8004501f60106b50006b600034232791800004300000f000003f10000a6cdc70000000010012413750000000182c5e357f8001ea82ff00f1881ff000201270f0000000e05ef00f0001505c800450106b50006b6000342328b1800004300000f000003f10000a6cdc70000000010012413750000000182c5e098d8001ea82ff00f1881ff000201270d0000000e05ef00f0001505c800450106b50006b600034232651800004300000f000003f10000a6cdc70000000010012413750000000182c5ddd9b8011ea82ff00f1881ff000201270c0000f60f06ef00f0001505c8004501f60106b50007b6000342328f1800004300000f000003f10000a6cdc70000000010012413750000000182c5dc89c8001ea82ff00f1881ff000201270c0000000e05ef00f0001505c800450106b50007b600034232651800004300000f000003f10000a6cdc70000000010012413750000000182c5d9caa8001ea82ff00f1881ff000201270d0000000e05ef00f0001505c800450106b50006b600034232911800004300000f000003f10000a6cdc70000000010012413750000000182c5d70b88011ea82ff00f1881ff000201270d0000f60f06ef00f0001505c8004501f60106b50006b600034232bb1800004300000f000003f10000a6cdc70000000010012413750000000182c5d4f460001ea82ff00f1881ff000201270d0000000e05ef00f0001505c800450106b50006b600034232bd1800004300000f000003f10000a6cdc70000000010012413750000000182c5d23540001ea82ff00f1881ff000201270d0000f00e05ef00f0001505c800450106b50005b600034233ad1800004300000f000003f10000a6cdc70000000010012413750000000182c5d22988001ea82ff00f1881ff000201270d0000000e05ef00f0011505c800450106b50005b600034233971800004300000f000003f10000a6cdc70000000010012413750000000182c5d20278001ea82ff00f1881ff000201270d0000000e05ef00f0011505c800450106b50005b600034233be1800004300000f000003f10000a6cdc70000000010012413750000000182c5d1db68001ea82ff00f1881ff000201270e0000000e05ef00f0011505c800450106b50004b600034233ae1800004300000f000003f10000a6cdc70000000010012413750011000090b7"1661185880122165414'
DEBUG:influxdb_client.client.http:>>> Body: b'gps_data,imei=860147042626836 raw_data="00000000000004e4081100000182c664dc38001ea77a090f19d2e9001b01230e000c000e05ef00f0011503c800450106b50006b6000342358218000c4300000f000003f10000a6cdc70000000010012429200000000182c5ec50d8001ea82ff00f1881ff000201270e0000000e05ef00f0001505c800450106b50006b600034232651800004300000f000003f10000a6cdc70000000010012413750000000182c5e991b8011ea82ff00f1881ff000201270f0000f60f06ef00f0001505c8004501f60106b50006b6000342326a1800004300000f000003f10000a6cdc70000000010012413750000000182c5e95ef0001ea82ff00f1881ff000201270f0000000e05ef00f0001505c800450106b50006b600034232641800004300000f000003f10000a6cdc70000000010012413750000000182c5e69fd0001ea82ff00f1881ff000201270f0000000e05ef00f0001505c800450106b50006b6000342328d1800004300000f000003f10000a6cdc70000000010012413750000000182c5e3e0b0011ea82ff00f1881ff000201270f0000f60f06ef00f0001505c8004501f60106b50006b600034232791800004300000f000003f10000a6cdc70000000010012413750000000182c5e357f8001ea82ff00f1881ff000201270f0000000e05ef00f0001505c800450106b50006b6000342328b1800004300000f000003f10000a6cdc70000000010012413750000000182c5e098d8001ea82ff00f1881ff000201270d0000000e05ef00f0001505c800450106b50006b600034232651800004300000f000003f10000a6cdc70000000010012413750000000182c5ddd9b8011ea82ff00f1881ff000201270c0000f60f06ef00f0001505c8004501f60106b50007b6000342328f1800004300000f000003f10000a6cdc70000000010012413750000000182c5dc89c8001ea82ff00f1881ff000201270c0000000e05ef00f0001505c800450106b50007b600034232651800004300000f000003f10000a6cdc70000000010012413750000000182c5d9caa8001ea82ff00f1881ff000201270d0000000e05ef00f0001505c800450106b50006b600034232911800004300000f000003f10000a6cdc70000000010012413750000000182c5d70b88011ea82ff00f1881ff000201270d0000f60f06ef00f0001505c8004501f60106b50006b600034232bb1800004300000f000003f10000a6cdc70000000010012413750000000182c5d4f460001ea82ff00f1881ff000201270d0000000e05ef00f0001505c800450106b50006b600034232bd1800004300000f000003f10000a6cdc70000000010012413750000000182c5d23540001ea82ff00f1881ff000201270d0000f00e05ef00f0001505c800450106b50005b600034233ad1800004300000f000003f10000a6cdc70000000010012413750000000182c5d22988001ea82ff00f1881ff000201270d0000000e05ef00f0011505c800450106b50005b600034233971800004300000f000003f10000a6cdc70000000010012413750000000182c5d20278001ea82ff00f1881ff000201270d0000000e05ef00f0011505c800450106b50005b600034233be1800004300000f000003f10000a6cdc70000000010012413750000000182c5d1db68001ea82ff00f1881ff000201270e0000000e05ef00f0011505c800450106b50004b600034233ae1800004300000f000003f10000a6cdc70000000010012413750011000090b7"1661185880122165414'
DEBUG:urllib3.util.retry:Converted retries value: False -> Retry(total=False, connect=None, read=None, redirect=0, status=None)
DEBUG:urllib3.connectionpool:http://172.21.0.2:8086 "POST /api/v2/write?org=qeeri&bucket=gps&precision=ns HTTP/1.1" 204 0
<<< Response: 204
DEBUG:influxdb_client.client.http:<<< Response: 204
<<< Date: Mon, 22 Aug 2022 16:31:20 GMT
DEBUG:influxdb_client.client.http:<<< Date: Mon, 22 Aug 2022 16:31:20 GMT
<<< Body: 
DEBUG:influxdb_client.client.http:<<< Body: 
INFO:root:Lock released by860147042626836
INFO:root:length of packet 1263
INFO:root:00000000000004e2081100000182c5e51d18001ea5aeca0f187d2e000e00bf0e0000000e05ef00f0001505c800450106b50005b600034233131800004300000f000003f10000a6cdc700000000100110e2070000000182c5e25df8001ea5aeca0f187d2e000e00bf0c0000000e05ef00f0001505c800450106b50005b600034233141800004300000f000003f10000a6cdc700000000100110e2070000000182c5df9ed8011ea5ad8d0f1880b2000e012a0c0000f60f06ef00f0001505c8004501f60106b50005b600034233141800004300000f000003f10000a6cdc700000000100110e2070000000182c5df6058001ea5ad8d0f1880b2000e012a0f0000000e05ef00f0001505c800450106b50004b600034233141800004300000f000003f10000a6cdc700000000100110e2070000000182c5dca138001ea5ad8d0f1880b2000e012a0d0000000e05ef00f0001505c800450106b50005b600034233141800004300000f000003f10000a6cdc700000000100110e2070000000182c5d9e218011ea5ad8d0f1880b2000d012a0e0000f60f06ef00f0001505c8004501f60106b50005b600034233141800004300000f000003f10000a6cdc700000000100110e2070000000182c5d9a398001ea5ad8d0f1880b2000d012a0d0000000e05ef00f0001505c800450106b50005b600034233141800004300000f000003f10000a6cdc700000000100110e2070000000182c5d6e478001ea5ad8d0f1880b2000d012a0d0000000e05ef00f0001505c800450106b50005b600034233111800004300000f000003f10000a6cdc700000000100110e2070000000182c5d42558011ea5ad8d0f1880b2000d012a0e0000f60f06ef00f0001505c8004501f60106b50005b600034233141800004300000f000003f10000a6cdc700000000100110e2070000000182c5d22988001ea5ad8d0f1880b2000d012a0e0000000e05ef00f0001505c800450106b50006b6000342330e1800004300000f000003f10000a6cdc700000000100110e2070000000182c5cf6a68001ea5ad8d0f1880b2000d012a0d0000f00e05ef00f0001505c800450106b50005b6000342333e1800004300000f000003f10000a6cdc700000000100110e2070000000182c5cf4f10001ea5ad8d0f1880b2000d012a0d0000000e05ef00f0011505c800450106b50005b600034233141800004300000f000003f10000a6cdc700000000100110e2070000000182c5cf2800001ea5ad8d0f1880b2000d012a0d0000000e05ef00f0011505c800450106b50005b600034233371800004300000f000003f10000a6cdc700000000100110e2070000000182c5cf00f0001ea5ad8d0f1880b2000d012a0d0000000e05ef00f0011505c800450106b50005b600034233141800004300000f000003f10000a6cdc700000000100110e2070000000182c5ced9e0001ea5ad8d0f1880b2000d012a0d0000000e05ef00f0011505c800450106b50005b600034233301800004300000f000003f10000a6cdc700000000100110e2070000000182c5ceb2d0001ea5add00f18800b000a01180e0006000e05ef00f0011505c800450106b50005b600034233151800064300000f000003f10000a6cdc700000000100110e2040000000182c5ce8bc0001ea5af710f18800b000800a00c0000000e05ef00f0011505c800450106b50005b600034233261800004300000f000003f10000a6cdc700000000100110e1ff0011000010e4
INFO:root:gps_data,imei=860147042649242 raw_data="00000000000004e2081100000182c5e51d18001ea5aeca0f187d2e000e00bf0e0000000e05ef00f0001505c800450106b50005b600034233131800004300000f000003f10000a6cdc700000000100110e2070000000182c5e25df8001ea5aeca0f187d2e000e00bf0c0000000e05ef00f0001505c800450106b50005b600034233141800004300000f000003f10000a6cdc700000000100110e2070000000182c5df9ed8011ea5ad8d0f1880b2000e012a0c0000f60f06ef00f0001505c8004501f60106b50005b600034233141800004300000f000003f10000a6cdc700000000100110e2070000000182c5df6058001ea5ad8d0f1880b2000e012a0f0000000e05ef00f0001505c800450106b50004b600034233141800004300000f000003f10000a6cdc700000000100110e2070000000182c5dca138001ea5ad8d0f1880b2000e012a0d0000000e05ef00f0001505c800450106b50005b600034233141800004300000f000003f10000a6cdc700000000100110e2070000000182c5d9e218011ea5ad8d0f1880b2000d012a0e0000f60f06ef00f0001505c8004501f60106b50005b600034233141800004300000f000003f10000a6cdc700000000100110e2070000000182c5d9a398001ea5ad8d0f1880b2000d012a0d0000000e05ef00f0001505c800450106b50005b600034233141800004300000f000003f10000a6cdc700000000100110e2070000000182c5d6e478001ea5ad8d0f1880b2000d012a0d0000000e05ef00f0001505c800450106b50005b600034233111800004300000f000003f10000a6cdc700000000100110e2070000000182c5d42558011ea5ad8d0f1880b2000d012a0e0000f60f06ef00f0001505c8004501f60106b50005b600034233141800004300000f000003f10000a6cdc700000000100110e2070000000182c5d22988001ea5ad8d0f1880b2000d012a0e0000000e05ef00f0001505c800450106b50006b6000342330e1800004300000f000003f10000a6cdc700000000100110e2070000000182c5cf6a68001ea5ad8d0f1880b2000d012a0d0000f00e05ef00f0001505c800450106b50005b6000342333e1800004300000f000003f10000a6cdc700000000100110e2070000000182c5cf4f10001ea5ad8d0f1880b2000d012a0d0000000e05ef00f0011505c800450106b50005b600034233141800004300000f000003f10000a6cdc700000000100110e2070000000182c5cf2800001ea5ad8d0f1880b2000d012a0d0000000e05ef00f0011505c800450106b50005b600034233371800004300000f000003f10000a6cdc700000000100110e2070000000182c5cf00f0001ea5ad8d0f1880b2000d012a0d0000000e05ef00f0011505c800450106b50005b600034233141800004300000f000003f10000a6cdc700000000100110e2070000000182c5ced9e0001ea5ad8d0f1880b2000d012a0d0000000e05ef00f0011505c800450106b50005b600034233301800004300000f000003f10000a6cdc700000000100110e2070000000182c5ceb2d0001ea5add00f18800b000a01180e0006000e05ef00f0011505c800450106b50005b600034233151800064300000f000003f10000a6cdc700000000100110e2040000000182c5ce8bc0001ea5af710f18800b000800a00c0000000e05ef00f0011505c800450106b50005b600034233261800004300000f000003f10000a6cdc700000000100110e1ff0011000010e4"1661185880685632213
INFO:root:Lock acquired by860147042649242
>>> Request: 'POST http://172.21.0.2:8086/api/v2/write?org=qeeri&bucket=gps&precision=ns'
DEBUG:influxdb_client.client.http:>>> Request: 'POST http://172.21.0.2:8086/api/v2/write?org=qeeri&bucket=gps&precision=ns'
>>> Content-Encoding: identity
DEBUG:influxdb_client.client.http:>>> Content-Encoding: identity
>>> Content-Type: text/plain
DEBUG:influxdb_client.client.http:>>> Content-Type: text/plain
>>> Accept: application/json
DEBUG:influxdb_client.client.http:>>> Accept: application/json
>>> Authorization: ***
DEBUG:influxdb_client.client.http:>>> Authorization: ***
>>> User-Agent: influxdb-client-python/1.31.0
DEBUG:influxdb_client.client.http:>>> User-Agent: influxdb-client-python/1.31.0
>>> Body: b'gps_data,imei=860147042649242 raw_data="00000000000004e2081100000182c5e51d18001ea5aeca0f187d2e000e00bf0e0000000e05ef00f0001505c800450106b50005b600034233131800004300000f000003f10000a6cdc700000000100110e2070000000182c5e25df8001ea5aeca0f187d2e000e00bf0c0000000e05ef00f0001505c800450106b50005b600034233141800004300000f000003f10000a6cdc700000000100110e2070000000182c5df9ed8011ea5ad8d0f1880b2000e012a0c0000f60f06ef00f0001505c8004501f60106b50005b600034233141800004300000f000003f10000a6cdc700000000100110e2070000000182c5df6058001ea5ad8d0f1880b2000e012a0f0000000e05ef00f0001505c800450106b50004b600034233141800004300000f000003f10000a6cdc700000000100110e2070000000182c5dca138001ea5ad8d0f1880b2000e012a0d0000000e05ef00f0001505c800450106b50005b600034233141800004300000f000003f10000a6cdc700000000100110e2070000000182c5d9e218011ea5ad8d0f1880b2000d012a0e0000f60f06ef00f0001505c8004501f60106b50005b600034233141800004300000f000003f10000a6cdc700000000100110e2070000000182c5d9a398001ea5ad8d0f1880b2000d012a0d0000000e05ef00f0001505c800450106b50005b600034233141800004300000f000003f10000a6cdc700000000100110e2070000000182c5d6e478001ea5ad8d0f1880b2000d012a0d0000000e05ef00f0001505c800450106b50005b600034233111800004300000f000003f10000a6cdc700000000100110e2070000000182c5d42558011ea5ad8d0f1880b2000d012a0e0000f60f06ef00f0001505c8004501f60106b50005b600034233141800004300000f000003f10000a6cdc700000000100110e2070000000182c5d22988001ea5ad8d0f1880b2000d012a0e0000000e05ef00f0001505c800450106b50006b6000342330e1800004300000f000003f10000a6cdc700000000100110e2070000000182c5cf6a68001ea5ad8d0f1880b2000d012a0d0000f00e05ef00f0001505c800450106b50005b6000342333e1800004300000f000003f10000a6cdc700000000100110e2070000000182c5cf4f10001ea5ad8d0f1880b2000d012a0d0000000e05ef00f0011505c800450106b50005b600034233141800004300000f000003f10000a6cdc700000000100110e2070000000182c5cf2800001ea5ad8d0f1880b2000d012a0d0000000e05ef00f0011505c800450106b50005b600034233371800004300000f000003f10000a6cdc700000000100110e2070000000182c5cf00f0001ea5ad8d0f1880b2000d012a0d0000000e05ef00f0011505c800450106b50005b600034233141800004300000f000003f10000a6cdc700000000100110e2070000000182c5ced9e0001ea5ad8d0f1880b2000d012a0d0000000e05ef00f0011505c800450106b50005b600034233301800004300000f000003f10000a6cdc700000000100110e2070000000182c5ceb2d0001ea5add00f18800b000a01180e0006000e05ef00f0011505c800450106b50005b600034233151800064300000f000003f10000a6cdc700000000100110e2040000000182c5ce8bc0001ea5af710f18800b000800a00c0000000e05ef00f0011505c800450106b50005b600034233261800004300000f000003f10000a6cdc700000000100110e1ff0011000010e4"1661185880685632213'
DEBUG:influxdb_client.client.http:>>> Body: b'gps_data,imei=860147042649242 raw_data="00000000000004e2081100000182c5e51d18001ea5aeca0f187d2e000e00bf0e0000000e05ef00f0001505c800450106b50005b600034233131800004300000f000003f10000a6cdc700000000100110e2070000000182c5e25df8001ea5aeca0f187d2e000e00bf0c0000000e05ef00f0001505c800450106b50005b600034233141800004300000f000003f10000a6cdc700000000100110e2070000000182c5df9ed8011ea5ad8d0f1880b2000e012a0c0000f60f06ef00f0001505c8004501f60106b50005b600034233141800004300000f000003f10000a6cdc700000000100110e2070000000182c5df6058001ea5ad8d0f1880b2000e012a0f0000000e05ef00f0001505c800450106b50004b600034233141800004300000f000003f10000a6cdc700000000100110e2070000000182c5dca138001ea5ad8d0f1880b2000e012a0d0000000e05ef00f0001505c800450106b50005b600034233141800004300000f000003f10000a6cdc700000000100110e2070000000182c5d9e218011ea5ad8d0f1880b2000d012a0e0000f60f06ef00f0001505c8004501f60106b50005b600034233141800004300000f000003f10000a6cdc700000000100110e2070000000182c5d9a398001ea5ad8d0f1880b2000d012a0d0000000e05ef00f0001505c800450106b50005b600034233141800004300000f000003f10000a6cdc700000000100110e2070000000182c5d6e478001ea5ad8d0f1880b2000d012a0d0000000e05ef00f0001505c800450106b50005b600034233111800004300000f000003f10000a6cdc700000000100110e2070000000182c5d42558011ea5ad8d0f1880b2000d012a0e0000f60f06ef00f0001505c8004501f60106b50005b600034233141800004300000f000003f10000a6cdc700000000100110e2070000000182c5d22988001ea5ad8d0f1880b2000d012a0e0000000e05ef00f0001505c800450106b50006b6000342330e1800004300000f000003f10000a6cdc700000000100110e2070000000182c5cf6a68001ea5ad8d0f1880b2000d012a0d0000f00e05ef00f0001505c800450106b50005b6000342333e1800004300000f000003f10000a6cdc700000000100110e2070000000182c5cf4f10001ea5ad8d0f1880b2000d012a0d0000000e05ef00f0011505c800450106b50005b600034233141800004300000f000003f10000a6cdc700000000100110e2070000000182c5cf2800001ea5ad8d0f1880b2000d012a0d0000000e05ef00f0011505c800450106b50005b600034233371800004300000f000003f10000a6cdc700000000100110e2070000000182c5cf00f0001ea5ad8d0f1880b2000d012a0d0000000e05ef00f0011505c800450106b50005b600034233141800004300000f000003f10000a6cdc700000000100110e2070000000182c5ced9e0001ea5ad8d0f1880b2000d012a0d0000000e05ef00f0011505c800450106b50005b600034233301800004300000f000003f10000a6cdc700000000100110e2070000000182c5ceb2d0001ea5add00f18800b000a01180e0006000e05ef00f0011505c800450106b50005b600034233151800064300000f000003f10000a6cdc700000000100110e2040000000182c5ce8bc0001ea5af710f18800b000800a00c0000000e05ef00f0011505c800450106b50005b600034233261800004300000f000003f10000a6cdc700000000100110e1ff0011000010e4"1661185880685632213'
DEBUG:urllib3.util.retry:Converted retries value: False -> Retry(total=False, connect=None, read=None, redirect=0, status=None)
DEBUG:urllib3.connectionpool:http://172.21.0.2:8086 "POST /api/v2/write?org=qeeri&bucket=gps&precision=ns HTTP/1.1" 204 0
<<< Response: 204
DEBUG:influxdb_client.client.http:<<< Response: 204
<<< Date: Mon, 22 Aug 2022 16:31:20 GMT
DEBUG:influxdb_client.client.http:<<< Date: Mon, 22 Aug 2022 16:31:20 GMT
<<< Body: 
DEBUG:influxdb_client.client.http:<<< Body: 
INFO:root:Lock released by860147042649242
hello
INFO:root:[ACTIVE CONNECTIONS] 1
INFO:root:2022-08-22 16:31:20.758157
INFO:root:the length of handshake message is 17
this is the imei  860147042636678
hello
hello
INFO:root:[ACTIVE CONNECTIONS] 2
INFO:root:2022-08-22 16:31:21.491637
INFO:root:the length of handshake message is 17
this is the imei  860147042626570
hello
hello
INFO:root:[ACTIVE CONNECTIONS] 3
INFO:root:2022-08-22 16:31:22.037772
INFO:root:the length of handshake message is 17
this is the imei  860147042626836
hello
INFO:root:length of packet 1259
INFO:root:00000000000004de081100000182c64559d0001eab76060f153991000400bd0d004f000e05ef00f0011503c800450106b50005b6000342342118004f4300000f000003f10000a6cdc70000000010022587a40000000182c64532c0001eab6fa40f1587a0000200a00f0052000e05ef00f0011505c800450106b50004b6000342341e1800524300000f000003f10000a6cdc70000000010022586c30000000182c6450bb0001eab45630f15cfe4000000960f0056000e05ef00f0011505c800450106b50005b600034234231800564300000f000003f10000a6cdc70000000010022585d90000000182c644e4a0001eab14b10f16154b000000940f0050000e05ef00f0011505c800450106b50004b6000342341d1800504300000f000003f10000a6cdc70000000010022584f00000000182c644bd90001eaaec640f165388000300960f003d000e05ef00f0011505c800450106b50004b6000342341818003d4300000f000003f10000a6cdc70000000010022584220000000182c6449680001eaad9400f16747a000400960f0007000e05ef00f0011505c800450106b50004b6000342341d1800074300000f000003f10000a6cdc70000000010022583b80000000182c6446f70001eaad91f0f167510000400970f0000000e05ef00f0011505c800450106b50004b600034233c21800004300000f000003f10000a6cdc70000000010022583b40000000182c6444860001eaad91f0f167510000400970f0000000e05ef00f0011505c800450106b50004b600034233dd1800004300000f000003f10000a6cdc70000000010022583b40000000182c6442150011eaad74c0f1678830004009a0e0017f60f06ef00f0011505c8004501f60106b50006b600034233c31800174300000f000003f10000a6cdc70000000010022583ac0000000182c6440210001eaac48c0f1699a6000500950d002e000e05ef00f0011505c800450106b50005b6000342340e18002e4300000f000003f10000a6cdc70000000010022583420000000182c643db00001eaaae380f16b091000800480e0014000e05ef00f0011505c800450106b50006b600034233f21800144300000f000003f10000a6cdc70000000010022582e60000000182c643b3f0001eaaa4100f16a411000401660e000e000e05ef00f0011505c800450106b50006b6000342342518000e4300000f000003f10000a6cdc70000000010022582b80000000182c6438ce0001eaaa9130f169780000601620e0015000e05ef00f0011505c800450106b50006b6000342342c1800154300000f000003f10000a6cdc70000000010022582910000000182c64365d0001eaaa3480f168b750002003b0e0016000e05ef00f0011505c800450106b50006b600034234591800164300000f000003f10000a6cdc700000000100225826a0000000182c6433ec0001eaa8d460f168bc8ffff00480e000e000e05ef00f0011504c800450106b50006b6000342345518000e4300000f000003f10000a6cdc700000000100225822f0000000182c64317b0001eaa79490f1682abfff9003c0d0010000e05ef00f0011504c800450106b50006b600034234411800104300000f000003f10000a6cdc70000000010022581f50000000182c642f0a0001eaa6a820f168b32fffd00980d0011000e05ef00f0011504c800450106b50006b6000342343b1800114300000f000003f10000a6cdc70000000010022581be001100000c5e
INFO:root:gps_data,imei=860147042636678 raw_data="00000000000004de081100000182c64559d0001eab76060f153991000400bd0d004f000e05ef00f0011503c800450106b50005b6000342342118004f4300000f000003f10000a6cdc70000000010022587a40000000182c64532c0001eab6fa40f1587a0000200a00f0052000e05ef00f0011505c800450106b50004b6000342341e1800524300000f000003f10000a6cdc70000000010022586c30000000182c6450bb0001eab45630f15cfe4000000960f0056000e05ef00f0011505c800450106b50005b600034234231800564300000f000003f10000a6cdc70000000010022585d90000000182c644e4a0001eab14b10f16154b000000940f0050000e05ef00f0011505c800450106b50004b6000342341d1800504300000f000003f10000a6cdc70000000010022584f00000000182c644bd90001eaaec640f165388000300960f003d000e05ef00f0011505c800450106b50004b6000342341818003d4300000f000003f10000a6cdc70000000010022584220000000182c6449680001eaad9400f16747a000400960f0007000e05ef00f0011505c800450106b50004b6000342341d1800074300000f000003f10000a6cdc70000000010022583b80000000182c6446f70001eaad91f0f167510000400970f0000000e05ef00f0011505c800450106b50004b600034233c21800004300000f000003f10000a6cdc70000000010022583b40000000182c6444860001eaad91f0f167510000400970f0000000e05ef00f0011505c800450106b50004b600034233dd1800004300000f000003f10000a6cdc70000000010022583b40000000182c6442150011eaad74c0f1678830004009a0e0017f60f06ef00f0011505c8004501f60106b50006b600034233c31800174300000f000003f10000a6cdc70000000010022583ac0000000182c6440210001eaac48c0f1699a6000500950d002e000e05ef00f0011505c800450106b50005b6000342340e18002e4300000f000003f10000a6cdc70000000010022583420000000182c643db00001eaaae380f16b091000800480e0014000e05ef00f0011505c800450106b50006b600034233f21800144300000f000003f10000a6cdc70000000010022582e60000000182c643b3f0001eaaa4100f16a411000401660e000e000e05ef00f0011505c800450106b50006b6000342342518000e4300000f000003f10000a6cdc70000000010022582b80000000182c6438ce0001eaaa9130f169780000601620e0015000e05ef00f0011505c800450106b50006b6000342342c1800154300000f000003f10000a6cdc70000000010022582910000000182c64365d0001eaaa3480f168b750002003b0e0016000e05ef00f0011505c800450106b50006b600034234591800164300000f000003f10000a6cdc700000000100225826a0000000182c6433ec0001eaa8d460f168bc8ffff00480e000e000e05ef00f0011504c800450106b50006b6000342345518000e4300000f000003f10000a6cdc700000000100225822f0000000182c64317b0001eaa79490f1682abfff9003c0d0010000e05ef00f0011504c800450106b50006b600034234411800104300000f000003f10000a6cdc70000000010022581f50000000182c642f0a0001eaa6a820f168b32fffd00980d0011000e05ef00f0011504c800450106b50006b6000342343b1800114300000f000003f10000a6cdc70000000010022581be001100000c5e"1661185882491172568
INFO:root:Lock acquired by860147042636678
>>> Request: 'POST http://172.21.0.2:8086/api/v2/write?org=qeeri&bucket=gps&precision=ns'
DEBUG:influxdb_client.client.http:>>> Request: 'POST http://172.21.0.2:8086/api/v2/write?org=qeeri&bucket=gps&precision=ns'
>>> Content-Encoding: identity
DEBUG:influxdb_client.client.http:>>> Content-Encoding: identity
>>> Content-Type: text/plain
DEBUG:influxdb_client.client.http:>>> Content-Type: text/plain
>>> Accept: application/json
DEBUG:influxdb_client.client.http:>>> Accept: application/json
>>> Authorization: ***
DEBUG:influxdb_client.client.http:>>> Authorization: ***
>>> User-Agent: influxdb-client-python/1.31.0
DEBUG:influxdb_client.client.http:>>> User-Agent: influxdb-client-python/1.31.0
>>> Body: b'gps_data,imei=860147042636678 raw_data="00000000000004de081100000182c64559d0001eab76060f153991000400bd0d004f000e05ef00f0011503c800450106b50005b6000342342118004f4300000f000003f10000a6cdc70000000010022587a40000000182c64532c0001eab6fa40f1587a0000200a00f0052000e05ef00f0011505c800450106b50004b6000342341e1800524300000f000003f10000a6cdc70000000010022586c30000000182c6450bb0001eab45630f15cfe4000000960f0056000e05ef00f0011505c800450106b50005b600034234231800564300000f000003f10000a6cdc70000000010022585d90000000182c644e4a0001eab14b10f16154b000000940f0050000e05ef00f0011505c800450106b50004b6000342341d1800504300000f000003f10000a6cdc70000000010022584f00000000182c644bd90001eaaec640f165388000300960f003d000e05ef00f0011505c800450106b50004b6000342341818003d4300000f000003f10000a6cdc70000000010022584220000000182c6449680001eaad9400f16747a000400960f0007000e05ef00f0011505c800450106b50004b6000342341d1800074300000f000003f10000a6cdc70000000010022583b80000000182c6446f70001eaad91f0f167510000400970f0000000e05ef00f0011505c800450106b50004b600034233c21800004300000f000003f10000a6cdc70000000010022583b40000000182c6444860001eaad91f0f167510000400970f0000000e05ef00f0011505c800450106b50004b600034233dd1800004300000f000003f10000a6cdc70000000010022583b40000000182c6442150011eaad74c0f1678830004009a0e0017f60f06ef00f0011505c8004501f60106b50006b600034233c31800174300000f000003f10000a6cdc70000000010022583ac0000000182c6440210001eaac48c0f1699a6000500950d002e000e05ef00f0011505c800450106b50005b6000342340e18002e4300000f000003f10000a6cdc70000000010022583420000000182c643db00001eaaae380f16b091000800480e0014000e05ef00f0011505c800450106b50006b600034233f21800144300000f000003f10000a6cdc70000000010022582e60000000182c643b3f0001eaaa4100f16a411000401660e000e000e05ef00f0011505c800450106b50006b6000342342518000e4300000f000003f10000a6cdc70000000010022582b80000000182c6438ce0001eaaa9130f169780000601620e0015000e05ef00f0011505c800450106b50006b6000342342c1800154300000f000003f10000a6cdc70000000010022582910000000182c64365d0001eaaa3480f168b750002003b0e0016000e05ef00f0011505c800450106b50006b600034234591800164300000f000003f10000a6cdc700000000100225826a0000000182c6433ec0001eaa8d460f168bc8ffff00480e000e000e05ef00f0011504c800450106b50006b6000342345518000e4300000f000003f10000a6cdc700000000100225822f0000000182c64317b0001eaa79490f1682abfff9003c0d0010000e05ef00f0011504c800450106b50006b600034234411800104300000f000003f10000a6cdc70000000010022581f50000000182c642f0a0001eaa6a820f168b32fffd00980d0011000e05ef00f0011504c800450106b50006b6000342343b1800114300000f000003f10000a6cdc70000000010022581be001100000c5e"1661185882491172568'
DEBUG:influxdb_client.client.http:>>> Body: b'gps_data,imei=860147042636678 raw_data="00000000000004de081100000182c64559d0001eab76060f153991000400bd0d004f000e05ef00f0011503c800450106b50005b6000342342118004f4300000f000003f10000a6cdc70000000010022587a40000000182c64532c0001eab6fa40f1587a0000200a00f0052000e05ef00f0011505c800450106b50004b6000342341e1800524300000f000003f10000a6cdc70000000010022586c30000000182c6450bb0001eab45630f15cfe4000000960f0056000e05ef00f0011505c800450106b50005b600034234231800564300000f000003f10000a6cdc70000000010022585d90000000182c644e4a0001eab14b10f16154b000000940f0050000e05ef00f0011505c800450106b50004b6000342341d1800504300000f000003f10000a6cdc70000000010022584f00000000182c644bd90001eaaec640f165388000300960f003d000e05ef00f0011505c800450106b50004b6000342341818003d4300000f000003f10000a6cdc70000000010022584220000000182c6449680001eaad9400f16747a000400960f0007000e05ef00f0011505c800450106b50004b6000342341d1800074300000f000003f10000a6cdc70000000010022583b80000000182c6446f70001eaad91f0f167510000400970f0000000e05ef00f0011505c800450106b50004b600034233c21800004300000f000003f10000a6cdc70000000010022583b40000000182c6444860001eaad91f0f167510000400970f0000000e05ef00f0011505c800450106b50004b600034233dd1800004300000f000003f10000a6cdc70000000010022583b40000000182c6442150011eaad74c0f1678830004009a0e0017f60f06ef00f0011505c8004501f60106b50006b600034233c31800174300000f000003f10000a6cdc70000000010022583ac0000000182c6440210001eaac48c0f1699a6000500950d002e000e05ef00f0011505c800450106b50005b6000342340e18002e4300000f000003f10000a6cdc70000000010022583420000000182c643db00001eaaae380f16b091000800480e0014000e05ef00f0011505c800450106b50006b600034233f21800144300000f000003f10000a6cdc70000000010022582e60000000182c643b3f0001eaaa4100f16a411000401660e000e000e05ef00f0011505c800450106b50006b6000342342518000e4300000f000003f10000a6cdc70000000010022582b80000000182c6438ce0001eaaa9130f169780000601620e0015000e05ef00f0011505c800450106b50006b6000342342c1800154300000f000003f10000a6cdc70000000010022582910000000182c64365d0001eaaa3480f168b750002003b0e0016000e05ef00f0011505c800450106b50006b600034234591800164300000f000003f10000a6cdc700000000100225826a0000000182c6433ec0001eaa8d460f168bc8ffff00480e000e000e05ef00f0011504c800450106b50006b6000342345518000e4300000f000003f10000a6cdc700000000100225822f0000000182c64317b0001eaa79490f1682abfff9003c0d0010000e05ef00f0011504c800450106b50006b600034234411800104300000f000003f10000a6cdc70000000010022581f50000000182c642f0a0001eaa6a820f168b32fffd00980d0011000e05ef00f0011504c800450106b50006b6000342343b1800114300000f000003f10000a6cdc70000000010022581be001100000c5e"1661185882491172568'
DEBUG:urllib3.util.retry:Converted retries value: False -> Retry(total=False, connect=None, read=None, redirect=0, status=None)
DEBUG:urllib3.connectionpool:http://172.21.0.2:8086 "POST /api/v2/write?org=qeeri&bucket=gps&precision=ns HTTP/1.1" 204 0
<<< Response: 204
DEBUG:influxdb_client.client.http:<<< Response: 204
<<< Date: Mon, 22 Aug 2022 16:31:22 GMT
DEBUG:influxdb_client.client.http:<<< Date: Mon, 22 Aug 2022 16:31:22 GMT
<<< Body: 
DEBUG:influxdb_client.client.http:<<< Body: 
INFO:root:Lock released by860147042636678
INFO:root:length of packet 1196
INFO:root:000000000000049f080a00000182c630d000001eb35e910f1138700005004109000000200eef00f0011504c80045011e001f2b205a21002500260c2738326435380fb50005b600044236731800004300000f00002402dc2802d32a05d72b000031396433335834001836000037618803f10000a6cdc70000000010002fd8e50000000182c630a8f0001eb35e910f1138700005004109000000200eef00f0011504c80045011e001f22205a21fc250026112738326435380fb50005b600034236551800004300000f00002402482801a12a05cd2b000031396433334534001136000037618803f10000a6cdc70000000010002fd8e50000000182c63081e0001eb35e3e0f1138910006004109000000200eef00f0011504c80045011e001f2e205921002504260c2737326435380fb5000ab6000442366c1800004300000f00002402ef28030b2a05c42b000031396433336c34001936000037618803f10000a6cdc70000000010002fd8e50000000182c6305ad0001eb33c0f0f112ca7000b004509003600200eef00f0011504c80045011e001f1d205a21002535260f2737326435370fb50009b6000442369e1800364300000f00002403e92802852a05ba2b000031396433335834000f36000037618803f10000a6cdc70000000010002fd8880000000182c63033c0001eb305810f111a4b000e004a08002200200eef00f0011504c80045011e001f5a20592100252826122736326435360fb50006b600044236bc1800224300000f000024089d2815ec2a05b02b000031396433335834004336000037618803f10000a6cdc70000000010002fd7f20000000182c6300cb0001eb2deb40f110f290011004a08003b00200eef00f0011504c80045011e001f1a20592100253c26162737326435370fb50005b600044236a218003b4300000f000024049b2803752a05a62b000031396433337f34001136000037618803f10000a6cdc70000000010002fd78a0000000182c62fe5a0001eb2ad8c0f110586001200510b001700200eef00f0011504c80045011e001f5220592100251926142739326435390fb50007b600034236bc1800174300000f000024082b2811d82a059c2b000031396433336c34003836000037618803f10000a6cdc70000000010002fd7080000000182c62fbe90001eb2a75d0f110691001400550a000000200eef00f0011504c80045011e001f2b205a21012500260b273a3264353a0fb50005b6000342366d1800004300000f00002402d52802ce2a05922b000031396433334534001836000037618703f10000a6cdc70000000010002fd6f40000000182c62f9780001eb2a75d0f110691001400550a000000200eef00f0011504c80045011e001f22205a21fe2500260d273b3264353b0fb50005b600034236451800004300000f000024023b2801972a05892b000031396433331d34001136000037618703f10000a6cdc70000000010002fd6f40000000182c62f7070001eb2a75d0f1106910014005509000000200eef00f0011504c80045011e001f2b205a21ff2500260e273a3264353a0fb50005b600044236731800004300000f00002402d82802cb2a057f2b000031396433336c34001836000037618703f10000a6cdc70000000010002fd6f4000a0000ba23
INFO:root:gps_data,imei=860147042626570 raw_data="000000000000049f080a00000182c630d000001eb35e910f1138700005004109000000200eef00f0011504c80045011e001f2b205a21002500260c2738326435380fb50005b600044236731800004300000f00002402dc2802d32a05d72b000031396433335834001836000037618803f10000a6cdc70000000010002fd8e50000000182c630a8f0001eb35e910f1138700005004109000000200eef00f0011504c80045011e001f22205a21fc250026112738326435380fb50005b600034236551800004300000f00002402482801a12a05cd2b000031396433334534001136000037618803f10000a6cdc70000000010002fd8e50000000182c63081e0001eb35e3e0f1138910006004109000000200eef00f0011504c80045011e001f2e205921002504260c2737326435380fb5000ab6000442366c1800004300000f00002402ef28030b2a05c42b000031396433336c34001936000037618803f10000a6cdc70000000010002fd8e50000000182c6305ad0001eb33c0f0f112ca7000b004509003600200eef00f0011504c80045011e001f1d205a21002535260f2737326435370fb50009b6000442369e1800364300000f00002403e92802852a05ba2b000031396433335834000f36000037618803f10000a6cdc70000000010002fd8880000000182c63033c0001eb305810f111a4b000e004a08002200200eef00f0011504c80045011e001f5a20592100252826122736326435360fb50006b600044236bc1800224300000f000024089d2815ec2a05b02b000031396433335834004336000037618803f10000a6cdc70000000010002fd7f20000000182c6300cb0001eb2deb40f110f290011004a08003b00200eef00f0011504c80045011e001f1a20592100253c26162737326435370fb50005b600044236a218003b4300000f000024049b2803752a05a62b000031396433337f34001136000037618803f10000a6cdc70000000010002fd78a0000000182c62fe5a0001eb2ad8c0f110586001200510b001700200eef00f0011504c80045011e001f5220592100251926142739326435390fb50007b600034236bc1800174300000f000024082b2811d82a059c2b000031396433336c34003836000037618803f10000a6cdc70000000010002fd7080000000182c62fbe90001eb2a75d0f110691001400550a000000200eef00f0011504c80045011e001f2b205a21012500260b273a3264353a0fb50005b6000342366d1800004300000f00002402d52802ce2a05922b000031396433334534001836000037618703f10000a6cdc70000000010002fd6f40000000182c62f9780001eb2a75d0f110691001400550a000000200eef00f0011504c80045011e001f22205a21fe2500260d273b3264353b0fb50005b600034236451800004300000f000024023b2801972a05892b000031396433331d34001136000037618703f10000a6cdc70000000010002fd6f40000000182c62f7070001eb2a75d0f1106910014005509000000200eef00f0011504c80045011e001f2b205a21ff2500260e273a3264353a0fb50005b600044236731800004300000f00002402d82802cb2a057f2b000031396433336c34001836000037618703f10000a6cdc70000000010002fd6f4000a0000ba23"1661185882984037446
INFO:root:Lock acquired by860147042626570
>>> Request: 'POST http://172.21.0.2:8086/api/v2/write?org=qeeri&bucket=gps&precision=ns'
DEBUG:influxdb_client.client.http:>>> Request: 'POST http://172.21.0.2:8086/api/v2/write?org=qeeri&bucket=gps&precision=ns'
>>> Content-Encoding: identity
DEBUG:influxdb_client.client.http:>>> Content-Encoding: identity
>>> Content-Type: text/plain
DEBUG:influxdb_client.client.http:>>> Content-Type: text/plain
>>> Accept: application/json
DEBUG:influxdb_client.client.http:>>> Accept: application/json
>>> Authorization: ***
DEBUG:influxdb_client.client.http:>>> Authorization: ***
>>> User-Agent: influxdb-client-python/1.31.0
DEBUG:influxdb_client.client.http:>>> User-Agent: influxdb-client-python/1.31.0
>>> Body: b'gps_data,imei=860147042626570 raw_data="000000000000049f080a00000182c630d000001eb35e910f1138700005004109000000200eef00f0011504c80045011e001f2b205a21002500260c2738326435380fb50005b600044236731800004300000f00002402dc2802d32a05d72b000031396433335834001836000037618803f10000a6cdc70000000010002fd8e50000000182c630a8f0001eb35e910f1138700005004109000000200eef00f0011504c80045011e001f22205a21fc250026112738326435380fb50005b600034236551800004300000f00002402482801a12a05cd2b000031396433334534001136000037618803f10000a6cdc70000000010002fd8e50000000182c63081e0001eb35e3e0f1138910006004109000000200eef00f0011504c80045011e001f2e205921002504260c2737326435380fb5000ab6000442366c1800004300000f00002402ef28030b2a05c42b000031396433336c34001936000037618803f10000a6cdc70000000010002fd8e50000000182c6305ad0001eb33c0f0f112ca7000b004509003600200eef00f0011504c80045011e001f1d205a21002535260f2737326435370fb50009b6000442369e1800364300000f00002403e92802852a05ba2b000031396433335834000f36000037618803f10000a6cdc70000000010002fd8880000000182c63033c0001eb305810f111a4b000e004a08002200200eef00f0011504c80045011e001f5a20592100252826122736326435360fb50006b600044236bc1800224300000f000024089d2815ec2a05b02b000031396433335834004336000037618803f10000a6cdc70000000010002fd7f20000000182c6300cb0001eb2deb40f110f290011004a08003b00200eef00f0011504c80045011e001f1a20592100253c26162737326435370fb50005b600044236a218003b4300000f000024049b2803752a05a62b000031396433337f34001136000037618803f10000a6cdc70000000010002fd78a0000000182c62fe5a0001eb2ad8c0f110586001200510b001700200eef00f0011504c80045011e001f5220592100251926142739326435390fb50007b600034236bc1800174300000f000024082b2811d82a059c2b000031396433336c34003836000037618803f10000a6cdc70000000010002fd7080000000182c62fbe90001eb2a75d0f110691001400550a000000200eef00f0011504c80045011e001f2b205a21012500260b273a3264353a0fb50005b6000342366d1800004300000f00002402d52802ce2a05922b000031396433334534001836000037618703f10000a6cdc70000000010002fd6f40000000182c62f9780001eb2a75d0f110691001400550a000000200eef00f0011504c80045011e001f22205a21fe2500260d273b3264353b0fb50005b600034236451800004300000f000024023b2801972a05892b000031396433331d34001136000037618703f10000a6cdc70000000010002fd6f40000000182c62f7070001eb2a75d0f1106910014005509000000200eef00f0011504c80045011e001f2b205a21ff2500260e273a3264353a0fb50005b600044236731800004300000f00002402d82802cb2a057f2b000031396433336c34001836000037618703f10000a6cdc70000000010002fd6f4000a0000ba23"1661185882984037446'
DEBUG:influxdb_client.client.http:>>> Body: b'gps_data,imei=860147042626570 raw_data="000000000000049f080a00000182c630d000001eb35e910f1138700005004109000000200eef00f0011504c80045011e001f2b205a21002500260c2738326435380fb50005b600044236731800004300000f00002402dc2802d32a05d72b000031396433335834001836000037618803f10000a6cdc70000000010002fd8e50000000182c630a8f0001eb35e910f1138700005004109000000200eef00f0011504c80045011e001f22205a21fc250026112738326435380fb50005b600034236551800004300000f00002402482801a12a05cd2b000031396433334534001136000037618803f10000a6cdc70000000010002fd8e50000000182c63081e0001eb35e3e0f1138910006004109000000200eef00f0011504c80045011e001f2e205921002504260c2737326435380fb5000ab6000442366c1800004300000f00002402ef28030b2a05c42b000031396433336c34001936000037618803f10000a6cdc70000000010002fd8e50000000182c6305ad0001eb33c0f0f112ca7000b004509003600200eef00f0011504c80045011e001f1d205a21002535260f2737326435370fb50009b6000442369e1800364300000f00002403e92802852a05ba2b000031396433335834000f36000037618803f10000a6cdc70000000010002fd8880000000182c63033c0001eb305810f111a4b000e004a08002200200eef00f0011504c80045011e001f5a20592100252826122736326435360fb50006b600044236bc1800224300000f000024089d2815ec2a05b02b000031396433335834004336000037618803f10000a6cdc70000000010002fd7f20000000182c6300cb0001eb2deb40f110f290011004a08003b00200eef00f0011504c80045011e001f1a20592100253c26162737326435370fb50005b600044236a218003b4300000f000024049b2803752a05a62b000031396433337f34001136000037618803f10000a6cdc70000000010002fd78a0000000182c62fe5a0001eb2ad8c0f110586001200510b001700200eef00f0011504c80045011e001f5220592100251926142739326435390fb50007b600034236bc1800174300000f000024082b2811d82a059c2b000031396433336c34003836000037618803f10000a6cdc70000000010002fd7080000000182c62fbe90001eb2a75d0f110691001400550a000000200eef00f0011504c80045011e001f2b205a21012500260b273a3264353a0fb50005b6000342366d1800004300000f00002402d52802ce2a05922b000031396433334534001836000037618703f10000a6cdc70000000010002fd6f40000000182c62f9780001eb2a75d0f110691001400550a000000200eef00f0011504c80045011e001f22205a21fe2500260d273b3264353b0fb50005b600034236451800004300000f000024023b2801972a05892b000031396433331d34001136000037618703f10000a6cdc70000000010002fd6f40000000182c62f7070001eb2a75d0f1106910014005509000000200eef00f0011504c80045011e001f2b205a21ff2500260e273a3264353a0fb50005b600044236731800004300000f00002402d82802cb2a057f2b000031396433336c34001836000037618703f10000a6cdc70000000010002fd6f4000a0000ba23"1661185882984037446'
DEBUG:urllib3.util.retry:Converted retries value: False -> Retry(total=False, connect=None, read=None, redirect=0, status=None)
DEBUG:urllib3.connectionpool:http://172.21.0.2:8086 "POST /api/v2/write?org=qeeri&bucket=gps&precision=ns HTTP/1.1" 204 0
<<< Response: 204
DEBUG:influxdb_client.client.http:<<< Response: 204
<<< Date: Mon, 22 Aug 2022 16:31:23 GMT
DEBUG:influxdb_client.client.http:<<< Date: Mon, 22 Aug 2022 16:31:23 GMT
<<< Body: 
DEBUG:influxdb_client.client.http:<<< Body: 
INFO:root:Lock released by860147042626570
hello
INFO:root:[ACTIVE CONNECTIONS] 2
INFO:root:2022-08-22 16:31:24.012605
INFO:root:the length of handshake message is 17
this is the imei  350424067190346
hello
INFO:root:length of packet 1257
INFO:root:00000000000004dc081100000182c5d1b458001ea82ff00f1881ff000201270e0000000e05ef00f0011505c800450106b50004b600034233c91800004300000f000003f10000a6cdc70000000010012413750000000182c5d18d48001ea82ff00f1881ff000201270e0000000e05ef00f0011504c800450106b50004b600034234511800004300000f000003f10000a6cdc70000000010012413750000000182c5d16638001ea82ff00f1881ff000201270e0000000e05ef00f0011504c800450106b50004b600034234be1800004300000f000003f10000a6cdc70000000010012413750000000182c5d13f28001ea82ff00f1881ff000201270d0000000e05ef00f0011504c800450106b50005b600034235b51800004300000f000003f10000a6cdc70000000010012413750000000182c5d11818001ea836940f187fe90001010f0d0018000e05ef00f0011504c800450106b50006b600034235d91800184300000f000003f10000a6cdc70000000010012413630000000182c5d0f108001ea851eb0f187e8c000001140e0017000e05ef00f0011504c800450106b50006b600034236281800174300000f000003f10000a6cdc700000000100124131c0000000182c5d0c9f8001ea863a10f1894bf000000be0d001f000e05ef00f0011504c800450106b50005b6000342367518001f4300000f000003f10000a6cdc70000000010012412bc0000000182c5d0a2e8001ea860d40f18a3c9000400630e001f000e05ef00f0011501c800450106b50005b600034235a018001f4300000f000003f10000a6cdc70000000010012412840000000182c5d07bd8001ea8295c0f189eb5000200500d0041000e05ef00f0011501c800450106b50006b600034236961800414300000f000003f10000a6cdc70000000010012411f40000000182c5d054c8001ea7e1080f18945b000400520c003c000e05ef00f0011501c800450106b50006b6000342368518003c4300000f000003f10000a6cdc70000000010012411380000000182c5d02db8001ea7ac090f188dc8000a00590e001e000e05ef00f0011503c800450106b50006b6000342367c18001e4300000f000003f10000a6cdc70000000010012410ae0000000182c5d006a8001ea78c330f1890410009005d0e0020000e05ef00f0011503c800450106b50005b6000342369a1800204300000f000003f10000a6cdc700000000100124105b0000000182c5cfdf98001ea785c10f18a10d000600d30e0019000e05ef00f0011503c800450106b50006b600034236021800194300000f000003f10000a6cdc70000000010012410160000000182c5cfb888001ea794aa0f18b88d000800cd0e0014000e05ef00f0011503c800450106b50006b600034236901800144300000f000003f10000a6cdc7000000001001240fc80000000182c5cf9178001ea7a0a40f18c67c000a00e80e0012000e05ef00f0011503c800450106b50006b600034236651800124300000f000003f10000a6cdc7000000001001240f950000000182c5cf6a68001ea7a1e10f18ce4c000900660e0013000e05ef00f0011503c800450106b50005b6000342363c1800134300000f000003f10000a6cdc7000000001001240f740000000182c5cf4358001ea775ac0f18d512000800630e0037000e05ef00f0011503c800450106b50006b600034236ba1800374300000f000003f10000a6cdc7000000001001240f010011000004ae
INFO:root:gps_data,imei=860147042626836 raw_data="00000000000004dc081100000182c5d1b458001ea82ff00f1881ff000201270e0000000e05ef00f0011505c800450106b50004b600034233c91800004300000f000003f10000a6cdc70000000010012413750000000182c5d18d48001ea82ff00f1881ff000201270e0000000e05ef00f0011504c800450106b50004b600034234511800004300000f000003f10000a6cdc70000000010012413750000000182c5d16638001ea82ff00f1881ff000201270e0000000e05ef00f0011504c800450106b50004b600034234be1800004300000f000003f10000a6cdc70000000010012413750000000182c5d13f28001ea82ff00f1881ff000201270d0000000e05ef00f0011504c800450106b50005b600034235b51800004300000f000003f10000a6cdc70000000010012413750000000182c5d11818001ea836940f187fe90001010f0d0018000e05ef00f0011504c800450106b50006b600034235d91800184300000f000003f10000a6cdc70000000010012413630000000182c5d0f108001ea851eb0f187e8c000001140e0017000e05ef00f0011504c800450106b50006b600034236281800174300000f000003f10000a6cdc700000000100124131c0000000182c5d0c9f8001ea863a10f1894bf000000be0d001f000e05ef00f0011504c800450106b50005b6000342367518001f4300000f000003f10000a6cdc70000000010012412bc0000000182c5d0a2e8001ea860d40f18a3c9000400630e001f000e05ef00f0011501c800450106b50005b600034235a018001f4300000f000003f10000a6cdc70000000010012412840000000182c5d07bd8001ea8295c0f189eb5000200500d0041000e05ef00f0011501c800450106b50006b600034236961800414300000f000003f10000a6cdc70000000010012411f40000000182c5d054c8001ea7e1080f18945b000400520c003c000e05ef00f0011501c800450106b50006b6000342368518003c4300000f000003f10000a6cdc70000000010012411380000000182c5d02db8001ea7ac090f188dc8000a00590e001e000e05ef00f0011503c800450106b50006b6000342367c18001e4300000f000003f10000a6cdc70000000010012410ae0000000182c5d006a8001ea78c330f1890410009005d0e0020000e05ef00f0011503c800450106b50005b6000342369a1800204300000f000003f10000a6cdc700000000100124105b0000000182c5cfdf98001ea785c10f18a10d000600d30e0019000e05ef00f0011503c800450106b50006b600034236021800194300000f000003f10000a6cdc70000000010012410160000000182c5cfb888001ea794aa0f18b88d000800cd0e0014000e05ef00f0011503c800450106b50006b600034236901800144300000f000003f10000a6cdc7000000001001240fc80000000182c5cf9178001ea7a0a40f18c67c000a00e80e0012000e05ef00f0011503c800450106b50006b600034236651800124300000f000003f10000a6cdc7000000001001240f950000000182c5cf6a68001ea7a1e10f18ce4c000900660e0013000e05ef00f0011503c800450106b50005b6000342363c1800134300000f000003f10000a6cdc7000000001001240f740000000182c5cf4358001ea775ac0f18d512000800630e0037000e05ef00f0011503c800450106b50006b600034236ba1800374300000f000003f10000a6cdc7000000001001240f010011000004ae"1661185884352496851
INFO:root:Lock acquired by860147042626836
>>> Request: 'POST http://172.21.0.2:8086/api/v2/write?org=qeeri&bucket=gps&precision=ns'
DEBUG:influxdb_client.client.http:>>> Request: 'POST http://172.21.0.2:8086/api/v2/write?org=qeeri&bucket=gps&precision=ns'
>>> Content-Encoding: identity
DEBUG:influxdb_client.client.http:>>> Content-Encoding: identity
>>> Content-Type: text/plain
DEBUG:influxdb_client.client.http:>>> Content-Type: text/plain
>>> Accept: application/json
DEBUG:influxdb_client.client.http:>>> Accept: application/json
>>> Authorization: ***
DEBUG:influxdb_client.client.http:>>> Authorization: ***
>>> User-Agent: influxdb-client-python/1.31.0
DEBUG:influxdb_client.client.http:>>> User-Agent: influxdb-client-python/1.31.0
>>> Body: b'gps_data,imei=860147042626836 raw_data="00000000000004dc081100000182c5d1b458001ea82ff00f1881ff000201270e0000000e05ef00f0011505c800450106b50004b600034233c91800004300000f000003f10000a6cdc70000000010012413750000000182c5d18d48001ea82ff00f1881ff000201270e0000000e05ef00f0011504c800450106b50004b600034234511800004300000f000003f10000a6cdc70000000010012413750000000182c5d16638001ea82ff00f1881ff000201270e0000000e05ef00f0011504c800450106b50004b600034234be1800004300000f000003f10000a6cdc70000000010012413750000000182c5d13f28001ea82ff00f1881ff000201270d0000000e05ef00f0011504c800450106b50005b600034235b51800004300000f000003f10000a6cdc70000000010012413750000000182c5d11818001ea836940f187fe90001010f0d0018000e05ef00f0011504c800450106b50006b600034235d91800184300000f000003f10000a6cdc70000000010012413630000000182c5d0f108001ea851eb0f187e8c000001140e0017000e05ef00f0011504c800450106b50006b600034236281800174300000f000003f10000a6cdc700000000100124131c0000000182c5d0c9f8001ea863a10f1894bf000000be0d001f000e05ef00f0011504c800450106b50005b6000342367518001f4300000f000003f10000a6cdc70000000010012412bc0000000182c5d0a2e8001ea860d40f18a3c9000400630e001f000e05ef00f0011501c800450106b50005b600034235a018001f4300000f000003f10000a6cdc70000000010012412840000000182c5d07bd8001ea8295c0f189eb5000200500d0041000e05ef00f0011501c800450106b50006b600034236961800414300000f000003f10000a6cdc70000000010012411f40000000182c5d054c8001ea7e1080f18945b000400520c003c000e05ef00f0011501c800450106b50006b6000342368518003c4300000f000003f10000a6cdc70000000010012411380000000182c5d02db8001ea7ac090f188dc8000a00590e001e000e05ef00f0011503c800450106b50006b6000342367c18001e4300000f000003f10000a6cdc70000000010012410ae0000000182c5d006a8001ea78c330f1890410009005d0e0020000e05ef00f0011503c800450106b50005b6000342369a1800204300000f000003f10000a6cdc700000000100124105b0000000182c5cfdf98001ea785c10f18a10d000600d30e0019000e05ef00f0011503c800450106b50006b600034236021800194300000f000003f10000a6cdc70000000010012410160000000182c5cfb888001ea794aa0f18b88d000800cd0e0014000e05ef00f0011503c800450106b50006b600034236901800144300000f000003f10000a6cdc7000000001001240fc80000000182c5cf9178001ea7a0a40f18c67c000a00e80e0012000e05ef00f0011503c800450106b50006b600034236651800124300000f000003f10000a6cdc7000000001001240f950000000182c5cf6a68001ea7a1e10f18ce4c000900660e0013000e05ef00f0011503c800450106b50005b6000342363c1800134300000f000003f10000a6cdc7000000001001240f740000000182c5cf4358001ea775ac0f18d512000800630e0037000e05ef00f0011503c800450106b50006b600034236ba1800374300000f000003f10000a6cdc7000000001001240f010011000004ae"1661185884352496851'
DEBUG:influxdb_client.client.http:>>> Body: b'gps_data,imei=860147042626836 raw_data="00000000000004dc081100000182c5d1b458001ea82ff00f1881ff000201270e0000000e05ef00f0011505c800450106b50004b600034233c91800004300000f000003f10000a6cdc70000000010012413750000000182c5d18d48001ea82ff00f1881ff000201270e0000000e05ef00f0011504c800450106b50004b600034234511800004300000f000003f10000a6cdc70000000010012413750000000182c5d16638001ea82ff00f1881ff000201270e0000000e05ef00f0011504c800450106b50004b600034234be1800004300000f000003f10000a6cdc70000000010012413750000000182c5d13f28001ea82ff00f1881ff000201270d0000000e05ef00f0011504c800450106b50005b600034235b51800004300000f000003f10000a6cdc70000000010012413750000000182c5d11818001ea836940f187fe90001010f0d0018000e05ef00f0011504c800450106b50006b600034235d91800184300000f000003f10000a6cdc70000000010012413630000000182c5d0f108001ea851eb0f187e8c000001140e0017000e05ef00f0011504c800450106b50006b600034236281800174300000f000003f10000a6cdc700000000100124131c0000000182c5d0c9f8001ea863a10f1894bf000000be0d001f000e05ef00f0011504c800450106b50005b6000342367518001f4300000f000003f10000a6cdc70000000010012412bc0000000182c5d0a2e8001ea860d40f18a3c9000400630e001f000e05ef00f0011501c800450106b50005b600034235a018001f4300000f000003f10000a6cdc70000000010012412840000000182c5d07bd8001ea8295c0f189eb5000200500d0041000e05ef00f0011501c800450106b50006b600034236961800414300000f000003f10000a6cdc70000000010012411f40000000182c5d054c8001ea7e1080f18945b000400520c003c000e05ef00f0011501c800450106b50006b6000342368518003c4300000f000003f10000a6cdc70000000010012411380000000182c5d02db8001ea7ac090f188dc8000a00590e001e000e05ef00f0011503c800450106b50006b6000342367c18001e4300000f000003f10000a6cdc70000000010012410ae0000000182c5d006a8001ea78c330f1890410009005d0e0020000e05ef00f0011503c800450106b50005b6000342369a1800204300000f000003f10000a6cdc700000000100124105b0000000182c5cfdf98001ea785c10f18a10d000600d30e0019000e05ef00f0011503c800450106b50006b600034236021800194300000f000003f10000a6cdc70000000010012410160000000182c5cfb888001ea794aa0f18b88d000800cd0e0014000e05ef00f0011503c800450106b50006b600034236901800144300000f000003f10000a6cdc7000000001001240fc80000000182c5cf9178001ea7a0a40f18c67c000a00e80e0012000e05ef00f0011503c800450106b50006b600034236651800124300000f000003f10000a6cdc7000000001001240f950000000182c5cf6a68001ea7a1e10f18ce4c000900660e0013000e05ef00f0011503c800450106b50005b6000342363c1800134300000f000003f10000a6cdc7000000001001240f740000000182c5cf4358001ea775ac0f18d512000800630e0037000e05ef00f0011503c800450106b50006b600034236ba1800374300000f000003f10000a6cdc7000000001001240f010011000004ae"1661185884352496851'
DEBUG:urllib3.util.retry:Converted retries value: False -> Retry(total=False, connect=None, read=None, redirect=0, status=None)
DEBUG:urllib3.connectionpool:http://172.21.0.2:8086 "POST /api/v2/write?org=qeeri&bucket=gps&precision=ns HTTP/1.1" 204 0
<<< Response: 204
DEBUG:influxdb_client.client.http:<<< Response: 204
<<< Date: Mon, 22 Aug 2022 16:31:24 GMT
DEBUG:influxdb_client.client.http:<<< Date: Mon, 22 Aug 2022 16:31:24 GMT
<<< Body: 
DEBUG:influxdb_client.client.http:<<< Body: 
INFO:root:Lock released by860147042626836
hello
INFO:root:[ACTIVE CONNECTIONS] 2
INFO:root:2022-08-22 16:31:25.732060
hello
INFO:root:[ACTIVE CONNECTIONS] 3
INFO:root:2022-08-22 16:31:25.777384
INFO:root:the length of handshake message is 17
this is the imei  860147042636561
hello
INFO:root:the length of handshake message is 17
this is the imei  860147042636678
hello
INFO:root:length of packet 1257
INFO:root:00000000000004dc081100000182c664ebd8001ea61dfd0f19422f000d00cf0e0000000e05ef01f0011505c800450106b50009b600064232a51800004310080f03e803f10000a6cec70000005c100000b1570000000182c658d230001ea61c5c0f193f30001200b6090005000e05ef01f0011504c800450106b5000cb600094232b41800054310080f012c03f10000a6cec7000025d4100000b0c10000000182c658af08001ea61c7e0f194135001300c0090000000e05ef01f0011504c800450106b5000cb600094232b11800004310070f012c03f10000a6cec7000025ca100000b0b70000000182c65887f8001ea61c9f0f1940af001200c0090000000e05ef01f0011504c800450106b5000cb600094232ad1800004310050f012c03f10000a6cec7000025ca100000b0b70000000182c6587858001ea61d030f194293001200ac090006000e05ef01f0011504c800450106b5000cb600094232b11800064310080f012c03f10000a6cec7000025ca100000b0b70000000182c65864d0001ea61d030f1942a400120018090000000e05ef01f0011504c800450106b5000cb600084232ad1800004310040f012c03f10000a6cec7000025ca100000b0b70000000182c6585918001ea61c5c0f19410300110021090007000e05ef01f0011504c800450106b5000cb600084232b11800074310080f012c03f10000a6cec7000025c5100000b0b20000000182c65839d8001ea61c5c0f194103001101490b0000000e05ef01f0011504c800450106b5000ab600074232b41800004310070f012c03f10000a6cec7000025bd100000b0aa0000000182c65812c8001ea61c5c0f194103001101490b0000000e05ef01f0011504c800450106b5000ab600074232ae1800004310080f012c03f10000a6cec7000025bd100000b0aa0000000182c657ebb8001ea61c5c0f194103001101490c0000000e05ef01f0011504c800450106b5000ab600074232b41800004310070f012c03f10000a6cec7000025bd100000b0aa0000000182c657c4a8001ea61c7e0f19403b001001550b0000000e05ef01f0011504c800450106b5000ab600074232b41800004310060f012c03f10000a6cec7000025bd100000b0aa0000000182c6579d98001ea61c7e0f19403b001001550c0000000e05ef01f0011504c800450106b5000ab600074232b41800004310060f012c03f10000a6cec7000025bd100000b0aa0000000182c6577688001ea61c7e0f19403b001001550c0000000e05ef01f0011504c800450106b5000ab600074232af1800004310070f012c03f10000a6cec7000025bd100000b0aa0000000182c6574f78001ea61c7e0f19403b001001550c0000000e05ef01f0011504c800450106b5000ab600074232b41800004310080f012c03f10000a6cec7000025bd100000b0aa0000000182c6572868001ea61c7e0f19403b001001550b0000000e05ef01f0011504c800450106b5000bb600074232a91800004310070f012c03f10000a6cec7000025bd100000b0aa0000000182c6570158001ea61c7e0f19403b00100155090000000e05ef01f0011504c800450106b5000cb600084232ae1800004310050f012c03f10000a6cec7000025bd100000b0aa0000000182c656da48001ea61c5c0f193ff8001001140a0000000e05ef01f0011504c800450106b5000bb600084232b01800004310040f012c03f10000a6cec7000025bd100000b0aa0011000005d0
INFO:root:gps_data,imei=350424067190346 raw_data="00000000000004dc081100000182c664ebd8001ea61dfd0f19422f000d00cf0e0000000e05ef01f0011505c800450106b50009b600064232a51800004310080f03e803f10000a6cec70000005c100000b1570000000182c658d230001ea61c5c0f193f30001200b6090005000e05ef01f0011504c800450106b5000cb600094232b41800054310080f012c03f10000a6cec7000025d4100000b0c10000000182c658af08001ea61c7e0f194135001300c0090000000e05ef01f0011504c800450106b5000cb600094232b11800004310070f012c03f10000a6cec7000025ca100000b0b70000000182c65887f8001ea61c9f0f1940af001200c0090000000e05ef01f0011504c800450106b5000cb600094232ad1800004310050f012c03f10000a6cec7000025ca100000b0b70000000182c6587858001ea61d030f194293001200ac090006000e05ef01f0011504c800450106b5000cb600094232b11800064310080f012c03f10000a6cec7000025ca100000b0b70000000182c65864d0001ea61d030f1942a400120018090000000e05ef01f0011504c800450106b5000cb600084232ad1800004310040f012c03f10000a6cec7000025ca100000b0b70000000182c6585918001ea61c5c0f19410300110021090007000e05ef01f0011504c800450106b5000cb600084232b11800074310080f012c03f10000a6cec7000025c5100000b0b20000000182c65839d8001ea61c5c0f194103001101490b0000000e05ef01f0011504c800450106b5000ab600074232b41800004310070f012c03f10000a6cec7000025bd100000b0aa0000000182c65812c8001ea61c5c0f194103001101490b0000000e05ef01f0011504c800450106b5000ab600074232ae1800004310080f012c03f10000a6cec7000025bd100000b0aa0000000182c657ebb8001ea61c5c0f194103001101490c0000000e05ef01f0011504c800450106b5000ab600074232b41800004310070f012c03f10000a6cec7000025bd100000b0aa0000000182c657c4a8001ea61c7e0f19403b001001550b0000000e05ef01f0011504c800450106b5000ab600074232b41800004310060f012c03f10000a6cec7000025bd100000b0aa0000000182c6579d98001ea61c7e0f19403b001001550c0000000e05ef01f0011504c800450106b5000ab600074232b41800004310060f012c03f10000a6cec7000025bd100000b0aa0000000182c6577688001ea61c7e0f19403b001001550c0000000e05ef01f0011504c800450106b5000ab600074232af1800004310070f012c03f10000a6cec7000025bd100000b0aa0000000182c6574f78001ea61c7e0f19403b001001550c0000000e05ef01f0011504c800450106b5000ab600074232b41800004310080f012c03f10000a6cec7000025bd100000b0aa0000000182c6572868001ea61c7e0f19403b001001550b0000000e05ef01f0011504c800450106b5000bb600074232a91800004310070f012c03f10000a6cec7000025bd100000b0aa0000000182c6570158001ea61c7e0f19403b00100155090000000e05ef01f0011504c800450106b5000cb600084232ae1800004310050f012c03f10000a6cec7000025bd100000b0aa0000000182c656da48001ea61c5c0f193ff8001001140a0000000e05ef01f0011504c800450106b5000bb600084232b01800004310040f012c03f10000a6cec7000025bd100000b0aa0011000005d0"1661185886099158593
INFO:root:Lock acquired by350424067190346
>>> Request: 'POST http://172.21.0.2:8086/api/v2/write?org=qeeri&bucket=gps&precision=ns'
DEBUG:influxdb_client.client.http:>>> Request: 'POST http://172.21.0.2:8086/api/v2/write?org=qeeri&bucket=gps&precision=ns'
>>> Content-Encoding: identity
DEBUG:influxdb_client.client.http:>>> Content-Encoding: identity
>>> Content-Type: text/plain
DEBUG:influxdb_client.client.http:>>> Content-Type: text/plain
>>> Accept: application/json
DEBUG:influxdb_client.client.http:>>> Accept: application/json
>>> Authorization: ***
DEBUG:influxdb_client.client.http:>>> Authorization: ***
>>> User-Agent: influxdb-client-python/1.31.0
DEBUG:influxdb_client.client.http:>>> User-Agent: influxdb-client-python/1.31.0
>>> Body: b'gps_data,imei=350424067190346 raw_data="00000000000004dc081100000182c664ebd8001ea61dfd0f19422f000d00cf0e0000000e05ef01f0011505c800450106b50009b600064232a51800004310080f03e803f10000a6cec70000005c100000b1570000000182c658d230001ea61c5c0f193f30001200b6090005000e05ef01f0011504c800450106b5000cb600094232b41800054310080f012c03f10000a6cec7000025d4100000b0c10000000182c658af08001ea61c7e0f194135001300c0090000000e05ef01f0011504c800450106b5000cb600094232b11800004310070f012c03f10000a6cec7000025ca100000b0b70000000182c65887f8001ea61c9f0f1940af001200c0090000000e05ef01f0011504c800450106b5000cb600094232ad1800004310050f012c03f10000a6cec7000025ca100000b0b70000000182c6587858001ea61d030f194293001200ac090006000e05ef01f0011504c800450106b5000cb600094232b11800064310080f012c03f10000a6cec7000025ca100000b0b70000000182c65864d0001ea61d030f1942a400120018090000000e05ef01f0011504c800450106b5000cb600084232ad1800004310040f012c03f10000a6cec7000025ca100000b0b70000000182c6585918001ea61c5c0f19410300110021090007000e05ef01f0011504c800450106b5000cb600084232b11800074310080f012c03f10000a6cec7000025c5100000b0b20000000182c65839d8001ea61c5c0f194103001101490b0000000e05ef01f0011504c800450106b5000ab600074232b41800004310070f012c03f10000a6cec7000025bd100000b0aa0000000182c65812c8001ea61c5c0f194103001101490b0000000e05ef01f0011504c800450106b5000ab600074232ae1800004310080f012c03f10000a6cec7000025bd100000b0aa0000000182c657ebb8001ea61c5c0f194103001101490c0000000e05ef01f0011504c800450106b5000ab600074232b41800004310070f012c03f10000a6cec7000025bd100000b0aa0000000182c657c4a8001ea61c7e0f19403b001001550b0000000e05ef01f0011504c800450106b5000ab600074232b41800004310060f012c03f10000a6cec7000025bd100000b0aa0000000182c6579d98001ea61c7e0f19403b001001550c0000000e05ef01f0011504c800450106b5000ab600074232b41800004310060f012c03f10000a6cec7000025bd100000b0aa0000000182c6577688001ea61c7e0f19403b001001550c0000000e05ef01f0011504c800450106b5000ab600074232af1800004310070f012c03f10000a6cec7000025bd100000b0aa0000000182c6574f78001ea61c7e0f19403b001001550c0000000e05ef01f0011504c800450106b5000ab600074232b41800004310080f012c03f10000a6cec7000025bd100000b0aa0000000182c6572868001ea61c7e0f19403b001001550b0000000e05ef01f0011504c800450106b5000bb600074232a91800004310070f012c03f10000a6cec7000025bd100000b0aa0000000182c6570158001ea61c7e0f19403b00100155090000000e05ef01f0011504c800450106b5000cb600084232ae1800004310050f012c03f10000a6cec7000025bd100000b0aa0000000182c656da48001ea61c5c0f193ff8001001140a0000000e05ef01f0011504c800450106b5000bb600084232b01800004310040f012c03f10000a6cec7000025bd100000b0aa0011000005d0"1661185886099158593'
DEBUG:influxdb_client.client.http:>>> Body: b'gps_data,imei=350424067190346 raw_data="00000000000004dc081100000182c664ebd8001ea61dfd0f19422f000d00cf0e0000000e05ef01f0011505c800450106b50009b600064232a51800004310080f03e803f10000a6cec70000005c100000b1570000000182c658d230001ea61c5c0f193f30001200b6090005000e05ef01f0011504c800450106b5000cb600094232b41800054310080f012c03f10000a6cec7000025d4100000b0c10000000182c658af08001ea61c7e0f194135001300c0090000000e05ef01f0011504c800450106b5000cb600094232b11800004310070f012c03f10000a6cec7000025ca100000b0b70000000182c65887f8001ea61c9f0f1940af001200c0090000000e05ef01f0011504c800450106b5000cb600094232ad1800004310050f012c03f10000a6cec7000025ca100000b0b70000000182c6587858001ea61d030f194293001200ac090006000e05ef01f0011504c800450106b5000cb600094232b11800064310080f012c03f10000a6cec7000025ca100000b0b70000000182c65864d0001ea61d030f1942a400120018090000000e05ef01f0011504c800450106b5000cb600084232ad1800004310040f012c03f10000a6cec7000025ca100000b0b70000000182c6585918001ea61c5c0f19410300110021090007000e05ef01f0011504c800450106b5000cb600084232b11800074310080f012c03f10000a6cec7000025c5100000b0b20000000182c65839d8001ea61c5c0f194103001101490b0000000e05ef01f0011504c800450106b5000ab600074232b41800004310070f012c03f10000a6cec7000025bd100000b0aa0000000182c65812c8001ea61c5c0f194103001101490b0000000e05ef01f0011504c800450106b5000ab600074232ae1800004310080f012c03f10000a6cec7000025bd100000b0aa0000000182c657ebb8001ea61c5c0f194103001101490c0000000e05ef01f0011504c800450106b5000ab600074232b41800004310070f012c03f10000a6cec7000025bd100000b0aa0000000182c657c4a8001ea61c7e0f19403b001001550b0000000e05ef01f0011504c800450106b5000ab600074232b41800004310060f012c03f10000a6cec7000025bd100000b0aa0000000182c6579d98001ea61c7e0f19403b001001550c0000000e05ef01f0011504c800450106b5000ab600074232b41800004310060f012c03f10000a6cec7000025bd100000b0aa0000000182c6577688001ea61c7e0f19403b001001550c0000000e05ef01f0011504c800450106b5000ab600074232af1800004310070f012c03f10000a6cec7000025bd100000b0aa0000000182c6574f78001ea61c7e0f19403b001001550c0000000e05ef01f0011504c800450106b5000ab600074232b41800004310080f012c03f10000a6cec7000025bd100000b0aa0000000182c6572868001ea61c7e0f19403b001001550b0000000e05ef01f0011504c800450106b5000bb600074232a91800004310070f012c03f10000a6cec7000025bd100000b0aa0000000182c6570158001ea61c7e0f19403b00100155090000000e05ef01f0011504c800450106b5000cb600084232ae1800004310050f012c03f10000a6cec7000025bd100000b0aa0000000182c656da48001ea61c5c0f193ff8001001140a0000000e05ef01f0011504c800450106b5000bb600084232b01800004310040f012c03f10000a6cec7000025bd100000b0aa0011000005d0"1661185886099158593'
DEBUG:urllib3.util.retry:Converted retries value: False -> Retry(total=False, connect=None, read=None, redirect=0, status=None)
DEBUG:urllib3.connectionpool:http://172.21.0.2:8086 "POST /api/v2/write?org=qeeri&bucket=gps&precision=ns HTTP/1.1" 204 0
<<< Response: 204
DEBUG:influxdb_client.client.http:<<< Response: 204
<<< Date: Mon, 22 Aug 2022 16:31:26 GMT
DEBUG:influxdb_client.client.http:<<< Date: Mon, 22 Aug 2022 16:31:26 GMT
<<< Body: 
DEBUG:influxdb_client.client.http:<<< Body: 
INFO:root:Lock released by350424067190346
INFO:root:length of packet 91
INFO:root:000000000000004e080100000182c664f790011ea335b80f16d879002100000d0000f60f06ef00f0001504c8004501f60106b50005b600034232a61800004300000f000003f10000a6cdc700000000100225ad040001000024f8
INFO:root:gps_data,imei=860147042636678 raw_data="000000000000004e080100000182c664f790011ea335b80f16d879002100000d0000f60f06ef00f0001504c8004501f60106b50005b600034232a61800004300000f000003f10000a6cdc700000000100225ad040001000024f8"1661185886697511696
INFO:root:Lock acquired by860147042636678
>>> Request: 'POST http://172.21.0.2:8086/api/v2/write?org=qeeri&bucket=gps&precision=ns'
DEBUG:influxdb_client.client.http:>>> Request: 'POST http://172.21.0.2:8086/api/v2/write?org=qeeri&bucket=gps&precision=ns'
>>> Content-Encoding: identity
DEBUG:influxdb_client.client.http:>>> Content-Encoding: identity
>>> Content-Type: text/plain
DEBUG:influxdb_client.client.http:>>> Content-Type: text/plain
>>> Accept: application/json
DEBUG:influxdb_client.client.http:>>> Accept: application/json
>>> Authorization: ***
DEBUG:influxdb_client.client.http:>>> Authorization: ***
>>> User-Agent: influxdb-client-python/1.31.0
DEBUG:influxdb_client.client.http:>>> User-Agent: influxdb-client-python/1.31.0
>>> Body: b'gps_data,imei=860147042636678 raw_data="000000000000004e080100000182c664f790011ea335b80f16d879002100000d0000f60f06ef00f0001504c8004501f60106b50005b600034232a61800004300000f000003f10000a6cdc700000000100225ad040001000024f8"1661185886697511696'
DEBUG:influxdb_client.client.http:>>> Body: b'gps_data,imei=860147042636678 raw_data="000000000000004e080100000182c664f790011ea335b80f16d879002100000d0000f60f06ef00f0001504c8004501f60106b50005b600034232a61800004300000f000003f10000a6cdc700000000100225ad040001000024f8"1661185886697511696'
DEBUG:urllib3.util.retry:Converted retries value: False -> Retry(total=False, connect=None, read=None, redirect=0, status=None)
DEBUG:urllib3.connectionpool:http://172.21.0.2:8086 "POST /api/v2/write?org=qeeri&bucket=gps&precision=ns HTTP/1.1" 204 0
<<< Response: 204
DEBUG:influxdb_client.client.http:<<< Response: 204
<<< Date: Mon, 22 Aug 2022 16:31:26 GMT
DEBUG:influxdb_client.client.http:<<< Date: Mon, 22 Aug 2022 16:31:26 GMT
<<< Body: 
DEBUG:influxdb_client.client.http:<<< Body: 
INFO:root:Lock released by860147042636678
INFO:root:length of packet 1226
INFO:root:00000000000004bd080b00000182c5ba9a48001ea57e390f18c1cc0013012a0c002b001d0def00f0011504c80045011e001f2e2107233425292616290032630db50008b6000342320818002b4300000f00002404d92a01622b00002d02a931754d332fda34002103f10000a6cdc70000000010012de67f0000000182c5ba7338001ea5a6640f18a9f8001001170e0016001d0def00f0011505c80045011e001f1e2100232625142618290032630db50005b600034230821800164300000f00002405282a01592b00002d038d31754c33300c34003203f10000a6cdc70000000010012de6040000000182c5ba4c28001ea5bbbf0f18c02b000900d10d002e001d0def00f0011505c80045011e001f272105232d252d2618290032630db50005b6000342315818002e4300000f000024052e2a014f2b00002d029d31754c33302534000d03f10000a6cdc70000000010012de5a70000000182c5ba2518001ea5d2880f18e60f000900cf0d0024001d0def00f0011505c80045011e001f162100231c25232615290032630db50008b600034230aa1800244300000f00002404ad2a01462b00002d038531754c33308934003103f10000a6cdc70000000010012de52c0000000182c5b9fe08001ea5e8dd0f190b2c000800d10c002f001d0def00f0011505c80045011e001f1d21032325252e261b290032630db50005b6000342306618002f4300000f000024051e2a01392b00002d017e31754c332fda34001903f10000a6cdc70000000010012de4b30000000182c5b9d6f8001ea6007f0f193110000900cf0c0030001d0def00f0011505c80045011e001f2d21042333252c2614290032630db50005b6000342307f1800304300000f000024049c2a01302b00002d034a31754c332fa834002b03f10000a6cdc70000000010012de4380000000182c5b9afe8001ea6176a0f19592a000c00cf0d0022001d0def00f0011505c80045011e001f442104234a2518260d290032630db50008b6000342302b1800224300000f000024053f2a01262b00002d03ee31754c33302534003803f10000a6cdc70000000010012de3b70000000182c5b988d8001ea6229c0f196589000c01230e0007001d0def00f0011503c80045011e001f222100231e251626fe290032630db50006b600034230101800074300000f00002403692a011d2b00002d015e31754c332f5d34001703f10000a6cdc70000000010012de3850000000182c5b961c8001ea63d5e0f1957680005012a0c0031001d0def00f0011503c80045011e001f272100232b252f2616290032630db50005b600034232e81800314300000f00002404d62a01142b00002d032731754c33300c34000d03f10000a6cdc70000000010012de3350000000182c5b93ab8001ea66e960f193e79000101290d0036001d0def00f0011503c80045011e001f10210023162535260c290032630db50005b600034230901800364300000f000024050e2a010a2b00002d015b31754c33303e34002003f10000a6cdc70000000010012de2a40000000182c5b913a8001ea6a6c60f192515fffd01280c0039001d0def00f0011504c80045011e001f462107234d2535260d290032630db50005b600034230821800394300000f00002405252a01012b00002d03e231754b332fda34003803f10000a6cdc70000000010012de202000b0000f61b
INFO:root:gps_data,imei=860147042636561 raw_data="00000000000004bd080b00000182c5ba9a48001ea57e390f18c1cc0013012a0c002b001d0def00f0011504c80045011e001f2e2107233425292616290032630db50008b6000342320818002b4300000f00002404d92a01622b00002d02a931754d332fda34002103f10000a6cdc70000000010012de67f0000000182c5ba7338001ea5a6640f18a9f8001001170e0016001d0def00f0011505c80045011e001f1e2100232625142618290032630db50005b600034230821800164300000f00002405282a01592b00002d038d31754c33300c34003203f10000a6cdc70000000010012de6040000000182c5ba4c28001ea5bbbf0f18c02b000900d10d002e001d0def00f0011505c80045011e001f272105232d252d2618290032630db50005b6000342315818002e4300000f000024052e2a014f2b00002d029d31754c33302534000d03f10000a6cdc70000000010012de5a70000000182c5ba2518001ea5d2880f18e60f000900cf0d0024001d0def00f0011505c80045011e001f162100231c25232615290032630db50008b600034230aa1800244300000f00002404ad2a01462b00002d038531754c33308934003103f10000a6cdc70000000010012de52c0000000182c5b9fe08001ea5e8dd0f190b2c000800d10c002f001d0def00f0011505c80045011e001f1d21032325252e261b290032630db50005b6000342306618002f4300000f000024051e2a01392b00002d017e31754c332fda34001903f10000a6cdc70000000010012de4b30000000182c5b9d6f8001ea6007f0f193110000900cf0c0030001d0def00f0011505c80045011e001f2d21042333252c2614290032630db50005b6000342307f1800304300000f000024049c2a01302b00002d034a31754c332fa834002b03f10000a6cdc70000000010012de4380000000182c5b9afe8001ea6176a0f19592a000c00cf0d0022001d0def00f0011505c80045011e001f442104234a2518260d290032630db50008b6000342302b1800224300000f000024053f2a01262b00002d03ee31754c33302534003803f10000a6cdc70000000010012de3b70000000182c5b988d8001ea6229c0f196589000c01230e0007001d0def00f0011503c80045011e001f222100231e251626fe290032630db50006b600034230101800074300000f00002403692a011d2b00002d015e31754c332f5d34001703f10000a6cdc70000000010012de3850000000182c5b961c8001ea63d5e0f1957680005012a0c0031001d0def00f0011503c80045011e001f272100232b252f2616290032630db50005b600034232e81800314300000f00002404d62a01142b00002d032731754c33300c34000d03f10000a6cdc70000000010012de3350000000182c5b93ab8001ea66e960f193e79000101290d0036001d0def00f0011503c80045011e001f10210023162535260c290032630db50005b600034230901800364300000f000024050e2a010a2b00002d015b31754c33303e34002003f10000a6cdc70000000010012de2a40000000182c5b913a8001ea6a6c60f192515fffd01280c0039001d0def00f0011504c80045011e001f462107234d2535260d290032630db50005b600034230821800394300000f00002405252a01012b00002d03e231754b332fda34003803f10000a6cdc70000000010012de202000b0000f61b"1661185887303338024
INFO:root:Lock acquired by860147042636561
>>> Request: 'POST http://172.21.0.2:8086/api/v2/write?org=qeeri&bucket=gps&precision=ns'
DEBUG:influxdb_client.client.http:>>> Request: 'POST http://172.21.0.2:8086/api/v2/write?org=qeeri&bucket=gps&precision=ns'
>>> Content-Encoding: identity
DEBUG:influxdb_client.client.http:>>> Content-Encoding: identity
>>> Content-Type: text/plain
DEBUG:influxdb_client.client.http:>>> Content-Type: text/plain
>>> Accept: application/json
DEBUG:influxdb_client.client.http:>>> Accept: application/json
>>> Authorization: ***
DEBUG:influxdb_client.client.http:>>> Authorization: ***
>>> User-Agent: influxdb-client-python/1.31.0
DEBUG:influxdb_client.client.http:>>> User-Agent: influxdb-client-python/1.31.0
>>> Body: b'gps_data,imei=860147042636561 raw_data="00000000000004bd080b00000182c5ba9a48001ea57e390f18c1cc0013012a0c002b001d0def00f0011504c80045011e001f2e2107233425292616290032630db50008b6000342320818002b4300000f00002404d92a01622b00002d02a931754d332fda34002103f10000a6cdc70000000010012de67f0000000182c5ba7338001ea5a6640f18a9f8001001170e0016001d0def00f0011505c80045011e001f1e2100232625142618290032630db50005b600034230821800164300000f00002405282a01592b00002d038d31754c33300c34003203f10000a6cdc70000000010012de6040000000182c5ba4c28001ea5bbbf0f18c02b000900d10d002e001d0def00f0011505c80045011e001f272105232d252d2618290032630db50005b6000342315818002e4300000f000024052e2a014f2b00002d029d31754c33302534000d03f10000a6cdc70000000010012de5a70000000182c5ba2518001ea5d2880f18e60f000900cf0d0024001d0def00f0011505c80045011e001f162100231c25232615290032630db50008b600034230aa1800244300000f00002404ad2a01462b00002d038531754c33308934003103f10000a6cdc70000000010012de52c0000000182c5b9fe08001ea5e8dd0f190b2c000800d10c002f001d0def00f0011505c80045011e001f1d21032325252e261b290032630db50005b6000342306618002f4300000f000024051e2a01392b00002d017e31754c332fda34001903f10000a6cdc70000000010012de4b30000000182c5b9d6f8001ea6007f0f193110000900cf0c0030001d0def00f0011505c80045011e001f2d21042333252c2614290032630db50005b6000342307f1800304300000f000024049c2a01302b00002d034a31754c332fa834002b03f10000a6cdc70000000010012de4380000000182c5b9afe8001ea6176a0f19592a000c00cf0d0022001d0def00f0011505c80045011e001f442104234a2518260d290032630db50008b6000342302b1800224300000f000024053f2a01262b00002d03ee31754c33302534003803f10000a6cdc70000000010012de3b70000000182c5b988d8001ea6229c0f196589000c01230e0007001d0def00f0011503c80045011e001f222100231e251626fe290032630db50006b600034230101800074300000f00002403692a011d2b00002d015e31754c332f5d34001703f10000a6cdc70000000010012de3850000000182c5b961c8001ea63d5e0f1957680005012a0c0031001d0def00f0011503c80045011e001f272100232b252f2616290032630db50005b600034232e81800314300000f00002404d62a01142b00002d032731754c33300c34000d03f10000a6cdc70000000010012de3350000000182c5b93ab8001ea66e960f193e79000101290d0036001d0def00f0011503c80045011e001f10210023162535260c290032630db50005b600034230901800364300000f000024050e2a010a2b00002d015b31754c33303e34002003f10000a6cdc70000000010012de2a40000000182c5b913a8001ea6a6c60f192515fffd01280c0039001d0def00f0011504c80045011e001f462107234d2535260d290032630db50005b600034230821800394300000f00002405252a01012b00002d03e231754b332fda34003803f10000a6cdc70000000010012de202000b0000f61b"1661185887303338024'
DEBUG:influxdb_client.client.http:>>> Body: b'gps_data,imei=860147042636561 raw_data="00000000000004bd080b00000182c5ba9a48001ea57e390f18c1cc0013012a0c002b001d0def00f0011504c80045011e001f2e2107233425292616290032630db50008b6000342320818002b4300000f00002404d92a01622b00002d02a931754d332fda34002103f10000a6cdc70000000010012de67f0000000182c5ba7338001ea5a6640f18a9f8001001170e0016001d0def00f0011505c80045011e001f1e2100232625142618290032630db50005b600034230821800164300000f00002405282a01592b00002d038d31754c33300c34003203f10000a6cdc70000000010012de6040000000182c5ba4c28001ea5bbbf0f18c02b000900d10d002e001d0def00f0011505c80045011e001f272105232d252d2618290032630db50005b6000342315818002e4300000f000024052e2a014f2b00002d029d31754c33302534000d03f10000a6cdc70000000010012de5a70000000182c5ba2518001ea5d2880f18e60f000900cf0d0024001d0def00f0011505c80045011e001f162100231c25232615290032630db50008b600034230aa1800244300000f00002404ad2a01462b00002d038531754c33308934003103f10000a6cdc70000000010012de52c0000000182c5b9fe08001ea5e8dd0f190b2c000800d10c002f001d0def00f0011505c80045011e001f1d21032325252e261b290032630db50005b6000342306618002f4300000f000024051e2a01392b00002d017e31754c332fda34001903f10000a6cdc70000000010012de4b30000000182c5b9d6f8001ea6007f0f193110000900cf0c0030001d0def00f0011505c80045011e001f2d21042333252c2614290032630db50005b6000342307f1800304300000f000024049c2a01302b00002d034a31754c332fa834002b03f10000a6cdc70000000010012de4380000000182c5b9afe8001ea6176a0f19592a000c00cf0d0022001d0def00f0011505c80045011e001f442104234a2518260d290032630db50008b6000342302b1800224300000f000024053f2a01262b00002d03ee31754c33302534003803f10000a6cdc70000000010012de3b70000000182c5b988d8001ea6229c0f196589000c01230e0007001d0def00f0011503c80045011e001f222100231e251626fe290032630db50006b600034230101800074300000f00002403692a011d2b00002d015e31754c332f5d34001703f10000a6cdc70000000010012de3850000000182c5b961c8001ea63d5e0f1957680005012a0c0031001d0def00f0011503c80045011e001f272100232b252f2616290032630db50005b600034232e81800314300000f00002404d62a01142b00002d032731754c33300c34000d03f10000a6cdc70000000010012de3350000000182c5b93ab8001ea66e960f193e79000101290d0036001d0def00f0011503c80045011e001f10210023162535260c290032630db50005b600034230901800364300000f000024050e2a010a2b00002d015b31754c33303e34002003f10000a6cdc70000000010012de2a40000000182c5b913a8001ea6a6c60f192515fffd01280c0039001d0def00f0011504c80045011e001f462107234d2535260d290032630db50005b600034230821800394300000f00002405252a01012b00002d03e231754b332fda34003803f10000a6cdc70000000010012de202000b0000f61b"1661185887303338024'
DEBUG:urllib3.util.retry:Converted retries value: False -> Retry(total=False, connect=None, read=None, redirect=0, status=None)
DEBUG:urllib3.connectionpool:http://172.21.0.2:8086 "POST /api/v2/write?org=qeeri&bucket=gps&precision=ns HTTP/1.1" 204 0
<<< Response: 204
DEBUG:influxdb_client.client.http:<<< Response: 204
<<< Date: Mon, 22 Aug 2022 16:31:27 GMT
DEBUG:influxdb_client.client.http:<<< Date: Mon, 22 Aug 2022 16:31:27 GMT
<<< Body: 
DEBUG:influxdb_client.client.http:<<< Body: 
INFO:root:Lock released by860147042636561
hello
INFO:root:[ACTIVE CONNECTIONS] 1
INFO:root:2022-08-22 16:31:27.764710
hello
INFO:root:[ACTIVE CONNECTIONS] 2
INFO:root:2022-08-22 16:31:27.784660
INFO:root:the length of handshake message is 17
this is the imei  860147042626836
hello
INFO:root:the length of handshake message is 17
this is the imei  860147042635654
hello
hello
INFO:root:[ACTIVE CONNECTIONS] 3
INFO:root:2022-08-22 16:31:29.030214
INFO:root:the length of handshake message is 17
this is the imei  860147042649242
hello
INFO:root:length of packet 1261
INFO:root:00000000000004e0081100000182c609b448001ec299650f004ced00000000000000000e05ef00f0001504c800450206b50000b600004232141800004300000f000003f10000a6cdc70000000010015087be0000000182c606f528011ec299650f004ced00000000000000f60f06ef00f0001504c8004502f60106b50000b600004232171800004300000f000003f10000a6cdc70000000010015087be0000000182c604ab38001ec299650f004ced00000000000000000e05ef00f0001504c800450206b50000b600004232381800004300000f000003f10000a6cdc70000000010015087be0000000182c601ec18001ec299650f004ced00000000000000f00e05ef00f0001504c800450206b50000b600004232851800004300000f000003f10000a6cdc70000000010015087be0000000182c601c8f0001ec299650f004ced00000000000000000e05ef00f0011504c800450206b50000b600004232911800004300000f000003f10000a6cdc70000000010015087be0000000182c601a1e0001ec299650f004ced00000000000000000e05ef00f0011504c800450206b50000b600004232e31800004300000f000003f10000a6cdc70000000010015087be0000000182c6017ad0001ec299650f004ced00000000000000000e05ef00f0011504c800450206b50000b600004232e91800004300000f000003f10000a6cdc70000000010015087be0000000182c60153c0001ec299650f004ced00000000000000000e05ef00f0011504c800450206b50000b600004233161800004300000f000003f10000a6cdc70000000010015087be0000000182c6012cb0001ec291d70f00533e00020121040000000e05ef00f0011504c800450106b50012b600114234bf1800004300000f000003f10000a6cdc70000000010015087be0000000182c60105a0001ec28fc20f0055000000005c000006000e05ef00f0011504c800450106b50003b6000342345e1800064300000f000003f10000a6cdc70000000010015087b50000000182c600de90001ec28ddf0f0050600000010f090000000e05ef00f0011505c800450106b50005b600044234c61800004300000f000003f10000a6cdc70000000010015087a90000000182c600b780001ec28ddf0f0050600000010f080000000e05ef00f0011505c800450106b50006b600044234861800004300000f000003f10000a6cdc70000000010015087a90000000182c6009070001ec28ddf0f0050600000010f090000000e05ef00f0011505c800450106b50006b600044234821800004300000f000003f10000a6cdc70000000010015087a90000000182c6006960001ec28ddf0f0050600000010f070000000e05ef00f0011504c800450106b50006b6000542347e1800004300000f000003f10000a6cdc70000000010015087a90000000182c6004250001ec28ddf0f0050600000010f090000000e05ef00f0011504c800450106b50005b600044234651800004300000f000003f10000a6cdc70000000010015087a90000000182c6001b40001ec291200f00522200000101090009000e05ef00f0011504c800450106b50007b600064234b81800094300000f000003f10000a6cdc700000000100150879d0000000182c5fff430011ec2959e0f005894000200c1080007f60f06ef00f0011504c8004501f60106b50008b600064234b41800074300000f000003f10000a6cdc700000000100150878500110000465b
INFO:root:gps_data,imei=860147042635654 raw_data="00000000000004e0081100000182c609b448001ec299650f004ced00000000000000000e05ef00f0001504c800450206b50000b600004232141800004300000f000003f10000a6cdc70000000010015087be0000000182c606f528011ec299650f004ced00000000000000f60f06ef00f0001504c8004502f60106b50000b600004232171800004300000f000003f10000a6cdc70000000010015087be0000000182c604ab38001ec299650f004ced00000000000000000e05ef00f0001504c800450206b50000b600004232381800004300000f000003f10000a6cdc70000000010015087be0000000182c601ec18001ec299650f004ced00000000000000f00e05ef00f0001504c800450206b50000b600004232851800004300000f000003f10000a6cdc70000000010015087be0000000182c601c8f0001ec299650f004ced00000000000000000e05ef00f0011504c800450206b50000b600004232911800004300000f000003f10000a6cdc70000000010015087be0000000182c601a1e0001ec299650f004ced00000000000000000e05ef00f0011504c800450206b50000b600004232e31800004300000f000003f10000a6cdc70000000010015087be0000000182c6017ad0001ec299650f004ced00000000000000000e05ef00f0011504c800450206b50000b600004232e91800004300000f000003f10000a6cdc70000000010015087be0000000182c60153c0001ec299650f004ced00000000000000000e05ef00f0011504c800450206b50000b600004233161800004300000f000003f10000a6cdc70000000010015087be0000000182c6012cb0001ec291d70f00533e00020121040000000e05ef00f0011504c800450106b50012b600114234bf1800004300000f000003f10000a6cdc70000000010015087be0000000182c60105a0001ec28fc20f0055000000005c000006000e05ef00f0011504c800450106b50003b6000342345e1800064300000f000003f10000a6cdc70000000010015087b50000000182c600de90001ec28ddf0f0050600000010f090000000e05ef00f0011505c800450106b50005b600044234c61800004300000f000003f10000a6cdc70000000010015087a90000000182c600b780001ec28ddf0f0050600000010f080000000e05ef00f0011505c800450106b50006b600044234861800004300000f000003f10000a6cdc70000000010015087a90000000182c6009070001ec28ddf0f0050600000010f090000000e05ef00f0011505c800450106b50006b600044234821800004300000f000003f10000a6cdc70000000010015087a90000000182c6006960001ec28ddf0f0050600000010f070000000e05ef00f0011504c800450106b50006b6000542347e1800004300000f000003f10000a6cdc70000000010015087a90000000182c6004250001ec28ddf0f0050600000010f090000000e05ef00f0011504c800450106b50005b600044234651800004300000f000003f10000a6cdc70000000010015087a90000000182c6001b40001ec291200f00522200000101090009000e05ef00f0011504c800450106b50007b600064234b81800094300000f000003f10000a6cdc700000000100150879d0000000182c5fff430011ec2959e0f005894000200c1080007f60f06ef00f0011504c8004501f60106b50008b600064234b41800074300000f000003f10000a6cdc700000000100150878500110000465b"1661185889461433609
INFO:root:Lock acquired by860147042635654
>>> Request: 'POST http://172.21.0.2:8086/api/v2/write?org=qeeri&bucket=gps&precision=ns'
DEBUG:influxdb_client.client.http:>>> Request: 'POST http://172.21.0.2:8086/api/v2/write?org=qeeri&bucket=gps&precision=ns'
>>> Content-Encoding: identity
DEBUG:influxdb_client.client.http:>>> Content-Encoding: identity
>>> Content-Type: text/plain
DEBUG:influxdb_client.client.http:>>> Content-Type: text/plain
>>> Accept: application/json
DEBUG:influxdb_client.client.http:>>> Accept: application/json
>>> Authorization: ***
DEBUG:influxdb_client.client.http:>>> Authorization: ***
>>> User-Agent: influxdb-client-python/1.31.0
DEBUG:influxdb_client.client.http:>>> User-Agent: influxdb-client-python/1.31.0
>>> Body: b'gps_data,imei=860147042635654 raw_data="00000000000004e0081100000182c609b448001ec299650f004ced00000000000000000e05ef00f0001504c800450206b50000b600004232141800004300000f000003f10000a6cdc70000000010015087be0000000182c606f528011ec299650f004ced00000000000000f60f06ef00f0001504c8004502f60106b50000b600004232171800004300000f000003f10000a6cdc70000000010015087be0000000182c604ab38001ec299650f004ced00000000000000000e05ef00f0001504c800450206b50000b600004232381800004300000f000003f10000a6cdc70000000010015087be0000000182c601ec18001ec299650f004ced00000000000000f00e05ef00f0001504c800450206b50000b600004232851800004300000f000003f10000a6cdc70000000010015087be0000000182c601c8f0001ec299650f004ced00000000000000000e05ef00f0011504c800450206b50000b600004232911800004300000f000003f10000a6cdc70000000010015087be0000000182c601a1e0001ec299650f004ced00000000000000000e05ef00f0011504c800450206b50000b600004232e31800004300000f000003f10000a6cdc70000000010015087be0000000182c6017ad0001ec299650f004ced00000000000000000e05ef00f0011504c800450206b50000b600004232e91800004300000f000003f10000a6cdc70000000010015087be0000000182c60153c0001ec299650f004ced00000000000000000e05ef00f0011504c800450206b50000b600004233161800004300000f000003f10000a6cdc70000000010015087be0000000182c6012cb0001ec291d70f00533e00020121040000000e05ef00f0011504c800450106b50012b600114234bf1800004300000f000003f10000a6cdc70000000010015087be0000000182c60105a0001ec28fc20f0055000000005c000006000e05ef00f0011504c800450106b50003b6000342345e1800064300000f000003f10000a6cdc70000000010015087b50000000182c600de90001ec28ddf0f0050600000010f090000000e05ef00f0011505c800450106b50005b600044234c61800004300000f000003f10000a6cdc70000000010015087a90000000182c600b780001ec28ddf0f0050600000010f080000000e05ef00f0011505c800450106b50006b600044234861800004300000f000003f10000a6cdc70000000010015087a90000000182c6009070001ec28ddf0f0050600000010f090000000e05ef00f0011505c800450106b50006b600044234821800004300000f000003f10000a6cdc70000000010015087a90000000182c6006960001ec28ddf0f0050600000010f070000000e05ef00f0011504c800450106b50006b6000542347e1800004300000f000003f10000a6cdc70000000010015087a90000000182c6004250001ec28ddf0f0050600000010f090000000e05ef00f0011504c800450106b50005b600044234651800004300000f000003f10000a6cdc70000000010015087a90000000182c6001b40001ec291200f00522200000101090009000e05ef00f0011504c800450106b50007b600064234b81800094300000f000003f10000a6cdc700000000100150879d0000000182c5fff430011ec2959e0f005894000200c1080007f60f06ef00f0011504c8004501f60106b50008b600064234b41800074300000f000003f10000a6cdc700000000100150878500110000465b"1661185889461433609'
DEBUG:influxdb_client.client.http:>>> Body: b'gps_data,imei=860147042635654 raw_data="00000000000004e0081100000182c609b448001ec299650f004ced00000000000000000e05ef00f0001504c800450206b50000b600004232141800004300000f000003f10000a6cdc70000000010015087be0000000182c606f528011ec299650f004ced00000000000000f60f06ef00f0001504c8004502f60106b50000b600004232171800004300000f000003f10000a6cdc70000000010015087be0000000182c604ab38001ec299650f004ced00000000000000000e05ef00f0001504c800450206b50000b600004232381800004300000f000003f10000a6cdc70000000010015087be0000000182c601ec18001ec299650f004ced00000000000000f00e05ef00f0001504c800450206b50000b600004232851800004300000f000003f10000a6cdc70000000010015087be0000000182c601c8f0001ec299650f004ced00000000000000000e05ef00f0011504c800450206b50000b600004232911800004300000f000003f10000a6cdc70000000010015087be0000000182c601a1e0001ec299650f004ced00000000000000000e05ef00f0011504c800450206b50000b600004232e31800004300000f000003f10000a6cdc70000000010015087be0000000182c6017ad0001ec299650f004ced00000000000000000e05ef00f0011504c800450206b50000b600004232e91800004300000f000003f10000a6cdc70000000010015087be0000000182c60153c0001ec299650f004ced00000000000000000e05ef00f0011504c800450206b50000b600004233161800004300000f000003f10000a6cdc70000000010015087be0000000182c6012cb0001ec291d70f00533e00020121040000000e05ef00f0011504c800450106b50012b600114234bf1800004300000f000003f10000a6cdc70000000010015087be0000000182c60105a0001ec28fc20f0055000000005c000006000e05ef00f0011504c800450106b50003b6000342345e1800064300000f000003f10000a6cdc70000000010015087b50000000182c600de90001ec28ddf0f0050600000010f090000000e05ef00f0011505c800450106b50005b600044234c61800004300000f000003f10000a6cdc70000000010015087a90000000182c600b780001ec28ddf0f0050600000010f080000000e05ef00f0011505c800450106b50006b600044234861800004300000f000003f10000a6cdc70000000010015087a90000000182c6009070001ec28ddf0f0050600000010f090000000e05ef00f0011505c800450106b50006b600044234821800004300000f000003f10000a6cdc70000000010015087a90000000182c6006960001ec28ddf0f0050600000010f070000000e05ef00f0011504c800450106b50006b6000542347e1800004300000f000003f10000a6cdc70000000010015087a90000000182c6004250001ec28ddf0f0050600000010f090000000e05ef00f0011504c800450106b50005b600044234651800004300000f000003f10000a6cdc70000000010015087a90000000182c6001b40001ec291200f00522200000101090009000e05ef00f0011504c800450106b50007b600064234b81800094300000f000003f10000a6cdc700000000100150879d0000000182c5fff430011ec2959e0f005894000200c1080007f60f06ef00f0011504c8004501f60106b50008b600064234b41800074300000f000003f10000a6cdc700000000100150878500110000465b"1661185889461433609'
DEBUG:urllib3.util.retry:Converted retries value: False -> Retry(total=False, connect=None, read=None, redirect=0, status=None)
INFO:root:length of packet 1259
INFO:root:00000000000004de081100000182c6650348001ea774c30f19dd86001800090e000c000e05ef00f0011503c800450106b50006b6000342355c18000c4300000f000003f10000a6cdc70000000010012429440000000182c5cf1c48001ea73c1f0f18de93000800670c0033000e05ef00f0011503c800450106b50007b600034236b61800334300000f000003f10000a6cdc7000000001001240e6a0000000182c5cef538011ea709dc0f18f0bd000600770d0029f60f06ef00f0011503c8004501f60106b50005b600034236c31800294300000f000003f10000a6cdc7000000001001240dde0000000182c5ced210001ea6edee0f18f325000800200e0019000e05ef00f0011504c800450106b50006b6000342364f1800194300000f000003f10000a6cdc7000000001001240d8d0000000182c5ceab00001ea6e3300f18cfbb0008000e0e0031000e05ef00f0011504c800450106b50004b600034236701800314300000f000003f10000a6cdc7000000001001240d240000000182c5ce83f0001ea6d30b0f189ed6000800130e0035000e05ef00f0011504c800450106b50006b600034236d21800354300000f000003f10000a6cdc7000000001001240c930000000182c5ce5ce0001ea6bcd80f18721c000b001b0e0030000e05ef00f0011505c800450106b50005b600034236c51800304300000f000003f10000a6cdc7000000001001240c070000000182c5ce35d0001ea6a0000f184296000c001d0e002f000e05ef00f0011505c800450106b50006b600034236ba18002f4300000f000003f10000a6cdc7000000001001240b6d0000000182c5ce0ec0001ea689050f181eb6000c001b0e002a000e05ef00f0011505c800450106b50004b600034236dc18002a4300000f000003f10000a6cdc7000000001001240af70000000182c5cde7b0001ea672f30f17f9ab000b001b0e002e000e05ef00f0011503c800450106b50006b600034236b318002e4300000f000003f10000a6cdc7000000001001240a7f0000000182c5cdc0a0001ea658410f17cee5000d00190d002f000e05ef00f0011503c800450106b50006b600034236b518002f4300000f000003f10000a6cdc70000000010012409f30000000182c5cd9990001ea648a20f17a6db000c01480d001c000e05ef00f0011503c800450106b50005b600034236cb18001c4300000f000003f10000a6cdc70000000010012409760000000182c5cd7280001ea670470f179f6f0008010d0d0046000e05ef00f0011504c800450106b50006b600034236b31800464300000f000003f10000a6cdc70000000010012409090000000182c5cd4b70001ea6bbcd0f17a41f000901080b0044000e05ef00f0011504c800450106b50005b600034236d91800444300000f000003f10000a6cdc70000000010012408460000000182c5cd2460001ea6ec1b0f17a8cf000a00fd0c0015000e05ef00f0011504c800450106b50008b600034236d01800154300000f000003f10000a6cdc70000000010012407c90000000182c5ccfd50001ea714dd0f17b34a000d01000d0032000e05ef00f0011504c800450106b50005b600034236e31800324300000f000003f10000a6cdc700000000100124075c0000000182c5ccd640001ea732290f17be3a000e00b00e0018000e05ef00f0011504c800450106b50006b600034236851800184300000f000003f10000a6cdc7000000001001240702001100008e10
INFO:root:gps_data,imei=860147042626836 raw_data="00000000000004de081100000182c6650348001ea774c30f19dd86001800090e000c000e05ef00f0011503c800450106b50006b6000342355c18000c4300000f000003f10000a6cdc70000000010012429440000000182c5cf1c48001ea73c1f0f18de93000800670c0033000e05ef00f0011503c800450106b50007b600034236b61800334300000f000003f10000a6cdc7000000001001240e6a0000000182c5cef538011ea709dc0f18f0bd000600770d0029f60f06ef00f0011503c8004501f60106b50005b600034236c31800294300000f000003f10000a6cdc7000000001001240dde0000000182c5ced210001ea6edee0f18f325000800200e0019000e05ef00f0011504c800450106b50006b6000342364f1800194300000f000003f10000a6cdc7000000001001240d8d0000000182c5ceab00001ea6e3300f18cfbb0008000e0e0031000e05ef00f0011504c800450106b50004b600034236701800314300000f000003f10000a6cdc7000000001001240d240000000182c5ce83f0001ea6d30b0f189ed6000800130e0035000e05ef00f0011504c800450106b50006b600034236d21800354300000f000003f10000a6cdc7000000001001240c930000000182c5ce5ce0001ea6bcd80f18721c000b001b0e0030000e05ef00f0011505c800450106b50005b600034236c51800304300000f000003f10000a6cdc7000000001001240c070000000182c5ce35d0001ea6a0000f184296000c001d0e002f000e05ef00f0011505c800450106b50006b600034236ba18002f4300000f000003f10000a6cdc7000000001001240b6d0000000182c5ce0ec0001ea689050f181eb6000c001b0e002a000e05ef00f0011505c800450106b50004b600034236dc18002a4300000f000003f10000a6cdc7000000001001240af70000000182c5cde7b0001ea672f30f17f9ab000b001b0e002e000e05ef00f0011503c800450106b50006b600034236b318002e4300000f000003f10000a6cdc7000000001001240a7f0000000182c5cdc0a0001ea658410f17cee5000d00190d002f000e05ef00f0011503c800450106b50006b600034236b518002f4300000f000003f10000a6cdc70000000010012409f30000000182c5cd9990001ea648a20f17a6db000c01480d001c000e05ef00f0011503c800450106b50005b600034236cb18001c4300000f000003f10000a6cdc70000000010012409760000000182c5cd7280001ea670470f179f6f0008010d0d0046000e05ef00f0011504c800450106b50006b600034236b31800464300000f000003f10000a6cdc70000000010012409090000000182c5cd4b70001ea6bbcd0f17a41f000901080b0044000e05ef00f0011504c800450106b50005b600034236d91800444300000f000003f10000a6cdc70000000010012408460000000182c5cd2460001ea6ec1b0f17a8cf000a00fd0c0015000e05ef00f0011504c800450106b50008b600034236d01800154300000f000003f10000a6cdc70000000010012407c90000000182c5ccfd50001ea714dd0f17b34a000d01000d0032000e05ef00f0011504c800450106b50005b600034236e31800324300000f000003f10000a6cdc700000000100124075c0000000182c5ccd640001ea732290f17be3a000e00b00e0018000e05ef00f0011504c800450106b50006b600034236851800184300000f000003f10000a6cdc7000000001001240702001100008e10"1661185889469856075
DEBUG:urllib3.connectionpool:http://172.21.0.2:8086 "POST /api/v2/write?org=qeeri&bucket=gps&precision=ns HTTP/1.1" 204 0
<<< Response: 204
DEBUG:influxdb_client.client.http:<<< Response: 204
<<< Date: Mon, 22 Aug 2022 16:31:29 GMT
DEBUG:influxdb_client.client.http:<<< Date: Mon, 22 Aug 2022 16:31:29 GMT
<<< Body: 
DEBUG:influxdb_client.client.http:<<< Body: 
INFO:root:Lock released by860147042635654
INFO:root:Lock acquired by860147042626836
>>> Request: 'POST http://172.21.0.2:8086/api/v2/write?org=qeeri&bucket=gps&precision=ns'
DEBUG:influxdb_client.client.http:>>> Request: 'POST http://172.21.0.2:8086/api/v2/write?org=qeeri&bucket=gps&precision=ns'
>>> Content-Encoding: identity
DEBUG:influxdb_client.client.http:>>> Content-Encoding: identity
>>> Content-Type: text/plain
DEBUG:influxdb_client.client.http:>>> Content-Type: text/plain
>>> Accept: application/json
DEBUG:influxdb_client.client.http:>>> Accept: application/json
>>> Authorization: ***
DEBUG:influxdb_client.client.http:>>> Authorization: ***
>>> User-Agent: influxdb-client-python/1.31.0
DEBUG:influxdb_client.client.http:>>> User-Agent: influxdb-client-python/1.31.0
>>> Body: b'gps_data,imei=860147042626836 raw_data="00000000000004de081100000182c6650348001ea774c30f19dd86001800090e000c000e05ef00f0011503c800450106b50006b6000342355c18000c4300000f000003f10000a6cdc70000000010012429440000000182c5cf1c48001ea73c1f0f18de93000800670c0033000e05ef00f0011503c800450106b50007b600034236b61800334300000f000003f10000a6cdc7000000001001240e6a0000000182c5cef538011ea709dc0f18f0bd000600770d0029f60f06ef00f0011503c8004501f60106b50005b600034236c31800294300000f000003f10000a6cdc7000000001001240dde0000000182c5ced210001ea6edee0f18f325000800200e0019000e05ef00f0011504c800450106b50006b6000342364f1800194300000f000003f10000a6cdc7000000001001240d8d0000000182c5ceab00001ea6e3300f18cfbb0008000e0e0031000e05ef00f0011504c800450106b50004b600034236701800314300000f000003f10000a6cdc7000000001001240d240000000182c5ce83f0001ea6d30b0f189ed6000800130e0035000e05ef00f0011504c800450106b50006b600034236d21800354300000f000003f10000a6cdc7000000001001240c930000000182c5ce5ce0001ea6bcd80f18721c000b001b0e0030000e05ef00f0011505c800450106b50005b600034236c51800304300000f000003f10000a6cdc7000000001001240c070000000182c5ce35d0001ea6a0000f184296000c001d0e002f000e05ef00f0011505c800450106b50006b600034236ba18002f4300000f000003f10000a6cdc7000000001001240b6d0000000182c5ce0ec0001ea689050f181eb6000c001b0e002a000e05ef00f0011505c800450106b50004b600034236dc18002a4300000f000003f10000a6cdc7000000001001240af70000000182c5cde7b0001ea672f30f17f9ab000b001b0e002e000e05ef00f0011503c800450106b50006b600034236b318002e4300000f000003f10000a6cdc7000000001001240a7f0000000182c5cdc0a0001ea658410f17cee5000d00190d002f000e05ef00f0011503c800450106b50006b600034236b518002f4300000f000003f10000a6cdc70000000010012409f30000000182c5cd9990001ea648a20f17a6db000c01480d001c000e05ef00f0011503c800450106b50005b600034236cb18001c4300000f000003f10000a6cdc70000000010012409760000000182c5cd7280001ea670470f179f6f0008010d0d0046000e05ef00f0011504c800450106b50006b600034236b31800464300000f000003f10000a6cdc70000000010012409090000000182c5cd4b70001ea6bbcd0f17a41f000901080b0044000e05ef00f0011504c800450106b50005b600034236d91800444300000f000003f10000a6cdc70000000010012408460000000182c5cd2460001ea6ec1b0f17a8cf000a00fd0c0015000e05ef00f0011504c800450106b50008b600034236d01800154300000f000003f10000a6cdc70000000010012407c90000000182c5ccfd50001ea714dd0f17b34a000d01000d0032000e05ef00f0011504c800450106b50005b600034236e31800324300000f000003f10000a6cdc700000000100124075c0000000182c5ccd640001ea732290f17be3a000e00b00e0018000e05ef00f0011504c800450106b50006b600034236851800184300000f000003f10000a6cdc7000000001001240702001100008e10"1661185889469856075'
DEBUG:influxdb_client.client.http:>>> Body: b'gps_data,imei=860147042626836 raw_data="00000000000004de081100000182c6650348001ea774c30f19dd86001800090e000c000e05ef00f0011503c800450106b50006b6000342355c18000c4300000f000003f10000a6cdc70000000010012429440000000182c5cf1c48001ea73c1f0f18de93000800670c0033000e05ef00f0011503c800450106b50007b600034236b61800334300000f000003f10000a6cdc7000000001001240e6a0000000182c5cef538011ea709dc0f18f0bd000600770d0029f60f06ef00f0011503c8004501f60106b50005b600034236c31800294300000f000003f10000a6cdc7000000001001240dde0000000182c5ced210001ea6edee0f18f325000800200e0019000e05ef00f0011504c800450106b50006b6000342364f1800194300000f000003f10000a6cdc7000000001001240d8d0000000182c5ceab00001ea6e3300f18cfbb0008000e0e0031000e05ef00f0011504c800450106b50004b600034236701800314300000f000003f10000a6cdc7000000001001240d240000000182c5ce83f0001ea6d30b0f189ed6000800130e0035000e05ef00f0011504c800450106b50006b600034236d21800354300000f000003f10000a6cdc7000000001001240c930000000182c5ce5ce0001ea6bcd80f18721c000b001b0e0030000e05ef00f0011505c800450106b50005b600034236c51800304300000f000003f10000a6cdc7000000001001240c070000000182c5ce35d0001ea6a0000f184296000c001d0e002f000e05ef00f0011505c800450106b50006b600034236ba18002f4300000f000003f10000a6cdc7000000001001240b6d0000000182c5ce0ec0001ea689050f181eb6000c001b0e002a000e05ef00f0011505c800450106b50004b600034236dc18002a4300000f000003f10000a6cdc7000000001001240af70000000182c5cde7b0001ea672f30f17f9ab000b001b0e002e000e05ef00f0011503c800450106b50006b600034236b318002e4300000f000003f10000a6cdc7000000001001240a7f0000000182c5cdc0a0001ea658410f17cee5000d00190d002f000e05ef00f0011503c800450106b50006b600034236b518002f4300000f000003f10000a6cdc70000000010012409f30000000182c5cd9990001ea648a20f17a6db000c01480d001c000e05ef00f0011503c800450106b50005b600034236cb18001c4300000f000003f10000a6cdc70000000010012409760000000182c5cd7280001ea670470f179f6f0008010d0d0046000e05ef00f0011504c800450106b50006b600034236b31800464300000f000003f10000a6cdc70000000010012409090000000182c5cd4b70001ea6bbcd0f17a41f000901080b0044000e05ef00f0011504c800450106b50005b600034236d91800444300000f000003f10000a6cdc70000000010012408460000000182c5cd2460001ea6ec1b0f17a8cf000a00fd0c0015000e05ef00f0011504c800450106b50008b600034236d01800154300000f000003f10000a6cdc70000000010012407c90000000182c5ccfd50001ea714dd0f17b34a000d01000d0032000e05ef00f0011504c800450106b50005b600034236e31800324300000f000003f10000a6cdc700000000100124075c0000000182c5ccd640001ea732290f17be3a000e00b00e0018000e05ef00f0011504c800450106b50006b600034236851800184300000f000003f10000a6cdc7000000001001240702001100008e10"1661185889469856075'
DEBUG:urllib3.util.retry:Converted retries value: False -> Retry(total=False, connect=None, read=None, redirect=0, status=None)
DEBUG:urllib3.connectionpool:http://172.21.0.2:8086 "POST /api/v2/write?org=qeeri&bucket=gps&precision=ns HTTP/1.1" 204 0
<<< Response: 204
DEBUG:influxdb_client.client.http:<<< Response: 204
<<< Date: Mon, 22 Aug 2022 16:31:29 GMT
DEBUG:influxdb_client.client.http:<<< Date: Mon, 22 Aug 2022 16:31:29 GMT
<<< Body: 
DEBUG:influxdb_client.client.http:<<< Body: 
INFO:root:Lock released by860147042626836
INFO:root:length of packet 1206
INFO:root:00000000000004a9080a00000182c5ce64b0001ea5af710f18800b000800a00d0000002213ef00f0011505c80045011e001f29205b21fe2328250026ff273a29002e002f003044326235290cb50005b6000342331a1800004300000f000024030e2a00e42b000031095733366834001b03f10000a6cdc700000000100110e1ff0000000182c5ce3da0001ea5af710f18800b000800a00d0000002213ef00f0011505c80045011e001f32205b2100232f25002600273a29002e002f003044326235290cb50005b600034237ca1800004300000f000024030b2a00dc2b00003109573336b534001b03f10000a6cdc700000000100110e1ff0000000182c5ce1690001ea5aedb0f18817a000800820d0008002213ef00f0011505c80045011e001f2f205b21fc232f2509260b273a29002e002f003044326235290cb50007b600034238221800084300000f00002403152a00cf2b000031095733366834001c03f10000a6cdc700000000100110e1ff0000000182c5cdef80001ea5a56a0f18804e000900430d0007002213ef00f0011504c80045011e001f32205b21f8233025062603273a29002e002f003044326235290cb50005b600034237dc1800074300000f000024030f2a00c72b000031095733364934002003f10000a6cdc700000000100110e1e30000000182c5cdc870001ea5a0670f188220000900b30e0004002213ef00f0011504c80045011e001f1f205a21fd2328250d260a273a29002e002f003044326235290cb50005b600034238191800044300000f000024033f2a00bf2b00003109573336b534002103f10000a6cdc700000000100110e1d50000000182c5cda160001ea5a6c80f189041000500bd0e000d002213ef00f0011504c80045011e001f1d205a21fc23202516260e273a29002e002f003044326235290cb50005b600034237b718000d4300000f00002404382a00b22b000031095733363a34001903f10000a6cdc700000000100110e1a90000000182c5cd7a50001ea5ab680f18a312000000d20c0015002213ef00f0011504c80045011e001f1f205c2107232325102608273b29002e002f003044326235290cb50007b600034237c41800154300000f00002403562a00aa2b000031095733365834002f03f10000a6cdc700000000100110e16e0000000182c5cd5340001ea593c60f18b463fffe00740b0034002213ef00f0011504c80045011e001f36205a21fe23592538261c273929002e002f003044326235290cb50008b600034237fc1800344300000f000024069b2a009d2b000031095733364934001203f10000a6cdc700000000100110e1150000000182c5cd2c30001ea5643f0f18ce8fffff00660c0013002213ef00f0011504c80045011e001f1f205a210723232511260d273c29002e1e2f033044326235290cb50007b600034237dd1800134300000f00002403662a00952b00003109563336a634004503f10000a6cdc700000000100110e0850000000182c5cd0520001ea555880f18bfa6fff7001a0e002c002213ef00f0011504c80045011e001f10205921fd231d25302616273b29002e002f003044326235290cb50005b6000342383218002c4300000f00002405922a008d2b000031095633369634001103f10000a6cdc700000000100110e046000a0000865b
INFO:root:gps_data,imei=860147042649242 raw_data="00000000000004a9080a00000182c5ce64b0001ea5af710f18800b000800a00d0000002213ef00f0011505c80045011e001f29205b21fe2328250026ff273a29002e002f003044326235290cb50005b6000342331a1800004300000f000024030e2a00e42b000031095733366834001b03f10000a6cdc700000000100110e1ff0000000182c5ce3da0001ea5af710f18800b000800a00d0000002213ef00f0011505c80045011e001f32205b2100232f25002600273a29002e002f003044326235290cb50005b600034237ca1800004300000f000024030b2a00dc2b00003109573336b534001b03f10000a6cdc700000000100110e1ff0000000182c5ce1690001ea5aedb0f18817a000800820d0008002213ef00f0011505c80045011e001f2f205b21fc232f2509260b273a29002e002f003044326235290cb50007b600034238221800084300000f00002403152a00cf2b000031095733366834001c03f10000a6cdc700000000100110e1ff0000000182c5cdef80001ea5a56a0f18804e000900430d0007002213ef00f0011504c80045011e001f32205b21f8233025062603273a29002e002f003044326235290cb50005b600034237dc1800074300000f000024030f2a00c72b000031095733364934002003f10000a6cdc700000000100110e1e30000000182c5cdc870001ea5a0670f188220000900b30e0004002213ef00f0011504c80045011e001f1f205a21fd2328250d260a273a29002e002f003044326235290cb50005b600034238191800044300000f000024033f2a00bf2b00003109573336b534002103f10000a6cdc700000000100110e1d50000000182c5cda160001ea5a6c80f189041000500bd0e000d002213ef00f0011504c80045011e001f1d205a21fc23202516260e273a29002e002f003044326235290cb50005b600034237b718000d4300000f00002404382a00b22b000031095733363a34001903f10000a6cdc700000000100110e1a90000000182c5cd7a50001ea5ab680f18a312000000d20c0015002213ef00f0011504c80045011e001f1f205c2107232325102608273b29002e002f003044326235290cb50007b600034237c41800154300000f00002403562a00aa2b000031095733365834002f03f10000a6cdc700000000100110e16e0000000182c5cd5340001ea593c60f18b463fffe00740b0034002213ef00f0011504c80045011e001f36205a21fe23592538261c273929002e002f003044326235290cb50008b600034237fc1800344300000f000024069b2a009d2b000031095733364934001203f10000a6cdc700000000100110e1150000000182c5cd2c30001ea5643f0f18ce8fffff00660c0013002213ef00f0011504c80045011e001f1f205a210723232511260d273c29002e1e2f033044326235290cb50007b600034237dd1800134300000f00002403662a00952b00003109563336a634004503f10000a6cdc700000000100110e0850000000182c5cd0520001ea555880f18bfa6fff7001a0e002c002213ef00f0011504c80045011e001f10205921fd231d25302616273b29002e002f003044326235290cb50005b6000342383218002c4300000f00002405922a008d2b000031095633369634001103f10000a6cdc700000000100110e046000a0000865b"1661185890702407636
INFO:root:Lock acquired by860147042649242
>>> Request: 'POST http://172.21.0.2:8086/api/v2/write?org=qeeri&bucket=gps&precision=ns'
DEBUG:influxdb_client.client.http:>>> Request: 'POST http://172.21.0.2:8086/api/v2/write?org=qeeri&bucket=gps&precision=ns'
>>> Content-Encoding: identity
DEBUG:influxdb_client.client.http:>>> Content-Encoding: identity
>>> Content-Type: text/plain
DEBUG:influxdb_client.client.http:>>> Content-Type: text/plain
>>> Accept: application/json
DEBUG:influxdb_client.client.http:>>> Accept: application/json
>>> Authorization: ***
DEBUG:influxdb_client.client.http:>>> Authorization: ***
>>> User-Agent: influxdb-client-python/1.31.0
DEBUG:influxdb_client.client.http:>>> User-Agent: influxdb-client-python/1.31.0
>>> Body: b'gps_data,imei=860147042649242 raw_data="00000000000004a9080a00000182c5ce64b0001ea5af710f18800b000800a00d0000002213ef00f0011505c80045011e001f29205b21fe2328250026ff273a29002e002f003044326235290cb50005b6000342331a1800004300000f000024030e2a00e42b000031095733366834001b03f10000a6cdc700000000100110e1ff0000000182c5ce3da0001ea5af710f18800b000800a00d0000002213ef00f0011505c80045011e001f32205b2100232f25002600273a29002e002f003044326235290cb50005b600034237ca1800004300000f000024030b2a00dc2b00003109573336b534001b03f10000a6cdc700000000100110e1ff0000000182c5ce1690001ea5aedb0f18817a000800820d0008002213ef00f0011505c80045011e001f2f205b21fc232f2509260b273a29002e002f003044326235290cb50007b600034238221800084300000f00002403152a00cf2b000031095733366834001c03f10000a6cdc700000000100110e1ff0000000182c5cdef80001ea5a56a0f18804e000900430d0007002213ef00f0011504c80045011e001f32205b21f8233025062603273a29002e002f003044326235290cb50005b600034237dc1800074300000f000024030f2a00c72b000031095733364934002003f10000a6cdc700000000100110e1e30000000182c5cdc870001ea5a0670f188220000900b30e0004002213ef00f0011504c80045011e001f1f205a21fd2328250d260a273a29002e002f003044326235290cb50005b600034238191800044300000f000024033f2a00bf2b00003109573336b534002103f10000a6cdc700000000100110e1d50000000182c5cda160001ea5a6c80f189041000500bd0e000d002213ef00f0011504c80045011e001f1d205a21fc23202516260e273a29002e002f003044326235290cb50005b600034237b718000d4300000f00002404382a00b22b000031095733363a34001903f10000a6cdc700000000100110e1a90000000182c5cd7a50001ea5ab680f18a312000000d20c0015002213ef00f0011504c80045011e001f1f205c2107232325102608273b29002e002f003044326235290cb50007b600034237c41800154300000f00002403562a00aa2b000031095733365834002f03f10000a6cdc700000000100110e16e0000000182c5cd5340001ea593c60f18b463fffe00740b0034002213ef00f0011504c80045011e001f36205a21fe23592538261c273929002e002f003044326235290cb50008b600034237fc1800344300000f000024069b2a009d2b000031095733364934001203f10000a6cdc700000000100110e1150000000182c5cd2c30001ea5643f0f18ce8fffff00660c0013002213ef00f0011504c80045011e001f1f205a210723232511260d273c29002e1e2f033044326235290cb50007b600034237dd1800134300000f00002403662a00952b00003109563336a634004503f10000a6cdc700000000100110e0850000000182c5cd0520001ea555880f18bfa6fff7001a0e002c002213ef00f0011504c80045011e001f10205921fd231d25302616273b29002e002f003044326235290cb50005b6000342383218002c4300000f00002405922a008d2b000031095633369634001103f10000a6cdc700000000100110e046000a0000865b"1661185890702407636'
DEBUG:influxdb_client.client.http:>>> Body: b'gps_data,imei=860147042649242 raw_data="00000000000004a9080a00000182c5ce64b0001ea5af710f18800b000800a00d0000002213ef00f0011505c80045011e001f29205b21fe2328250026ff273a29002e002f003044326235290cb50005b6000342331a1800004300000f000024030e2a00e42b000031095733366834001b03f10000a6cdc700000000100110e1ff0000000182c5ce3da0001ea5af710f18800b000800a00d0000002213ef00f0011505c80045011e001f32205b2100232f25002600273a29002e002f003044326235290cb50005b600034237ca1800004300000f000024030b2a00dc2b00003109573336b534001b03f10000a6cdc700000000100110e1ff0000000182c5ce1690001ea5aedb0f18817a000800820d0008002213ef00f0011505c80045011e001f2f205b21fc232f2509260b273a29002e002f003044326235290cb50007b600034238221800084300000f00002403152a00cf2b000031095733366834001c03f10000a6cdc700000000100110e1ff0000000182c5cdef80001ea5a56a0f18804e000900430d0007002213ef00f0011504c80045011e001f32205b21f8233025062603273a29002e002f003044326235290cb50005b600034237dc1800074300000f000024030f2a00c72b000031095733364934002003f10000a6cdc700000000100110e1e30000000182c5cdc870001ea5a0670f188220000900b30e0004002213ef00f0011504c80045011e001f1f205a21fd2328250d260a273a29002e002f003044326235290cb50005b600034238191800044300000f000024033f2a00bf2b00003109573336b534002103f10000a6cdc700000000100110e1d50000000182c5cda160001ea5a6c80f189041000500bd0e000d002213ef00f0011504c80045011e001f1d205a21fc23202516260e273a29002e002f003044326235290cb50005b600034237b718000d4300000f00002404382a00b22b000031095733363a34001903f10000a6cdc700000000100110e1a90000000182c5cd7a50001ea5ab680f18a312000000d20c0015002213ef00f0011504c80045011e001f1f205c2107232325102608273b29002e002f003044326235290cb50007b600034237c41800154300000f00002403562a00aa2b000031095733365834002f03f10000a6cdc700000000100110e16e0000000182c5cd5340001ea593c60f18b463fffe00740b0034002213ef00f0011504c80045011e001f36205a21fe23592538261c273929002e002f003044326235290cb50008b600034237fc1800344300000f000024069b2a009d2b000031095733364934001203f10000a6cdc700000000100110e1150000000182c5cd2c30001ea5643f0f18ce8fffff00660c0013002213ef00f0011504c80045011e001f1f205a210723232511260d273c29002e1e2f033044326235290cb50007b600034237dd1800134300000f00002403662a00952b00003109563336a634004503f10000a6cdc700000000100110e0850000000182c5cd0520001ea555880f18bfa6fff7001a0e002c002213ef00f0011504c80045011e001f10205921fd231d25302616273b29002e002f003044326235290cb50005b6000342383218002c4300000f00002405922a008d2b000031095633369634001103f10000a6cdc700000000100110e046000a0000865b"1661185890702407636'
DEBUG:urllib3.util.retry:Converted retries value: False -> Retry(total=False, connect=None, read=None, redirect=0, status=None)
DEBUG:urllib3.connectionpool:http://172.21.0.2:8086 "POST /api/v2/write?org=qeeri&bucket=gps&precision=ns HTTP/1.1" 204 0
<<< Response: 204
DEBUG:influxdb_client.client.http:<<< Response: 204
<<< Date: Mon, 22 Aug 2022 16:31:30 GMT
DEBUG:influxdb_client.client.http:<<< Date: Mon, 22 Aug 2022 16:31:30 GMT
<<< Body: 
DEBUG:influxdb_client.client.http:<<< Body: 
INFO:root:Lock released by860147042649242
hello
INFO:root:[ACTIVE CONNECTIONS] 1
INFO:root:2022-08-22 16:31:30.799255
INFO:root:the length of handshake message is 17
